[1.094s] Invoking command in '/home/whaly/isaac_ws/Isaacsim_ros2_ws/src/isaac_tutorials': PYTHONPATH=/home/whaly/isaac_ws/Isaacsim_ros2_ws/build/isaac_tutorials/prefix_override:/usr/lib/python3/dist-packages/colcon_core/task/python/colcon_distutils_commands:/home/whaly/isaac_ws/Isaacsim_ros2_ws/install/isaac_tutorials/lib/python3.10/site-packages:${PYTHONPATH} /usr/bin/python3 -W ignore:setup.py install is deprecated -W ignore:easy_install command is deprecated setup.py egg_info --egg-base ../../build/isaac_tutorials build --build-base /home/whaly/isaac_ws/Isaacsim_ros2_ws/build/isaac_tutorials/build install --record /home/whaly/isaac_ws/Isaacsim_ros2_ws/build/isaac_tutorials/install.log --single-version-externally-managed install_data
[1.285s] running egg_info
[1.286s] creating ../../build/isaac_tutorials/isaac_tutorials.egg-info
[1.286s] writing ../../build/isaac_tutorials/isaac_tutorials.egg-info/PKG-INFO
[1.287s] writing dependency_links to ../../build/isaac_tutorials/isaac_tutorials.egg-info/dependency_links.txt
[1.287s] writing entry points to ../../build/isaac_tutorials/isaac_tutorials.egg-info/entry_points.txt
[1.287s] writing requirements to ../../build/isaac_tutorials/isaac_tutorials.egg-info/requires.txt
[1.287s] writing top-level names to ../../build/isaac_tutorials/isaac_tutorials.egg-info/top_level.txt
[1.287s] writing manifest file '../../build/isaac_tutorials/isaac_tutorials.egg-info/SOURCES.txt'
[1.289s] reading manifest file '../../build/isaac_tutorials/isaac_tutorials.egg-info/SOURCES.txt'
[1.289s] writing manifest file '../../build/isaac_tutorials/isaac_tutorials.egg-info/SOURCES.txt'
[1.289s] running build
[1.289s] running build_py
[1.289s] creating /home/whaly/isaac_ws/Isaacsim_ros2_ws/build/isaac_tutorials/build
[1.290s] creating /home/whaly/isaac_ws/Isaacsim_ros2_ws/build/isaac_tutorials/build/lib
[1.291s] creating /home/whaly/isaac_ws/Isaacsim_ros2_ws/build/isaac_tutorials/build/lib/isaac_tutorials
[1.291s] copying isaac_tutorials/ros2_ackermann_publisher.py -> /home/whaly/isaac_ws/Isaacsim_ros2_ws/build/isaac_tutorials/build/lib/isaac_tutorials
[1.291s] copying isaac_tutorials/ros2_publisher.py -> /home/whaly/isaac_ws/Isaacsim_ros2_ws/build/isaac_tutorials/build/lib/isaac_tutorials
[1.291s] copying isaac_tutorials/__init__.py -> /home/whaly/isaac_ws/Isaacsim_ros2_ws/build/isaac_tutorials/build/lib/isaac_tutorials
[1.291s] copying isaac_tutorials/ros2_imu_subscriber.py -> /home/whaly/isaac_ws/Isaacsim_ros2_ws/build/isaac_tutorials/build/lib/isaac_tutorials
[1.291s] running install
[1.291s] running install_lib
[1.292s] creating /home/whaly/isaac_ws/Isaacsim_ros2_ws/install/isaac_tutorials/lib/python3.10/site-packages/isaac_tutorials
[1.292s] copying /home/whaly/isaac_ws/Isaacsim_ros2_ws/build/isaac_tutorials/build/lib/isaac_tutorials/ros2_ackermann_publisher.py -> /home/whaly/isaac_ws/Isaacsim_ros2_ws/install/isaac_tutorials/lib/python3.10/site-packages/isaac_tutorials
[1.292s] copying /home/whaly/isaac_ws/Isaacsim_ros2_ws/build/isaac_tutorials/build/lib/isaac_tutorials/ros2_publisher.py -> /home/whaly/isaac_ws/Isaacsim_ros2_ws/install/isaac_tutorials/lib/python3.10/site-packages/isaac_tutorials
[1.292s] copying /home/whaly/isaac_ws/Isaacsim_ros2_ws/build/isaac_tutorials/build/lib/isaac_tutorials/__init__.py -> /home/whaly/isaac_ws/Isaacsim_ros2_ws/install/isaac_tutorials/lib/python3.10/site-packages/isaac_tutorials
[1.292s] copying /home/whaly/isaac_ws/Isaacsim_ros2_ws/build/isaac_tutorials/build/lib/isaac_tutorials/ros2_imu_subscriber.py -> /home/whaly/isaac_ws/Isaacsim_ros2_ws/install/isaac_tutorials/lib/python3.10/site-packages/isaac_tutorials
[1.293s] byte-compiling /home/whaly/isaac_ws/Isaacsim_ros2_ws/install/isaac_tutorials/lib/python3.10/site-packages/isaac_tutorials/ros2_ackermann_publisher.py to ros2_ackermann_publisher.cpython-310.pyc
[1.293s] byte-compiling /home/whaly/isaac_ws/Isaacsim_ros2_ws/install/isaac_tutorials/lib/python3.10/site-packages/isaac_tutorials/ros2_publisher.py to ros2_publisher.cpython-310.pyc
[1.294s] byte-compiling /home/whaly/isaac_ws/Isaacsim_ros2_ws/install/isaac_tutorials/lib/python3.10/site-packages/isaac_tutorials/__init__.py to __init__.cpython-310.pyc
[1.294s] byte-compiling /home/whaly/isaac_ws/Isaacsim_ros2_ws/install/isaac_tutorials/lib/python3.10/site-packages/isaac_tutorials/ros2_imu_subscriber.py to ros2_imu_subscriber.cpython-310.pyc
[1.294s] running install_data
[1.294s] creating /home/whaly/isaac_ws/Isaacsim_ros2_ws/install/isaac_tutorials/share/ament_index
[1.294s] creating /home/whaly/isaac_ws/Isaacsim_ros2_ws/install/isaac_tutorials/share/ament_index/resource_index
[1.294s] creating /home/whaly/isaac_ws/Isaacsim_ros2_ws/install/isaac_tutorials/share/ament_index/resource_index/packages
[1.295s] copying resource/isaac_tutorials -> /home/whaly/isaac_ws/Isaacsim_ros2_ws/install/isaac_tutorials/share/ament_index/resource_index/packages
[1.295s] copying package.xml -> /home/whaly/isaac_ws/Isaacsim_ros2_ws/install/isaac_tutorials/share/isaac_tutorials
[1.295s] running install_egg_info
[1.297s] Copying ../../build/isaac_tutorials/isaac_tutorials.egg-info to /home/whaly/isaac_ws/Isaacsim_ros2_ws/install/isaac_tutorials/lib/python3.10/site-packages/isaac_tutorials-0.0.0-py3.10.egg-info
[1.297s] running install_scripts
[1.314s] Installing ackermann_publisher script to /home/whaly/isaac_ws/Isaacsim_ros2_ws/install/isaac_tutorials/lib/isaac_tutorials
[1.314s] Installing imu_listener script to /home/whaly/isaac_ws/Isaacsim_ros2_ws/install/isaac_tutorials/lib/isaac_tutorials
[1.314s] Installing joint_command_talker script to /home/whaly/isaac_ws/Isaacsim_ros2_ws/install/isaac_tutorials/lib/isaac_tutorials
[1.314s] writing list of installed files to '/home/whaly/isaac_ws/Isaacsim_ros2_ws/build/isaac_tutorials/install.log'
[1.334s] Invoked command in '/home/whaly/isaac_ws/Isaacsim_ros2_ws/src/isaac_tutorials' returned '0': PYTHONPATH=/home/whaly/isaac_ws/Isaacsim_ros2_ws/build/isaac_tutorials/prefix_override:/usr/lib/python3/dist-packages/colcon_core/task/python/colcon_distutils_commands:/home/whaly/isaac_ws/Isaacsim_ros2_ws/install/isaac_tutorials/lib/python3.10/site-packages:${PYTHONPATH} /usr/bin/python3 -W ignore:setup.py install is deprecated -W ignore:easy_install command is deprecated setup.py egg_info --egg-base ../../build/isaac_tutorials build --build-base /home/whaly/isaac_ws/Isaacsim_ros2_ws/build/isaac_tutorials/build install --record /home/whaly/isaac_ws/Isaacsim_ros2_ws/build/isaac_tutorials/install.log --single-version-externally-managed install_data
