/home/whaly/isaac_ws/Isaacsim_ros2_ws/install/isaac_tutorials/lib/python3.10/site-packages/isaac_tutorials/ros2_ackermann_publisher.py
/home/whaly/isaac_ws/Isaacsim_ros2_ws/install/isaac_tutorials/lib/python3.10/site-packages/isaac_tutorials/ros2_publisher.py
/home/whaly/isaac_ws/Isaacsim_ros2_ws/install/isaac_tutorials/lib/python3.10/site-packages/isaac_tutorials/__init__.py
/home/whaly/isaac_ws/Isaacsim_ros2_ws/install/isaac_tutorials/lib/python3.10/site-packages/isaac_tutorials/ros2_imu_subscriber.py
/home/whaly/isaac_ws/Isaacsim_ros2_ws/install/isaac_tutorials/lib/python3.10/site-packages/isaac_tutorials/__pycache__/ros2_ackermann_publisher.cpython-310.pyc
/home/whaly/isaac_ws/Isaacsim_ros2_ws/install/isaac_tutorials/lib/python3.10/site-packages/isaac_tutorials/__pycache__/ros2_publisher.cpython-310.pyc
/home/whaly/isaac_ws/Isaacsim_ros2_ws/install/isaac_tutorials/lib/python3.10/site-packages/isaac_tutorials/__pycache__/__init__.cpython-310.pyc
/home/whaly/isaac_ws/Isaacsim_ros2_ws/install/isaac_tutorials/lib/python3.10/site-packages/isaac_tutorials/__pycache__/ros2_imu_subscriber.cpython-310.pyc
/home/whaly/isaac_ws/Isaacsim_ros2_ws/install/isaac_tutorials/share/ament_index/resource_index/packages/isaac_tutorials
/home/whaly/isaac_ws/Isaacsim_ros2_ws/install/isaac_tutorials/share/isaac_tutorials/package.xml
/home/whaly/isaac_ws/Isaacsim_ros2_ws/install/isaac_tutorials/lib/python3.10/site-packages/isaac_tutorials-0.0.0-py3.10.egg-info/PKG-INFO
/home/whaly/isaac_ws/Isaacsim_ros2_ws/install/isaac_tutorials/lib/python3.10/site-packages/isaac_tutorials-0.0.0-py3.10.egg-info/requires.txt
/home/whaly/isaac_ws/Isaacsim_ros2_ws/install/isaac_tutorials/lib/python3.10/site-packages/isaac_tutorials-0.0.0-py3.10.egg-info/top_level.txt
/home/whaly/isaac_ws/Isaacsim_ros2_ws/install/isaac_tutorials/lib/python3.10/site-packages/isaac_tutorials-0.0.0-py3.10.egg-info/dependency_links.txt
/home/whaly/isaac_ws/Isaacsim_ros2_ws/install/isaac_tutorials/lib/python3.10/site-packages/isaac_tutorials-0.0.0-py3.10.egg-info/zip-safe
/home/whaly/isaac_ws/Isaacsim_ros2_ws/install/isaac_tutorials/lib/python3.10/site-packages/isaac_tutorials-0.0.0-py3.10.egg-info/SOURCES.txt
/home/whaly/isaac_ws/Isaacsim_ros2_ws/install/isaac_tutorials/lib/python3.10/site-packages/isaac_tutorials-0.0.0-py3.10.egg-info/entry_points.txt
/home/whaly/isaac_ws/Isaacsim_ros2_ws/install/isaac_tutorials/lib/isaac_tutorials/ackermann_publisher
/home/whaly/isaac_ws/Isaacsim_ros2_ws/install/isaac_tutorials/lib/isaac_tutorials/imu_listener
/home/whaly/isaac_ws/Isaacsim_ros2_ws/install/isaac_tutorials/lib/isaac_tutorials/joint_command_talker
