[0.586s] Invoking command in '/home/whaly/isaac_ws/Isaacsim_ros2_ws/build/h1_pkg': CONDA_PROMPT_MODIFIER=(base) PYTHONPATH=/home/whaly/isaac_ws/Isaacsim_ros2_ws/build/h1_pkg/prefix_override:/usr/lib/python3/dist-packages/colcon_core/task/python/colcon_distutils_commands:/home/whaly/isaac_ws/Isaacsim_ros2_ws/install/h1_pkg/lib/python3.10/site-packages:${PYTHONPATH} /usr/bin/python3 -W ignore:setup.py install is deprecated -W ignore:easy_install command is deprecated setup.py develop --editable --build-directory /home/whaly/isaac_ws/Isaacsim_ros2_ws/build/h1_pkg/build --no-deps symlink_data
[0.775s] running develop
[0.874s] running egg_info
[0.874s] creating h1_pkg.egg-info
[0.874s] writing h1_pkg.egg-info/PKG-INFO
[0.874s] writing dependency_links to h1_pkg.egg-info/dependency_links.txt
[0.874s] writing entry points to h1_pkg.egg-info/entry_points.txt
[0.874s] writing requirements to h1_pkg.egg-info/requires.txt
[0.874s] writing top-level names to h1_pkg.egg-info/top_level.txt
[0.874s] writing manifest file 'h1_pkg.egg-info/SOURCES.txt'
[0.875s] reading manifest file 'h1_pkg.egg-info/SOURCES.txt'
[0.876s] writing manifest file 'h1_pkg.egg-info/SOURCES.txt'
[0.877s] running build_ext
[0.877s] Creating /home/whaly/isaac_ws/Isaacsim_ros2_ws/install/h1_pkg/lib/python3.10/site-packages/h1-pkg.egg-link (link to .)
[0.877s] Installing proto_odom_cal script to /home/whaly/isaac_ws/Isaacsim_ros2_ws/install/h1_pkg/lib/h1_pkg
[0.877s] Installing proto_teleop script to /home/whaly/isaac_ws/Isaacsim_ros2_ws/install/h1_pkg/lib/h1_pkg
[0.877s] Installing robot_feedback_control script to /home/whaly/isaac_ws/Isaacsim_ros2_ws/install/h1_pkg/lib/h1_pkg
[0.877s] 
[0.877s] Installed /home/whaly/isaac_ws/Isaacsim_ros2_ws/build/h1_pkg
[0.878s] running symlink_data
[0.878s] creating /home/whaly/isaac_ws/Isaacsim_ros2_ws/install/h1_pkg/share/ament_index
[0.878s] creating /home/whaly/isaac_ws/Isaacsim_ros2_ws/install/h1_pkg/share/ament_index/resource_index
[0.878s] creating /home/whaly/isaac_ws/Isaacsim_ros2_ws/install/h1_pkg/share/ament_index/resource_index/packages
[0.878s] symbolically linking /home/whaly/isaac_ws/Isaacsim_ros2_ws/build/h1_pkg/resource/h1_pkg -> /home/whaly/isaac_ws/Isaacsim_ros2_ws/install/h1_pkg/share/ament_index/resource_index/packages
[0.878s] symbolically linking /home/whaly/isaac_ws/Isaacsim_ros2_ws/build/h1_pkg/package.xml -> /home/whaly/isaac_ws/Isaacsim_ros2_ws/install/h1_pkg/share/h1_pkg
[0.896s] Invoked command in '/home/whaly/isaac_ws/Isaacsim_ros2_ws/build/h1_pkg' returned '0': CONDA_PROMPT_MODIFIER=(base) PYTHONPATH=/home/whaly/isaac_ws/Isaacsim_ros2_ws/build/h1_pkg/prefix_override:/usr/lib/python3/dist-packages/colcon_core/task/python/colcon_distutils_commands:/home/whaly/isaac_ws/Isaacsim_ros2_ws/install/h1_pkg/lib/python3.10/site-packages:${PYTHONPATH} /usr/bin/python3 -W ignore:setup.py install is deprecated -W ignore:easy_install command is deprecated setup.py develop --editable --build-directory /home/whaly/isaac_ws/Isaacsim_ros2_ws/build/h1_pkg/build --no-deps symlink_data
