running egg_info
creating ../../build/h1_locomotion_policy/h1_locomotion_policy.egg-info
writing ../../build/h1_locomotion_policy/h1_locomotion_policy.egg-info/PKG-INFO
writing dependency_links to ../../build/h1_locomotion_policy/h1_locomotion_policy.egg-info/dependency_links.txt
writing entry points to ../../build/h1_locomotion_policy/h1_locomotion_policy.egg-info/entry_points.txt
writing requirements to ../../build/h1_locomotion_policy/h1_locomotion_policy.egg-info/requires.txt
writing top-level names to ../../build/h1_locomotion_policy/h1_locomotion_policy.egg-info/top_level.txt
writing manifest file '../../build/h1_locomotion_policy/h1_locomotion_policy.egg-info/SOURCES.txt'
reading manifest file '../../build/h1_locomotion_policy/h1_locomotion_policy.egg-info/SOURCES.txt'
writing manifest file '../../build/h1_locomotion_policy/h1_locomotion_policy.egg-info/SOURCES.txt'
running build
running build_py
creating /home/whaly/isaac_ws/Isaacsim_ros2_ws/build/h1_locomotion_policy/build
creating /home/whaly/isaac_ws/Isaacsim_ros2_ws/build/h1_locomotion_policy/build/lib
creating /home/whaly/isaac_ws/Isaacsim_ros2_ws/build/h1_locomotion_policy/build/lib/h1_locomotion_policy
copying h1_locomotion_policy/__init__.py -> /home/whaly/isaac_ws/Isaacsim_ros2_ws/build/h1_locomotion_policy/build/lib/h1_locomotion_policy
copying h1_locomotion_policy/h1_fullbody_controller.py -> /home/whaly/isaac_ws/Isaacsim_ros2_ws/build/h1_locomotion_policy/build/lib/h1_locomotion_policy
running install
running install_lib
creating /home/whaly/isaac_ws/Isaacsim_ros2_ws/install/h1_locomotion_policy/lib/python3.10/site-packages/h1_locomotion_policy
copying /home/whaly/isaac_ws/Isaacsim_ros2_ws/build/h1_locomotion_policy/build/lib/h1_locomotion_policy/__init__.py -> /home/whaly/isaac_ws/Isaacsim_ros2_ws/install/h1_locomotion_policy/lib/python3.10/site-packages/h1_locomotion_policy
copying /home/whaly/isaac_ws/Isaacsim_ros2_ws/build/h1_locomotion_policy/build/lib/h1_locomotion_policy/h1_fullbody_controller.py -> /home/whaly/isaac_ws/Isaacsim_ros2_ws/install/h1_locomotion_policy/lib/python3.10/site-packages/h1_locomotion_policy
byte-compiling /home/whaly/isaac_ws/Isaacsim_ros2_ws/install/h1_locomotion_policy/lib/python3.10/site-packages/h1_locomotion_policy/__init__.py to __init__.cpython-310.pyc
byte-compiling /home/whaly/isaac_ws/Isaacsim_ros2_ws/install/h1_locomotion_policy/lib/python3.10/site-packages/h1_locomotion_policy/h1_fullbody_controller.py to h1_fullbody_controller.cpython-310.pyc
running install_data
creating /home/whaly/isaac_ws/Isaacsim_ros2_ws/install/h1_locomotion_policy/share/ament_index
creating /home/whaly/isaac_ws/Isaacsim_ros2_ws/install/h1_locomotion_policy/share/ament_index/resource_index
creating /home/whaly/isaac_ws/Isaacsim_ros2_ws/install/h1_locomotion_policy/share/ament_index/resource_index/packages
copying resource/h1_locomotion_policy -> /home/whaly/isaac_ws/Isaacsim_ros2_ws/install/h1_locomotion_policy/share/ament_index/resource_index/packages
copying package.xml -> /home/whaly/isaac_ws/Isaacsim_ros2_ws/install/h1_locomotion_policy/share/h1_locomotion_policy
copying launch/h1_fullbody_controller.launch.py -> /home/whaly/isaac_ws/Isaacsim_ros2_ws/install/h1_locomotion_policy/share/h1_locomotion_policy
copying policy/h1_policy.pt -> /home/whaly/isaac_ws/Isaacsim_ros2_ws/install/h1_locomotion_policy/share/h1_locomotion_policy
running install_egg_info
Copying ../../build/h1_locomotion_policy/h1_locomotion_policy.egg-info to /home/whaly/isaac_ws/Isaacsim_ros2_ws/install/h1_locomotion_policy/lib/python3.10/site-packages/h1_locomotion_policy-0.0.0-py3.10.egg-info
running install_scripts
Installing h1_controller script to /home/whaly/isaac_ws/Isaacsim_ros2_ws/install/h1_locomotion_policy/lib/h1_locomotion_policy
writing list of installed files to '/home/whaly/isaac_ws/Isaacsim_ros2_ws/build/h1_locomotion_policy/install.log'
