[1.036s] Invoking command in '/home/whaly/isaac_ws/Isaacsim_ros2_ws/src/h1_lococmotion_policy': PYTHONPATH=/home/whaly/isaac_ws/Isaacsim_ros2_ws/build/h1_locomotion_policy/prefix_override:/usr/lib/python3/dist-packages/colcon_core/task/python/colcon_distutils_commands:/home/whaly/isaac_ws/Isaacsim_ros2_ws/install/h1_locomotion_policy/lib/python3.10/site-packages:${PYTHONPATH} /usr/bin/python3 -W ignore:setup.py install is deprecated -W ignore:easy_install command is deprecated setup.py egg_info --egg-base ../../build/h1_locomotion_policy build --build-base /home/whaly/isaac_ws/Isaacsim_ros2_ws/build/h1_locomotion_policy/build install --record /home/whaly/isaac_ws/Isaacsim_ros2_ws/build/h1_locomotion_policy/install.log --single-version-externally-managed install_data
[1.227s] running egg_info
[1.227s] creating ../../build/h1_locomotion_policy/h1_locomotion_policy.egg-info
[1.227s] writing ../../build/h1_locomotion_policy/h1_locomotion_policy.egg-info/PKG-INFO
[1.227s] writing dependency_links to ../../build/h1_locomotion_policy/h1_locomotion_policy.egg-info/dependency_links.txt
[1.227s] writing entry points to ../../build/h1_locomotion_policy/h1_locomotion_policy.egg-info/entry_points.txt
[1.227s] writing requirements to ../../build/h1_locomotion_policy/h1_locomotion_policy.egg-info/requires.txt
[1.227s] writing top-level names to ../../build/h1_locomotion_policy/h1_locomotion_policy.egg-info/top_level.txt
[1.227s] writing manifest file '../../build/h1_locomotion_policy/h1_locomotion_policy.egg-info/SOURCES.txt'
[1.229s] reading manifest file '../../build/h1_locomotion_policy/h1_locomotion_policy.egg-info/SOURCES.txt'
[1.229s] writing manifest file '../../build/h1_locomotion_policy/h1_locomotion_policy.egg-info/SOURCES.txt'
[1.229s] running build
[1.229s] running build_py
[1.229s] creating /home/whaly/isaac_ws/Isaacsim_ros2_ws/build/h1_locomotion_policy/build
[1.229s] creating /home/whaly/isaac_ws/Isaacsim_ros2_ws/build/h1_locomotion_policy/build/lib
[1.229s] creating /home/whaly/isaac_ws/Isaacsim_ros2_ws/build/h1_locomotion_policy/build/lib/h1_locomotion_policy
[1.229s] copying h1_locomotion_policy/__init__.py -> /home/whaly/isaac_ws/Isaacsim_ros2_ws/build/h1_locomotion_policy/build/lib/h1_locomotion_policy
[1.230s] copying h1_locomotion_policy/h1_fullbody_controller.py -> /home/whaly/isaac_ws/Isaacsim_ros2_ws/build/h1_locomotion_policy/build/lib/h1_locomotion_policy
[1.230s] running install
[1.230s] running install_lib
[1.230s] creating /home/whaly/isaac_ws/Isaacsim_ros2_ws/install/h1_locomotion_policy/lib/python3.10/site-packages/h1_locomotion_policy
[1.230s] copying /home/whaly/isaac_ws/Isaacsim_ros2_ws/build/h1_locomotion_policy/build/lib/h1_locomotion_policy/__init__.py -> /home/whaly/isaac_ws/Isaacsim_ros2_ws/install/h1_locomotion_policy/lib/python3.10/site-packages/h1_locomotion_policy
[1.230s] copying /home/whaly/isaac_ws/Isaacsim_ros2_ws/build/h1_locomotion_policy/build/lib/h1_locomotion_policy/h1_fullbody_controller.py -> /home/whaly/isaac_ws/Isaacsim_ros2_ws/install/h1_locomotion_policy/lib/python3.10/site-packages/h1_locomotion_policy
[1.231s] byte-compiling /home/whaly/isaac_ws/Isaacsim_ros2_ws/install/h1_locomotion_policy/lib/python3.10/site-packages/h1_locomotion_policy/__init__.py to __init__.cpython-310.pyc
[1.231s] byte-compiling /home/whaly/isaac_ws/Isaacsim_ros2_ws/install/h1_locomotion_policy/lib/python3.10/site-packages/h1_locomotion_policy/h1_fullbody_controller.py to h1_fullbody_controller.cpython-310.pyc
[1.232s] running install_data
[1.232s] creating /home/whaly/isaac_ws/Isaacsim_ros2_ws/install/h1_locomotion_policy/share/ament_index
[1.232s] creating /home/whaly/isaac_ws/Isaacsim_ros2_ws/install/h1_locomotion_policy/share/ament_index/resource_index
[1.232s] creating /home/whaly/isaac_ws/Isaacsim_ros2_ws/install/h1_locomotion_policy/share/ament_index/resource_index/packages
[1.232s] copying resource/h1_locomotion_policy -> /home/whaly/isaac_ws/Isaacsim_ros2_ws/install/h1_locomotion_policy/share/ament_index/resource_index/packages
[1.232s] copying package.xml -> /home/whaly/isaac_ws/Isaacsim_ros2_ws/install/h1_locomotion_policy/share/h1_locomotion_policy
[1.232s] copying launch/h1_fullbody_controller.launch.py -> /home/whaly/isaac_ws/Isaacsim_ros2_ws/install/h1_locomotion_policy/share/h1_locomotion_policy
[1.232s] copying policy/h1_policy.pt -> /home/whaly/isaac_ws/Isaacsim_ros2_ws/install/h1_locomotion_policy/share/h1_locomotion_policy
[1.232s] running install_egg_info
[1.234s] Copying ../../build/h1_locomotion_policy/h1_locomotion_policy.egg-info to /home/whaly/isaac_ws/Isaacsim_ros2_ws/install/h1_locomotion_policy/lib/python3.10/site-packages/h1_locomotion_policy-0.0.0-py3.10.egg-info
[1.234s] running install_scripts
[1.250s] Installing h1_controller script to /home/whaly/isaac_ws/Isaacsim_ros2_ws/install/h1_locomotion_policy/lib/h1_locomotion_policy
[1.250s] writing list of installed files to '/home/whaly/isaac_ws/Isaacsim_ros2_ws/build/h1_locomotion_policy/install.log'
[1.269s] Invoked command in '/home/whaly/isaac_ws/Isaacsim_ros2_ws/src/h1_lococmotion_policy' returned '0': PYTHONPATH=/home/whaly/isaac_ws/Isaacsim_ros2_ws/build/h1_locomotion_policy/prefix_override:/usr/lib/python3/dist-packages/colcon_core/task/python/colcon_distutils_commands:/home/whaly/isaac_ws/Isaacsim_ros2_ws/install/h1_locomotion_policy/lib/python3.10/site-packages:${PYTHONPATH} /usr/bin/python3 -W ignore:setup.py install is deprecated -W ignore:easy_install command is deprecated setup.py egg_info --egg-base ../../build/h1_locomotion_policy build --build-base /home/whaly/isaac_ws/Isaacsim_ros2_ws/build/h1_locomotion_policy/build install --record /home/whaly/isaac_ws/Isaacsim_ros2_ws/build/h1_locomotion_policy/install.log --single-version-externally-managed install_data
