[1.170s] Invoking command in '/home/whaly/isaac_ws/Isaacsim_ros2_ws/src/isaac_tutorials': PYTHONPATH=/home/whaly/isaac_ws/Isaacsim_ros2_ws/build/isaac_tutorials/prefix_override:/usr/lib/python3/dist-packages/colcon_core/task/python/colcon_distutils_commands:/home/whaly/isaac_ws/Isaacsim_ros2_ws/install/isaac_tutorials/lib/python3.10/site-packages:${PYTHONPATH} /usr/bin/python3 -W ignore:setup.py install is deprecated -W ignore:easy_install command is deprecated setup.py egg_info --egg-base ../../build/isaac_tutorials build --build-base /home/whaly/isaac_ws/Isaacsim_ros2_ws/build/isaac_tutorials/build install --record /home/whaly/isaac_ws/Isaacsim_ros2_ws/build/isaac_tutorials/install.log --single-version-externally-managed install_data
[1.353s] running egg_info
[1.353s] writing ../../build/isaac_tutorials/isaac_tutorials.egg-info/PKG-INFO
[1.354s] writing dependency_links to ../../build/isaac_tutorials/isaac_tutorials.egg-info/dependency_links.txt
[1.354s] writing entry points to ../../build/isaac_tutorials/isaac_tutorials.egg-info/entry_points.txt
[1.354s] writing requirements to ../../build/isaac_tutorials/isaac_tutorials.egg-info/requires.txt
[1.354s] writing top-level names to ../../build/isaac_tutorials/isaac_tutorials.egg-info/top_level.txt
[1.355s] reading manifest file '../../build/isaac_tutorials/isaac_tutorials.egg-info/SOURCES.txt'
[1.356s] writing manifest file '../../build/isaac_tutorials/isaac_tutorials.egg-info/SOURCES.txt'
[1.356s] running build
[1.356s] running build_py
[1.357s] running install
[1.357s] running install_lib
[1.358s] running install_data
[1.358s] running install_egg_info
[1.359s] removing '/home/whaly/isaac_ws/Isaacsim_ros2_ws/install/isaac_tutorials/lib/python3.10/site-packages/isaac_tutorials-0.0.0-py3.10.egg-info' (and everything under it)
[1.359s] Copying ../../build/isaac_tutorials/isaac_tutorials.egg-info to /home/whaly/isaac_ws/Isaacsim_ros2_ws/install/isaac_tutorials/lib/python3.10/site-packages/isaac_tutorials-0.0.0-py3.10.egg-info
[1.360s] running install_scripts
[1.380s] Installing ackermann_publisher script to /home/whaly/isaac_ws/Isaacsim_ros2_ws/install/isaac_tutorials/lib/isaac_tutorials
[1.380s] Installing imu_listener script to /home/whaly/isaac_ws/Isaacsim_ros2_ws/install/isaac_tutorials/lib/isaac_tutorials
[1.380s] Installing joint_command_talker script to /home/whaly/isaac_ws/Isaacsim_ros2_ws/install/isaac_tutorials/lib/isaac_tutorials
[1.380s] writing list of installed files to '/home/whaly/isaac_ws/Isaacsim_ros2_ws/build/isaac_tutorials/install.log'
[1.414s] Invoked command in '/home/whaly/isaac_ws/Isaacsim_ros2_ws/src/isaac_tutorials' returned '0': PYTHONPATH=/home/whaly/isaac_ws/Isaacsim_ros2_ws/build/isaac_tutorials/prefix_override:/usr/lib/python3/dist-packages/colcon_core/task/python/colcon_distutils_commands:/home/whaly/isaac_ws/Isaacsim_ros2_ws/install/isaac_tutorials/lib/python3.10/site-packages:${PYTHONPATH} /usr/bin/python3 -W ignore:setup.py install is deprecated -W ignore:easy_install command is deprecated setup.py egg_info --egg-base ../../build/isaac_tutorials build --build-base /home/whaly/isaac_ws/Isaacsim_ros2_ws/build/isaac_tutorials/build install --record /home/whaly/isaac_ws/Isaacsim_ros2_ws/build/isaac_tutorials/install.log --single-version-externally-managed install_data
