[1.160s] Invoking command in '/home/whaly/isaac_ws/Isaacsim_ros2_ws/src/ackermann_control': PYTHONPATH=/home/whaly/isaac_ws/Isaacsim_ros2_ws/build/ackermann_control/prefix_override:/usr/lib/python3/dist-packages/colcon_core/task/python/colcon_distutils_commands:/home/whaly/isaac_ws/Isaacsim_ros2_ws/install/ackermann_control/lib/python3.10/site-packages:${PYTHONPATH} /usr/bin/python3 -W ignore:setup.py install is deprecated -W ignore:easy_install command is deprecated setup.py egg_info --egg-base ../../build/ackermann_control build --build-base /home/whaly/isaac_ws/Isaacsim_ros2_ws/build/ackermann_control/build install --record /home/whaly/isaac_ws/Isaacsim_ros2_ws/build/ackermann_control/install.log --single-version-externally-managed install_data
[1.343s] running egg_info
[1.344s] writing ../../build/ackermann_control/ackermann_control.egg-info/PKG-INFO
[1.344s] writing dependency_links to ../../build/ackermann_control/ackermann_control.egg-info/dependency_links.txt
[1.344s] writing entry points to ../../build/ackermann_control/ackermann_control.egg-info/entry_points.txt
[1.344s] writing requirements to ../../build/ackermann_control/ackermann_control.egg-info/requires.txt
[1.345s] writing top-level names to ../../build/ackermann_control/ackermann_control.egg-info/top_level.txt
[1.346s] reading manifest file '../../build/ackermann_control/ackermann_control.egg-info/SOURCES.txt'
[1.347s] writing manifest file '../../build/ackermann_control/ackermann_control.egg-info/SOURCES.txt'
[1.347s] running build
[1.347s] running build_py
[1.348s] running install
[1.348s] running install_lib
[1.349s] running install_data
[1.349s] running install_egg_info
[1.351s] removing '/home/whaly/isaac_ws/Isaacsim_ros2_ws/install/ackermann_control/lib/python3.10/site-packages/ackermann_control-0.0.0-py3.10.egg-info' (and everything under it)
[1.351s] Copying ../../build/ackermann_control/ackermann_control.egg-info to /home/whaly/isaac_ws/Isaacsim_ros2_ws/install/ackermann_control/lib/python3.10/site-packages/ackermann_control-0.0.0-py3.10.egg-info
[1.352s] running install_scripts
[1.374s] Installing cmdvel_to_ackermann script to /home/whaly/isaac_ws/Isaacsim_ros2_ws/install/ackermann_control/lib/ackermann_control
[1.374s] writing list of installed files to '/home/whaly/isaac_ws/Isaacsim_ros2_ws/build/ackermann_control/install.log'
[1.397s] Invoked command in '/home/whaly/isaac_ws/Isaacsim_ros2_ws/src/ackermann_control' returned '0': PYTHONPATH=/home/whaly/isaac_ws/Isaacsim_ros2_ws/build/ackermann_control/prefix_override:/usr/lib/python3/dist-packages/colcon_core/task/python/colcon_distutils_commands:/home/whaly/isaac_ws/Isaacsim_ros2_ws/install/ackermann_control/lib/python3.10/site-packages:${PYTHONPATH} /usr/bin/python3 -W ignore:setup.py install is deprecated -W ignore:easy_install command is deprecated setup.py egg_info --egg-base ../../build/ackermann_control build --build-base /home/whaly/isaac_ws/Isaacsim_ros2_ws/build/ackermann_control/build install --record /home/whaly/isaac_ws/Isaacsim_ros2_ws/build/ackermann_control/install.log --single-version-externally-managed install_data
