[0.650s] Invoking command in '/home/whaly/isaac_ws/Isaacsim_ros2_ws/build/h1_pkg': CONDA_PROMPT_MODIFIER=(base) PYTHONPATH=/home/whaly/isaac_ws/Isaacsim_ros2_ws/build/h1_pkg/prefix_override:/usr/lib/python3/dist-packages/colcon_core/task/python/colcon_distutils_commands:/home/whaly/isaac_ws/Isaacsim_ros2_ws/install/h1_pkg/lib/python3.10/site-packages:${PYTHONPATH} /usr/bin/python3 -W ignore:setup.py install is deprecated -W ignore:easy_install command is deprecated setup.py develop --uninstall --editable --build-directory /home/whaly/isaac_ws/Isaacsim_ros2_ws/build/h1_pkg/build
[0.821s] running develop
[0.917s] Removing /home/whaly/isaac_ws/Isaacsim_ros2_ws/install/h1_pkg/lib/python3.10/site-packages/h1-pkg.egg-link (link to .)
[0.934s] Invoked command in '/home/whaly/isaac_ws/Isaacsim_ros2_ws/build/h1_pkg' returned '0': CONDA_PROMPT_MODIFIER=(base) PYTHONPATH=/home/whaly/isaac_ws/Isaacsim_ros2_ws/build/h1_pkg/prefix_override:/usr/lib/python3/dist-packages/colcon_core/task/python/colcon_distutils_commands:/home/whaly/isaac_ws/Isaacsim_ros2_ws/install/h1_pkg/lib/python3.10/site-packages:${PYTHONPATH} /usr/bin/python3 -W ignore:setup.py install is deprecated -W ignore:easy_install command is deprecated setup.py develop --uninstall --editable --build-directory /home/whaly/isaac_ws/Isaacsim_ros2_ws/build/h1_pkg/build
[0.935s] Invoking command in '/home/whaly/isaac_ws/Isaacsim_ros2_ws/src/h1_pkg': CONDA_PROMPT_MODIFIER=(base) PYTHONPATH=/home/whaly/isaac_ws/Isaacsim_ros2_ws/build/h1_pkg/prefix_override:/usr/lib/python3/dist-packages/colcon_core/task/python/colcon_distutils_commands:/home/whaly/isaac_ws/Isaacsim_ros2_ws/install/h1_pkg/lib/python3.10/site-packages:${PYTHONPATH} /usr/bin/python3 -W ignore:setup.py install is deprecated -W ignore:easy_install command is deprecated setup.py egg_info --egg-base ../../build/h1_pkg build --build-base /home/whaly/isaac_ws/Isaacsim_ros2_ws/build/h1_pkg/build install --record /home/whaly/isaac_ws/Isaacsim_ros2_ws/build/h1_pkg/install.log --single-version-externally-managed install_data --force
[1.084s] running egg_info
[1.084s] writing ../../build/h1_pkg/h1_pkg.egg-info/PKG-INFO
[1.084s] writing dependency_links to ../../build/h1_pkg/h1_pkg.egg-info/dependency_links.txt
[1.085s] writing entry points to ../../build/h1_pkg/h1_pkg.egg-info/entry_points.txt
[1.085s] writing requirements to ../../build/h1_pkg/h1_pkg.egg-info/requires.txt
[1.085s] writing top-level names to ../../build/h1_pkg/h1_pkg.egg-info/top_level.txt
[1.086s] reading manifest file '../../build/h1_pkg/h1_pkg.egg-info/SOURCES.txt'
[1.086s] writing manifest file '../../build/h1_pkg/h1_pkg.egg-info/SOURCES.txt'
[1.086s] running build
[1.086s] running build_py
[1.087s] creating /home/whaly/isaac_ws/Isaacsim_ros2_ws/build/h1_pkg/build
[1.087s] creating /home/whaly/isaac_ws/Isaacsim_ros2_ws/build/h1_pkg/build/lib
[1.087s] creating /home/whaly/isaac_ws/Isaacsim_ros2_ws/build/h1_pkg/build/lib/h1_pkg
[1.087s] copying h1_pkg/proto_teleop.py -> /home/whaly/isaac_ws/Isaacsim_ros2_ws/build/h1_pkg/build/lib/h1_pkg
[1.087s] copying h1_pkg/proto_odom_cal.py -> /home/whaly/isaac_ws/Isaacsim_ros2_ws/build/h1_pkg/build/lib/h1_pkg
[1.087s] copying h1_pkg/robot_feedback_control.py -> /home/whaly/isaac_ws/Isaacsim_ros2_ws/build/h1_pkg/build/lib/h1_pkg
[1.087s] copying h1_pkg/__init__.py -> /home/whaly/isaac_ws/Isaacsim_ros2_ws/build/h1_pkg/build/lib/h1_pkg
[1.087s] copying h1_pkg/VectorSpace3D.py -> /home/whaly/isaac_ws/Isaacsim_ros2_ws/build/h1_pkg/build/lib/h1_pkg
[1.087s] running install
[1.087s] running install_lib
[1.088s] creating /home/whaly/isaac_ws/Isaacsim_ros2_ws/install/h1_pkg/lib/python3.10/site-packages/h1_pkg
[1.088s] copying /home/whaly/isaac_ws/Isaacsim_ros2_ws/build/h1_pkg/build/lib/h1_pkg/proto_teleop.py -> /home/whaly/isaac_ws/Isaacsim_ros2_ws/install/h1_pkg/lib/python3.10/site-packages/h1_pkg
[1.088s] copying /home/whaly/isaac_ws/Isaacsim_ros2_ws/build/h1_pkg/build/lib/h1_pkg/proto_odom_cal.py -> /home/whaly/isaac_ws/Isaacsim_ros2_ws/install/h1_pkg/lib/python3.10/site-packages/h1_pkg
[1.088s] copying /home/whaly/isaac_ws/Isaacsim_ros2_ws/build/h1_pkg/build/lib/h1_pkg/robot_feedback_control.py -> /home/whaly/isaac_ws/Isaacsim_ros2_ws/install/h1_pkg/lib/python3.10/site-packages/h1_pkg
[1.088s] copying /home/whaly/isaac_ws/Isaacsim_ros2_ws/build/h1_pkg/build/lib/h1_pkg/__init__.py -> /home/whaly/isaac_ws/Isaacsim_ros2_ws/install/h1_pkg/lib/python3.10/site-packages/h1_pkg
[1.088s] copying /home/whaly/isaac_ws/Isaacsim_ros2_ws/build/h1_pkg/build/lib/h1_pkg/VectorSpace3D.py -> /home/whaly/isaac_ws/Isaacsim_ros2_ws/install/h1_pkg/lib/python3.10/site-packages/h1_pkg
[1.089s] byte-compiling /home/whaly/isaac_ws/Isaacsim_ros2_ws/install/h1_pkg/lib/python3.10/site-packages/h1_pkg/proto_teleop.py to proto_teleop.cpython-310.pyc
[1.089s] byte-compiling /home/whaly/isaac_ws/Isaacsim_ros2_ws/install/h1_pkg/lib/python3.10/site-packages/h1_pkg/proto_odom_cal.py to proto_odom_cal.cpython-310.pyc
[1.089s] byte-compiling /home/whaly/isaac_ws/Isaacsim_ros2_ws/install/h1_pkg/lib/python3.10/site-packages/h1_pkg/robot_feedback_control.py to robot_feedback_control.cpython-310.pyc
[1.090s] byte-compiling /home/whaly/isaac_ws/Isaacsim_ros2_ws/install/h1_pkg/lib/python3.10/site-packages/h1_pkg/__init__.py to __init__.cpython-310.pyc
[1.090s] byte-compiling /home/whaly/isaac_ws/Isaacsim_ros2_ws/install/h1_pkg/lib/python3.10/site-packages/h1_pkg/VectorSpace3D.py to VectorSpace3D.cpython-310.pyc
[1.090s] running install_data
[1.090s] copying resource/h1_pkg -> /home/whaly/isaac_ws/Isaacsim_ros2_ws/install/h1_pkg/share/ament_index/resource_index/packages
[1.091s] copying package.xml -> /home/whaly/isaac_ws/Isaacsim_ros2_ws/install/h1_pkg/share/h1_pkg
[1.091s] running install_egg_info
[1.092s] Copying ../../build/h1_pkg/h1_pkg.egg-info to /home/whaly/isaac_ws/Isaacsim_ros2_ws/install/h1_pkg/lib/python3.10/site-packages/h1_pkg-0.0.0-py3.10.egg-info
[1.092s] running install_scripts
[1.106s] Installing proto_odom_cal script to /home/whaly/isaac_ws/Isaacsim_ros2_ws/install/h1_pkg/lib/h1_pkg
[1.106s] Installing proto_teleop script to /home/whaly/isaac_ws/Isaacsim_ros2_ws/install/h1_pkg/lib/h1_pkg
[1.107s] Installing robot_feedback_control script to /home/whaly/isaac_ws/Isaacsim_ros2_ws/install/h1_pkg/lib/h1_pkg
[1.107s] writing list of installed files to '/home/whaly/isaac_ws/Isaacsim_ros2_ws/build/h1_pkg/install.log'
[1.123s] Invoked command in '/home/whaly/isaac_ws/Isaacsim_ros2_ws/src/h1_pkg' returned '0': CONDA_PROMPT_MODIFIER=(base) PYTHONPATH=/home/whaly/isaac_ws/Isaacsim_ros2_ws/build/h1_pkg/prefix_override:/usr/lib/python3/dist-packages/colcon_core/task/python/colcon_distutils_commands:/home/whaly/isaac_ws/Isaacsim_ros2_ws/install/h1_pkg/lib/python3.10/site-packages:${PYTHONPATH} /usr/bin/python3 -W ignore:setup.py install is deprecated -W ignore:easy_install command is deprecated setup.py egg_info --egg-base ../../build/h1_pkg build --build-base /home/whaly/isaac_ws/Isaacsim_ros2_ws/build/h1_pkg/build install --record /home/whaly/isaac_ws/Isaacsim_ros2_ws/build/h1_pkg/install.log --single-version-externally-managed install_data --force
