[0.078s] DEBUG:colcon:Command line arguments: ['/usr/bin/colcon', 'build', '--symlink-install']
[0.078s] DEBUG:colcon:Parsed command line arguments: Namespace(log_base=None, log_level=None, verb_name='build', build_base='build', install_base='install', merge_install=False, symlink_install=True, test_result_base=None, continue_on_error=False, executor='parallel', parallel_workers=16, event_handlers=None, ignore_user_meta=False, metas=['./colcon.meta'], base_paths=['.'], packages_ignore=None, packages_ignore_regex=None, paths=None, packages_up_to=None, packages_up_to_regex=None, packages_above=None, packages_above_and_dependencies=None, packages_above_depth=None, packages_select_by_dep=None, packages_skip_by_dep=None, packages_skip_up_to=None, packages_select_build_failed=False, packages_skip_build_finished=False, packages_select_test_failures=False, packages_skip_test_passed=False, packages_select=None, packages_skip=None, packages_select_regex=None, packages_skip_regex=None, packages_start=None, packages_end=None, allow_overriding=[], cmake_args=None, cmake_target=None, cmake_target_skip_unavailable=False, cmake_clean_cache=False, cmake_clean_first=False, cmake_force_configure=False, ament_cmake_args=None, catkin_cmake_args=None, catkin_skip_building_tests=False, verb_parser=<colcon_defaults.argument_parser.defaults.DefaultArgumentsDecorator object at 0x7605f6e02a70>, verb_extension=<colcon_core.verb.build.BuildVerb object at 0x7605f6e02620>, main=<bound method BuildVerb.main of <colcon_core.verb.build.BuildVerb object at 0x7605f6e02620>>)
[0.187s] Level 1:colcon.colcon_core.package_discovery:discover_packages(colcon_meta) check parameters
[0.187s] Level 1:colcon.colcon_core.package_discovery:discover_packages(recursive) check parameters
[0.187s] Level 1:colcon.colcon_core.package_discovery:discover_packages(ignore) check parameters
[0.187s] Level 1:colcon.colcon_core.package_discovery:discover_packages(path) check parameters
[0.187s] Level 1:colcon.colcon_core.package_discovery:discover_packages(colcon_meta) discover
[0.187s] Level 1:colcon.colcon_core.package_discovery:discover_packages(recursive) discover
[0.187s] INFO:colcon.colcon_core.package_discovery:Crawling recursively for packages in '/home/whaly/isaac_ws/Isaacsim_ros2_ws'
[0.187s] Level 1:colcon.colcon_core.package_identification:_identify(.) by extensions ['ignore', 'ignore_ament_install']
[0.188s] Level 1:colcon.colcon_core.package_identification:_identify(.) by extension 'ignore'
[0.188s] Level 1:colcon.colcon_core.package_identification:_identify(.) by extension 'ignore_ament_install'
[0.188s] Level 1:colcon.colcon_core.package_identification:_identify(.) by extensions ['colcon_pkg']
[0.188s] Level 1:colcon.colcon_core.package_identification:_identify(.) by extension 'colcon_pkg'
[0.188s] Level 1:colcon.colcon_core.package_identification:_identify(.) by extensions ['colcon_meta']
[0.188s] Level 1:colcon.colcon_core.package_identification:_identify(.) by extension 'colcon_meta'
[0.188s] Level 1:colcon.colcon_core.package_identification:_identify(.) by extensions ['ros']
[0.188s] Level 1:colcon.colcon_core.package_identification:_identify(.) by extension 'ros'
[0.195s] Level 1:colcon.colcon_core.package_identification:_identify(.) by extensions ['cmake', 'python']
[0.195s] Level 1:colcon.colcon_core.package_identification:_identify(.) by extension 'cmake'
[0.195s] Level 1:colcon.colcon_core.package_identification:_identify(.) by extension 'python'
[0.195s] Level 1:colcon.colcon_core.package_identification:_identify(.) by extensions ['python_setup_py']
[0.195s] Level 1:colcon.colcon_core.package_identification:_identify(.) by extension 'python_setup_py'
[0.195s] Level 1:colcon.colcon_core.package_identification:_identify(build) by extensions ['ignore', 'ignore_ament_install']
[0.195s] Level 1:colcon.colcon_core.package_identification:_identify(build) by extension 'ignore'
[0.195s] Level 1:colcon.colcon_core.package_identification:_identify(build) ignored
[0.196s] Level 1:colcon.colcon_core.package_identification:_identify(install) by extensions ['ignore', 'ignore_ament_install']
[0.196s] Level 1:colcon.colcon_core.package_identification:_identify(install) by extension 'ignore'
[0.196s] Level 1:colcon.colcon_core.package_identification:_identify(install) ignored
[0.196s] Level 1:colcon.colcon_core.package_identification:_identify(launch) by extensions ['ignore', 'ignore_ament_install']
[0.196s] Level 1:colcon.colcon_core.package_identification:_identify(launch) by extension 'ignore'
[0.196s] Level 1:colcon.colcon_core.package_identification:_identify(launch) by extension 'ignore_ament_install'
[0.196s] Level 1:colcon.colcon_core.package_identification:_identify(launch) by extensions ['colcon_pkg']
[0.196s] Level 1:colcon.colcon_core.package_identification:_identify(launch) by extension 'colcon_pkg'
[0.196s] Level 1:colcon.colcon_core.package_identification:_identify(launch) by extensions ['colcon_meta']
[0.196s] Level 1:colcon.colcon_core.package_identification:_identify(launch) by extension 'colcon_meta'
[0.196s] Level 1:colcon.colcon_core.package_identification:_identify(launch) by extensions ['ros']
[0.196s] Level 1:colcon.colcon_core.package_identification:_identify(launch) by extension 'ros'
[0.196s] Level 1:colcon.colcon_core.package_identification:_identify(launch) by extensions ['cmake', 'python']
[0.196s] Level 1:colcon.colcon_core.package_identification:_identify(launch) by extension 'cmake'
[0.196s] Level 1:colcon.colcon_core.package_identification:_identify(launch) by extension 'python'
[0.196s] Level 1:colcon.colcon_core.package_identification:_identify(launch) by extensions ['python_setup_py']
[0.196s] Level 1:colcon.colcon_core.package_identification:_identify(launch) by extension 'python_setup_py'
[0.196s] Level 1:colcon.colcon_core.package_identification:_identify(log) by extensions ['ignore', 'ignore_ament_install']
[0.196s] Level 1:colcon.colcon_core.package_identification:_identify(log) by extension 'ignore'
[0.196s] Level 1:colcon.colcon_core.package_identification:_identify(log) ignored
[0.196s] Level 1:colcon.colcon_core.package_identification:_identify(src) by extensions ['ignore', 'ignore_ament_install']
[0.196s] Level 1:colcon.colcon_core.package_identification:_identify(src) by extension 'ignore'
[0.196s] Level 1:colcon.colcon_core.package_identification:_identify(src) by extension 'ignore_ament_install'
[0.196s] Level 1:colcon.colcon_core.package_identification:_identify(src) by extensions ['colcon_pkg']
[0.196s] Level 1:colcon.colcon_core.package_identification:_identify(src) by extension 'colcon_pkg'
[0.196s] Level 1:colcon.colcon_core.package_identification:_identify(src) by extensions ['colcon_meta']
[0.197s] Level 1:colcon.colcon_core.package_identification:_identify(src) by extension 'colcon_meta'
[0.197s] Level 1:colcon.colcon_core.package_identification:_identify(src) by extensions ['ros']
[0.197s] Level 1:colcon.colcon_core.package_identification:_identify(src) by extension 'ros'
[0.197s] Level 1:colcon.colcon_core.package_identification:_identify(src) by extensions ['cmake', 'python']
[0.197s] Level 1:colcon.colcon_core.package_identification:_identify(src) by extension 'cmake'
[0.197s] Level 1:colcon.colcon_core.package_identification:_identify(src) by extension 'python'
[0.197s] Level 1:colcon.colcon_core.package_identification:_identify(src) by extensions ['python_setup_py']
[0.197s] Level 1:colcon.colcon_core.package_identification:_identify(src) by extension 'python_setup_py'
[0.197s] Level 1:colcon.colcon_core.package_identification:_identify(src/ackermann_control) by extensions ['ignore', 'ignore_ament_install']
[0.197s] Level 1:colcon.colcon_core.package_identification:_identify(src/ackermann_control) by extension 'ignore'
[0.197s] Level 1:colcon.colcon_core.package_identification:_identify(src/ackermann_control) by extension 'ignore_ament_install'
[0.197s] Level 1:colcon.colcon_core.package_identification:_identify(src/ackermann_control) by extensions ['colcon_pkg']
[0.197s] Level 1:colcon.colcon_core.package_identification:_identify(src/ackermann_control) by extension 'colcon_pkg'
[0.197s] Level 1:colcon.colcon_core.package_identification:_identify(src/ackermann_control) by extensions ['colcon_meta']
[0.197s] Level 1:colcon.colcon_core.package_identification:_identify(src/ackermann_control) by extension 'colcon_meta'
[0.197s] Level 1:colcon.colcon_core.package_identification:_identify(src/ackermann_control) by extensions ['ros']
[0.197s] Level 1:colcon.colcon_core.package_identification:_identify(src/ackermann_control) by extension 'ros'
[0.199s] DEBUG:colcon.colcon_core.package_identification:Package 'src/ackermann_control' with type 'ros.ament_python' and name 'ackermann_control'
[0.199s] Level 1:colcon.colcon_core.package_identification:_identify(src/custom_interface) by extensions ['ignore', 'ignore_ament_install']
[0.199s] Level 1:colcon.colcon_core.package_identification:_identify(src/custom_interface) by extension 'ignore'
[0.199s] Level 1:colcon.colcon_core.package_identification:_identify(src/custom_interface) by extension 'ignore_ament_install'
[0.199s] Level 1:colcon.colcon_core.package_identification:_identify(src/custom_interface) by extensions ['colcon_pkg']
[0.199s] Level 1:colcon.colcon_core.package_identification:_identify(src/custom_interface) by extension 'colcon_pkg'
[0.199s] Level 1:colcon.colcon_core.package_identification:_identify(src/custom_interface) by extensions ['colcon_meta']
[0.199s] Level 1:colcon.colcon_core.package_identification:_identify(src/custom_interface) by extension 'colcon_meta'
[0.199s] Level 1:colcon.colcon_core.package_identification:_identify(src/custom_interface) by extensions ['ros']
[0.199s] Level 1:colcon.colcon_core.package_identification:_identify(src/custom_interface) by extension 'ros'
[0.200s] DEBUG:colcon.colcon_core.package_identification:Package 'src/custom_interface' with type 'ros.ament_cmake' and name 'custom_interface'
[0.200s] Level 1:colcon.colcon_core.package_identification:_identify(src/h1_msgs) by extensions ['ignore', 'ignore_ament_install']
[0.200s] Level 1:colcon.colcon_core.package_identification:_identify(src/h1_msgs) by extension 'ignore'
[0.200s] Level 1:colcon.colcon_core.package_identification:_identify(src/h1_msgs) by extension 'ignore_ament_install'
[0.200s] Level 1:colcon.colcon_core.package_identification:_identify(src/h1_msgs) by extensions ['colcon_pkg']
[0.200s] Level 1:colcon.colcon_core.package_identification:_identify(src/h1_msgs) by extension 'colcon_pkg'
[0.200s] Level 1:colcon.colcon_core.package_identification:_identify(src/h1_msgs) by extensions ['colcon_meta']
[0.200s] Level 1:colcon.colcon_core.package_identification:_identify(src/h1_msgs) by extension 'colcon_meta'
[0.200s] Level 1:colcon.colcon_core.package_identification:_identify(src/h1_msgs) by extensions ['ros']
[0.200s] Level 1:colcon.colcon_core.package_identification:_identify(src/h1_msgs) by extension 'ros'
[0.200s] DEBUG:colcon.colcon_core.package_identification:Package 'src/h1_msgs' with type 'ros.ament_cmake' and name 'h1_msgs'
[0.201s] Level 1:colcon.colcon_core.package_identification:_identify(src/h1_pkg) by extensions ['ignore', 'ignore_ament_install']
[0.201s] Level 1:colcon.colcon_core.package_identification:_identify(src/h1_pkg) by extension 'ignore'
[0.201s] Level 1:colcon.colcon_core.package_identification:_identify(src/h1_pkg) by extension 'ignore_ament_install'
[0.201s] Level 1:colcon.colcon_core.package_identification:_identify(src/h1_pkg) by extensions ['colcon_pkg']
[0.201s] Level 1:colcon.colcon_core.package_identification:_identify(src/h1_pkg) by extension 'colcon_pkg'
[0.201s] Level 1:colcon.colcon_core.package_identification:_identify(src/h1_pkg) by extensions ['colcon_meta']
[0.201s] Level 1:colcon.colcon_core.package_identification:_identify(src/h1_pkg) by extension 'colcon_meta'
[0.201s] Level 1:colcon.colcon_core.package_identification:_identify(src/h1_pkg) by extensions ['ros']
[0.201s] Level 1:colcon.colcon_core.package_identification:_identify(src/h1_pkg) by extension 'ros'
[0.201s] DEBUG:colcon.colcon_core.package_identification:Package 'src/h1_pkg' with type 'ros.ament_python' and name 'h1_pkg'
[0.201s] Level 1:colcon.colcon_core.package_identification:_identify(src/isaac_tutorials) by extensions ['ignore', 'ignore_ament_install']
[0.201s] Level 1:colcon.colcon_core.package_identification:_identify(src/isaac_tutorials) by extension 'ignore'
[0.202s] Level 1:colcon.colcon_core.package_identification:_identify(src/isaac_tutorials) by extension 'ignore_ament_install'
[0.202s] Level 1:colcon.colcon_core.package_identification:_identify(src/isaac_tutorials) by extensions ['colcon_pkg']
[0.202s] Level 1:colcon.colcon_core.package_identification:_identify(src/isaac_tutorials) by extension 'colcon_pkg'
[0.202s] Level 1:colcon.colcon_core.package_identification:_identify(src/isaac_tutorials) by extensions ['colcon_meta']
[0.202s] Level 1:colcon.colcon_core.package_identification:_identify(src/isaac_tutorials) by extension 'colcon_meta'
[0.202s] Level 1:colcon.colcon_core.package_identification:_identify(src/isaac_tutorials) by extensions ['ros']
[0.202s] Level 1:colcon.colcon_core.package_identification:_identify(src/isaac_tutorials) by extension 'ros'
[0.202s] DEBUG:colcon.colcon_core.package_identification:Package 'src/isaac_tutorials' with type 'ros.ament_python' and name 'isaac_tutorials'
[0.202s] Level 1:colcon.colcon_core.package_identification:_identify(src/test_pkg) by extensions ['ignore', 'ignore_ament_install']
[0.202s] Level 1:colcon.colcon_core.package_identification:_identify(src/test_pkg) by extension 'ignore'
[0.202s] Level 1:colcon.colcon_core.package_identification:_identify(src/test_pkg) by extension 'ignore_ament_install'
[0.202s] Level 1:colcon.colcon_core.package_identification:_identify(src/test_pkg) by extensions ['colcon_pkg']
[0.202s] Level 1:colcon.colcon_core.package_identification:_identify(src/test_pkg) by extension 'colcon_pkg'
[0.202s] Level 1:colcon.colcon_core.package_identification:_identify(src/test_pkg) by extensions ['colcon_meta']
[0.202s] Level 1:colcon.colcon_core.package_identification:_identify(src/test_pkg) by extension 'colcon_meta'
[0.203s] Level 1:colcon.colcon_core.package_identification:_identify(src/test_pkg) by extensions ['ros']
[0.203s] Level 1:colcon.colcon_core.package_identification:_identify(src/test_pkg) by extension 'ros'
[0.203s] DEBUG:colcon.colcon_core.package_identification:Package 'src/test_pkg' with type 'ros.ament_python' and name 'test_pkg'
[0.203s] Level 1:colcon.colcon_core.package_discovery:discover_packages(recursive) using defaults
[0.203s] Level 1:colcon.colcon_core.package_discovery:discover_packages(ignore) discover
[0.203s] Level 1:colcon.colcon_core.package_discovery:discover_packages(ignore) using defaults
[0.203s] Level 1:colcon.colcon_core.package_discovery:discover_packages(path) discover
[0.203s] Level 1:colcon.colcon_core.package_discovery:discover_packages(path) using defaults
[0.225s] Level 1:colcon.colcon_core.package_discovery:discover_packages(prefix_path) check parameters
[0.225s] Level 1:colcon.colcon_core.package_discovery:discover_packages(prefix_path) discover
[0.225s] WARNING:colcon.colcon_ros.prefix_path.ament:The path '/home/whaly/isaac_ws/Isaacsim_ros2_ws/install/test_pkg' in the environment variable AMENT_PREFIX_PATH doesn't exist
[0.225s] WARNING:colcon.colcon_ros.prefix_path.ament:The path '/home/whaly/isaac_ws/Isaacsim_ros2_ws/install/h1_pkg' in the environment variable AMENT_PREFIX_PATH doesn't exist
[0.226s] WARNING:colcon.colcon_ros.prefix_path.ament:The path '/home/whaly/isaac_ws/Isaacsim_ros2_ws/install/custom_msgs' in the environment variable AMENT_PREFIX_PATH doesn't exist
[0.226s] WARNING:colcon.colcon_ros.prefix_path.ament:The path '/home/whaly/isaac_ws/Isaacsim_ros2_ws/install/custom_interface' in the environment variable AMENT_PREFIX_PATH doesn't exist
[0.226s] WARNING:colcon.colcon_ros.prefix_path.catkin:The path '/home/whaly/isaac_ws/Isaacsim_ros2_ws/install/custom_msgs' in the environment variable CMAKE_PREFIX_PATH doesn't exist
[0.226s] WARNING:colcon.colcon_ros.prefix_path.catkin:The path '/home/whaly/isaac_ws/Isaacsim_ros2_ws/install/custom_interface' in the environment variable CMAKE_PREFIX_PATH doesn't exist
[0.226s] DEBUG:colcon.colcon_installed_package_information.package_discovery:Found 2 installed packages in /home/whaly/whaly_ws/install
[0.227s] DEBUG:colcon.colcon_installed_package_information.package_discovery:Found 3 installed packages in /home/whaly/isaac_ws/Isaacsim_ros2_ws/install
[0.227s] DEBUG:colcon.colcon_installed_package_information.package_discovery:Found 273 installed packages in /opt/ros/humble
[0.228s] Level 1:colcon.colcon_core.package_discovery:discover_packages(prefix_path) using defaults
[0.252s] Level 5:colcon.colcon_core.verb:set package 'ackermann_control' build argument 'cmake_args' from command line to 'None'
[0.252s] Level 5:colcon.colcon_core.verb:set package 'ackermann_control' build argument 'cmake_target' from command line to 'None'
[0.252s] Level 5:colcon.colcon_core.verb:set package 'ackermann_control' build argument 'cmake_target_skip_unavailable' from command line to 'False'
[0.252s] Level 5:colcon.colcon_core.verb:set package 'ackermann_control' build argument 'cmake_clean_cache' from command line to 'False'
[0.252s] Level 5:colcon.colcon_core.verb:set package 'ackermann_control' build argument 'cmake_clean_first' from command line to 'False'
[0.252s] Level 5:colcon.colcon_core.verb:set package 'ackermann_control' build argument 'cmake_force_configure' from command line to 'False'
[0.252s] Level 5:colcon.colcon_core.verb:set package 'ackermann_control' build argument 'ament_cmake_args' from command line to 'None'
[0.252s] Level 5:colcon.colcon_core.verb:set package 'ackermann_control' build argument 'catkin_cmake_args' from command line to 'None'
[0.252s] Level 5:colcon.colcon_core.verb:set package 'ackermann_control' build argument 'catkin_skip_building_tests' from command line to 'False'
[0.252s] DEBUG:colcon.colcon_core.verb:Building package 'ackermann_control' with the following arguments: {'ament_cmake_args': None, 'build_base': '/home/whaly/isaac_ws/Isaacsim_ros2_ws/build/ackermann_control', 'catkin_cmake_args': None, 'catkin_skip_building_tests': False, 'cmake_args': None, 'cmake_clean_cache': False, 'cmake_clean_first': False, 'cmake_force_configure': False, 'cmake_target': None, 'cmake_target_skip_unavailable': False, 'install_base': '/home/whaly/isaac_ws/Isaacsim_ros2_ws/install/ackermann_control', 'merge_install': False, 'path': '/home/whaly/isaac_ws/Isaacsim_ros2_ws/src/ackermann_control', 'symlink_install': True, 'test_result_base': None}
[0.253s] Level 5:colcon.colcon_core.verb:set package 'custom_interface' build argument 'cmake_args' from command line to 'None'
[0.253s] Level 5:colcon.colcon_core.verb:set package 'custom_interface' build argument 'cmake_target' from command line to 'None'
[0.253s] Level 5:colcon.colcon_core.verb:set package 'custom_interface' build argument 'cmake_target_skip_unavailable' from command line to 'False'
[0.253s] Level 5:colcon.colcon_core.verb:set package 'custom_interface' build argument 'cmake_clean_cache' from command line to 'False'
[0.253s] Level 5:colcon.colcon_core.verb:set package 'custom_interface' build argument 'cmake_clean_first' from command line to 'False'
[0.253s] Level 5:colcon.colcon_core.verb:set package 'custom_interface' build argument 'cmake_force_configure' from command line to 'False'
[0.253s] Level 5:colcon.colcon_core.verb:set package 'custom_interface' build argument 'ament_cmake_args' from command line to 'None'
[0.253s] Level 5:colcon.colcon_core.verb:set package 'custom_interface' build argument 'catkin_cmake_args' from command line to 'None'
[0.253s] Level 5:colcon.colcon_core.verb:set package 'custom_interface' build argument 'catkin_skip_building_tests' from command line to 'False'
[0.253s] DEBUG:colcon.colcon_core.verb:Building package 'custom_interface' with the following arguments: {'ament_cmake_args': None, 'build_base': '/home/whaly/isaac_ws/Isaacsim_ros2_ws/build/custom_interface', 'catkin_cmake_args': None, 'catkin_skip_building_tests': False, 'cmake_args': None, 'cmake_clean_cache': False, 'cmake_clean_first': False, 'cmake_force_configure': False, 'cmake_target': None, 'cmake_target_skip_unavailable': False, 'install_base': '/home/whaly/isaac_ws/Isaacsim_ros2_ws/install/custom_interface', 'merge_install': False, 'path': '/home/whaly/isaac_ws/Isaacsim_ros2_ws/src/custom_interface', 'symlink_install': True, 'test_result_base': None}
[0.253s] Level 5:colcon.colcon_core.verb:set package 'h1_msgs' build argument 'cmake_args' from command line to 'None'
[0.253s] Level 5:colcon.colcon_core.verb:set package 'h1_msgs' build argument 'cmake_target' from command line to 'None'
[0.253s] Level 5:colcon.colcon_core.verb:set package 'h1_msgs' build argument 'cmake_target_skip_unavailable' from command line to 'False'
[0.253s] Level 5:colcon.colcon_core.verb:set package 'h1_msgs' build argument 'cmake_clean_cache' from command line to 'False'
[0.253s] Level 5:colcon.colcon_core.verb:set package 'h1_msgs' build argument 'cmake_clean_first' from command line to 'False'
[0.253s] Level 5:colcon.colcon_core.verb:set package 'h1_msgs' build argument 'cmake_force_configure' from command line to 'False'
[0.253s] Level 5:colcon.colcon_core.verb:set package 'h1_msgs' build argument 'ament_cmake_args' from command line to 'None'
[0.253s] Level 5:colcon.colcon_core.verb:set package 'h1_msgs' build argument 'catkin_cmake_args' from command line to 'None'
[0.253s] Level 5:colcon.colcon_core.verb:set package 'h1_msgs' build argument 'catkin_skip_building_tests' from command line to 'False'
[0.253s] DEBUG:colcon.colcon_core.verb:Building package 'h1_msgs' with the following arguments: {'ament_cmake_args': None, 'build_base': '/home/whaly/isaac_ws/Isaacsim_ros2_ws/build/h1_msgs', 'catkin_cmake_args': None, 'catkin_skip_building_tests': False, 'cmake_args': None, 'cmake_clean_cache': False, 'cmake_clean_first': False, 'cmake_force_configure': False, 'cmake_target': None, 'cmake_target_skip_unavailable': False, 'install_base': '/home/whaly/isaac_ws/Isaacsim_ros2_ws/install/h1_msgs', 'merge_install': False, 'path': '/home/whaly/isaac_ws/Isaacsim_ros2_ws/src/h1_msgs', 'symlink_install': True, 'test_result_base': None}
[0.253s] Level 5:colcon.colcon_core.verb:set package 'isaac_tutorials' build argument 'cmake_args' from command line to 'None'
[0.253s] Level 5:colcon.colcon_core.verb:set package 'isaac_tutorials' build argument 'cmake_target' from command line to 'None'
[0.253s] Level 5:colcon.colcon_core.verb:set package 'isaac_tutorials' build argument 'cmake_target_skip_unavailable' from command line to 'False'
[0.253s] Level 5:colcon.colcon_core.verb:set package 'isaac_tutorials' build argument 'cmake_clean_cache' from command line to 'False'
[0.253s] Level 5:colcon.colcon_core.verb:set package 'isaac_tutorials' build argument 'cmake_clean_first' from command line to 'False'
[0.253s] Level 5:colcon.colcon_core.verb:set package 'isaac_tutorials' build argument 'cmake_force_configure' from command line to 'False'
[0.253s] Level 5:colcon.colcon_core.verb:set package 'isaac_tutorials' build argument 'ament_cmake_args' from command line to 'None'
[0.253s] Level 5:colcon.colcon_core.verb:set package 'isaac_tutorials' build argument 'catkin_cmake_args' from command line to 'None'
[0.253s] Level 5:colcon.colcon_core.verb:set package 'isaac_tutorials' build argument 'catkin_skip_building_tests' from command line to 'False'
[0.254s] DEBUG:colcon.colcon_core.verb:Building package 'isaac_tutorials' with the following arguments: {'ament_cmake_args': None, 'build_base': '/home/whaly/isaac_ws/Isaacsim_ros2_ws/build/isaac_tutorials', 'catkin_cmake_args': None, 'catkin_skip_building_tests': False, 'cmake_args': None, 'cmake_clean_cache': False, 'cmake_clean_first': False, 'cmake_force_configure': False, 'cmake_target': None, 'cmake_target_skip_unavailable': False, 'install_base': '/home/whaly/isaac_ws/Isaacsim_ros2_ws/install/isaac_tutorials', 'merge_install': False, 'path': '/home/whaly/isaac_ws/Isaacsim_ros2_ws/src/isaac_tutorials', 'symlink_install': True, 'test_result_base': None}
[0.254s] Level 5:colcon.colcon_core.verb:set package 'h1_pkg' build argument 'cmake_args' from command line to 'None'
[0.254s] Level 5:colcon.colcon_core.verb:set package 'h1_pkg' build argument 'cmake_target' from command line to 'None'
[0.254s] Level 5:colcon.colcon_core.verb:set package 'h1_pkg' build argument 'cmake_target_skip_unavailable' from command line to 'False'
[0.254s] Level 5:colcon.colcon_core.verb:set package 'h1_pkg' build argument 'cmake_clean_cache' from command line to 'False'
[0.254s] Level 5:colcon.colcon_core.verb:set package 'h1_pkg' build argument 'cmake_clean_first' from command line to 'False'
[0.254s] Level 5:colcon.colcon_core.verb:set package 'h1_pkg' build argument 'cmake_force_configure' from command line to 'False'
[0.254s] Level 5:colcon.colcon_core.verb:set package 'h1_pkg' build argument 'ament_cmake_args' from command line to 'None'
[0.254s] Level 5:colcon.colcon_core.verb:set package 'h1_pkg' build argument 'catkin_cmake_args' from command line to 'None'
[0.254s] Level 5:colcon.colcon_core.verb:set package 'h1_pkg' build argument 'catkin_skip_building_tests' from command line to 'False'
[0.254s] DEBUG:colcon.colcon_core.verb:Building package 'h1_pkg' with the following arguments: {'ament_cmake_args': None, 'build_base': '/home/whaly/isaac_ws/Isaacsim_ros2_ws/build/h1_pkg', 'catkin_cmake_args': None, 'catkin_skip_building_tests': False, 'cmake_args': None, 'cmake_clean_cache': False, 'cmake_clean_first': False, 'cmake_force_configure': False, 'cmake_target': None, 'cmake_target_skip_unavailable': False, 'install_base': '/home/whaly/isaac_ws/Isaacsim_ros2_ws/install/h1_pkg', 'merge_install': False, 'path': '/home/whaly/isaac_ws/Isaacsim_ros2_ws/src/h1_pkg', 'symlink_install': True, 'test_result_base': None}
[0.254s] Level 5:colcon.colcon_core.verb:set package 'test_pkg' build argument 'cmake_args' from command line to 'None'
[0.254s] Level 5:colcon.colcon_core.verb:set package 'test_pkg' build argument 'cmake_target' from command line to 'None'
[0.254s] Level 5:colcon.colcon_core.verb:set package 'test_pkg' build argument 'cmake_target_skip_unavailable' from command line to 'False'
[0.254s] Level 5:colcon.colcon_core.verb:set package 'test_pkg' build argument 'cmake_clean_cache' from command line to 'False'
[0.254s] Level 5:colcon.colcon_core.verb:set package 'test_pkg' build argument 'cmake_clean_first' from command line to 'False'
[0.254s] Level 5:colcon.colcon_core.verb:set package 'test_pkg' build argument 'cmake_force_configure' from command line to 'False'
[0.254s] Level 5:colcon.colcon_core.verb:set package 'test_pkg' build argument 'ament_cmake_args' from command line to 'None'
[0.254s] Level 5:colcon.colcon_core.verb:set package 'test_pkg' build argument 'catkin_cmake_args' from command line to 'None'
[0.254s] Level 5:colcon.colcon_core.verb:set package 'test_pkg' build argument 'catkin_skip_building_tests' from command line to 'False'
[0.254s] DEBUG:colcon.colcon_core.verb:Building package 'test_pkg' with the following arguments: {'ament_cmake_args': None, 'build_base': '/home/whaly/isaac_ws/Isaacsim_ros2_ws/build/test_pkg', 'catkin_cmake_args': None, 'catkin_skip_building_tests': False, 'cmake_args': None, 'cmake_clean_cache': False, 'cmake_clean_first': False, 'cmake_force_configure': False, 'cmake_target': None, 'cmake_target_skip_unavailable': False, 'install_base': '/home/whaly/isaac_ws/Isaacsim_ros2_ws/install/test_pkg', 'merge_install': False, 'path': '/home/whaly/isaac_ws/Isaacsim_ros2_ws/src/test_pkg', 'symlink_install': True, 'test_result_base': None}
[0.254s] INFO:colcon.colcon_core.executor:Executing jobs using 'parallel' executor
[0.255s] DEBUG:colcon.colcon_parallel_executor.executor.parallel:run_until_complete
[0.256s] INFO:colcon.colcon_ros.task.ament_cmake.build:Building ROS package in '/home/whaly/isaac_ws/Isaacsim_ros2_ws/src/h1_msgs' with build type 'ament_cmake'
[0.256s] INFO:colcon.colcon_cmake.task.cmake.build:Building CMake package in '/home/whaly/isaac_ws/Isaacsim_ros2_ws/src/h1_msgs'
[0.257s] INFO:colcon.colcon_core.plugin_system:Skipping extension 'colcon_core.shell.bat': Not used on non-Windows systems
[0.257s] INFO:colcon.colcon_core.shell:Skip shell extension 'powershell' for command environment: Not usable outside of PowerShell
[0.257s] DEBUG:colcon.colcon_core.shell:Skip shell extension 'dsv' for command environment
[0.260s] INFO:colcon.colcon_ros.task.ament_python.build:Building ROS package in '/home/whaly/isaac_ws/Isaacsim_ros2_ws/src/ackermann_control' with build type 'ament_python'
[0.260s] Level 1:colcon.colcon_core.shell:create_environment_hook('ackermann_control', 'ament_prefix_path')
[0.260s] INFO:colcon.colcon_core.shell:Creating environment hook '/home/whaly/isaac_ws/Isaacsim_ros2_ws/install/ackermann_control/share/ackermann_control/hook/ament_prefix_path.ps1'
[0.260s] INFO:colcon.colcon_core.shell:Creating environment descriptor '/home/whaly/isaac_ws/Isaacsim_ros2_ws/install/ackermann_control/share/ackermann_control/hook/ament_prefix_path.dsv'
[0.261s] INFO:colcon.colcon_core.shell:Creating environment hook '/home/whaly/isaac_ws/Isaacsim_ros2_ws/install/ackermann_control/share/ackermann_control/hook/ament_prefix_path.sh'
[0.261s] INFO:colcon.colcon_core.shell:Skip shell extension 'powershell' for command environment: Not usable outside of PowerShell
[0.261s] DEBUG:colcon.colcon_core.shell:Skip shell extension 'dsv' for command environment
[0.263s] INFO:colcon.colcon_ros.task.ament_cmake.build:Building ROS package in '/home/whaly/isaac_ws/Isaacsim_ros2_ws/src/custom_interface' with build type 'ament_cmake'
[0.263s] INFO:colcon.colcon_cmake.task.cmake.build:Building CMake package in '/home/whaly/isaac_ws/Isaacsim_ros2_ws/src/custom_interface'
[0.263s] INFO:colcon.colcon_core.shell:Skip shell extension 'powershell' for command environment: Not usable outside of PowerShell
[0.263s] DEBUG:colcon.colcon_core.shell:Skip shell extension 'dsv' for command environment
[0.265s] INFO:colcon.colcon_ros.task.ament_python.build:Building ROS package in '/home/whaly/isaac_ws/Isaacsim_ros2_ws/src/isaac_tutorials' with build type 'ament_python'
[0.265s] Level 1:colcon.colcon_core.shell:create_environment_hook('isaac_tutorials', 'ament_prefix_path')
[0.266s] INFO:colcon.colcon_core.shell:Creating environment hook '/home/whaly/isaac_ws/Isaacsim_ros2_ws/install/isaac_tutorials/share/isaac_tutorials/hook/ament_prefix_path.ps1'
[0.266s] INFO:colcon.colcon_core.shell:Creating environment descriptor '/home/whaly/isaac_ws/Isaacsim_ros2_ws/install/isaac_tutorials/share/isaac_tutorials/hook/ament_prefix_path.dsv'
[0.266s] INFO:colcon.colcon_core.shell:Creating environment hook '/home/whaly/isaac_ws/Isaacsim_ros2_ws/install/isaac_tutorials/share/isaac_tutorials/hook/ament_prefix_path.sh'
[0.266s] INFO:colcon.colcon_core.shell:Skip shell extension 'powershell' for command environment: Not usable outside of PowerShell
[0.266s] DEBUG:colcon.colcon_core.shell:Skip shell extension 'dsv' for command environment
[0.271s] DEBUG:colcon.colcon_core.event_handler.log_command:Invoking command in '/home/whaly/isaac_ws/Isaacsim_ros2_ws/build/h1_msgs': CMAKE_PREFIX_PATH=${CMAKE_PREFIX_PATH}:/home/whaly/isaac_ws/Isaacsim_ros2_ws/install/test_pkg:/home/whaly/isaac_ws/Isaacsim_ros2_ws/install/isaac_tutorials:/home/whaly/isaac_ws/Isaacsim_ros2_ws/install/h1_pkg:/home/whaly/isaac_ws/Isaacsim_ros2_ws/install/ackermann_control:/home/whaly/whaly_ws/install/whaly_pkg:/opt/ros/humble CONDA_PROMPT_MODIFIER=(base) /usr/bin/cmake /home/whaly/isaac_ws/Isaacsim_ros2_ws/src/h1_msgs -DAMENT_CMAKE_SYMLINK_INSTALL=1 -DCMAKE_INSTALL_PREFIX=/home/whaly/isaac_ws/Isaacsim_ros2_ws/install/h1_msgs
[0.434s] INFO:colcon.colcon_core.task.python.build:Building Python package in '/home/whaly/isaac_ws/Isaacsim_ros2_ws/src/ackermann_control'
[0.434s] INFO:colcon.colcon_core.shell:Skip shell extension 'powershell' for command environment: Not usable outside of PowerShell
[0.434s] DEBUG:colcon.colcon_core.shell:Skip shell extension 'dsv' for command environment
[0.439s] DEBUG:colcon.colcon_core.event_handler.log_command:Invoking command in '/home/whaly/isaac_ws/Isaacsim_ros2_ws/build/custom_interface': CMAKE_PREFIX_PATH=${CMAKE_PREFIX_PATH}:/home/whaly/isaac_ws/Isaacsim_ros2_ws/install/test_pkg:/home/whaly/isaac_ws/Isaacsim_ros2_ws/install/isaac_tutorials:/home/whaly/isaac_ws/Isaacsim_ros2_ws/install/h1_pkg:/home/whaly/isaac_ws/Isaacsim_ros2_ws/install/ackermann_control:/home/whaly/whaly_ws/install/whaly_pkg:/opt/ros/humble CONDA_PROMPT_MODIFIER=(base) /usr/bin/cmake /home/whaly/isaac_ws/Isaacsim_ros2_ws/src/custom_interface -DAMENT_CMAKE_SYMLINK_INSTALL=1 -DCMAKE_INSTALL_PREFIX=/home/whaly/isaac_ws/Isaacsim_ros2_ws/install/custom_interface
[0.623s] INFO:colcon.colcon_core.task.python.build:Building Python package in '/home/whaly/isaac_ws/Isaacsim_ros2_ws/src/isaac_tutorials'
[0.623s] INFO:colcon.colcon_core.shell:Skip shell extension 'powershell' for command environment: Not usable outside of PowerShell
[0.623s] DEBUG:colcon.colcon_core.shell:Skip shell extension 'dsv' for command environment
[0.855s] DEBUG:colcon.colcon_core.event_handler.log_command:Invoking command in '/home/whaly/isaac_ws/Isaacsim_ros2_ws/build/isaac_tutorials': CONDA_PROMPT_MODIFIER=(base) PYTHONPATH=/home/whaly/isaac_ws/Isaacsim_ros2_ws/build/isaac_tutorials/prefix_override:/usr/lib/python3/dist-packages/colcon_core/task/python/colcon_distutils_commands:/home/whaly/isaac_ws/Isaacsim_ros2_ws/install/isaac_tutorials/lib/python3.10/site-packages:${PYTHONPATH} /usr/bin/python3 -W ignore:setup.py install is deprecated -W ignore:easy_install command is deprecated setup.py develop --editable --build-directory /home/whaly/isaac_ws/Isaacsim_ros2_ws/build/isaac_tutorials/build --no-deps symlink_data
[0.892s] DEBUG:colcon.colcon_core.event_handler.log_command:Invoking command in '/home/whaly/isaac_ws/Isaacsim_ros2_ws/build/ackermann_control': CONDA_PROMPT_MODIFIER=(base) PYTHONPATH=/home/whaly/isaac_ws/Isaacsim_ros2_ws/build/ackermann_control/prefix_override:/usr/lib/python3/dist-packages/colcon_core/task/python/colcon_distutils_commands:/home/whaly/isaac_ws/Isaacsim_ros2_ws/install/ackermann_control/lib/python3.10/site-packages:${PYTHONPATH} /usr/bin/python3 -W ignore:setup.py install is deprecated -W ignore:easy_install command is deprecated setup.py develop --editable --build-directory /home/whaly/isaac_ws/Isaacsim_ros2_ws/build/ackermann_control/build --no-deps symlink_data
[1.149s] Level 1:colcon.colcon_core.shell:create_environment_hook('isaac_tutorials', 'pythonpath_develop')
[1.149s] INFO:colcon.colcon_core.shell:Creating environment hook '/home/whaly/isaac_ws/Isaacsim_ros2_ws/build/isaac_tutorials/share/isaac_tutorials/hook/pythonpath_develop.ps1'
[1.150s] DEBUG:colcon.colcon_core.event_handler.log_command:Invoked command in '/home/whaly/isaac_ws/Isaacsim_ros2_ws/build/isaac_tutorials' returned '0': CONDA_PROMPT_MODIFIER=(base) PYTHONPATH=/home/whaly/isaac_ws/Isaacsim_ros2_ws/build/isaac_tutorials/prefix_override:/usr/lib/python3/dist-packages/colcon_core/task/python/colcon_distutils_commands:/home/whaly/isaac_ws/Isaacsim_ros2_ws/install/isaac_tutorials/lib/python3.10/site-packages:${PYTHONPATH} /usr/bin/python3 -W ignore:setup.py install is deprecated -W ignore:easy_install command is deprecated setup.py develop --editable --build-directory /home/whaly/isaac_ws/Isaacsim_ros2_ws/build/isaac_tutorials/build --no-deps symlink_data
[1.150s] INFO:colcon.colcon_core.shell:Creating environment descriptor '/home/whaly/isaac_ws/Isaacsim_ros2_ws/build/isaac_tutorials/share/isaac_tutorials/hook/pythonpath_develop.dsv'
[1.150s] INFO:colcon.colcon_core.shell:Creating environment hook '/home/whaly/isaac_ws/Isaacsim_ros2_ws/build/isaac_tutorials/share/isaac_tutorials/hook/pythonpath_develop.sh'
[1.153s] Level 1:colcon.colcon_core.environment:checking '/home/whaly/isaac_ws/Isaacsim_ros2_ws/install/isaac_tutorials' for CMake module files
[1.153s] Level 1:colcon.colcon_core.environment:checking '/home/whaly/isaac_ws/Isaacsim_ros2_ws/install/isaac_tutorials' for CMake config files
[1.154s] Level 1:colcon.colcon_core.environment:checking '/home/whaly/isaac_ws/Isaacsim_ros2_ws/install/isaac_tutorials/lib'
[1.154s] Level 1:colcon.colcon_core.environment:checking '/home/whaly/isaac_ws/Isaacsim_ros2_ws/install/isaac_tutorials/bin'
[1.154s] Level 1:colcon.colcon_core.environment:checking '/home/whaly/isaac_ws/Isaacsim_ros2_ws/install/isaac_tutorials/lib/pkgconfig/isaac_tutorials.pc'
[1.154s] Level 1:colcon.colcon_core.environment:checking '/home/whaly/isaac_ws/Isaacsim_ros2_ws/install/isaac_tutorials/lib/python3.10/site-packages'
[1.154s] Level 1:colcon.colcon_core.shell:create_environment_hook('isaac_tutorials', 'pythonpath')
[1.155s] INFO:colcon.colcon_core.shell:Creating environment hook '/home/whaly/isaac_ws/Isaacsim_ros2_ws/install/isaac_tutorials/share/isaac_tutorials/hook/pythonpath.ps1'
[1.155s] INFO:colcon.colcon_core.shell:Creating environment descriptor '/home/whaly/isaac_ws/Isaacsim_ros2_ws/install/isaac_tutorials/share/isaac_tutorials/hook/pythonpath.dsv'
[1.155s] INFO:colcon.colcon_core.shell:Creating environment hook '/home/whaly/isaac_ws/Isaacsim_ros2_ws/install/isaac_tutorials/share/isaac_tutorials/hook/pythonpath.sh'
[1.156s] Level 1:colcon.colcon_core.environment:checking '/home/whaly/isaac_ws/Isaacsim_ros2_ws/install/isaac_tutorials/bin'
[1.156s] Level 1:colcon.colcon_core.environment:create_environment_scripts_only(isaac_tutorials)
[1.156s] INFO:colcon.colcon_core.shell:Creating package script '/home/whaly/isaac_ws/Isaacsim_ros2_ws/install/isaac_tutorials/share/isaac_tutorials/package.ps1'
[1.157s] INFO:colcon.colcon_core.shell:Creating package descriptor '/home/whaly/isaac_ws/Isaacsim_ros2_ws/install/isaac_tutorials/share/isaac_tutorials/package.dsv'
[1.157s] INFO:colcon.colcon_core.shell:Creating package script '/home/whaly/isaac_ws/Isaacsim_ros2_ws/install/isaac_tutorials/share/isaac_tutorials/package.sh'
[1.158s] INFO:colcon.colcon_core.shell:Creating package script '/home/whaly/isaac_ws/Isaacsim_ros2_ws/install/isaac_tutorials/share/isaac_tutorials/package.bash'
[1.159s] INFO:colcon.colcon_core.shell:Creating package script '/home/whaly/isaac_ws/Isaacsim_ros2_ws/install/isaac_tutorials/share/isaac_tutorials/package.zsh'
[1.160s] Level 1:colcon.colcon_core.environment:create_file_with_runtime_dependencies(/home/whaly/isaac_ws/Isaacsim_ros2_ws/install/isaac_tutorials/share/colcon-core/packages/isaac_tutorials)
[1.181s] Level 1:colcon.colcon_core.shell:create_environment_hook('ackermann_control', 'pythonpath_develop')
[1.181s] INFO:colcon.colcon_core.shell:Creating environment hook '/home/whaly/isaac_ws/Isaacsim_ros2_ws/build/ackermann_control/share/ackermann_control/hook/pythonpath_develop.ps1'
[1.181s] DEBUG:colcon.colcon_core.event_handler.log_command:Invoked command in '/home/whaly/isaac_ws/Isaacsim_ros2_ws/build/ackermann_control' returned '0': CONDA_PROMPT_MODIFIER=(base) PYTHONPATH=/home/whaly/isaac_ws/Isaacsim_ros2_ws/build/ackermann_control/prefix_override:/usr/lib/python3/dist-packages/colcon_core/task/python/colcon_distutils_commands:/home/whaly/isaac_ws/Isaacsim_ros2_ws/install/ackermann_control/lib/python3.10/site-packages:${PYTHONPATH} /usr/bin/python3 -W ignore:setup.py install is deprecated -W ignore:easy_install command is deprecated setup.py develop --editable --build-directory /home/whaly/isaac_ws/Isaacsim_ros2_ws/build/ackermann_control/build --no-deps symlink_data
[1.182s] INFO:colcon.colcon_core.shell:Creating environment descriptor '/home/whaly/isaac_ws/Isaacsim_ros2_ws/build/ackermann_control/share/ackermann_control/hook/pythonpath_develop.dsv'
[1.182s] INFO:colcon.colcon_core.shell:Creating environment hook '/home/whaly/isaac_ws/Isaacsim_ros2_ws/build/ackermann_control/share/ackermann_control/hook/pythonpath_develop.sh'
[1.183s] Level 1:colcon.colcon_core.environment:checking '/home/whaly/isaac_ws/Isaacsim_ros2_ws/install/ackermann_control' for CMake module files
[1.183s] Level 1:colcon.colcon_core.environment:checking '/home/whaly/isaac_ws/Isaacsim_ros2_ws/install/ackermann_control' for CMake config files
[1.184s] Level 1:colcon.colcon_core.environment:checking '/home/whaly/isaac_ws/Isaacsim_ros2_ws/install/ackermann_control/lib'
[1.184s] Level 1:colcon.colcon_core.environment:checking '/home/whaly/isaac_ws/Isaacsim_ros2_ws/install/ackermann_control/bin'
[1.184s] Level 1:colcon.colcon_core.environment:checking '/home/whaly/isaac_ws/Isaacsim_ros2_ws/install/ackermann_control/lib/pkgconfig/ackermann_control.pc'
[1.184s] Level 1:colcon.colcon_core.environment:checking '/home/whaly/isaac_ws/Isaacsim_ros2_ws/install/ackermann_control/lib/python3.10/site-packages'
[1.184s] Level 1:colcon.colcon_core.shell:create_environment_hook('ackermann_control', 'pythonpath')
[1.184s] INFO:colcon.colcon_core.shell:Creating environment hook '/home/whaly/isaac_ws/Isaacsim_ros2_ws/install/ackermann_control/share/ackermann_control/hook/pythonpath.ps1'
[1.185s] INFO:colcon.colcon_core.shell:Creating environment descriptor '/home/whaly/isaac_ws/Isaacsim_ros2_ws/install/ackermann_control/share/ackermann_control/hook/pythonpath.dsv'
[1.185s] INFO:colcon.colcon_core.shell:Creating environment hook '/home/whaly/isaac_ws/Isaacsim_ros2_ws/install/ackermann_control/share/ackermann_control/hook/pythonpath.sh'
[1.186s] Level 1:colcon.colcon_core.environment:checking '/home/whaly/isaac_ws/Isaacsim_ros2_ws/install/ackermann_control/bin'
[1.186s] Level 1:colcon.colcon_core.environment:create_environment_scripts_only(ackermann_control)
[1.186s] INFO:colcon.colcon_core.shell:Creating package script '/home/whaly/isaac_ws/Isaacsim_ros2_ws/install/ackermann_control/share/ackermann_control/package.ps1'
[1.186s] INFO:colcon.colcon_core.shell:Creating package descriptor '/home/whaly/isaac_ws/Isaacsim_ros2_ws/install/ackermann_control/share/ackermann_control/package.dsv'
[1.186s] INFO:colcon.colcon_core.shell:Creating package script '/home/whaly/isaac_ws/Isaacsim_ros2_ws/install/ackermann_control/share/ackermann_control/package.sh'
[1.187s] INFO:colcon.colcon_core.shell:Creating package script '/home/whaly/isaac_ws/Isaacsim_ros2_ws/install/ackermann_control/share/ackermann_control/package.bash'
[1.187s] INFO:colcon.colcon_core.shell:Creating package script '/home/whaly/isaac_ws/Isaacsim_ros2_ws/install/ackermann_control/share/ackermann_control/package.zsh'
[1.187s] Level 1:colcon.colcon_core.environment:create_file_with_runtime_dependencies(/home/whaly/isaac_ws/Isaacsim_ros2_ws/install/ackermann_control/share/colcon-core/packages/ackermann_control)
[1.188s] DEBUG:colcon.colcon_core.event_handler.log_command:Invoked command in '/home/whaly/isaac_ws/Isaacsim_ros2_ws/build/h1_msgs' returned '0': CMAKE_PREFIX_PATH=${CMAKE_PREFIX_PATH}:/home/whaly/isaac_ws/Isaacsim_ros2_ws/install/test_pkg:/home/whaly/isaac_ws/Isaacsim_ros2_ws/install/isaac_tutorials:/home/whaly/isaac_ws/Isaacsim_ros2_ws/install/h1_pkg:/home/whaly/isaac_ws/Isaacsim_ros2_ws/install/ackermann_control:/home/whaly/whaly_ws/install/whaly_pkg:/opt/ros/humble CONDA_PROMPT_MODIFIER=(base) /usr/bin/cmake /home/whaly/isaac_ws/Isaacsim_ros2_ws/src/h1_msgs -DAMENT_CMAKE_SYMLINK_INSTALL=1 -DCMAKE_INSTALL_PREFIX=/home/whaly/isaac_ws/Isaacsim_ros2_ws/install/h1_msgs
[1.189s] DEBUG:colcon.colcon_core.event_handler.log_command:Invoking command in '/home/whaly/isaac_ws/Isaacsim_ros2_ws/build/h1_msgs': CMAKE_PREFIX_PATH=${CMAKE_PREFIX_PATH}:/home/whaly/isaac_ws/Isaacsim_ros2_ws/install/test_pkg:/home/whaly/isaac_ws/Isaacsim_ros2_ws/install/isaac_tutorials:/home/whaly/isaac_ws/Isaacsim_ros2_ws/install/h1_pkg:/home/whaly/isaac_ws/Isaacsim_ros2_ws/install/ackermann_control:/home/whaly/whaly_ws/install/whaly_pkg:/opt/ros/humble CONDA_PROMPT_MODIFIER=(base) /usr/bin/cmake --build /home/whaly/isaac_ws/Isaacsim_ros2_ws/build/h1_msgs -- -j16 -l16
[1.375s] DEBUG:colcon.colcon_core.event_handler.log_command:Invoked command in '/home/whaly/isaac_ws/Isaacsim_ros2_ws/build/custom_interface' returned '0': CMAKE_PREFIX_PATH=${CMAKE_PREFIX_PATH}:/home/whaly/isaac_ws/Isaacsim_ros2_ws/install/test_pkg:/home/whaly/isaac_ws/Isaacsim_ros2_ws/install/isaac_tutorials:/home/whaly/isaac_ws/Isaacsim_ros2_ws/install/h1_pkg:/home/whaly/isaac_ws/Isaacsim_ros2_ws/install/ackermann_control:/home/whaly/whaly_ws/install/whaly_pkg:/opt/ros/humble CONDA_PROMPT_MODIFIER=(base) /usr/bin/cmake /home/whaly/isaac_ws/Isaacsim_ros2_ws/src/custom_interface -DAMENT_CMAKE_SYMLINK_INSTALL=1 -DCMAKE_INSTALL_PREFIX=/home/whaly/isaac_ws/Isaacsim_ros2_ws/install/custom_interface
[1.376s] DEBUG:colcon.colcon_core.event_handler.log_command:Invoking command in '/home/whaly/isaac_ws/Isaacsim_ros2_ws/build/custom_interface': CMAKE_PREFIX_PATH=${CMAKE_PREFIX_PATH}:/home/whaly/isaac_ws/Isaacsim_ros2_ws/install/test_pkg:/home/whaly/isaac_ws/Isaacsim_ros2_ws/install/isaac_tutorials:/home/whaly/isaac_ws/Isaacsim_ros2_ws/install/h1_pkg:/home/whaly/isaac_ws/Isaacsim_ros2_ws/install/ackermann_control:/home/whaly/whaly_ws/install/whaly_pkg:/opt/ros/humble CONDA_PROMPT_MODIFIER=(base) /usr/bin/cmake --build /home/whaly/isaac_ws/Isaacsim_ros2_ws/build/custom_interface -- -j16 -l16
[2.543s] DEBUG:colcon.colcon_core.event_handler.log_command:Invoked command in '/home/whaly/isaac_ws/Isaacsim_ros2_ws/build/h1_msgs' returned '0': CMAKE_PREFIX_PATH=${CMAKE_PREFIX_PATH}:/home/whaly/isaac_ws/Isaacsim_ros2_ws/install/test_pkg:/home/whaly/isaac_ws/Isaacsim_ros2_ws/install/isaac_tutorials:/home/whaly/isaac_ws/Isaacsim_ros2_ws/install/h1_pkg:/home/whaly/isaac_ws/Isaacsim_ros2_ws/install/ackermann_control:/home/whaly/whaly_ws/install/whaly_pkg:/opt/ros/humble CONDA_PROMPT_MODIFIER=(base) /usr/bin/cmake --build /home/whaly/isaac_ws/Isaacsim_ros2_ws/build/h1_msgs -- -j16 -l16
[2.549s] DEBUG:colcon.colcon_core.event_handler.log_command:Invoking command in '/home/whaly/isaac_ws/Isaacsim_ros2_ws/build/h1_msgs': CMAKE_PREFIX_PATH=${CMAKE_PREFIX_PATH}:/home/whaly/isaac_ws/Isaacsim_ros2_ws/install/test_pkg:/home/whaly/isaac_ws/Isaacsim_ros2_ws/install/isaac_tutorials:/home/whaly/isaac_ws/Isaacsim_ros2_ws/install/h1_pkg:/home/whaly/isaac_ws/Isaacsim_ros2_ws/install/ackermann_control:/home/whaly/whaly_ws/install/whaly_pkg:/opt/ros/humble CONDA_PROMPT_MODIFIER=(base) /usr/bin/cmake --install /home/whaly/isaac_ws/Isaacsim_ros2_ws/build/h1_msgs
[2.789s] DEBUG:colcon.colcon_core.event_handler.log_command:Invoked command in '/home/whaly/isaac_ws/Isaacsim_ros2_ws/build/custom_interface' returned '0': CMAKE_PREFIX_PATH=${CMAKE_PREFIX_PATH}:/home/whaly/isaac_ws/Isaacsim_ros2_ws/install/test_pkg:/home/whaly/isaac_ws/Isaacsim_ros2_ws/install/isaac_tutorials:/home/whaly/isaac_ws/Isaacsim_ros2_ws/install/h1_pkg:/home/whaly/isaac_ws/Isaacsim_ros2_ws/install/ackermann_control:/home/whaly/whaly_ws/install/whaly_pkg:/opt/ros/humble CONDA_PROMPT_MODIFIER=(base) /usr/bin/cmake --build /home/whaly/isaac_ws/Isaacsim_ros2_ws/build/custom_interface -- -j16 -l16
[2.790s] DEBUG:colcon.colcon_core.event_handler.log_command:Invoking command in '/home/whaly/isaac_ws/Isaacsim_ros2_ws/build/custom_interface': CMAKE_PREFIX_PATH=${CMAKE_PREFIX_PATH}:/home/whaly/isaac_ws/Isaacsim_ros2_ws/install/test_pkg:/home/whaly/isaac_ws/Isaacsim_ros2_ws/install/isaac_tutorials:/home/whaly/isaac_ws/Isaacsim_ros2_ws/install/h1_pkg:/home/whaly/isaac_ws/Isaacsim_ros2_ws/install/ackermann_control:/home/whaly/whaly_ws/install/whaly_pkg:/opt/ros/humble CONDA_PROMPT_MODIFIER=(base) /usr/bin/cmake --install /home/whaly/isaac_ws/Isaacsim_ros2_ws/build/custom_interface
[2.917s] Level 1:colcon.colcon_core.environment:create_environment_scripts_only(h1_msgs)
[2.918s] Level 1:colcon.colcon_core.environment:checking '/home/whaly/isaac_ws/Isaacsim_ros2_ws/install/h1_msgs' for CMake module files
[2.918s] DEBUG:colcon.colcon_core.event_handler.log_command:Invoked command in '/home/whaly/isaac_ws/Isaacsim_ros2_ws/build/h1_msgs' returned '0': CMAKE_PREFIX_PATH=${CMAKE_PREFIX_PATH}:/home/whaly/isaac_ws/Isaacsim_ros2_ws/install/test_pkg:/home/whaly/isaac_ws/Isaacsim_ros2_ws/install/isaac_tutorials:/home/whaly/isaac_ws/Isaacsim_ros2_ws/install/h1_pkg:/home/whaly/isaac_ws/Isaacsim_ros2_ws/install/ackermann_control:/home/whaly/whaly_ws/install/whaly_pkg:/opt/ros/humble CONDA_PROMPT_MODIFIER=(base) /usr/bin/cmake --install /home/whaly/isaac_ws/Isaacsim_ros2_ws/build/h1_msgs
[2.919s] Level 1:colcon.colcon_core.environment:checking '/home/whaly/isaac_ws/Isaacsim_ros2_ws/install/h1_msgs' for CMake config files
[2.919s] Level 1:colcon.colcon_core.shell:create_environment_hook('h1_msgs', 'cmake_prefix_path')
[2.919s] INFO:colcon.colcon_core.shell:Creating environment hook '/home/whaly/isaac_ws/Isaacsim_ros2_ws/install/h1_msgs/share/h1_msgs/hook/cmake_prefix_path.ps1'
[2.919s] INFO:colcon.colcon_core.shell:Creating environment descriptor '/home/whaly/isaac_ws/Isaacsim_ros2_ws/install/h1_msgs/share/h1_msgs/hook/cmake_prefix_path.dsv'
[2.920s] INFO:colcon.colcon_core.shell:Creating environment hook '/home/whaly/isaac_ws/Isaacsim_ros2_ws/install/h1_msgs/share/h1_msgs/hook/cmake_prefix_path.sh'
[2.920s] Level 1:colcon.colcon_core.environment:checking '/home/whaly/isaac_ws/Isaacsim_ros2_ws/install/h1_msgs/lib'
[2.920s] Level 1:colcon.colcon_core.shell:create_environment_hook('h1_msgs', 'ld_library_path_lib')
[2.920s] INFO:colcon.colcon_core.shell:Creating environment hook '/home/whaly/isaac_ws/Isaacsim_ros2_ws/install/h1_msgs/share/h1_msgs/hook/ld_library_path_lib.ps1'
[2.920s] INFO:colcon.colcon_core.shell:Creating environment descriptor '/home/whaly/isaac_ws/Isaacsim_ros2_ws/install/h1_msgs/share/h1_msgs/hook/ld_library_path_lib.dsv'
[2.921s] INFO:colcon.colcon_core.shell:Creating environment hook '/home/whaly/isaac_ws/Isaacsim_ros2_ws/install/h1_msgs/share/h1_msgs/hook/ld_library_path_lib.sh'
[2.921s] Level 1:colcon.colcon_core.environment:checking '/home/whaly/isaac_ws/Isaacsim_ros2_ws/install/h1_msgs/bin'
[2.921s] Level 1:colcon.colcon_core.environment:checking '/home/whaly/isaac_ws/Isaacsim_ros2_ws/install/h1_msgs/lib/pkgconfig/h1_msgs.pc'
[2.921s] Level 1:colcon.colcon_core.environment:checking '/home/whaly/isaac_ws/Isaacsim_ros2_ws/install/h1_msgs/lib/python3.10/site-packages'
[2.921s] Level 1:colcon.colcon_core.environment:checking '/home/whaly/isaac_ws/Isaacsim_ros2_ws/install/h1_msgs/bin'
[2.921s] INFO:colcon.colcon_core.shell:Creating package script '/home/whaly/isaac_ws/Isaacsim_ros2_ws/install/h1_msgs/share/h1_msgs/package.ps1'
[2.922s] INFO:colcon.colcon_core.shell:Creating package descriptor '/home/whaly/isaac_ws/Isaacsim_ros2_ws/install/h1_msgs/share/h1_msgs/package.dsv'
[2.922s] INFO:colcon.colcon_core.shell:Creating package script '/home/whaly/isaac_ws/Isaacsim_ros2_ws/install/h1_msgs/share/h1_msgs/package.sh'
[2.922s] INFO:colcon.colcon_core.shell:Creating package script '/home/whaly/isaac_ws/Isaacsim_ros2_ws/install/h1_msgs/share/h1_msgs/package.bash'
[2.923s] INFO:colcon.colcon_core.shell:Creating package script '/home/whaly/isaac_ws/Isaacsim_ros2_ws/install/h1_msgs/share/h1_msgs/package.zsh'
[2.923s] Level 1:colcon.colcon_core.environment:create_file_with_runtime_dependencies(/home/whaly/isaac_ws/Isaacsim_ros2_ws/install/h1_msgs/share/colcon-core/packages/h1_msgs)
[2.923s] Level 1:colcon.colcon_core.environment:create_environment_scripts_only(h1_msgs)
[2.924s] Level 1:colcon.colcon_core.environment:checking '/home/whaly/isaac_ws/Isaacsim_ros2_ws/install/h1_msgs' for CMake module files
[2.924s] Level 1:colcon.colcon_core.environment:checking '/home/whaly/isaac_ws/Isaacsim_ros2_ws/install/h1_msgs' for CMake config files
[2.925s] Level 1:colcon.colcon_core.shell:create_environment_hook('h1_msgs', 'cmake_prefix_path')
[2.925s] INFO:colcon.colcon_core.shell:Creating environment hook '/home/whaly/isaac_ws/Isaacsim_ros2_ws/install/h1_msgs/share/h1_msgs/hook/cmake_prefix_path.ps1'
[2.925s] INFO:colcon.colcon_core.shell:Creating environment descriptor '/home/whaly/isaac_ws/Isaacsim_ros2_ws/install/h1_msgs/share/h1_msgs/hook/cmake_prefix_path.dsv'
[2.925s] INFO:colcon.colcon_core.shell:Creating environment hook '/home/whaly/isaac_ws/Isaacsim_ros2_ws/install/h1_msgs/share/h1_msgs/hook/cmake_prefix_path.sh'
[2.925s] Level 1:colcon.colcon_core.environment:checking '/home/whaly/isaac_ws/Isaacsim_ros2_ws/install/h1_msgs/lib'
[2.925s] Level 1:colcon.colcon_core.shell:create_environment_hook('h1_msgs', 'ld_library_path_lib')
[2.926s] INFO:colcon.colcon_core.shell:Creating environment hook '/home/whaly/isaac_ws/Isaacsim_ros2_ws/install/h1_msgs/share/h1_msgs/hook/ld_library_path_lib.ps1'
[2.926s] INFO:colcon.colcon_core.shell:Creating environment descriptor '/home/whaly/isaac_ws/Isaacsim_ros2_ws/install/h1_msgs/share/h1_msgs/hook/ld_library_path_lib.dsv'
[2.926s] INFO:colcon.colcon_core.shell:Creating environment hook '/home/whaly/isaac_ws/Isaacsim_ros2_ws/install/h1_msgs/share/h1_msgs/hook/ld_library_path_lib.sh'
[2.927s] Level 1:colcon.colcon_core.environment:checking '/home/whaly/isaac_ws/Isaacsim_ros2_ws/install/h1_msgs/bin'
[2.927s] Level 1:colcon.colcon_core.environment:checking '/home/whaly/isaac_ws/Isaacsim_ros2_ws/install/h1_msgs/lib/pkgconfig/h1_msgs.pc'
[2.927s] Level 1:colcon.colcon_core.environment:checking '/home/whaly/isaac_ws/Isaacsim_ros2_ws/install/h1_msgs/lib/python3.10/site-packages'
[2.927s] Level 1:colcon.colcon_core.environment:checking '/home/whaly/isaac_ws/Isaacsim_ros2_ws/install/h1_msgs/bin'
[2.927s] INFO:colcon.colcon_core.shell:Creating package script '/home/whaly/isaac_ws/Isaacsim_ros2_ws/install/h1_msgs/share/h1_msgs/package.ps1'
[2.929s] INFO:colcon.colcon_core.shell:Creating package descriptor '/home/whaly/isaac_ws/Isaacsim_ros2_ws/install/h1_msgs/share/h1_msgs/package.dsv'
[2.930s] INFO:colcon.colcon_core.shell:Creating package script '/home/whaly/isaac_ws/Isaacsim_ros2_ws/install/h1_msgs/share/h1_msgs/package.sh'
[2.930s] INFO:colcon.colcon_core.shell:Creating package script '/home/whaly/isaac_ws/Isaacsim_ros2_ws/install/h1_msgs/share/h1_msgs/package.bash'
[2.930s] INFO:colcon.colcon_core.shell:Creating package script '/home/whaly/isaac_ws/Isaacsim_ros2_ws/install/h1_msgs/share/h1_msgs/package.zsh'
[2.931s] Level 1:colcon.colcon_core.environment:create_file_with_runtime_dependencies(/home/whaly/isaac_ws/Isaacsim_ros2_ws/install/h1_msgs/share/colcon-core/packages/h1_msgs)
[2.931s] INFO:colcon.colcon_ros.task.ament_python.build:Building ROS package in '/home/whaly/isaac_ws/Isaacsim_ros2_ws/src/h1_pkg' with build type 'ament_python'
[2.931s] Level 1:colcon.colcon_core.shell:create_environment_hook('h1_pkg', 'ament_prefix_path')
[2.931s] INFO:colcon.colcon_core.shell:Creating environment hook '/home/whaly/isaac_ws/Isaacsim_ros2_ws/install/h1_pkg/share/h1_pkg/hook/ament_prefix_path.ps1'
[2.931s] INFO:colcon.colcon_core.shell:Creating environment descriptor '/home/whaly/isaac_ws/Isaacsim_ros2_ws/install/h1_pkg/share/h1_pkg/hook/ament_prefix_path.dsv'
[2.932s] INFO:colcon.colcon_core.shell:Creating environment hook '/home/whaly/isaac_ws/Isaacsim_ros2_ws/install/h1_pkg/share/h1_pkg/hook/ament_prefix_path.sh'
[2.932s] INFO:colcon.colcon_core.shell:Skip shell extension 'powershell' for command environment: Not usable outside of PowerShell
[2.932s] DEBUG:colcon.colcon_core.shell:Skip shell extension 'dsv' for command environment
[2.934s] INFO:colcon.colcon_ros.task.ament_python.build:Building ROS package in '/home/whaly/isaac_ws/Isaacsim_ros2_ws/src/test_pkg' with build type 'ament_python'
[2.934s] Level 1:colcon.colcon_core.shell:create_environment_hook('test_pkg', 'ament_prefix_path')
[2.935s] INFO:colcon.colcon_core.shell:Creating environment hook '/home/whaly/isaac_ws/Isaacsim_ros2_ws/install/test_pkg/share/test_pkg/hook/ament_prefix_path.ps1'
[2.935s] INFO:colcon.colcon_core.shell:Creating environment descriptor '/home/whaly/isaac_ws/Isaacsim_ros2_ws/install/test_pkg/share/test_pkg/hook/ament_prefix_path.dsv'
[2.935s] INFO:colcon.colcon_core.shell:Creating environment hook '/home/whaly/isaac_ws/Isaacsim_ros2_ws/install/test_pkg/share/test_pkg/hook/ament_prefix_path.sh'
[2.936s] INFO:colcon.colcon_core.shell:Skip shell extension 'powershell' for command environment: Not usable outside of PowerShell
[2.936s] DEBUG:colcon.colcon_core.shell:Skip shell extension 'dsv' for command environment
[3.110s] INFO:colcon.colcon_core.task.python.build:Building Python package in '/home/whaly/isaac_ws/Isaacsim_ros2_ws/src/h1_pkg'
[3.110s] INFO:colcon.colcon_core.shell:Skip shell extension 'powershell' for command environment: Not usable outside of PowerShell
[3.110s] DEBUG:colcon.colcon_core.shell:Skip shell extension 'dsv' for command environment
[3.286s] INFO:colcon.colcon_core.task.python.build:Building Python package in '/home/whaly/isaac_ws/Isaacsim_ros2_ws/src/test_pkg'
[3.286s] INFO:colcon.colcon_core.shell:Skip shell extension 'powershell' for command environment: Not usable outside of PowerShell
[3.286s] DEBUG:colcon.colcon_core.shell:Skip shell extension 'dsv' for command environment
[3.290s] Level 1:colcon.colcon_core.environment:create_environment_scripts_only(custom_interface)
[3.290s] Level 1:colcon.colcon_core.environment:checking '/home/whaly/isaac_ws/Isaacsim_ros2_ws/install/custom_interface' for CMake module files
[3.291s] DEBUG:colcon.colcon_core.event_handler.log_command:Invoked command in '/home/whaly/isaac_ws/Isaacsim_ros2_ws/build/custom_interface' returned '0': CMAKE_PREFIX_PATH=${CMAKE_PREFIX_PATH}:/home/whaly/isaac_ws/Isaacsim_ros2_ws/install/test_pkg:/home/whaly/isaac_ws/Isaacsim_ros2_ws/install/isaac_tutorials:/home/whaly/isaac_ws/Isaacsim_ros2_ws/install/h1_pkg:/home/whaly/isaac_ws/Isaacsim_ros2_ws/install/ackermann_control:/home/whaly/whaly_ws/install/whaly_pkg:/opt/ros/humble CONDA_PROMPT_MODIFIER=(base) /usr/bin/cmake --install /home/whaly/isaac_ws/Isaacsim_ros2_ws/build/custom_interface
[3.291s] Level 1:colcon.colcon_core.environment:checking '/home/whaly/isaac_ws/Isaacsim_ros2_ws/install/custom_interface' for CMake config files
[3.291s] Level 1:colcon.colcon_core.shell:create_environment_hook('custom_interface', 'cmake_prefix_path')
[3.292s] INFO:colcon.colcon_core.shell:Creating environment hook '/home/whaly/isaac_ws/Isaacsim_ros2_ws/install/custom_interface/share/custom_interface/hook/cmake_prefix_path.ps1'
[3.292s] INFO:colcon.colcon_core.shell:Creating environment descriptor '/home/whaly/isaac_ws/Isaacsim_ros2_ws/install/custom_interface/share/custom_interface/hook/cmake_prefix_path.dsv'
[3.292s] INFO:colcon.colcon_core.shell:Creating environment hook '/home/whaly/isaac_ws/Isaacsim_ros2_ws/install/custom_interface/share/custom_interface/hook/cmake_prefix_path.sh'
[3.292s] Level 1:colcon.colcon_core.environment:checking '/home/whaly/isaac_ws/Isaacsim_ros2_ws/install/custom_interface/lib'
[3.293s] Level 1:colcon.colcon_core.shell:create_environment_hook('custom_interface', 'ld_library_path_lib')
[3.293s] INFO:colcon.colcon_core.shell:Creating environment hook '/home/whaly/isaac_ws/Isaacsim_ros2_ws/install/custom_interface/share/custom_interface/hook/ld_library_path_lib.ps1'
[3.293s] INFO:colcon.colcon_core.shell:Creating environment descriptor '/home/whaly/isaac_ws/Isaacsim_ros2_ws/install/custom_interface/share/custom_interface/hook/ld_library_path_lib.dsv'
[3.293s] INFO:colcon.colcon_core.shell:Creating environment hook '/home/whaly/isaac_ws/Isaacsim_ros2_ws/install/custom_interface/share/custom_interface/hook/ld_library_path_lib.sh'
[3.293s] Level 1:colcon.colcon_core.environment:checking '/home/whaly/isaac_ws/Isaacsim_ros2_ws/install/custom_interface/bin'
[3.293s] Level 1:colcon.colcon_core.environment:checking '/home/whaly/isaac_ws/Isaacsim_ros2_ws/install/custom_interface/lib/pkgconfig/custom_interface.pc'
[3.294s] Level 1:colcon.colcon_core.environment:checking '/home/whaly/isaac_ws/Isaacsim_ros2_ws/install/custom_interface/lib/python3.10/site-packages'
[3.294s] Level 1:colcon.colcon_core.environment:checking '/home/whaly/isaac_ws/Isaacsim_ros2_ws/install/custom_interface/bin'
[3.294s] INFO:colcon.colcon_core.shell:Creating package script '/home/whaly/isaac_ws/Isaacsim_ros2_ws/install/custom_interface/share/custom_interface/package.ps1'
[3.294s] INFO:colcon.colcon_core.shell:Creating package descriptor '/home/whaly/isaac_ws/Isaacsim_ros2_ws/install/custom_interface/share/custom_interface/package.dsv'
[3.294s] INFO:colcon.colcon_core.shell:Creating package script '/home/whaly/isaac_ws/Isaacsim_ros2_ws/install/custom_interface/share/custom_interface/package.sh'
[3.295s] INFO:colcon.colcon_core.shell:Creating package script '/home/whaly/isaac_ws/Isaacsim_ros2_ws/install/custom_interface/share/custom_interface/package.bash'
[3.295s] INFO:colcon.colcon_core.shell:Creating package script '/home/whaly/isaac_ws/Isaacsim_ros2_ws/install/custom_interface/share/custom_interface/package.zsh'
[3.295s] Level 1:colcon.colcon_core.environment:create_file_with_runtime_dependencies(/home/whaly/isaac_ws/Isaacsim_ros2_ws/install/custom_interface/share/colcon-core/packages/custom_interface)
[3.295s] Level 1:colcon.colcon_core.environment:create_environment_scripts_only(custom_interface)
[3.296s] Level 1:colcon.colcon_core.environment:checking '/home/whaly/isaac_ws/Isaacsim_ros2_ws/install/custom_interface' for CMake module files
[3.296s] Level 1:colcon.colcon_core.environment:checking '/home/whaly/isaac_ws/Isaacsim_ros2_ws/install/custom_interface' for CMake config files
[3.296s] Level 1:colcon.colcon_core.shell:create_environment_hook('custom_interface', 'cmake_prefix_path')
[3.297s] INFO:colcon.colcon_core.shell:Creating environment hook '/home/whaly/isaac_ws/Isaacsim_ros2_ws/install/custom_interface/share/custom_interface/hook/cmake_prefix_path.ps1'
[3.297s] INFO:colcon.colcon_core.shell:Creating environment descriptor '/home/whaly/isaac_ws/Isaacsim_ros2_ws/install/custom_interface/share/custom_interface/hook/cmake_prefix_path.dsv'
[3.297s] INFO:colcon.colcon_core.shell:Creating environment hook '/home/whaly/isaac_ws/Isaacsim_ros2_ws/install/custom_interface/share/custom_interface/hook/cmake_prefix_path.sh'
[3.297s] Level 1:colcon.colcon_core.environment:checking '/home/whaly/isaac_ws/Isaacsim_ros2_ws/install/custom_interface/lib'
[3.297s] Level 1:colcon.colcon_core.shell:create_environment_hook('custom_interface', 'ld_library_path_lib')
[3.297s] INFO:colcon.colcon_core.shell:Creating environment hook '/home/whaly/isaac_ws/Isaacsim_ros2_ws/install/custom_interface/share/custom_interface/hook/ld_library_path_lib.ps1'
[3.298s] INFO:colcon.colcon_core.shell:Creating environment descriptor '/home/whaly/isaac_ws/Isaacsim_ros2_ws/install/custom_interface/share/custom_interface/hook/ld_library_path_lib.dsv'
[3.298s] INFO:colcon.colcon_core.shell:Creating environment hook '/home/whaly/isaac_ws/Isaacsim_ros2_ws/install/custom_interface/share/custom_interface/hook/ld_library_path_lib.sh'
[3.298s] Level 1:colcon.colcon_core.environment:checking '/home/whaly/isaac_ws/Isaacsim_ros2_ws/install/custom_interface/bin'
[3.298s] Level 1:colcon.colcon_core.environment:checking '/home/whaly/isaac_ws/Isaacsim_ros2_ws/install/custom_interface/lib/pkgconfig/custom_interface.pc'
[3.298s] Level 1:colcon.colcon_core.environment:checking '/home/whaly/isaac_ws/Isaacsim_ros2_ws/install/custom_interface/lib/python3.10/site-packages'
[3.299s] Level 1:colcon.colcon_core.environment:checking '/home/whaly/isaac_ws/Isaacsim_ros2_ws/install/custom_interface/bin'
[3.299s] INFO:colcon.colcon_core.shell:Creating package script '/home/whaly/isaac_ws/Isaacsim_ros2_ws/install/custom_interface/share/custom_interface/package.ps1'
[3.299s] INFO:colcon.colcon_core.shell:Creating package descriptor '/home/whaly/isaac_ws/Isaacsim_ros2_ws/install/custom_interface/share/custom_interface/package.dsv'
[3.299s] INFO:colcon.colcon_core.shell:Creating package script '/home/whaly/isaac_ws/Isaacsim_ros2_ws/install/custom_interface/share/custom_interface/package.sh'
[3.300s] INFO:colcon.colcon_core.shell:Creating package script '/home/whaly/isaac_ws/Isaacsim_ros2_ws/install/custom_interface/share/custom_interface/package.bash'
[3.300s] INFO:colcon.colcon_core.shell:Creating package script '/home/whaly/isaac_ws/Isaacsim_ros2_ws/install/custom_interface/share/custom_interface/package.zsh'
[3.300s] Level 1:colcon.colcon_core.environment:create_file_with_runtime_dependencies(/home/whaly/isaac_ws/Isaacsim_ros2_ws/install/custom_interface/share/colcon-core/packages/custom_interface)
[3.517s] DEBUG:colcon.colcon_core.event_handler.log_command:Invoking command in '/home/whaly/isaac_ws/Isaacsim_ros2_ws/build/h1_pkg': CONDA_PROMPT_MODIFIER=(base) PYTHONPATH=/home/whaly/isaac_ws/Isaacsim_ros2_ws/build/h1_pkg/prefix_override:/usr/lib/python3/dist-packages/colcon_core/task/python/colcon_distutils_commands:/home/whaly/isaac_ws/Isaacsim_ros2_ws/install/h1_pkg/lib/python3.10/site-packages:${PYTHONPATH} /usr/bin/python3 -W ignore:setup.py install is deprecated -W ignore:easy_install command is deprecated setup.py develop --editable --build-directory /home/whaly/isaac_ws/Isaacsim_ros2_ws/build/h1_pkg/build --no-deps symlink_data
[3.527s] DEBUG:colcon.colcon_core.event_handler.log_command:Invoking command in '/home/whaly/isaac_ws/Isaacsim_ros2_ws/build/test_pkg': CONDA_PROMPT_MODIFIER=(base) PYTHONPATH=/home/whaly/isaac_ws/Isaacsim_ros2_ws/build/test_pkg/prefix_override:/usr/lib/python3/dist-packages/colcon_core/task/python/colcon_distutils_commands:/home/whaly/isaac_ws/Isaacsim_ros2_ws/install/test_pkg/lib/python3.10/site-packages:${PYTHONPATH} /usr/bin/python3 -W ignore:setup.py install is deprecated -W ignore:easy_install command is deprecated setup.py develop --editable --build-directory /home/whaly/isaac_ws/Isaacsim_ros2_ws/build/test_pkg/build --no-deps symlink_data
[3.820s] Level 1:colcon.colcon_core.shell:create_environment_hook('test_pkg', 'pythonpath_develop')
[3.820s] INFO:colcon.colcon_core.shell:Creating environment hook '/home/whaly/isaac_ws/Isaacsim_ros2_ws/build/test_pkg/share/test_pkg/hook/pythonpath_develop.ps1'
[3.820s] DEBUG:colcon.colcon_core.event_handler.log_command:Invoked command in '/home/whaly/isaac_ws/Isaacsim_ros2_ws/build/test_pkg' returned '0': CONDA_PROMPT_MODIFIER=(base) PYTHONPATH=/home/whaly/isaac_ws/Isaacsim_ros2_ws/build/test_pkg/prefix_override:/usr/lib/python3/dist-packages/colcon_core/task/python/colcon_distutils_commands:/home/whaly/isaac_ws/Isaacsim_ros2_ws/install/test_pkg/lib/python3.10/site-packages:${PYTHONPATH} /usr/bin/python3 -W ignore:setup.py install is deprecated -W ignore:easy_install command is deprecated setup.py develop --editable --build-directory /home/whaly/isaac_ws/Isaacsim_ros2_ws/build/test_pkg/build --no-deps symlink_data
[3.821s] INFO:colcon.colcon_core.shell:Creating environment descriptor '/home/whaly/isaac_ws/Isaacsim_ros2_ws/build/test_pkg/share/test_pkg/hook/pythonpath_develop.dsv'
[3.821s] INFO:colcon.colcon_core.shell:Creating environment hook '/home/whaly/isaac_ws/Isaacsim_ros2_ws/build/test_pkg/share/test_pkg/hook/pythonpath_develop.sh'
[3.821s] Level 1:colcon.colcon_core.environment:checking '/home/whaly/isaac_ws/Isaacsim_ros2_ws/install/test_pkg' for CMake module files
[3.822s] Level 1:colcon.colcon_core.environment:checking '/home/whaly/isaac_ws/Isaacsim_ros2_ws/install/test_pkg' for CMake config files
[3.822s] Level 1:colcon.colcon_core.environment:checking '/home/whaly/isaac_ws/Isaacsim_ros2_ws/install/test_pkg/lib'
[3.822s] Level 1:colcon.colcon_core.environment:checking '/home/whaly/isaac_ws/Isaacsim_ros2_ws/install/test_pkg/bin'
[3.822s] Level 1:colcon.colcon_core.environment:checking '/home/whaly/isaac_ws/Isaacsim_ros2_ws/install/test_pkg/lib/pkgconfig/test_pkg.pc'
[3.822s] Level 1:colcon.colcon_core.environment:checking '/home/whaly/isaac_ws/Isaacsim_ros2_ws/install/test_pkg/lib/python3.10/site-packages'
[3.822s] Level 1:colcon.colcon_core.shell:create_environment_hook('test_pkg', 'pythonpath')
[3.822s] INFO:colcon.colcon_core.shell:Creating environment hook '/home/whaly/isaac_ws/Isaacsim_ros2_ws/install/test_pkg/share/test_pkg/hook/pythonpath.ps1'
[3.822s] INFO:colcon.colcon_core.shell:Creating environment descriptor '/home/whaly/isaac_ws/Isaacsim_ros2_ws/install/test_pkg/share/test_pkg/hook/pythonpath.dsv'
[3.823s] INFO:colcon.colcon_core.shell:Creating environment hook '/home/whaly/isaac_ws/Isaacsim_ros2_ws/install/test_pkg/share/test_pkg/hook/pythonpath.sh'
[3.823s] Level 1:colcon.colcon_core.environment:checking '/home/whaly/isaac_ws/Isaacsim_ros2_ws/install/test_pkg/bin'
[3.823s] Level 1:colcon.colcon_core.environment:create_environment_scripts_only(test_pkg)
[3.823s] INFO:colcon.colcon_core.shell:Creating package script '/home/whaly/isaac_ws/Isaacsim_ros2_ws/install/test_pkg/share/test_pkg/package.ps1'
[3.823s] INFO:colcon.colcon_core.shell:Creating package descriptor '/home/whaly/isaac_ws/Isaacsim_ros2_ws/install/test_pkg/share/test_pkg/package.dsv'
[3.824s] INFO:colcon.colcon_core.shell:Creating package script '/home/whaly/isaac_ws/Isaacsim_ros2_ws/install/test_pkg/share/test_pkg/package.sh'
[3.824s] INFO:colcon.colcon_core.shell:Creating package script '/home/whaly/isaac_ws/Isaacsim_ros2_ws/install/test_pkg/share/test_pkg/package.bash'
[3.824s] INFO:colcon.colcon_core.shell:Creating package script '/home/whaly/isaac_ws/Isaacsim_ros2_ws/install/test_pkg/share/test_pkg/package.zsh'
[3.824s] Level 1:colcon.colcon_core.environment:create_file_with_runtime_dependencies(/home/whaly/isaac_ws/Isaacsim_ros2_ws/install/test_pkg/share/colcon-core/packages/test_pkg)
[3.827s] Level 1:colcon.colcon_core.shell:create_environment_hook('h1_pkg', 'pythonpath_develop')
[3.827s] INFO:colcon.colcon_core.shell:Creating environment hook '/home/whaly/isaac_ws/Isaacsim_ros2_ws/build/h1_pkg/share/h1_pkg/hook/pythonpath_develop.ps1'
[3.827s] DEBUG:colcon.colcon_core.event_handler.log_command:Invoked command in '/home/whaly/isaac_ws/Isaacsim_ros2_ws/build/h1_pkg' returned '0': CONDA_PROMPT_MODIFIER=(base) PYTHONPATH=/home/whaly/isaac_ws/Isaacsim_ros2_ws/build/h1_pkg/prefix_override:/usr/lib/python3/dist-packages/colcon_core/task/python/colcon_distutils_commands:/home/whaly/isaac_ws/Isaacsim_ros2_ws/install/h1_pkg/lib/python3.10/site-packages:${PYTHONPATH} /usr/bin/python3 -W ignore:setup.py install is deprecated -W ignore:easy_install command is deprecated setup.py develop --editable --build-directory /home/whaly/isaac_ws/Isaacsim_ros2_ws/build/h1_pkg/build --no-deps symlink_data
[3.828s] INFO:colcon.colcon_core.shell:Creating environment descriptor '/home/whaly/isaac_ws/Isaacsim_ros2_ws/build/h1_pkg/share/h1_pkg/hook/pythonpath_develop.dsv'
[3.828s] INFO:colcon.colcon_core.shell:Creating environment hook '/home/whaly/isaac_ws/Isaacsim_ros2_ws/build/h1_pkg/share/h1_pkg/hook/pythonpath_develop.sh'
[3.828s] Level 1:colcon.colcon_core.environment:checking '/home/whaly/isaac_ws/Isaacsim_ros2_ws/install/h1_pkg' for CMake module files
[3.828s] Level 1:colcon.colcon_core.environment:checking '/home/whaly/isaac_ws/Isaacsim_ros2_ws/install/h1_pkg' for CMake config files
[3.829s] Level 1:colcon.colcon_core.environment:checking '/home/whaly/isaac_ws/Isaacsim_ros2_ws/install/h1_pkg/lib'
[3.829s] Level 1:colcon.colcon_core.environment:checking '/home/whaly/isaac_ws/Isaacsim_ros2_ws/install/h1_pkg/bin'
[3.829s] Level 1:colcon.colcon_core.environment:checking '/home/whaly/isaac_ws/Isaacsim_ros2_ws/install/h1_pkg/lib/pkgconfig/h1_pkg.pc'
[3.829s] Level 1:colcon.colcon_core.environment:checking '/home/whaly/isaac_ws/Isaacsim_ros2_ws/install/h1_pkg/lib/python3.10/site-packages'
[3.829s] Level 1:colcon.colcon_core.shell:create_environment_hook('h1_pkg', 'pythonpath')
[3.829s] INFO:colcon.colcon_core.shell:Creating environment hook '/home/whaly/isaac_ws/Isaacsim_ros2_ws/install/h1_pkg/share/h1_pkg/hook/pythonpath.ps1'
[3.829s] INFO:colcon.colcon_core.shell:Creating environment descriptor '/home/whaly/isaac_ws/Isaacsim_ros2_ws/install/h1_pkg/share/h1_pkg/hook/pythonpath.dsv'
[3.829s] INFO:colcon.colcon_core.shell:Creating environment hook '/home/whaly/isaac_ws/Isaacsim_ros2_ws/install/h1_pkg/share/h1_pkg/hook/pythonpath.sh'
[3.830s] Level 1:colcon.colcon_core.environment:checking '/home/whaly/isaac_ws/Isaacsim_ros2_ws/install/h1_pkg/bin'
[3.830s] Level 1:colcon.colcon_core.environment:create_environment_scripts_only(h1_pkg)
[3.830s] INFO:colcon.colcon_core.shell:Creating package script '/home/whaly/isaac_ws/Isaacsim_ros2_ws/install/h1_pkg/share/h1_pkg/package.ps1'
[3.830s] INFO:colcon.colcon_core.shell:Creating package descriptor '/home/whaly/isaac_ws/Isaacsim_ros2_ws/install/h1_pkg/share/h1_pkg/package.dsv'
[3.831s] INFO:colcon.colcon_core.shell:Creating package script '/home/whaly/isaac_ws/Isaacsim_ros2_ws/install/h1_pkg/share/h1_pkg/package.sh'
[3.831s] INFO:colcon.colcon_core.shell:Creating package script '/home/whaly/isaac_ws/Isaacsim_ros2_ws/install/h1_pkg/share/h1_pkg/package.bash'
[3.831s] INFO:colcon.colcon_core.shell:Creating package script '/home/whaly/isaac_ws/Isaacsim_ros2_ws/install/h1_pkg/share/h1_pkg/package.zsh'
[3.831s] Level 1:colcon.colcon_core.environment:create_file_with_runtime_dependencies(/home/whaly/isaac_ws/Isaacsim_ros2_ws/install/h1_pkg/share/colcon-core/packages/h1_pkg)
[3.831s] DEBUG:colcon.colcon_parallel_executor.executor.parallel:closing loop
[3.831s] DEBUG:colcon.colcon_parallel_executor.executor.parallel:loop closed
[3.832s] DEBUG:colcon.colcon_parallel_executor.executor.parallel:run_until_complete finished with '0'
[3.832s] DEBUG:colcon.colcon_core.event_reactor:joining thread
[3.835s] INFO:colcon.colcon_core.plugin_system:Skipping extension 'colcon_notification.desktop_notification.terminal_notifier': Not used on non-Darwin systems
[3.835s] INFO:colcon.colcon_core.plugin_system:Skipping extension 'colcon_notification.desktop_notification.win32': Not used on non-Windows systems
[3.835s] INFO:colcon.colcon_notification.desktop_notification:Sending desktop notification using 'notify2'
[3.842s] DEBUG:colcon.colcon_core.event_reactor:joined thread
[3.842s] INFO:colcon.colcon_core.shell:Creating prefix script '/home/whaly/isaac_ws/Isaacsim_ros2_ws/install/local_setup.ps1'
[3.843s] INFO:colcon.colcon_core.shell:Creating prefix util module '/home/whaly/isaac_ws/Isaacsim_ros2_ws/install/_local_setup_util_ps1.py'
[3.844s] INFO:colcon.colcon_core.shell:Creating prefix chain script '/home/whaly/isaac_ws/Isaacsim_ros2_ws/install/setup.ps1'
[3.844s] INFO:colcon.colcon_core.shell:Creating prefix script '/home/whaly/isaac_ws/Isaacsim_ros2_ws/install/local_setup.sh'
[3.845s] INFO:colcon.colcon_core.shell:Creating prefix util module '/home/whaly/isaac_ws/Isaacsim_ros2_ws/install/_local_setup_util_sh.py'
[3.845s] INFO:colcon.colcon_core.shell:Creating prefix chain script '/home/whaly/isaac_ws/Isaacsim_ros2_ws/install/setup.sh'
[3.846s] INFO:colcon.colcon_core.shell:Creating prefix script '/home/whaly/isaac_ws/Isaacsim_ros2_ws/install/local_setup.bash'
[3.846s] INFO:colcon.colcon_core.shell:Creating prefix chain script '/home/whaly/isaac_ws/Isaacsim_ros2_ws/install/setup.bash'
[3.847s] INFO:colcon.colcon_core.shell:Creating prefix script '/home/whaly/isaac_ws/Isaacsim_ros2_ws/install/local_setup.zsh'
[3.847s] INFO:colcon.colcon_core.shell:Creating prefix chain script '/home/whaly/isaac_ws/Isaacsim_ros2_ws/install/setup.zsh'
