/home/whaly/isaac_ws/Isaacsim_ros2_ws/install/h1_pkg/lib/python3.10/site-packages/h1_pkg/proto_teleop.py
/home/whaly/isaac_ws/Isaacsim_ros2_ws/install/h1_pkg/lib/python3.10/site-packages/h1_pkg/proto_odom_cal.py
/home/whaly/isaac_ws/Isaacsim_ros2_ws/install/h1_pkg/lib/python3.10/site-packages/h1_pkg/robot_feedback_control.py
/home/whaly/isaac_ws/Isaacsim_ros2_ws/install/h1_pkg/lib/python3.10/site-packages/h1_pkg/__init__.py
/home/whaly/isaac_ws/Isaacsim_ros2_ws/install/h1_pkg/lib/python3.10/site-packages/h1_pkg/VectorSpace3D.py
/home/whaly/isaac_ws/Isaacsim_ros2_ws/install/h1_pkg/lib/python3.10/site-packages/h1_pkg/__pycache__/proto_teleop.cpython-310.pyc
/home/whaly/isaac_ws/Isaacsim_ros2_ws/install/h1_pkg/lib/python3.10/site-packages/h1_pkg/__pycache__/proto_odom_cal.cpython-310.pyc
/home/whaly/isaac_ws/Isaacsim_ros2_ws/install/h1_pkg/lib/python3.10/site-packages/h1_pkg/__pycache__/robot_feedback_control.cpython-310.pyc
/home/whaly/isaac_ws/Isaacsim_ros2_ws/install/h1_pkg/lib/python3.10/site-packages/h1_pkg/__pycache__/__init__.cpython-310.pyc
/home/whaly/isaac_ws/Isaacsim_ros2_ws/install/h1_pkg/lib/python3.10/site-packages/h1_pkg/__pycache__/VectorSpace3D.cpython-310.pyc
/home/whaly/isaac_ws/Isaacsim_ros2_ws/install/h1_pkg/share/ament_index/resource_index/packages/h1_pkg
/home/whaly/isaac_ws/Isaacsim_ros2_ws/install/h1_pkg/share/h1_pkg/package.xml
/home/whaly/isaac_ws/Isaacsim_ros2_ws/install/h1_pkg/lib/python3.10/site-packages/h1_pkg-0.0.0-py3.10.egg-info/PKG-INFO
/home/whaly/isaac_ws/Isaacsim_ros2_ws/install/h1_pkg/lib/python3.10/site-packages/h1_pkg-0.0.0-py3.10.egg-info/requires.txt
/home/whaly/isaac_ws/Isaacsim_ros2_ws/install/h1_pkg/lib/python3.10/site-packages/h1_pkg-0.0.0-py3.10.egg-info/top_level.txt
/home/whaly/isaac_ws/Isaacsim_ros2_ws/install/h1_pkg/lib/python3.10/site-packages/h1_pkg-0.0.0-py3.10.egg-info/dependency_links.txt
/home/whaly/isaac_ws/Isaacsim_ros2_ws/install/h1_pkg/lib/python3.10/site-packages/h1_pkg-0.0.0-py3.10.egg-info/zip-safe
/home/whaly/isaac_ws/Isaacsim_ros2_ws/install/h1_pkg/lib/python3.10/site-packages/h1_pkg-0.0.0-py3.10.egg-info/SOURCES.txt
/home/whaly/isaac_ws/Isaacsim_ros2_ws/install/h1_pkg/lib/python3.10/site-packages/h1_pkg-0.0.0-py3.10.egg-info/entry_points.txt
/home/whaly/isaac_ws/Isaacsim_ros2_ws/install/h1_pkg/lib/h1_pkg/proto_odom_cal
/home/whaly/isaac_ws/Isaacsim_ros2_ws/install/h1_pkg/lib/h1_pkg/proto_teleop
/home/whaly/isaac_ws/Isaacsim_ros2_ws/install/h1_pkg/lib/h1_pkg/robot_feedback_control
