[ 12%] Built target h1_msgs__cpp
[ 12%] Built target h1_msgs__rosidl_generator_c
[ 12%] Built target ament_cmake_python_symlink_h1_msgs
[ 51%] Built target h1_msgs__rosidl_typesupport_fastrtps_cpp
[ 51%] Built target h1_msgs__rosidl_typesupport_cpp
[ 51%] Built target h1_msgs__rosidl_typesupport_introspection_c
[ 51%] Built target h1_msgs__rosidl_typesupport_c
[ 61%] Built target h1_msgs__rosidl_typesupport_introspection_cpp
[ 70%] Built target h1_msgs__rosidl_typesupport_fastrtps_c
[ 70%] Built target h1_msgs
[ 74%] Built target h1_msgs__py
[ 80%] Built target h1_msgs__rosidl_generator_py
[100%] Built target h1_msgs__rosidl_typesupport_fastrtps_c__pyext
[100%] Built target h1_msgs__rosidl_typesupport_c__pyext
[100%] Built target h1_msgs__rosidl_typesupport_introspection_c__pyext
running egg_info
writing h1_msgs.egg-info/PKG-INFO
writing dependency_links to h1_msgs.egg-info/dependency_links.txt
writing top-level names to h1_msgs.egg-info/top_level.txt
reading manifest file 'h1_msgs.egg-info/SOURCES.txt'
writing manifest file 'h1_msgs.egg-info/SOURCES.txt'
[100%] Built target ament_cmake_python_build_h1_msgs_egg
-- Install configuration: ""
-- Execute custom install script
-- Up-to-date symlink: /home/whaly/isaac_ws/Isaacsim_ros2_ws/install/h1_msgs/share/ament_index/resource_index/rosidl_interfaces/h1_msgs
-- Up-to-date symlink: /home/whaly/isaac_ws/Isaacsim_ros2_ws/install/h1_msgs/include/h1_msgs/h1_msgs/msg/detail/proto_odom__functions.h
-- Up-to-date symlink: /home/whaly/isaac_ws/Isaacsim_ros2_ws/install/h1_msgs/include/h1_msgs/h1_msgs/msg/detail/proto_odom__struct.h
-- Up-to-date symlink: /home/whaly/isaac_ws/Isaacsim_ros2_ws/install/h1_msgs/include/h1_msgs/h1_msgs/msg/detail/proto_odom__type_support.h
-- Up-to-date symlink: /home/whaly/isaac_ws/Isaacsim_ros2_ws/install/h1_msgs/include/h1_msgs/h1_msgs/msg/proto_odom.h
-- Up-to-date symlink: /home/whaly/isaac_ws/Isaacsim_ros2_ws/install/h1_msgs/include/h1_msgs/h1_msgs/msg/rosidl_generator_c__visibility_control.h
-- Up-to-date symlink: /home/whaly/isaac_ws/Isaacsim_ros2_ws/install/h1_msgs/share/h1_msgs/environment/library_path.sh
-- Up-to-date symlink: /home/whaly/isaac_ws/Isaacsim_ros2_ws/install/h1_msgs/share/h1_msgs/environment/library_path.dsv
-- Up-to-date symlink: /home/whaly/isaac_ws/Isaacsim_ros2_ws/install/h1_msgs/include/h1_msgs/h1_msgs/msg/detail/proto_odom__rosidl_typesupport_fastrtps_c.h
-- Up-to-date symlink: /home/whaly/isaac_ws/Isaacsim_ros2_ws/install/h1_msgs/include/h1_msgs/h1_msgs/msg/rosidl_typesupport_fastrtps_c__visibility_control.h
-- Up-to-date symlink: /home/whaly/isaac_ws/Isaacsim_ros2_ws/install/h1_msgs/include/h1_msgs/h1_msgs/msg/detail/proto_odom__builder.hpp
-- Up-to-date symlink: /home/whaly/isaac_ws/Isaacsim_ros2_ws/install/h1_msgs/include/h1_msgs/h1_msgs/msg/detail/proto_odom__struct.hpp
-- Up-to-date symlink: /home/whaly/isaac_ws/Isaacsim_ros2_ws/install/h1_msgs/include/h1_msgs/h1_msgs/msg/detail/proto_odom__traits.hpp
-- Up-to-date symlink: /home/whaly/isaac_ws/Isaacsim_ros2_ws/install/h1_msgs/include/h1_msgs/h1_msgs/msg/detail/proto_odom__type_support.hpp
-- Up-to-date symlink: /home/whaly/isaac_ws/Isaacsim_ros2_ws/install/h1_msgs/include/h1_msgs/h1_msgs/msg/proto_odom.hpp
-- Up-to-date symlink: /home/whaly/isaac_ws/Isaacsim_ros2_ws/install/h1_msgs/include/h1_msgs/h1_msgs/msg/rosidl_generator_cpp__visibility_control.hpp
-- Up-to-date symlink: /home/whaly/isaac_ws/Isaacsim_ros2_ws/install/h1_msgs/include/h1_msgs/h1_msgs/msg/detail/proto_odom__rosidl_typesupport_fastrtps_cpp.hpp
-- Up-to-date symlink: /home/whaly/isaac_ws/Isaacsim_ros2_ws/install/h1_msgs/include/h1_msgs/h1_msgs/msg/rosidl_typesupport_fastrtps_cpp__visibility_control.h
-- Up-to-date symlink: /home/whaly/isaac_ws/Isaacsim_ros2_ws/install/h1_msgs/include/h1_msgs/h1_msgs/msg/detail/proto_odom__rosidl_typesupport_introspection_c.h
-- Up-to-date symlink: /home/whaly/isaac_ws/Isaacsim_ros2_ws/install/h1_msgs/include/h1_msgs/h1_msgs/msg/rosidl_typesupport_introspection_c__visibility_control.h
-- Up-to-date symlink: /home/whaly/isaac_ws/Isaacsim_ros2_ws/install/h1_msgs/include/h1_msgs/h1_msgs/msg/detail/proto_odom__rosidl_typesupport_introspection_cpp.hpp
-- Up-to-date symlink: /home/whaly/isaac_ws/Isaacsim_ros2_ws/install/h1_msgs/share/h1_msgs/environment/pythonpath.sh
-- Up-to-date symlink: /home/whaly/isaac_ws/Isaacsim_ros2_ws/install/h1_msgs/share/h1_msgs/environment/pythonpath.dsv
-- Up-to-date symlink: /home/whaly/isaac_ws/Isaacsim_ros2_ws/install/h1_msgs/lib/python3.13/site-packages/h1_msgs-0.0.0-py3.13.egg-info/PKG-INFO
-- Up-to-date symlink: /home/whaly/isaac_ws/Isaacsim_ros2_ws/install/h1_msgs/lib/python3.13/site-packages/h1_msgs-0.0.0-py3.13.egg-info/SOURCES.txt
-- Up-to-date symlink: /home/whaly/isaac_ws/Isaacsim_ros2_ws/install/h1_msgs/lib/python3.13/site-packages/h1_msgs-0.0.0-py3.13.egg-info/dependency_links.txt
-- Up-to-date symlink: /home/whaly/isaac_ws/Isaacsim_ros2_ws/install/h1_msgs/lib/python3.13/site-packages/h1_msgs-0.0.0-py3.13.egg-info/top_level.txt
-- Up-to-date symlink: /home/whaly/isaac_ws/Isaacsim_ros2_ws/install/h1_msgs/lib/python3.13/site-packages/h1_msgs/__init__.py
-- Up-to-date symlink: /home/whaly/isaac_ws/Isaacsim_ros2_ws/install/h1_msgs/lib/python3.13/site-packages/h1_msgs/_h1_msgs_s.ep.rosidl_typesupport_c.c
-- Up-to-date symlink: /home/whaly/isaac_ws/Isaacsim_ros2_ws/install/h1_msgs/lib/python3.13/site-packages/h1_msgs/_h1_msgs_s.ep.rosidl_typesupport_fastrtps_c.c
-- Up-to-date symlink: /home/whaly/isaac_ws/Isaacsim_ros2_ws/install/h1_msgs/lib/python3.13/site-packages/h1_msgs/_h1_msgs_s.ep.rosidl_typesupport_introspection_c.c
-- Up-to-date symlink: /home/whaly/isaac_ws/Isaacsim_ros2_ws/install/h1_msgs/lib/python3.13/site-packages/h1_msgs/h1_msgs_s__rosidl_typesupport_c.cpython-310-x86_64-linux-gnu.so
-- Up-to-date symlink: /home/whaly/isaac_ws/Isaacsim_ros2_ws/install/h1_msgs/lib/python3.13/site-packages/h1_msgs/h1_msgs_s__rosidl_typesupport_fastrtps_c.cpython-310-x86_64-linux-gnu.so
-- Up-to-date symlink: /home/whaly/isaac_ws/Isaacsim_ros2_ws/install/h1_msgs/lib/python3.13/site-packages/h1_msgs/h1_msgs_s__rosidl_typesupport_introspection_c.cpython-310-x86_64-linux-gnu.so
-- Up-to-date symlink: /home/whaly/isaac_ws/Isaacsim_ros2_ws/install/h1_msgs/lib/python3.13/site-packages/h1_msgs/libh1_msgs__rosidl_generator_py.so
-- Up-to-date symlink: /home/whaly/isaac_ws/Isaacsim_ros2_ws/install/h1_msgs/lib/python3.13/site-packages/h1_msgs/msg/__init__.py
-- Up-to-date symlink: /home/whaly/isaac_ws/Isaacsim_ros2_ws/install/h1_msgs/lib/python3.13/site-packages/h1_msgs/msg/_proto_odom.py
-- Up-to-date symlink: /home/whaly/isaac_ws/Isaacsim_ros2_ws/install/h1_msgs/lib/python3.13/site-packages/h1_msgs/msg/_proto_odom_s.c
-- Up-to-date symlink: /home/whaly/isaac_ws/Isaacsim_ros2_ws/install/h1_msgs/lib/python3.13/site-packages/h1_msgs/h1_msgs_s__rosidl_typesupport_fastrtps_c.cpython-310-x86_64-linux-gnu.so
-- Up-to-date symlink: /home/whaly/isaac_ws/Isaacsim_ros2_ws/install/h1_msgs/lib/python3.13/site-packages/h1_msgs/h1_msgs_s__rosidl_typesupport_introspection_c.cpython-310-x86_64-linux-gnu.so
-- Up-to-date symlink: /home/whaly/isaac_ws/Isaacsim_ros2_ws/install/h1_msgs/lib/python3.13/site-packages/h1_msgs/h1_msgs_s__rosidl_typesupport_c.cpython-310-x86_64-linux-gnu.so
-- Up-to-date symlink: /home/whaly/isaac_ws/Isaacsim_ros2_ws/install/h1_msgs/share/h1_msgs/msg/ProtoOdom.idl
-- Up-to-date symlink: /home/whaly/isaac_ws/Isaacsim_ros2_ws/install/h1_msgs/share/h1_msgs/msg/ProtoOdom.msg
-- Up-to-date symlink: /home/whaly/isaac_ws/Isaacsim_ros2_ws/install/h1_msgs/share/ament_index/resource_index/package_run_dependencies/h1_msgs
-- Up-to-date symlink: /home/whaly/isaac_ws/Isaacsim_ros2_ws/install/h1_msgs/share/ament_index/resource_index/parent_prefix_path/h1_msgs
-- Up-to-date symlink: /home/whaly/isaac_ws/Isaacsim_ros2_ws/install/h1_msgs/share/h1_msgs/environment/ament_prefix_path.sh
-- Up-to-date symlink: /home/whaly/isaac_ws/Isaacsim_ros2_ws/install/h1_msgs/share/h1_msgs/environment/ament_prefix_path.dsv
-- Up-to-date symlink: /home/whaly/isaac_ws/Isaacsim_ros2_ws/install/h1_msgs/share/h1_msgs/environment/path.sh
-- Up-to-date symlink: /home/whaly/isaac_ws/Isaacsim_ros2_ws/install/h1_msgs/share/h1_msgs/environment/path.dsv
-- Up-to-date symlink: /home/whaly/isaac_ws/Isaacsim_ros2_ws/install/h1_msgs/share/h1_msgs/local_setup.bash
-- Up-to-date symlink: /home/whaly/isaac_ws/Isaacsim_ros2_ws/install/h1_msgs/share/h1_msgs/local_setup.sh
-- Up-to-date symlink: /home/whaly/isaac_ws/Isaacsim_ros2_ws/install/h1_msgs/share/h1_msgs/local_setup.zsh
-- Up-to-date symlink: /home/whaly/isaac_ws/Isaacsim_ros2_ws/install/h1_msgs/share/h1_msgs/local_setup.dsv
-- Symlinking: /home/whaly/isaac_ws/Isaacsim_ros2_ws/install/h1_msgs/share/h1_msgs/package.dsv
-- Up-to-date symlink: /home/whaly/isaac_ws/Isaacsim_ros2_ws/install/h1_msgs/share/ament_index/resource_index/packages/h1_msgs
-- Up-to-date symlink: /home/whaly/isaac_ws/Isaacsim_ros2_ws/install/h1_msgs/share/h1_msgs/cmake/rosidl_cmake-extras.cmake
-- Up-to-date symlink: /home/whaly/isaac_ws/Isaacsim_ros2_ws/install/h1_msgs/share/h1_msgs/cmake/ament_cmake_export_dependencies-extras.cmake
-- Up-to-date symlink: /home/whaly/isaac_ws/Isaacsim_ros2_ws/install/h1_msgs/share/h1_msgs/cmake/ament_cmake_export_include_directories-extras.cmake
-- Up-to-date symlink: /home/whaly/isaac_ws/Isaacsim_ros2_ws/install/h1_msgs/share/h1_msgs/cmake/ament_cmake_export_libraries-extras.cmake
-- Up-to-date symlink: /home/whaly/isaac_ws/Isaacsim_ros2_ws/install/h1_msgs/share/h1_msgs/cmake/ament_cmake_export_targets-extras.cmake
-- Up-to-date symlink: /home/whaly/isaac_ws/Isaacsim_ros2_ws/install/h1_msgs/share/h1_msgs/cmake/rosidl_cmake_export_typesupport_targets-extras.cmake
-- Up-to-date symlink: /home/whaly/isaac_ws/Isaacsim_ros2_ws/install/h1_msgs/share/h1_msgs/cmake/rosidl_cmake_export_typesupport_libraries-extras.cmake
-- Up-to-date symlink: /home/whaly/isaac_ws/Isaacsim_ros2_ws/install/h1_msgs/share/h1_msgs/cmake/h1_msgsConfig.cmake
-- Up-to-date symlink: /home/whaly/isaac_ws/Isaacsim_ros2_ws/install/h1_msgs/share/h1_msgs/cmake/h1_msgsConfig-version.cmake
-- Up-to-date symlink: /home/whaly/isaac_ws/Isaacsim_ros2_ws/install/h1_msgs/share/h1_msgs/package.xml
-- Up-to-date: /home/whaly/isaac_ws/Isaacsim_ros2_ws/install/h1_msgs/lib/libh1_msgs__rosidl_generator_c.so
-- Up-to-date: /home/whaly/isaac_ws/Isaacsim_ros2_ws/install/h1_msgs/lib/libh1_msgs__rosidl_typesupport_fastrtps_c.so
-- Up-to-date: /home/whaly/isaac_ws/Isaacsim_ros2_ws/install/h1_msgs/lib/libh1_msgs__rosidl_typesupport_fastrtps_cpp.so
-- Up-to-date: /home/whaly/isaac_ws/Isaacsim_ros2_ws/install/h1_msgs/lib/libh1_msgs__rosidl_typesupport_introspection_c.so
-- Up-to-date: /home/whaly/isaac_ws/Isaacsim_ros2_ws/install/h1_msgs/lib/libh1_msgs__rosidl_typesupport_c.so
-- Up-to-date: /home/whaly/isaac_ws/Isaacsim_ros2_ws/install/h1_msgs/lib/libh1_msgs__rosidl_typesupport_introspection_cpp.so
-- Up-to-date: /home/whaly/isaac_ws/Isaacsim_ros2_ws/install/h1_msgs/lib/libh1_msgs__rosidl_typesupport_cpp.so
Listing '/home/whaly/isaac_ws/Isaacsim_ros2_ws/install/h1_msgs/lib/python3.13/site-packages/h1_msgs'...
Listing '/home/whaly/isaac_ws/Isaacsim_ros2_ws/install/h1_msgs/lib/python3.13/site-packages/h1_msgs/msg'...
-- Up-to-date: /home/whaly/isaac_ws/Isaacsim_ros2_ws/install/h1_msgs/lib/libh1_msgs__rosidl_generator_py.so
-- Up-to-date: /home/whaly/isaac_ws/Isaacsim_ros2_ws/install/h1_msgs/share/h1_msgs/cmake/export_h1_msgs__rosidl_generator_cExport.cmake
-- Up-to-date: /home/whaly/isaac_ws/Isaacsim_ros2_ws/install/h1_msgs/share/h1_msgs/cmake/export_h1_msgs__rosidl_generator_cExport-noconfig.cmake
-- Up-to-date: /home/whaly/isaac_ws/Isaacsim_ros2_ws/install/h1_msgs/share/h1_msgs/cmake/export_h1_msgs__rosidl_typesupport_fastrtps_cExport.cmake
-- Up-to-date: /home/whaly/isaac_ws/Isaacsim_ros2_ws/install/h1_msgs/share/h1_msgs/cmake/export_h1_msgs__rosidl_typesupport_fastrtps_cExport-noconfig.cmake
-- Up-to-date: /home/whaly/isaac_ws/Isaacsim_ros2_ws/install/h1_msgs/share/h1_msgs/cmake/export_h1_msgs__rosidl_generator_cppExport.cmake
-- Up-to-date: /home/whaly/isaac_ws/Isaacsim_ros2_ws/install/h1_msgs/share/h1_msgs/cmake/export_h1_msgs__rosidl_typesupport_fastrtps_cppExport.cmake
-- Up-to-date: /home/whaly/isaac_ws/Isaacsim_ros2_ws/install/h1_msgs/share/h1_msgs/cmake/export_h1_msgs__rosidl_typesupport_fastrtps_cppExport-noconfig.cmake
-- Up-to-date: /home/whaly/isaac_ws/Isaacsim_ros2_ws/install/h1_msgs/share/h1_msgs/cmake/h1_msgs__rosidl_typesupport_introspection_cExport.cmake
-- Up-to-date: /home/whaly/isaac_ws/Isaacsim_ros2_ws/install/h1_msgs/share/h1_msgs/cmake/h1_msgs__rosidl_typesupport_introspection_cExport-noconfig.cmake
-- Up-to-date: /home/whaly/isaac_ws/Isaacsim_ros2_ws/install/h1_msgs/share/h1_msgs/cmake/h1_msgs__rosidl_typesupport_cExport.cmake
-- Up-to-date: /home/whaly/isaac_ws/Isaacsim_ros2_ws/install/h1_msgs/share/h1_msgs/cmake/h1_msgs__rosidl_typesupport_cExport-noconfig.cmake
-- Up-to-date: /home/whaly/isaac_ws/Isaacsim_ros2_ws/install/h1_msgs/share/h1_msgs/cmake/h1_msgs__rosidl_typesupport_introspection_cppExport.cmake
-- Up-to-date: /home/whaly/isaac_ws/Isaacsim_ros2_ws/install/h1_msgs/share/h1_msgs/cmake/h1_msgs__rosidl_typesupport_introspection_cppExport-noconfig.cmake
-- Up-to-date: /home/whaly/isaac_ws/Isaacsim_ros2_ws/install/h1_msgs/share/h1_msgs/cmake/h1_msgs__rosidl_typesupport_cppExport.cmake
-- Up-to-date: /home/whaly/isaac_ws/Isaacsim_ros2_ws/install/h1_msgs/share/h1_msgs/cmake/h1_msgs__rosidl_typesupport_cppExport-noconfig.cmake
-- Up-to-date: /home/whaly/isaac_ws/Isaacsim_ros2_ws/install/h1_msgs/share/h1_msgs/cmake/export_h1_msgs__rosidl_generator_pyExport.cmake
-- Up-to-date: /home/whaly/isaac_ws/Isaacsim_ros2_ws/install/h1_msgs/share/h1_msgs/cmake/export_h1_msgs__rosidl_generator_pyExport-noconfig.cmake
