-- Found ament_cmake: 1.3.12 (/opt/ros/humble/share/ament_cmake/cmake)
-- Override CMake install command with custom implementation using symlinks instead of copying resources
-- Found geometry_msgs: 4.9.0 (/opt/ros/humble/share/geometry_msgs/cmake)
-- Found rosidl_generator_c: 3.1.7 (/opt/ros/humble/share/rosidl_generator_c/cmake)
-- Found rosidl_adapter: 3.1.7 (/opt/ros/humble/share/rosidl_adapter/cmake)
-- Found rosidl_generator_cpp: 3.1.7 (/opt/ros/humble/share/rosidl_generator_cpp/cmake)
-- Using all available rosidl_typesupport_c: rosidl_typesupport_fastrtps_c;rosidl_typesupport_introspection_c
-- Using all available rosidl_typesupport_cpp: rosidl_typesupport_fastrtps_cpp;rosidl_typesupport_introspection_cpp
-- Found rosidl_default_generators: 1.2.0 (/opt/ros/humble/share/rosidl_default_generators/cmake)
-- Found ament_cmake_ros: 0.10.0 (/opt/ros/humble/share/ament_cmake_ros/cmake)
-- Using all available rosidl_typesupport_c: rosidl_typesupport_fastrtps_c;rosidl_typesupport_introspection_c
-- Using all available rosidl_typesupport_cpp: rosidl_typesupport_fastrtps_cpp;rosidl_typesupport_introspection_cpp
-- Found python_cmake_module: 0.10.0 (/opt/ros/humble/share/python_cmake_module/cmake)
-- Found PythonLibs: /usr/lib/x86_64-linux-gnu/libpython3.10.so (found suitable version "3.10.12", minimum required is "3.5") 
-- Using PYTHON_EXECUTABLE: /usr/bin/python3.10
-- Using PYTHON_INCLUDE_DIRS: /usr/include/python3.10
-- Using PYTHON_LIBRARIES: /usr/lib/x86_64-linux-gnu/libpython3.10.so
-- Found PythonExtra: .so  
-- Found ament_lint_auto: 0.12.14 (/opt/ros/humble/share/ament_lint_auto/cmake)
-- Added test 'lint_cmake' to check CMake code style
-- Added test 'xmllint' to check XML markup files
-- Configuring done
-- Generating done
-- Build files have been written to: /home/whaly/isaac_ws/Isaacsim_ros2_ws/build/h1_msgs
[  3%] [34m[1mGenerating C code for ROS interfaces[0m
[  6%] [34m[1mGenerating C++ code for ROS interfaces[0m
[  6%] Built target ament_cmake_python_symlink_h1_msgs
running egg_info
creating h1_msgs.egg-info
writing h1_msgs.egg-info/PKG-INFO
writing dependency_links to h1_msgs.egg-info/dependency_links.txt
writing top-level names to h1_msgs.egg-info/top_level.txt
writing manifest file 'h1_msgs.egg-info/SOURCES.txt'
[  9%] [32mBuilding C object CMakeFiles/h1_msgs__rosidl_generator_c.dir/rosidl_generator_c/h1_msgs/msg/detail/proto_odom__functions.c.o[0m
[  9%] Built target h1_msgs__cpp
[ 12%] [34m[1mGenerating C++ type support dispatch for ROS interfaces[0m
[ 19%] [34m[1mGenerating C++ type support for eProsima Fast-RTPS[0m
[ 19%] [34m[1mGenerating C++ introspection for ROS interfaces[0m
reading manifest file 'h1_msgs.egg-info/SOURCES.txt'
writing manifest file 'h1_msgs.egg-info/SOURCES.txt'
[ 22%] [32m[1mLinking C shared library libh1_msgs__rosidl_generator_c.so[0m
[ 22%] Built target ament_cmake_python_build_h1_msgs_egg
[ 22%] Built target h1_msgs__rosidl_generator_c
[ 32%] [34m[1mGenerating C type support for eProsima Fast-RTPS[0m
[ 32%] [34m[1mGenerating C type support dispatch for ROS interfaces[0m
[ 32%] [34m[1mGenerating C introspection for ROS interfaces[0m
[ 35%] [32mBuilding CXX object CMakeFiles/h1_msgs__rosidl_typesupport_cpp.dir/rosidl_typesupport_cpp/h1_msgs/msg/proto_odom__type_support.cpp.o[0m
[ 38%] [32mBuilding CXX object CMakeFiles/h1_msgs__rosidl_typesupport_c.dir/rosidl_typesupport_c/h1_msgs/msg/proto_odom__type_support.cpp.o[0m
[ 41%] [32mBuilding CXX object CMakeFiles/h1_msgs__rosidl_typesupport_fastrtps_c.dir/rosidl_typesupport_fastrtps_c/h1_msgs/msg/detail/proto_odom__type_support_c.cpp.o[0m
[ 45%] [32mBuilding C object CMakeFiles/h1_msgs__rosidl_typesupport_introspection_c.dir/rosidl_typesupport_introspection_c/h1_msgs/msg/detail/proto_odom__type_support.c.o[0m
[ 48%] [32m[1mLinking CXX shared library libh1_msgs__rosidl_typesupport_c.so[0m
[ 51%] [32mBuilding CXX object CMakeFiles/h1_msgs__rosidl_typesupport_introspection_cpp.dir/rosidl_typesupport_introspection_cpp/h1_msgs/msg/detail/proto_odom__type_support.cpp.o[0m
[ 54%] [32m[1mLinking C shared library libh1_msgs__rosidl_typesupport_introspection_c.so[0m
[ 58%] [32mBuilding CXX object CMakeFiles/h1_msgs__rosidl_typesupport_fastrtps_cpp.dir/rosidl_typesupport_fastrtps_cpp/h1_msgs/msg/detail/dds_fastrtps/proto_odom__type_support.cpp.o[0m
[ 58%] Built target h1_msgs__rosidl_typesupport_c
[ 58%] Built target h1_msgs__rosidl_typesupport_introspection_c
[ 61%] [32m[1mLinking CXX shared library libh1_msgs__rosidl_typesupport_cpp.so[0m
[ 61%] Built target h1_msgs__rosidl_typesupport_cpp
[ 64%] [32m[1mLinking CXX shared library libh1_msgs__rosidl_typesupport_introspection_cpp.so[0m
[ 67%] [32m[1mLinking CXX shared library libh1_msgs__rosidl_typesupport_fastrtps_c.so[0m
[ 67%] Built target h1_msgs__rosidl_typesupport_introspection_cpp
[ 67%] Built target h1_msgs__rosidl_typesupport_fastrtps_c
[ 70%] [32m[1mLinking CXX shared library libh1_msgs__rosidl_typesupport_fastrtps_cpp.so[0m
[ 70%] Built target h1_msgs__rosidl_typesupport_fastrtps_cpp
[ 70%] Built target h1_msgs
[ 74%] [34m[1mGenerating Python code for ROS interfaces[0m
[ 74%] Built target h1_msgs__py
[ 77%] [32mBuilding C object CMakeFiles/h1_msgs__rosidl_generator_py.dir/rosidl_generator_py/h1_msgs/msg/_proto_odom_s.c.o[0m
[ 80%] [32m[1mLinking C shared library rosidl_generator_py/h1_msgs/libh1_msgs__rosidl_generator_py.so[0m
[ 80%] Built target h1_msgs__rosidl_generator_py
[ 90%] [32mBuilding C object CMakeFiles/h1_msgs__rosidl_typesupport_introspection_c__pyext.dir/rosidl_generator_py/h1_msgs/_h1_msgs_s.ep.rosidl_typesupport_introspection_c.c.o[0m
[ 90%] [32mBuilding C object CMakeFiles/h1_msgs__rosidl_typesupport_c__pyext.dir/rosidl_generator_py/h1_msgs/_h1_msgs_s.ep.rosidl_typesupport_c.c.o[0m
[ 90%] [32mBuilding C object CMakeFiles/h1_msgs__rosidl_typesupport_fastrtps_c__pyext.dir/rosidl_generator_py/h1_msgs/_h1_msgs_s.ep.rosidl_typesupport_fastrtps_c.c.o[0m
[ 93%] [32m[1mLinking C shared library rosidl_generator_py/h1_msgs/h1_msgs_s__rosidl_typesupport_c.cpython-310-x86_64-linux-gnu.so[0m
[ 96%] [32m[1mLinking C shared library rosidl_generator_py/h1_msgs/h1_msgs_s__rosidl_typesupport_introspection_c.cpython-310-x86_64-linux-gnu.so[0m
[100%] [32m[1mLinking C shared library rosidl_generator_py/h1_msgs/h1_msgs_s__rosidl_typesupport_fastrtps_c.cpython-310-x86_64-linux-gnu.so[0m
[100%] Built target h1_msgs__rosidl_typesupport_c__pyext
[100%] Built target h1_msgs__rosidl_typesupport_introspection_c__pyext
[100%] Built target h1_msgs__rosidl_typesupport_fastrtps_c__pyext
-- Install configuration: ""
-- Execute custom install script
-- Symlinking: /home/whaly/isaac_ws/Isaacsim_ros2_ws/install/h1_msgs/share/ament_index/resource_index/rosidl_interfaces/h1_msgs
-- Symlinking: /home/whaly/isaac_ws/Isaacsim_ros2_ws/install/h1_msgs/include/h1_msgs/h1_msgs/msg/detail/proto_odom__functions.h
-- Symlinking: /home/whaly/isaac_ws/Isaacsim_ros2_ws/install/h1_msgs/include/h1_msgs/h1_msgs/msg/detail/proto_odom__struct.h
-- Symlinking: /home/whaly/isaac_ws/Isaacsim_ros2_ws/install/h1_msgs/include/h1_msgs/h1_msgs/msg/detail/proto_odom__type_support.h
-- Symlinking: /home/whaly/isaac_ws/Isaacsim_ros2_ws/install/h1_msgs/include/h1_msgs/h1_msgs/msg/proto_odom.h
-- Symlinking: /home/whaly/isaac_ws/Isaacsim_ros2_ws/install/h1_msgs/include/h1_msgs/h1_msgs/msg/rosidl_generator_c__visibility_control.h
-- Symlinking: /home/whaly/isaac_ws/Isaacsim_ros2_ws/install/h1_msgs/share/h1_msgs/environment/library_path.sh
-- Symlinking: /home/whaly/isaac_ws/Isaacsim_ros2_ws/install/h1_msgs/share/h1_msgs/environment/library_path.dsv
-- Symlinking: /home/whaly/isaac_ws/Isaacsim_ros2_ws/install/h1_msgs/include/h1_msgs/h1_msgs/msg/detail/proto_odom__rosidl_typesupport_fastrtps_c.h
-- Symlinking: /home/whaly/isaac_ws/Isaacsim_ros2_ws/install/h1_msgs/include/h1_msgs/h1_msgs/msg/rosidl_typesupport_fastrtps_c__visibility_control.h
-- Symlinking: /home/whaly/isaac_ws/Isaacsim_ros2_ws/install/h1_msgs/include/h1_msgs/h1_msgs/msg/detail/proto_odom__builder.hpp
-- Symlinking: /home/whaly/isaac_ws/Isaacsim_ros2_ws/install/h1_msgs/include/h1_msgs/h1_msgs/msg/detail/proto_odom__struct.hpp
-- Symlinking: /home/whaly/isaac_ws/Isaacsim_ros2_ws/install/h1_msgs/include/h1_msgs/h1_msgs/msg/detail/proto_odom__traits.hpp
-- Symlinking: /home/whaly/isaac_ws/Isaacsim_ros2_ws/install/h1_msgs/include/h1_msgs/h1_msgs/msg/detail/proto_odom__type_support.hpp
-- Symlinking: /home/whaly/isaac_ws/Isaacsim_ros2_ws/install/h1_msgs/include/h1_msgs/h1_msgs/msg/proto_odom.hpp
-- Symlinking: /home/whaly/isaac_ws/Isaacsim_ros2_ws/install/h1_msgs/include/h1_msgs/h1_msgs/msg/rosidl_generator_cpp__visibility_control.hpp
-- Symlinking: /home/whaly/isaac_ws/Isaacsim_ros2_ws/install/h1_msgs/include/h1_msgs/h1_msgs/msg/detail/proto_odom__rosidl_typesupport_fastrtps_cpp.hpp
-- Symlinking: /home/whaly/isaac_ws/Isaacsim_ros2_ws/install/h1_msgs/include/h1_msgs/h1_msgs/msg/rosidl_typesupport_fastrtps_cpp__visibility_control.h
-- Symlinking: /home/whaly/isaac_ws/Isaacsim_ros2_ws/install/h1_msgs/include/h1_msgs/h1_msgs/msg/detail/proto_odom__rosidl_typesupport_introspection_c.h
-- Symlinking: /home/whaly/isaac_ws/Isaacsim_ros2_ws/install/h1_msgs/include/h1_msgs/h1_msgs/msg/rosidl_typesupport_introspection_c__visibility_control.h
-- Symlinking: /home/whaly/isaac_ws/Isaacsim_ros2_ws/install/h1_msgs/include/h1_msgs/h1_msgs/msg/detail/proto_odom__rosidl_typesupport_introspection_cpp.hpp
-- Symlinking: /home/whaly/isaac_ws/Isaacsim_ros2_ws/install/h1_msgs/share/h1_msgs/environment/pythonpath.sh
-- Symlinking: /home/whaly/isaac_ws/Isaacsim_ros2_ws/install/h1_msgs/share/h1_msgs/environment/pythonpath.dsv
-- Symlinking: /home/whaly/isaac_ws/Isaacsim_ros2_ws/install/h1_msgs/lib/python3.13/site-packages/h1_msgs-0.0.0-py3.13.egg-info/PKG-INFO
-- Symlinking: /home/whaly/isaac_ws/Isaacsim_ros2_ws/install/h1_msgs/lib/python3.13/site-packages/h1_msgs-0.0.0-py3.13.egg-info/SOURCES.txt
-- Symlinking: /home/whaly/isaac_ws/Isaacsim_ros2_ws/install/h1_msgs/lib/python3.13/site-packages/h1_msgs-0.0.0-py3.13.egg-info/dependency_links.txt
-- Symlinking: /home/whaly/isaac_ws/Isaacsim_ros2_ws/install/h1_msgs/lib/python3.13/site-packages/h1_msgs-0.0.0-py3.13.egg-info/top_level.txt
-- Symlinking: /home/whaly/isaac_ws/Isaacsim_ros2_ws/install/h1_msgs/lib/python3.13/site-packages/h1_msgs/__init__.py
-- Symlinking: /home/whaly/isaac_ws/Isaacsim_ros2_ws/install/h1_msgs/lib/python3.13/site-packages/h1_msgs/_h1_msgs_s.ep.rosidl_typesupport_c.c
-- Symlinking: /home/whaly/isaac_ws/Isaacsim_ros2_ws/install/h1_msgs/lib/python3.13/site-packages/h1_msgs/_h1_msgs_s.ep.rosidl_typesupport_fastrtps_c.c
-- Symlinking: /home/whaly/isaac_ws/Isaacsim_ros2_ws/install/h1_msgs/lib/python3.13/site-packages/h1_msgs/_h1_msgs_s.ep.rosidl_typesupport_introspection_c.c
-- Symlinking: /home/whaly/isaac_ws/Isaacsim_ros2_ws/install/h1_msgs/lib/python3.13/site-packages/h1_msgs/h1_msgs_s__rosidl_typesupport_c.cpython-310-x86_64-linux-gnu.so
-- Symlinking: /home/whaly/isaac_ws/Isaacsim_ros2_ws/install/h1_msgs/lib/python3.13/site-packages/h1_msgs/h1_msgs_s__rosidl_typesupport_fastrtps_c.cpython-310-x86_64-linux-gnu.so
-- Symlinking: /home/whaly/isaac_ws/Isaacsim_ros2_ws/install/h1_msgs/lib/python3.13/site-packages/h1_msgs/h1_msgs_s__rosidl_typesupport_introspection_c.cpython-310-x86_64-linux-gnu.so
-- Symlinking: /home/whaly/isaac_ws/Isaacsim_ros2_ws/install/h1_msgs/lib/python3.13/site-packages/h1_msgs/libh1_msgs__rosidl_generator_py.so
-- Symlinking: /home/whaly/isaac_ws/Isaacsim_ros2_ws/install/h1_msgs/lib/python3.13/site-packages/h1_msgs/msg/__init__.py
-- Symlinking: /home/whaly/isaac_ws/Isaacsim_ros2_ws/install/h1_msgs/lib/python3.13/site-packages/h1_msgs/msg/_proto_odom.py
-- Symlinking: /home/whaly/isaac_ws/Isaacsim_ros2_ws/install/h1_msgs/lib/python3.13/site-packages/h1_msgs/msg/_proto_odom_s.c
-- Up-to-date symlink: /home/whaly/isaac_ws/Isaacsim_ros2_ws/install/h1_msgs/lib/python3.13/site-packages/h1_msgs/h1_msgs_s__rosidl_typesupport_fastrtps_c.cpython-310-x86_64-linux-gnu.so
-- Up-to-date symlink: /home/whaly/isaac_ws/Isaacsim_ros2_ws/install/h1_msgs/lib/python3.13/site-packages/h1_msgs/h1_msgs_s__rosidl_typesupport_introspection_c.cpython-310-x86_64-linux-gnu.so
-- Up-to-date symlink: /home/whaly/isaac_ws/Isaacsim_ros2_ws/install/h1_msgs/lib/python3.13/site-packages/h1_msgs/h1_msgs_s__rosidl_typesupport_c.cpython-310-x86_64-linux-gnu.so
-- Symlinking: /home/whaly/isaac_ws/Isaacsim_ros2_ws/install/h1_msgs/share/h1_msgs/msg/ProtoOdom.idl
-- Symlinking: /home/whaly/isaac_ws/Isaacsim_ros2_ws/install/h1_msgs/share/h1_msgs/msg/ProtoOdom.msg
-- Symlinking: /home/whaly/isaac_ws/Isaacsim_ros2_ws/install/h1_msgs/share/ament_index/resource_index/package_run_dependencies/h1_msgs
-- Symlinking: /home/whaly/isaac_ws/Isaacsim_ros2_ws/install/h1_msgs/share/ament_index/resource_index/parent_prefix_path/h1_msgs
-- Symlinking: /home/whaly/isaac_ws/Isaacsim_ros2_ws/install/h1_msgs/share/h1_msgs/environment/ament_prefix_path.sh
-- Symlinking: /home/whaly/isaac_ws/Isaacsim_ros2_ws/install/h1_msgs/share/h1_msgs/environment/ament_prefix_path.dsv
-- Symlinking: /home/whaly/isaac_ws/Isaacsim_ros2_ws/install/h1_msgs/share/h1_msgs/environment/path.sh
-- Symlinking: /home/whaly/isaac_ws/Isaacsim_ros2_ws/install/h1_msgs/share/h1_msgs/environment/path.dsv
-- Symlinking: /home/whaly/isaac_ws/Isaacsim_ros2_ws/install/h1_msgs/share/h1_msgs/local_setup.bash
-- Symlinking: /home/whaly/isaac_ws/Isaacsim_ros2_ws/install/h1_msgs/share/h1_msgs/local_setup.sh
-- Symlinking: /home/whaly/isaac_ws/Isaacsim_ros2_ws/install/h1_msgs/share/h1_msgs/local_setup.zsh
-- Symlinking: /home/whaly/isaac_ws/Isaacsim_ros2_ws/install/h1_msgs/share/h1_msgs/local_setup.dsv
-- Symlinking: /home/whaly/isaac_ws/Isaacsim_ros2_ws/install/h1_msgs/share/h1_msgs/package.dsv
-- Symlinking: /home/whaly/isaac_ws/Isaacsim_ros2_ws/install/h1_msgs/share/ament_index/resource_index/packages/h1_msgs
-- Symlinking: /home/whaly/isaac_ws/Isaacsim_ros2_ws/install/h1_msgs/share/h1_msgs/cmake/rosidl_cmake-extras.cmake
-- Symlinking: /home/whaly/isaac_ws/Isaacsim_ros2_ws/install/h1_msgs/share/h1_msgs/cmake/ament_cmake_export_dependencies-extras.cmake
-- Symlinking: /home/whaly/isaac_ws/Isaacsim_ros2_ws/install/h1_msgs/share/h1_msgs/cmake/ament_cmake_export_include_directories-extras.cmake
-- Symlinking: /home/whaly/isaac_ws/Isaacsim_ros2_ws/install/h1_msgs/share/h1_msgs/cmake/ament_cmake_export_libraries-extras.cmake
-- Symlinking: /home/whaly/isaac_ws/Isaacsim_ros2_ws/install/h1_msgs/share/h1_msgs/cmake/ament_cmake_export_targets-extras.cmake
-- Symlinking: /home/whaly/isaac_ws/Isaacsim_ros2_ws/install/h1_msgs/share/h1_msgs/cmake/rosidl_cmake_export_typesupport_targets-extras.cmake
-- Symlinking: /home/whaly/isaac_ws/Isaacsim_ros2_ws/install/h1_msgs/share/h1_msgs/cmake/rosidl_cmake_export_typesupport_libraries-extras.cmake
-- Symlinking: /home/whaly/isaac_ws/Isaacsim_ros2_ws/install/h1_msgs/share/h1_msgs/cmake/h1_msgsConfig.cmake
-- Symlinking: /home/whaly/isaac_ws/Isaacsim_ros2_ws/install/h1_msgs/share/h1_msgs/cmake/h1_msgsConfig-version.cmake
-- Symlinking: /home/whaly/isaac_ws/Isaacsim_ros2_ws/install/h1_msgs/share/h1_msgs/package.xml
-- Installing: /home/whaly/isaac_ws/Isaacsim_ros2_ws/install/h1_msgs/lib/libh1_msgs__rosidl_generator_c.so
-- Set runtime path of "/home/whaly/isaac_ws/Isaacsim_ros2_ws/install/h1_msgs/lib/libh1_msgs__rosidl_generator_c.so" to ""
-- Installing: /home/whaly/isaac_ws/Isaacsim_ros2_ws/install/h1_msgs/lib/libh1_msgs__rosidl_typesupport_fastrtps_c.so
-- Set runtime path of "/home/whaly/isaac_ws/Isaacsim_ros2_ws/install/h1_msgs/lib/libh1_msgs__rosidl_typesupport_fastrtps_c.so" to ""
-- Installing: /home/whaly/isaac_ws/Isaacsim_ros2_ws/install/h1_msgs/lib/libh1_msgs__rosidl_typesupport_fastrtps_cpp.so
-- Set runtime path of "/home/whaly/isaac_ws/Isaacsim_ros2_ws/install/h1_msgs/lib/libh1_msgs__rosidl_typesupport_fastrtps_cpp.so" to ""
-- Installing: /home/whaly/isaac_ws/Isaacsim_ros2_ws/install/h1_msgs/lib/libh1_msgs__rosidl_typesupport_introspection_c.so
-- Set runtime path of "/home/whaly/isaac_ws/Isaacsim_ros2_ws/install/h1_msgs/lib/libh1_msgs__rosidl_typesupport_introspection_c.so" to ""
-- Installing: /home/whaly/isaac_ws/Isaacsim_ros2_ws/install/h1_msgs/lib/libh1_msgs__rosidl_typesupport_c.so
-- Set runtime path of "/home/whaly/isaac_ws/Isaacsim_ros2_ws/install/h1_msgs/lib/libh1_msgs__rosidl_typesupport_c.so" to ""
-- Installing: /home/whaly/isaac_ws/Isaacsim_ros2_ws/install/h1_msgs/lib/libh1_msgs__rosidl_typesupport_introspection_cpp.so
-- Set runtime path of "/home/whaly/isaac_ws/Isaacsim_ros2_ws/install/h1_msgs/lib/libh1_msgs__rosidl_typesupport_introspection_cpp.so" to ""
-- Installing: /home/whaly/isaac_ws/Isaacsim_ros2_ws/install/h1_msgs/lib/libh1_msgs__rosidl_typesupport_cpp.so
-- Set runtime path of "/home/whaly/isaac_ws/Isaacsim_ros2_ws/install/h1_msgs/lib/libh1_msgs__rosidl_typesupport_cpp.so" to ""
Listing '/home/whaly/isaac_ws/Isaacsim_ros2_ws/install/h1_msgs/lib/python3.13/site-packages/h1_msgs'...
Compiling '/home/whaly/isaac_ws/Isaacsim_ros2_ws/install/h1_msgs/lib/python3.13/site-packages/h1_msgs/__init__.py'...
Listing '/home/whaly/isaac_ws/Isaacsim_ros2_ws/install/h1_msgs/lib/python3.13/site-packages/h1_msgs/msg'...
Compiling '/home/whaly/isaac_ws/Isaacsim_ros2_ws/install/h1_msgs/lib/python3.13/site-packages/h1_msgs/msg/__init__.py'...
Compiling '/home/whaly/isaac_ws/Isaacsim_ros2_ws/install/h1_msgs/lib/python3.13/site-packages/h1_msgs/msg/_proto_odom.py'...
-- Installing: /home/whaly/isaac_ws/Isaacsim_ros2_ws/install/h1_msgs/lib/libh1_msgs__rosidl_generator_py.so
-- Set runtime path of "/home/whaly/isaac_ws/Isaacsim_ros2_ws/install/h1_msgs/lib/libh1_msgs__rosidl_generator_py.so" to ""
-- Installing: /home/whaly/isaac_ws/Isaacsim_ros2_ws/install/h1_msgs/share/h1_msgs/cmake/export_h1_msgs__rosidl_generator_cExport.cmake
-- Installing: /home/whaly/isaac_ws/Isaacsim_ros2_ws/install/h1_msgs/share/h1_msgs/cmake/export_h1_msgs__rosidl_generator_cExport-noconfig.cmake
-- Installing: /home/whaly/isaac_ws/Isaacsim_ros2_ws/install/h1_msgs/share/h1_msgs/cmake/export_h1_msgs__rosidl_typesupport_fastrtps_cExport.cmake
-- Installing: /home/whaly/isaac_ws/Isaacsim_ros2_ws/install/h1_msgs/share/h1_msgs/cmake/export_h1_msgs__rosidl_typesupport_fastrtps_cExport-noconfig.cmake
-- Installing: /home/whaly/isaac_ws/Isaacsim_ros2_ws/install/h1_msgs/share/h1_msgs/cmake/export_h1_msgs__rosidl_generator_cppExport.cmake
-- Installing: /home/whaly/isaac_ws/Isaacsim_ros2_ws/install/h1_msgs/share/h1_msgs/cmake/export_h1_msgs__rosidl_typesupport_fastrtps_cppExport.cmake
-- Installing: /home/whaly/isaac_ws/Isaacsim_ros2_ws/install/h1_msgs/share/h1_msgs/cmake/export_h1_msgs__rosidl_typesupport_fastrtps_cppExport-noconfig.cmake
-- Installing: /home/whaly/isaac_ws/Isaacsim_ros2_ws/install/h1_msgs/share/h1_msgs/cmake/h1_msgs__rosidl_typesupport_introspection_cExport.cmake
-- Installing: /home/whaly/isaac_ws/Isaacsim_ros2_ws/install/h1_msgs/share/h1_msgs/cmake/h1_msgs__rosidl_typesupport_introspection_cExport-noconfig.cmake
-- Installing: /home/whaly/isaac_ws/Isaacsim_ros2_ws/install/h1_msgs/share/h1_msgs/cmake/h1_msgs__rosidl_typesupport_cExport.cmake
-- Installing: /home/whaly/isaac_ws/Isaacsim_ros2_ws/install/h1_msgs/share/h1_msgs/cmake/h1_msgs__rosidl_typesupport_cExport-noconfig.cmake
-- Installing: /home/whaly/isaac_ws/Isaacsim_ros2_ws/install/h1_msgs/share/h1_msgs/cmake/h1_msgs__rosidl_typesupport_introspection_cppExport.cmake
-- Installing: /home/whaly/isaac_ws/Isaacsim_ros2_ws/install/h1_msgs/share/h1_msgs/cmake/h1_msgs__rosidl_typesupport_introspection_cppExport-noconfig.cmake
-- Installing: /home/whaly/isaac_ws/Isaacsim_ros2_ws/install/h1_msgs/share/h1_msgs/cmake/h1_msgs__rosidl_typesupport_cppExport.cmake
-- Installing: /home/whaly/isaac_ws/Isaacsim_ros2_ws/install/h1_msgs/share/h1_msgs/cmake/h1_msgs__rosidl_typesupport_cppExport-noconfig.cmake
-- Installing: /home/whaly/isaac_ws/Isaacsim_ros2_ws/install/h1_msgs/share/h1_msgs/cmake/export_h1_msgs__rosidl_generator_pyExport.cmake
-- Installing: /home/whaly/isaac_ws/Isaacsim_ros2_ws/install/h1_msgs/share/h1_msgs/cmake/export_h1_msgs__rosidl_generator_pyExport-noconfig.cmake
