[0.015s] Invoking command in '/home/whaly/isaac_ws/Isaacsim_ros2_ws/build/h1_msgs': CMAKE_PREFIX_PATH=${CMAKE_PREFIX_PATH}:/home/whaly/isaac_ws/Isaacsim_ros2_ws/install/test_pkg:/home/whaly/isaac_ws/Isaacsim_ros2_ws/install/isaac_tutorials:/home/whaly/isaac_ws/Isaacsim_ros2_ws/install/h1_pkg:/home/whaly/isaac_ws/Isaacsim_ros2_ws/install/ackermann_control:/home/whaly/whaly_ws/install/whaly_pkg:/opt/ros/humble CONDA_PROMPT_MODIFIER=(base) /usr/bin/cmake /home/whaly/isaac_ws/Isaacsim_ros2_ws/src/h1_msgs -DAMENT_CMAKE_SYMLINK_INSTALL=1 -DCMAKE_INSTALL_PREFIX=/home/whaly/isaac_ws/Isaacsim_ros2_ws/install/h1_msgs
[0.184s] -- Found ament_cmake: 1.3.12 (/opt/ros/humble/share/ament_cmake/cmake)
[0.184s] -- Override CMake install command with custom implementation using symlinks instead of copying resources
[0.184s] -- Found geometry_msgs: 4.9.0 (/opt/ros/humble/share/geometry_msgs/cmake)
[0.184s] -- Found rosidl_generator_c: 3.1.7 (/opt/ros/humble/share/rosidl_generator_c/cmake)
[0.184s] -- Found rosidl_adapter: 3.1.7 (/opt/ros/humble/share/rosidl_adapter/cmake)
[0.184s] -- Found rosidl_generator_cpp: 3.1.7 (/opt/ros/humble/share/rosidl_generator_cpp/cmake)
[0.184s] -- Using all available rosidl_typesupport_c: rosidl_typesupport_fastrtps_c;rosidl_typesupport_introspection_c
[0.184s] -- Using all available rosidl_typesupport_cpp: rosidl_typesupport_fastrtps_cpp;rosidl_typesupport_introspection_cpp
[0.184s] -- Found rosidl_default_generators: 1.2.0 (/opt/ros/humble/share/rosidl_default_generators/cmake)
[0.402s] -- Found ament_cmake_ros: 0.10.0 (/opt/ros/humble/share/ament_cmake_ros/cmake)
[0.681s] -- Using all available rosidl_typesupport_c: rosidl_typesupport_fastrtps_c;rosidl_typesupport_introspection_c
[0.789s] -- Using all available rosidl_typesupport_cpp: rosidl_typesupport_fastrtps_cpp;rosidl_typesupport_introspection_cpp
[0.804s] -- Found python_cmake_module: 0.10.0 (/opt/ros/humble/share/python_cmake_module/cmake)
[0.823s] -- Found PythonLibs: /usr/lib/x86_64-linux-gnu/libpython3.10.so (found suitable version "3.10.12", minimum required is "3.5") 
[0.823s] -- Using PYTHON_EXECUTABLE: /usr/bin/python3.10
[0.823s] -- Using PYTHON_INCLUDE_DIRS: /usr/include/python3.10
[0.823s] -- Using PYTHON_LIBRARIES: /usr/lib/x86_64-linux-gnu/libpython3.10.so
[0.838s] -- Found PythonExtra: .so  
[0.879s] -- Found ament_lint_auto: 0.12.14 (/opt/ros/humble/share/ament_lint_auto/cmake)
[0.891s] -- Added test 'lint_cmake' to check CMake code style
[0.892s] -- Added test 'xmllint' to check XML markup files
[0.894s] -- Configuring done
[0.914s] -- Generating done
[0.922s] -- Build files have been written to: /home/whaly/isaac_ws/Isaacsim_ros2_ws/build/h1_msgs
[0.932s] Invoked command in '/home/whaly/isaac_ws/Isaacsim_ros2_ws/build/h1_msgs' returned '0': CMAKE_PREFIX_PATH=${CMAKE_PREFIX_PATH}:/home/whaly/isaac_ws/Isaacsim_ros2_ws/install/test_pkg:/home/whaly/isaac_ws/Isaacsim_ros2_ws/install/isaac_tutorials:/home/whaly/isaac_ws/Isaacsim_ros2_ws/install/h1_pkg:/home/whaly/isaac_ws/Isaacsim_ros2_ws/install/ackermann_control:/home/whaly/whaly_ws/install/whaly_pkg:/opt/ros/humble CONDA_PROMPT_MODIFIER=(base) /usr/bin/cmake /home/whaly/isaac_ws/Isaacsim_ros2_ws/src/h1_msgs -DAMENT_CMAKE_SYMLINK_INSTALL=1 -DCMAKE_INSTALL_PREFIX=/home/whaly/isaac_ws/Isaacsim_ros2_ws/install/h1_msgs
[0.934s] Invoking command in '/home/whaly/isaac_ws/Isaacsim_ros2_ws/build/h1_msgs': CMAKE_PREFIX_PATH=${CMAKE_PREFIX_PATH}:/home/whaly/isaac_ws/Isaacsim_ros2_ws/install/test_pkg:/home/whaly/isaac_ws/Isaacsim_ros2_ws/install/isaac_tutorials:/home/whaly/isaac_ws/Isaacsim_ros2_ws/install/h1_pkg:/home/whaly/isaac_ws/Isaacsim_ros2_ws/install/ackermann_control:/home/whaly/whaly_ws/install/whaly_pkg:/opt/ros/humble CONDA_PROMPT_MODIFIER=(base) /usr/bin/cmake --build /home/whaly/isaac_ws/Isaacsim_ros2_ws/build/h1_msgs -- -j16 -l16
[0.958s] [  3%] [34m[1mGenerating C code for ROS interfaces[0m
[0.964s] [  6%] [34m[1mGenerating C++ code for ROS interfaces[0m
[0.969s] [  6%] Built target ament_cmake_python_symlink_h1_msgs
[1.104s] running egg_info
[1.114s] creating h1_msgs.egg-info
[1.114s] writing h1_msgs.egg-info/PKG-INFO
[1.114s] writing dependency_links to h1_msgs.egg-info/dependency_links.txt
[1.115s] writing top-level names to h1_msgs.egg-info/top_level.txt
[1.115s] writing manifest file 'h1_msgs.egg-info/SOURCES.txt'
[1.131s] [  9%] [32mBuilding C object CMakeFiles/h1_msgs__rosidl_generator_c.dir/rosidl_generator_c/h1_msgs/msg/detail/proto_odom__functions.c.o[0m
[1.136s] [  9%] Built target h1_msgs__cpp
[1.142s] [ 12%] [34m[1mGenerating C++ type support dispatch for ROS interfaces[0m
[1.142s] [ 19%] [34m[1mGenerating C++ type support for eProsima Fast-RTPS[0m
[1.142s] [ 19%] [34m[1mGenerating C++ introspection for ROS interfaces[0m
[1.142s] reading manifest file 'h1_msgs.egg-info/SOURCES.txt'
[1.143s] writing manifest file 'h1_msgs.egg-info/SOURCES.txt'
[1.161s] [ 22%] [32m[1mLinking C shared library libh1_msgs__rosidl_generator_c.so[0m
[1.166s] [ 22%] Built target ament_cmake_python_build_h1_msgs_egg
[1.186s] [ 22%] Built target h1_msgs__rosidl_generator_c
[1.193s] [ 32%] [34m[1mGenerating C type support for eProsima Fast-RTPS[0m
[1.193s] [ 32%] [34m[1mGenerating C type support dispatch for ROS interfaces[0m
[1.194s] [ 32%] [34m[1mGenerating C introspection for ROS interfaces[0m
[1.291s] [ 35%] [32mBuilding CXX object CMakeFiles/h1_msgs__rosidl_typesupport_cpp.dir/rosidl_typesupport_cpp/h1_msgs/msg/proto_odom__type_support.cpp.o[0m
[1.349s] [ 38%] [32mBuilding CXX object CMakeFiles/h1_msgs__rosidl_typesupport_c.dir/rosidl_typesupport_c/h1_msgs/msg/proto_odom__type_support.cpp.o[0m
[1.367s] [ 41%] [32mBuilding CXX object CMakeFiles/h1_msgs__rosidl_typesupport_fastrtps_c.dir/rosidl_typesupport_fastrtps_c/h1_msgs/msg/detail/proto_odom__type_support_c.cpp.o[0m
[1.372s] [ 45%] [32mBuilding C object CMakeFiles/h1_msgs__rosidl_typesupport_introspection_c.dir/rosidl_typesupport_introspection_c/h1_msgs/msg/detail/proto_odom__type_support.c.o[0m
[1.380s] [ 48%] [32m[1mLinking CXX shared library libh1_msgs__rosidl_typesupport_c.so[0m
[1.403s] [ 51%] [32mBuilding CXX object CMakeFiles/h1_msgs__rosidl_typesupport_introspection_cpp.dir/rosidl_typesupport_introspection_cpp/h1_msgs/msg/detail/proto_odom__type_support.cpp.o[0m
[1.404s] [ 54%] [32m[1mLinking C shared library libh1_msgs__rosidl_typesupport_introspection_c.so[0m
[1.410s] [ 58%] [32mBuilding CXX object CMakeFiles/h1_msgs__rosidl_typesupport_fastrtps_cpp.dir/rosidl_typesupport_fastrtps_cpp/h1_msgs/msg/detail/dds_fastrtps/proto_odom__type_support.cpp.o[0m
[1.415s] [ 58%] Built target h1_msgs__rosidl_typesupport_c
[1.426s] [ 58%] Built target h1_msgs__rosidl_typesupport_introspection_c
[1.494s] [ 61%] [32m[1mLinking CXX shared library libh1_msgs__rosidl_typesupport_cpp.so[0m
[1.521s] [ 61%] Built target h1_msgs__rosidl_typesupport_cpp
[1.670s] [ 64%] [32m[1mLinking CXX shared library libh1_msgs__rosidl_typesupport_introspection_cpp.so[0m
[1.697s] [ 67%] [32m[1mLinking CXX shared library libh1_msgs__rosidl_typesupport_fastrtps_c.so[0m
[1.742s] [ 67%] Built target h1_msgs__rosidl_typesupport_introspection_cpp
[1.767s] [ 67%] Built target h1_msgs__rosidl_typesupport_fastrtps_c
[1.792s] [ 70%] [32m[1mLinking CXX shared library libh1_msgs__rosidl_typesupport_fastrtps_cpp.so[0m
[1.841s] [ 70%] Built target h1_msgs__rosidl_typesupport_fastrtps_cpp
[1.854s] [ 70%] Built target h1_msgs
[1.868s] [ 74%] [34m[1mGenerating Python code for ROS interfaces[0m
[2.065s] [ 74%] Built target h1_msgs__py
[2.077s] [ 77%] [32mBuilding C object CMakeFiles/h1_msgs__rosidl_generator_py.dir/rosidl_generator_py/h1_msgs/msg/_proto_odom_s.c.o[0m
[2.140s] [ 80%] [32m[1mLinking C shared library rosidl_generator_py/h1_msgs/libh1_msgs__rosidl_generator_py.so[0m
[2.167s] [ 80%] Built target h1_msgs__rosidl_generator_py
[2.181s] [ 90%] [32mBuilding C object CMakeFiles/h1_msgs__rosidl_typesupport_introspection_c__pyext.dir/rosidl_generator_py/h1_msgs/_h1_msgs_s.ep.rosidl_typesupport_introspection_c.c.o[0m
[2.181s] [ 90%] [32mBuilding C object CMakeFiles/h1_msgs__rosidl_typesupport_c__pyext.dir/rosidl_generator_py/h1_msgs/_h1_msgs_s.ep.rosidl_typesupport_c.c.o[0m
[2.181s] [ 90%] [32mBuilding C object CMakeFiles/h1_msgs__rosidl_typesupport_fastrtps_c__pyext.dir/rosidl_generator_py/h1_msgs/_h1_msgs_s.ep.rosidl_typesupport_fastrtps_c.c.o[0m
[2.242s] [ 93%] [32m[1mLinking C shared library rosidl_generator_py/h1_msgs/h1_msgs_s__rosidl_typesupport_c.cpython-310-x86_64-linux-gnu.so[0m
[2.247s] [ 96%] [32m[1mLinking C shared library rosidl_generator_py/h1_msgs/h1_msgs_s__rosidl_typesupport_introspection_c.cpython-310-x86_64-linux-gnu.so[0m
[2.251s] [100%] [32m[1mLinking C shared library rosidl_generator_py/h1_msgs/h1_msgs_s__rosidl_typesupport_fastrtps_c.cpython-310-x86_64-linux-gnu.so[0m
[2.268s] [100%] Built target h1_msgs__rosidl_typesupport_c__pyext
[2.272s] [100%] Built target h1_msgs__rosidl_typesupport_introspection_c__pyext
[2.279s] [100%] Built target h1_msgs__rosidl_typesupport_fastrtps_c__pyext
[2.287s] Invoked command in '/home/whaly/isaac_ws/Isaacsim_ros2_ws/build/h1_msgs' returned '0': CMAKE_PREFIX_PATH=${CMAKE_PREFIX_PATH}:/home/whaly/isaac_ws/Isaacsim_ros2_ws/install/test_pkg:/home/whaly/isaac_ws/Isaacsim_ros2_ws/install/isaac_tutorials:/home/whaly/isaac_ws/Isaacsim_ros2_ws/install/h1_pkg:/home/whaly/isaac_ws/Isaacsim_ros2_ws/install/ackermann_control:/home/whaly/whaly_ws/install/whaly_pkg:/opt/ros/humble CONDA_PROMPT_MODIFIER=(base) /usr/bin/cmake --build /home/whaly/isaac_ws/Isaacsim_ros2_ws/build/h1_msgs -- -j16 -l16
[2.293s] Invoking command in '/home/whaly/isaac_ws/Isaacsim_ros2_ws/build/h1_msgs': CMAKE_PREFIX_PATH=${CMAKE_PREFIX_PATH}:/home/whaly/isaac_ws/Isaacsim_ros2_ws/install/test_pkg:/home/whaly/isaac_ws/Isaacsim_ros2_ws/install/isaac_tutorials:/home/whaly/isaac_ws/Isaacsim_ros2_ws/install/h1_pkg:/home/whaly/isaac_ws/Isaacsim_ros2_ws/install/ackermann_control:/home/whaly/whaly_ws/install/whaly_pkg:/opt/ros/humble CONDA_PROMPT_MODIFIER=(base) /usr/bin/cmake --install /home/whaly/isaac_ws/Isaacsim_ros2_ws/build/h1_msgs
[2.298s] -- Install configuration: ""
[2.299s] -- Execute custom install script
[2.299s] -- Symlinking: /home/whaly/isaac_ws/Isaacsim_ros2_ws/install/h1_msgs/share/ament_index/resource_index/rosidl_interfaces/h1_msgs
[2.304s] -- Symlinking: /home/whaly/isaac_ws/Isaacsim_ros2_ws/install/h1_msgs/include/h1_msgs/h1_msgs/msg/detail/proto_odom__functions.h
[2.310s] -- Symlinking: /home/whaly/isaac_ws/Isaacsim_ros2_ws/install/h1_msgs/include/h1_msgs/h1_msgs/msg/detail/proto_odom__struct.h
[2.315s] -- Symlinking: /home/whaly/isaac_ws/Isaacsim_ros2_ws/install/h1_msgs/include/h1_msgs/h1_msgs/msg/detail/proto_odom__type_support.h
[2.320s] -- Symlinking: /home/whaly/isaac_ws/Isaacsim_ros2_ws/install/h1_msgs/include/h1_msgs/h1_msgs/msg/proto_odom.h
[2.324s] -- Symlinking: /home/whaly/isaac_ws/Isaacsim_ros2_ws/install/h1_msgs/include/h1_msgs/h1_msgs/msg/rosidl_generator_c__visibility_control.h
[2.330s] -- Symlinking: /home/whaly/isaac_ws/Isaacsim_ros2_ws/install/h1_msgs/share/h1_msgs/environment/library_path.sh
[2.336s] -- Symlinking: /home/whaly/isaac_ws/Isaacsim_ros2_ws/install/h1_msgs/share/h1_msgs/environment/library_path.dsv
[2.341s] -- Symlinking: /home/whaly/isaac_ws/Isaacsim_ros2_ws/install/h1_msgs/include/h1_msgs/h1_msgs/msg/detail/proto_odom__rosidl_typesupport_fastrtps_c.h
[2.347s] -- Symlinking: /home/whaly/isaac_ws/Isaacsim_ros2_ws/install/h1_msgs/include/h1_msgs/h1_msgs/msg/rosidl_typesupport_fastrtps_c__visibility_control.h
[2.352s] -- Symlinking: /home/whaly/isaac_ws/Isaacsim_ros2_ws/install/h1_msgs/include/h1_msgs/h1_msgs/msg/detail/proto_odom__builder.hpp
[2.358s] -- Symlinking: /home/whaly/isaac_ws/Isaacsim_ros2_ws/install/h1_msgs/include/h1_msgs/h1_msgs/msg/detail/proto_odom__struct.hpp
[2.363s] -- Symlinking: /home/whaly/isaac_ws/Isaacsim_ros2_ws/install/h1_msgs/include/h1_msgs/h1_msgs/msg/detail/proto_odom__traits.hpp
[2.368s] -- Symlinking: /home/whaly/isaac_ws/Isaacsim_ros2_ws/install/h1_msgs/include/h1_msgs/h1_msgs/msg/detail/proto_odom__type_support.hpp
[2.373s] -- Symlinking: /home/whaly/isaac_ws/Isaacsim_ros2_ws/install/h1_msgs/include/h1_msgs/h1_msgs/msg/proto_odom.hpp
[2.379s] -- Symlinking: /home/whaly/isaac_ws/Isaacsim_ros2_ws/install/h1_msgs/include/h1_msgs/h1_msgs/msg/rosidl_generator_cpp__visibility_control.hpp
[2.385s] -- Symlinking: /home/whaly/isaac_ws/Isaacsim_ros2_ws/install/h1_msgs/include/h1_msgs/h1_msgs/msg/detail/proto_odom__rosidl_typesupport_fastrtps_cpp.hpp
[2.390s] -- Symlinking: /home/whaly/isaac_ws/Isaacsim_ros2_ws/install/h1_msgs/include/h1_msgs/h1_msgs/msg/rosidl_typesupport_fastrtps_cpp__visibility_control.h
[2.395s] -- Symlinking: /home/whaly/isaac_ws/Isaacsim_ros2_ws/install/h1_msgs/include/h1_msgs/h1_msgs/msg/detail/proto_odom__rosidl_typesupport_introspection_c.h
[2.400s] -- Symlinking: /home/whaly/isaac_ws/Isaacsim_ros2_ws/install/h1_msgs/include/h1_msgs/h1_msgs/msg/rosidl_typesupport_introspection_c__visibility_control.h
[2.406s] -- Symlinking: /home/whaly/isaac_ws/Isaacsim_ros2_ws/install/h1_msgs/include/h1_msgs/h1_msgs/msg/detail/proto_odom__rosidl_typesupport_introspection_cpp.hpp
[2.411s] -- Symlinking: /home/whaly/isaac_ws/Isaacsim_ros2_ws/install/h1_msgs/share/h1_msgs/environment/pythonpath.sh
[2.416s] -- Symlinking: /home/whaly/isaac_ws/Isaacsim_ros2_ws/install/h1_msgs/share/h1_msgs/environment/pythonpath.dsv
[2.422s] -- Symlinking: /home/whaly/isaac_ws/Isaacsim_ros2_ws/install/h1_msgs/lib/python3.13/site-packages/h1_msgs-0.0.0-py3.13.egg-info/PKG-INFO
[2.427s] -- Symlinking: /home/whaly/isaac_ws/Isaacsim_ros2_ws/install/h1_msgs/lib/python3.13/site-packages/h1_msgs-0.0.0-py3.13.egg-info/SOURCES.txt
[2.433s] -- Symlinking: /home/whaly/isaac_ws/Isaacsim_ros2_ws/install/h1_msgs/lib/python3.13/site-packages/h1_msgs-0.0.0-py3.13.egg-info/dependency_links.txt
[2.438s] -- Symlinking: /home/whaly/isaac_ws/Isaacsim_ros2_ws/install/h1_msgs/lib/python3.13/site-packages/h1_msgs-0.0.0-py3.13.egg-info/top_level.txt
[2.444s] -- Symlinking: /home/whaly/isaac_ws/Isaacsim_ros2_ws/install/h1_msgs/lib/python3.13/site-packages/h1_msgs/__init__.py
[2.449s] -- Symlinking: /home/whaly/isaac_ws/Isaacsim_ros2_ws/install/h1_msgs/lib/python3.13/site-packages/h1_msgs/_h1_msgs_s.ep.rosidl_typesupport_c.c
[2.455s] -- Symlinking: /home/whaly/isaac_ws/Isaacsim_ros2_ws/install/h1_msgs/lib/python3.13/site-packages/h1_msgs/_h1_msgs_s.ep.rosidl_typesupport_fastrtps_c.c
[2.460s] -- Symlinking: /home/whaly/isaac_ws/Isaacsim_ros2_ws/install/h1_msgs/lib/python3.13/site-packages/h1_msgs/_h1_msgs_s.ep.rosidl_typesupport_introspection_c.c
[2.465s] -- Symlinking: /home/whaly/isaac_ws/Isaacsim_ros2_ws/install/h1_msgs/lib/python3.13/site-packages/h1_msgs/h1_msgs_s__rosidl_typesupport_c.cpython-310-x86_64-linux-gnu.so
[2.471s] -- Symlinking: /home/whaly/isaac_ws/Isaacsim_ros2_ws/install/h1_msgs/lib/python3.13/site-packages/h1_msgs/h1_msgs_s__rosidl_typesupport_fastrtps_c.cpython-310-x86_64-linux-gnu.so
[2.476s] -- Symlinking: /home/whaly/isaac_ws/Isaacsim_ros2_ws/install/h1_msgs/lib/python3.13/site-packages/h1_msgs/h1_msgs_s__rosidl_typesupport_introspection_c.cpython-310-x86_64-linux-gnu.so
[2.482s] -- Symlinking: /home/whaly/isaac_ws/Isaacsim_ros2_ws/install/h1_msgs/lib/python3.13/site-packages/h1_msgs/libh1_msgs__rosidl_generator_py.so
[2.488s] -- Symlinking: /home/whaly/isaac_ws/Isaacsim_ros2_ws/install/h1_msgs/lib/python3.13/site-packages/h1_msgs/msg/__init__.py
[2.493s] -- Symlinking: /home/whaly/isaac_ws/Isaacsim_ros2_ws/install/h1_msgs/lib/python3.13/site-packages/h1_msgs/msg/_proto_odom.py
[2.498s] -- Symlinking: /home/whaly/isaac_ws/Isaacsim_ros2_ws/install/h1_msgs/lib/python3.13/site-packages/h1_msgs/msg/_proto_odom_s.c
[2.504s] -- Up-to-date symlink: /home/whaly/isaac_ws/Isaacsim_ros2_ws/install/h1_msgs/lib/python3.13/site-packages/h1_msgs/h1_msgs_s__rosidl_typesupport_fastrtps_c.cpython-310-x86_64-linux-gnu.so
[2.504s] -- Up-to-date symlink: /home/whaly/isaac_ws/Isaacsim_ros2_ws/install/h1_msgs/lib/python3.13/site-packages/h1_msgs/h1_msgs_s__rosidl_typesupport_introspection_c.cpython-310-x86_64-linux-gnu.so
[2.504s] -- Up-to-date symlink: /home/whaly/isaac_ws/Isaacsim_ros2_ws/install/h1_msgs/lib/python3.13/site-packages/h1_msgs/h1_msgs_s__rosidl_typesupport_c.cpython-310-x86_64-linux-gnu.so
[2.504s] -- Symlinking: /home/whaly/isaac_ws/Isaacsim_ros2_ws/install/h1_msgs/share/h1_msgs/msg/ProtoOdom.idl
[2.509s] -- Symlinking: /home/whaly/isaac_ws/Isaacsim_ros2_ws/install/h1_msgs/share/h1_msgs/msg/ProtoOdom.msg
[2.515s] -- Symlinking: /home/whaly/isaac_ws/Isaacsim_ros2_ws/install/h1_msgs/share/ament_index/resource_index/package_run_dependencies/h1_msgs
[2.521s] -- Symlinking: /home/whaly/isaac_ws/Isaacsim_ros2_ws/install/h1_msgs/share/ament_index/resource_index/parent_prefix_path/h1_msgs
[2.526s] -- Symlinking: /home/whaly/isaac_ws/Isaacsim_ros2_ws/install/h1_msgs/share/h1_msgs/environment/ament_prefix_path.sh
[2.532s] -- Symlinking: /home/whaly/isaac_ws/Isaacsim_ros2_ws/install/h1_msgs/share/h1_msgs/environment/ament_prefix_path.dsv
[2.537s] -- Symlinking: /home/whaly/isaac_ws/Isaacsim_ros2_ws/install/h1_msgs/share/h1_msgs/environment/path.sh
[2.542s] -- Symlinking: /home/whaly/isaac_ws/Isaacsim_ros2_ws/install/h1_msgs/share/h1_msgs/environment/path.dsv
[2.547s] -- Symlinking: /home/whaly/isaac_ws/Isaacsim_ros2_ws/install/h1_msgs/share/h1_msgs/local_setup.bash
[2.553s] -- Symlinking: /home/whaly/isaac_ws/Isaacsim_ros2_ws/install/h1_msgs/share/h1_msgs/local_setup.sh
[2.558s] -- Symlinking: /home/whaly/isaac_ws/Isaacsim_ros2_ws/install/h1_msgs/share/h1_msgs/local_setup.zsh
[2.563s] -- Symlinking: /home/whaly/isaac_ws/Isaacsim_ros2_ws/install/h1_msgs/share/h1_msgs/local_setup.dsv
[2.568s] -- Symlinking: /home/whaly/isaac_ws/Isaacsim_ros2_ws/install/h1_msgs/share/h1_msgs/package.dsv
[2.573s] -- Symlinking: /home/whaly/isaac_ws/Isaacsim_ros2_ws/install/h1_msgs/share/ament_index/resource_index/packages/h1_msgs
[2.578s] -- Symlinking: /home/whaly/isaac_ws/Isaacsim_ros2_ws/install/h1_msgs/share/h1_msgs/cmake/rosidl_cmake-extras.cmake
[2.582s] -- Symlinking: /home/whaly/isaac_ws/Isaacsim_ros2_ws/install/h1_msgs/share/h1_msgs/cmake/ament_cmake_export_dependencies-extras.cmake
[2.588s] -- Symlinking: /home/whaly/isaac_ws/Isaacsim_ros2_ws/install/h1_msgs/share/h1_msgs/cmake/ament_cmake_export_include_directories-extras.cmake
[2.593s] -- Symlinking: /home/whaly/isaac_ws/Isaacsim_ros2_ws/install/h1_msgs/share/h1_msgs/cmake/ament_cmake_export_libraries-extras.cmake
[2.598s] -- Symlinking: /home/whaly/isaac_ws/Isaacsim_ros2_ws/install/h1_msgs/share/h1_msgs/cmake/ament_cmake_export_targets-extras.cmake
[2.603s] -- Symlinking: /home/whaly/isaac_ws/Isaacsim_ros2_ws/install/h1_msgs/share/h1_msgs/cmake/rosidl_cmake_export_typesupport_targets-extras.cmake
[2.608s] -- Symlinking: /home/whaly/isaac_ws/Isaacsim_ros2_ws/install/h1_msgs/share/h1_msgs/cmake/rosidl_cmake_export_typesupport_libraries-extras.cmake
[2.613s] -- Symlinking: /home/whaly/isaac_ws/Isaacsim_ros2_ws/install/h1_msgs/share/h1_msgs/cmake/h1_msgsConfig.cmake
[2.618s] -- Symlinking: /home/whaly/isaac_ws/Isaacsim_ros2_ws/install/h1_msgs/share/h1_msgs/cmake/h1_msgsConfig-version.cmake
[2.623s] -- Symlinking: /home/whaly/isaac_ws/Isaacsim_ros2_ws/install/h1_msgs/share/h1_msgs/package.xml
[2.628s] -- Installing: /home/whaly/isaac_ws/Isaacsim_ros2_ws/install/h1_msgs/lib/libh1_msgs__rosidl_generator_c.so
[2.628s] -- Set runtime path of "/home/whaly/isaac_ws/Isaacsim_ros2_ws/install/h1_msgs/lib/libh1_msgs__rosidl_generator_c.so" to ""
[2.628s] -- Installing: /home/whaly/isaac_ws/Isaacsim_ros2_ws/install/h1_msgs/lib/libh1_msgs__rosidl_typesupport_fastrtps_c.so
[2.628s] -- Set runtime path of "/home/whaly/isaac_ws/Isaacsim_ros2_ws/install/h1_msgs/lib/libh1_msgs__rosidl_typesupport_fastrtps_c.so" to ""
[2.628s] -- Installing: /home/whaly/isaac_ws/Isaacsim_ros2_ws/install/h1_msgs/lib/libh1_msgs__rosidl_typesupport_fastrtps_cpp.so
[2.629s] -- Set runtime path of "/home/whaly/isaac_ws/Isaacsim_ros2_ws/install/h1_msgs/lib/libh1_msgs__rosidl_typesupport_fastrtps_cpp.so" to ""
[2.629s] -- Installing: /home/whaly/isaac_ws/Isaacsim_ros2_ws/install/h1_msgs/lib/libh1_msgs__rosidl_typesupport_introspection_c.so
[2.629s] -- Set runtime path of "/home/whaly/isaac_ws/Isaacsim_ros2_ws/install/h1_msgs/lib/libh1_msgs__rosidl_typesupport_introspection_c.so" to ""
[2.629s] -- Installing: /home/whaly/isaac_ws/Isaacsim_ros2_ws/install/h1_msgs/lib/libh1_msgs__rosidl_typesupport_c.so
[2.629s] -- Set runtime path of "/home/whaly/isaac_ws/Isaacsim_ros2_ws/install/h1_msgs/lib/libh1_msgs__rosidl_typesupport_c.so" to ""
[2.629s] -- Installing: /home/whaly/isaac_ws/Isaacsim_ros2_ws/install/h1_msgs/lib/libh1_msgs__rosidl_typesupport_introspection_cpp.so
[2.629s] -- Set runtime path of "/home/whaly/isaac_ws/Isaacsim_ros2_ws/install/h1_msgs/lib/libh1_msgs__rosidl_typesupport_introspection_cpp.so" to ""
[2.629s] -- Installing: /home/whaly/isaac_ws/Isaacsim_ros2_ws/install/h1_msgs/lib/libh1_msgs__rosidl_typesupport_cpp.so
[2.630s] -- Set runtime path of "/home/whaly/isaac_ws/Isaacsim_ros2_ws/install/h1_msgs/lib/libh1_msgs__rosidl_typesupport_cpp.so" to ""
[2.655s] Listing '/home/whaly/isaac_ws/Isaacsim_ros2_ws/install/h1_msgs/lib/python3.13/site-packages/h1_msgs'...
[2.655s] Compiling '/home/whaly/isaac_ws/Isaacsim_ros2_ws/install/h1_msgs/lib/python3.13/site-packages/h1_msgs/__init__.py'...
[2.655s] Listing '/home/whaly/isaac_ws/Isaacsim_ros2_ws/install/h1_msgs/lib/python3.13/site-packages/h1_msgs/msg'...
[2.655s] Compiling '/home/whaly/isaac_ws/Isaacsim_ros2_ws/install/h1_msgs/lib/python3.13/site-packages/h1_msgs/msg/__init__.py'...
[2.655s] Compiling '/home/whaly/isaac_ws/Isaacsim_ros2_ws/install/h1_msgs/lib/python3.13/site-packages/h1_msgs/msg/_proto_odom.py'...
[2.659s] -- Installing: /home/whaly/isaac_ws/Isaacsim_ros2_ws/install/h1_msgs/lib/libh1_msgs__rosidl_generator_py.so
[2.659s] -- Set runtime path of "/home/whaly/isaac_ws/Isaacsim_ros2_ws/install/h1_msgs/lib/libh1_msgs__rosidl_generator_py.so" to ""
[2.659s] -- Installing: /home/whaly/isaac_ws/Isaacsim_ros2_ws/install/h1_msgs/share/h1_msgs/cmake/export_h1_msgs__rosidl_generator_cExport.cmake
[2.659s] -- Installing: /home/whaly/isaac_ws/Isaacsim_ros2_ws/install/h1_msgs/share/h1_msgs/cmake/export_h1_msgs__rosidl_generator_cExport-noconfig.cmake
[2.659s] -- Installing: /home/whaly/isaac_ws/Isaacsim_ros2_ws/install/h1_msgs/share/h1_msgs/cmake/export_h1_msgs__rosidl_typesupport_fastrtps_cExport.cmake
[2.659s] -- Installing: /home/whaly/isaac_ws/Isaacsim_ros2_ws/install/h1_msgs/share/h1_msgs/cmake/export_h1_msgs__rosidl_typesupport_fastrtps_cExport-noconfig.cmake
[2.659s] -- Installing: /home/whaly/isaac_ws/Isaacsim_ros2_ws/install/h1_msgs/share/h1_msgs/cmake/export_h1_msgs__rosidl_generator_cppExport.cmake
[2.660s] -- Installing: /home/whaly/isaac_ws/Isaacsim_ros2_ws/install/h1_msgs/share/h1_msgs/cmake/export_h1_msgs__rosidl_typesupport_fastrtps_cppExport.cmake
[2.660s] -- Installing: /home/whaly/isaac_ws/Isaacsim_ros2_ws/install/h1_msgs/share/h1_msgs/cmake/export_h1_msgs__rosidl_typesupport_fastrtps_cppExport-noconfig.cmake
[2.660s] -- Installing: /home/whaly/isaac_ws/Isaacsim_ros2_ws/install/h1_msgs/share/h1_msgs/cmake/h1_msgs__rosidl_typesupport_introspection_cExport.cmake
[2.660s] -- Installing: /home/whaly/isaac_ws/Isaacsim_ros2_ws/install/h1_msgs/share/h1_msgs/cmake/h1_msgs__rosidl_typesupport_introspection_cExport-noconfig.cmake
[2.660s] -- Installing: /home/whaly/isaac_ws/Isaacsim_ros2_ws/install/h1_msgs/share/h1_msgs/cmake/h1_msgs__rosidl_typesupport_cExport.cmake
[2.660s] -- Installing: /home/whaly/isaac_ws/Isaacsim_ros2_ws/install/h1_msgs/share/h1_msgs/cmake/h1_msgs__rosidl_typesupport_cExport-noconfig.cmake
[2.660s] -- Installing: /home/whaly/isaac_ws/Isaacsim_ros2_ws/install/h1_msgs/share/h1_msgs/cmake/h1_msgs__rosidl_typesupport_introspection_cppExport.cmake
[2.660s] -- Installing: /home/whaly/isaac_ws/Isaacsim_ros2_ws/install/h1_msgs/share/h1_msgs/cmake/h1_msgs__rosidl_typesupport_introspection_cppExport-noconfig.cmake
[2.660s] -- Installing: /home/whaly/isaac_ws/Isaacsim_ros2_ws/install/h1_msgs/share/h1_msgs/cmake/h1_msgs__rosidl_typesupport_cppExport.cmake
[2.660s] -- Installing: /home/whaly/isaac_ws/Isaacsim_ros2_ws/install/h1_msgs/share/h1_msgs/cmake/h1_msgs__rosidl_typesupport_cppExport-noconfig.cmake
[2.660s] -- Installing: /home/whaly/isaac_ws/Isaacsim_ros2_ws/install/h1_msgs/share/h1_msgs/cmake/export_h1_msgs__rosidl_generator_pyExport.cmake
[2.660s] -- Installing: /home/whaly/isaac_ws/Isaacsim_ros2_ws/install/h1_msgs/share/h1_msgs/cmake/export_h1_msgs__rosidl_generator_pyExport-noconfig.cmake
[2.662s] Invoked command in '/home/whaly/isaac_ws/Isaacsim_ros2_ws/build/h1_msgs' returned '0': CMAKE_PREFIX_PATH=${CMAKE_PREFIX_PATH}:/home/whaly/isaac_ws/Isaacsim_ros2_ws/install/test_pkg:/home/whaly/isaac_ws/Isaacsim_ros2_ws/install/isaac_tutorials:/home/whaly/isaac_ws/Isaacsim_ros2_ws/install/h1_pkg:/home/whaly/isaac_ws/Isaacsim_ros2_ws/install/ackermann_control:/home/whaly/whaly_ws/install/whaly_pkg:/opt/ros/humble CONDA_PROMPT_MODIFIER=(base) /usr/bin/cmake --install /home/whaly/isaac_ws/Isaacsim_ros2_ws/build/h1_msgs
