running egg_info
writing ../../build/h1_locomotion_policy/h1_locomotion_policy.egg-info/PKG-INFO
writing dependency_links to ../../build/h1_locomotion_policy/h1_locomotion_policy.egg-info/dependency_links.txt
writing entry points to ../../build/h1_locomotion_policy/h1_locomotion_policy.egg-info/entry_points.txt
writing requirements to ../../build/h1_locomotion_policy/h1_locomotion_policy.egg-info/requires.txt
writing top-level names to ../../build/h1_locomotion_policy/h1_locomotion_policy.egg-info/top_level.txt
reading manifest file '../../build/h1_locomotion_policy/h1_locomotion_policy.egg-info/SOURCES.txt'
writing manifest file '../../build/h1_locomotion_policy/h1_locomotion_policy.egg-info/SOURCES.txt'
running build
running build_py
copying h1_locomotion_policy/h1_fullbody_controller.py -> /home/whaly/isaac_ws/Isaacsim_ros2_ws/build/h1_locomotion_policy/build/lib/h1_locomotion_policy
running install
running install_lib
copying /home/whaly/isaac_ws/Isaacsim_ros2_ws/build/h1_locomotion_policy/build/lib/h1_locomotion_policy/h1_fullbody_controller.py -> /home/whaly/isaac_ws/Isaacsim_ros2_ws/install/h1_locomotion_policy/lib/python3.10/site-packages/h1_locomotion_policy
byte-compiling /home/whaly/isaac_ws/Isaacsim_ros2_ws/install/h1_locomotion_policy/lib/python3.10/site-packages/h1_locomotion_policy/h1_fullbody_controller.py to h1_fullbody_controller.cpython-310.pyc
running install_data
running install_egg_info
removing '/home/whaly/isaac_ws/Isaacsim_ros2_ws/install/h1_locomotion_policy/lib/python3.10/site-packages/h1_locomotion_policy-0.0.0-py3.10.egg-info' (and everything under it)
Copying ../../build/h1_locomotion_policy/h1_locomotion_policy.egg-info to /home/whaly/isaac_ws/Isaacsim_ros2_ws/install/h1_locomotion_policy/lib/python3.10/site-packages/h1_locomotion_policy-0.0.0-py3.10.egg-info
running install_scripts
Installing h1_controller script to /home/whaly/isaac_ws/Isaacsim_ros2_ws/install/h1_locomotion_policy/lib/h1_locomotion_policy
writing list of installed files to '/home/whaly/isaac_ws/Isaacsim_ros2_ws/build/h1_locomotion_policy/install.log'
