[1.149s] Invoking command in '/home/whaly/isaac_ws/Isaacsim_ros2_ws/src/h1_lococmotion_policy': PYTHONPATH=/home/whaly/isaac_ws/Isaacsim_ros2_ws/build/h1_locomotion_policy/prefix_override:/usr/lib/python3/dist-packages/colcon_core/task/python/colcon_distutils_commands:/home/whaly/isaac_ws/Isaacsim_ros2_ws/install/h1_locomotion_policy/lib/python3.10/site-packages:${PYTHONPATH} /usr/bin/python3 -W ignore:setup.py install is deprecated -W ignore:easy_install command is deprecated setup.py egg_info --egg-base ../../build/h1_locomotion_policy build --build-base /home/whaly/isaac_ws/Isaacsim_ros2_ws/build/h1_locomotion_policy/build install --record /home/whaly/isaac_ws/Isaacsim_ros2_ws/build/h1_locomotion_policy/install.log --single-version-externally-managed install_data
[1.333s] running egg_info
[1.334s] writing ../../build/h1_locomotion_policy/h1_locomotion_policy.egg-info/PKG-INFO
[1.334s] writing dependency_links to ../../build/h1_locomotion_policy/h1_locomotion_policy.egg-info/dependency_links.txt
[1.334s] writing entry points to ../../build/h1_locomotion_policy/h1_locomotion_policy.egg-info/entry_points.txt
[1.335s] writing requirements to ../../build/h1_locomotion_policy/h1_locomotion_policy.egg-info/requires.txt
[1.335s] writing top-level names to ../../build/h1_locomotion_policy/h1_locomotion_policy.egg-info/top_level.txt
[1.336s] reading manifest file '../../build/h1_locomotion_policy/h1_locomotion_policy.egg-info/SOURCES.txt'
[1.336s] writing manifest file '../../build/h1_locomotion_policy/h1_locomotion_policy.egg-info/SOURCES.txt'
[1.336s] running build
[1.337s] running build_py
[1.337s] copying h1_locomotion_policy/h1_fullbody_controller.py -> /home/whaly/isaac_ws/Isaacsim_ros2_ws/build/h1_locomotion_policy/build/lib/h1_locomotion_policy
[1.337s] running install
[1.337s] running install_lib
[1.338s] copying /home/whaly/isaac_ws/Isaacsim_ros2_ws/build/h1_locomotion_policy/build/lib/h1_locomotion_policy/h1_fullbody_controller.py -> /home/whaly/isaac_ws/Isaacsim_ros2_ws/install/h1_locomotion_policy/lib/python3.10/site-packages/h1_locomotion_policy
[1.338s] byte-compiling /home/whaly/isaac_ws/Isaacsim_ros2_ws/install/h1_locomotion_policy/lib/python3.10/site-packages/h1_locomotion_policy/h1_fullbody_controller.py to h1_fullbody_controller.cpython-310.pyc
[1.340s] running install_data
[1.340s] running install_egg_info
[1.341s] removing '/home/whaly/isaac_ws/Isaacsim_ros2_ws/install/h1_locomotion_policy/lib/python3.10/site-packages/h1_locomotion_policy-0.0.0-py3.10.egg-info' (and everything under it)
[1.342s] Copying ../../build/h1_locomotion_policy/h1_locomotion_policy.egg-info to /home/whaly/isaac_ws/Isaacsim_ros2_ws/install/h1_locomotion_policy/lib/python3.10/site-packages/h1_locomotion_policy-0.0.0-py3.10.egg-info
[1.342s] running install_scripts
[1.358s] Installing h1_controller script to /home/whaly/isaac_ws/Isaacsim_ros2_ws/install/h1_locomotion_policy/lib/h1_locomotion_policy
[1.359s] writing list of installed files to '/home/whaly/isaac_ws/Isaacsim_ros2_ws/build/h1_locomotion_policy/install.log'
[1.379s] Invoked command in '/home/whaly/isaac_ws/Isaacsim_ros2_ws/src/h1_lococmotion_policy' returned '0': PYTHONPATH=/home/whaly/isaac_ws/Isaacsim_ros2_ws/build/h1_locomotion_policy/prefix_override:/usr/lib/python3/dist-packages/colcon_core/task/python/colcon_distutils_commands:/home/whaly/isaac_ws/Isaacsim_ros2_ws/install/h1_locomotion_policy/lib/python3.10/site-packages:${PYTHONPATH} /usr/bin/python3 -W ignore:setup.py install is deprecated -W ignore:easy_install command is deprecated setup.py egg_info --egg-base ../../build/h1_locomotion_policy build --build-base /home/whaly/isaac_ws/Isaacsim_ros2_ws/build/h1_locomotion_policy/build install --record /home/whaly/isaac_ws/Isaacsim_ros2_ws/build/h1_locomotion_policy/install.log --single-version-externally-managed install_data
