[0.031s] Invoking command in '/home/whaly/isaac_ws/Isaacsim_ros2_ws/build/h1_msgs': CMAKE_PREFIX_PATH=${CMAKE_PREFIX_PATH}:/home/whaly/ros2_addons_ws/install/ros2_controllers_test_nodes:/home/whaly/rl_ws/rl_sar-main/install/robot_py_controller:/home/whaly/Downloads/URDF_ws/install/full_body_description:/home/whaly/isaac_ws/Isaacsim_ros2_ws/install/test_pkg:/home/whaly/isaac_ws/Isaacsim_ros2_ws/install/isaac_tutorials:/home/whaly/isaac_ws/Isaacsim_ros2_ws/install/h1_pkg:/home/whaly/isaac_ws/Isaacsim_ros2_ws/install/ackermann_control:/home/whaly/whaly_ws/install/whaly_pkg:/opt/ros/humble /usr/bin/cmake --build /home/whaly/isaac_ws/Isaacsim_ros2_ws/build/h1_msgs -- -j16 -l16
[0.508s] [35m[1mConsolidate compiler generated dependencies of target h1_msgs__rosidl_generator_c[0m
[0.509s] [  3%] Built target h1_msgs__cpp
[0.509s] [ 12%] Built target h1_msgs__rosidl_generator_c
[0.509s] [ 12%] Built target ament_cmake_python_copy_h1_msgs
[0.509s] [35m[1mConsolidate compiler generated dependencies of target h1_msgs__rosidl_typesupport_cpp[0m
[0.509s] [35m[1mConsolidate compiler generated dependencies of target h1_msgs__rosidl_typesupport_introspection_c[0m
[0.509s] [35m[1mConsolidate compiler generated dependencies of target h1_msgs__rosidl_typesupport_fastrtps_cpp[0m
[0.509s] [35m[1mConsolidate compiler generated dependencies of target h1_msgs__rosidl_typesupport_fastrtps_c[0m
[0.509s] [35m[1mConsolidate compiler generated dependencies of target h1_msgs__rosidl_typesupport_c[0m
[0.509s] [35m[1mConsolidate compiler generated dependencies of target h1_msgs__rosidl_typesupport_introspection_cpp[0m
[0.509s] [ 22%] Built target h1_msgs__rosidl_typesupport_c
[0.510s] [ 32%] Built target h1_msgs__rosidl_typesupport_cpp
[0.510s] [ 45%] Built target h1_msgs__rosidl_typesupport_fastrtps_cpp
[0.510s] [ 51%] Built target h1_msgs__rosidl_typesupport_introspection_c
[0.510s] [ 61%] Built target h1_msgs__rosidl_typesupport_fastrtps_c
[0.510s] [ 70%] Built target h1_msgs__rosidl_typesupport_introspection_cpp
[0.510s] [ 70%] Built target h1_msgs
[0.510s] [ 74%] Built target h1_msgs__py
[0.510s] [35m[1mConsolidate compiler generated dependencies of target h1_msgs__rosidl_generator_py[0m
[0.510s] [ 80%] Built target h1_msgs__rosidl_generator_py
[0.510s] [35m[1mConsolidate compiler generated dependencies of target h1_msgs__rosidl_typesupport_c__pyext[0m
[0.510s] [35m[1mConsolidate compiler generated dependencies of target h1_msgs__rosidl_typesupport_fastrtps_c__pyext[0m
[0.510s] [35m[1mConsolidate compiler generated dependencies of target h1_msgs__rosidl_typesupport_introspection_c__pyext[0m
[0.510s] [100%] Built target h1_msgs__rosidl_typesupport_c__pyext
[0.511s] [100%] Built target h1_msgs__rosidl_typesupport_fastrtps_c__pyext
[0.511s] [100%] Built target h1_msgs__rosidl_typesupport_introspection_c__pyext
[0.511s] running egg_info
[0.511s] writing h1_msgs.egg-info/PKG-INFO
[0.511s] writing dependency_links to h1_msgs.egg-info/dependency_links.txt
[0.511s] writing top-level names to h1_msgs.egg-info/top_level.txt
[0.511s] reading manifest file 'h1_msgs.egg-info/SOURCES.txt'
[0.511s] writing manifest file 'h1_msgs.egg-info/SOURCES.txt'
[0.511s] [100%] Built target ament_cmake_python_build_h1_msgs_egg
[0.714s] Invoked command in '/home/whaly/isaac_ws/Isaacsim_ros2_ws/build/h1_msgs' returned '0': CMAKE_PREFIX_PATH=${CMAKE_PREFIX_PATH}:/home/whaly/ros2_addons_ws/install/ros2_controllers_test_nodes:/home/whaly/rl_ws/rl_sar-main/install/robot_py_controller:/home/whaly/Downloads/URDF_ws/install/full_body_description:/home/whaly/isaac_ws/Isaacsim_ros2_ws/install/test_pkg:/home/whaly/isaac_ws/Isaacsim_ros2_ws/install/isaac_tutorials:/home/whaly/isaac_ws/Isaacsim_ros2_ws/install/h1_pkg:/home/whaly/isaac_ws/Isaacsim_ros2_ws/install/ackermann_control:/home/whaly/whaly_ws/install/whaly_pkg:/opt/ros/humble /usr/bin/cmake --build /home/whaly/isaac_ws/Isaacsim_ros2_ws/build/h1_msgs -- -j16 -l16
[0.723s] Invoking command in '/home/whaly/isaac_ws/Isaacsim_ros2_ws/build/h1_msgs': CMAKE_PREFIX_PATH=${CMAKE_PREFIX_PATH}:/home/whaly/ros2_addons_ws/install/ros2_controllers_test_nodes:/home/whaly/rl_ws/rl_sar-main/install/robot_py_controller:/home/whaly/Downloads/URDF_ws/install/full_body_description:/home/whaly/isaac_ws/Isaacsim_ros2_ws/install/test_pkg:/home/whaly/isaac_ws/Isaacsim_ros2_ws/install/isaac_tutorials:/home/whaly/isaac_ws/Isaacsim_ros2_ws/install/h1_pkg:/home/whaly/isaac_ws/Isaacsim_ros2_ws/install/ackermann_control:/home/whaly/whaly_ws/install/whaly_pkg:/opt/ros/humble /usr/bin/cmake --install /home/whaly/isaac_ws/Isaacsim_ros2_ws/build/h1_msgs
[0.730s] -- Install configuration: ""
[0.730s] -- Up-to-date: /home/whaly/isaac_ws/Isaacsim_ros2_ws/install/h1_msgs/share/ament_index/resource_index/rosidl_interfaces/h1_msgs
[0.730s] -- Up-to-date: /home/whaly/isaac_ws/Isaacsim_ros2_ws/install/h1_msgs/include/h1_msgs/h1_msgs
[0.730s] -- Up-to-date: /home/whaly/isaac_ws/Isaacsim_ros2_ws/install/h1_msgs/include/h1_msgs/h1_msgs/msg
[0.730s] -- Up-to-date: /home/whaly/isaac_ws/Isaacsim_ros2_ws/install/h1_msgs/include/h1_msgs/h1_msgs/msg/detail
[0.730s] -- Up-to-date: /home/whaly/isaac_ws/Isaacsim_ros2_ws/install/h1_msgs/include/h1_msgs/h1_msgs/msg/detail/proto_odom__type_support.h
[0.730s] -- Up-to-date: /home/whaly/isaac_ws/Isaacsim_ros2_ws/install/h1_msgs/include/h1_msgs/h1_msgs/msg/detail/proto_odom__functions.c
[0.730s] -- Up-to-date: /home/whaly/isaac_ws/Isaacsim_ros2_ws/install/h1_msgs/include/h1_msgs/h1_msgs/msg/detail/proto_odom__functions.h
[0.730s] -- Up-to-date: /home/whaly/isaac_ws/Isaacsim_ros2_ws/install/h1_msgs/include/h1_msgs/h1_msgs/msg/detail/proto_odom__struct.h
[0.731s] -- Up-to-date: /home/whaly/isaac_ws/Isaacsim_ros2_ws/install/h1_msgs/include/h1_msgs/h1_msgs/msg/rosidl_generator_c__visibility_control.h
[0.731s] -- Up-to-date: /home/whaly/isaac_ws/Isaacsim_ros2_ws/install/h1_msgs/include/h1_msgs/h1_msgs/msg/proto_odom.h
[0.731s] -- Up-to-date: /home/whaly/isaac_ws/Isaacsim_ros2_ws/install/h1_msgs/share/h1_msgs/environment/library_path.sh
[0.731s] -- Up-to-date: /home/whaly/isaac_ws/Isaacsim_ros2_ws/install/h1_msgs/share/h1_msgs/environment/library_path.dsv
[0.731s] -- Up-to-date: /home/whaly/isaac_ws/Isaacsim_ros2_ws/install/h1_msgs/lib/libh1_msgs__rosidl_generator_c.so
[0.731s] -- Up-to-date: /home/whaly/isaac_ws/Isaacsim_ros2_ws/install/h1_msgs/include/h1_msgs/h1_msgs
[0.731s] -- Up-to-date: /home/whaly/isaac_ws/Isaacsim_ros2_ws/install/h1_msgs/include/h1_msgs/h1_msgs/msg
[0.731s] -- Up-to-date: /home/whaly/isaac_ws/Isaacsim_ros2_ws/install/h1_msgs/include/h1_msgs/h1_msgs/msg/rosidl_typesupport_fastrtps_c__visibility_control.h
[0.731s] -- Up-to-date: /home/whaly/isaac_ws/Isaacsim_ros2_ws/install/h1_msgs/include/h1_msgs/h1_msgs/msg/detail
[0.731s] -- Up-to-date: /home/whaly/isaac_ws/Isaacsim_ros2_ws/install/h1_msgs/include/h1_msgs/h1_msgs/msg/detail/proto_odom__rosidl_typesupport_fastrtps_c.h
[0.731s] -- Up-to-date: /home/whaly/isaac_ws/Isaacsim_ros2_ws/install/h1_msgs/lib/libh1_msgs__rosidl_typesupport_fastrtps_c.so
[0.731s] -- Up-to-date: /home/whaly/isaac_ws/Isaacsim_ros2_ws/install/h1_msgs/include/h1_msgs/h1_msgs
[0.731s] -- Up-to-date: /home/whaly/isaac_ws/Isaacsim_ros2_ws/install/h1_msgs/include/h1_msgs/h1_msgs/msg
[0.731s] -- Up-to-date: /home/whaly/isaac_ws/Isaacsim_ros2_ws/install/h1_msgs/include/h1_msgs/h1_msgs/msg/proto_odom.hpp
[0.731s] -- Up-to-date: /home/whaly/isaac_ws/Isaacsim_ros2_ws/install/h1_msgs/include/h1_msgs/h1_msgs/msg/detail
[0.731s] -- Up-to-date: /home/whaly/isaac_ws/Isaacsim_ros2_ws/install/h1_msgs/include/h1_msgs/h1_msgs/msg/detail/proto_odom__builder.hpp
[0.731s] -- Up-to-date: /home/whaly/isaac_ws/Isaacsim_ros2_ws/install/h1_msgs/include/h1_msgs/h1_msgs/msg/detail/proto_odom__struct.hpp
[0.731s] -- Up-to-date: /home/whaly/isaac_ws/Isaacsim_ros2_ws/install/h1_msgs/include/h1_msgs/h1_msgs/msg/detail/proto_odom__traits.hpp
[0.731s] -- Up-to-date: /home/whaly/isaac_ws/Isaacsim_ros2_ws/install/h1_msgs/include/h1_msgs/h1_msgs/msg/detail/proto_odom__type_support.hpp
[0.731s] -- Up-to-date: /home/whaly/isaac_ws/Isaacsim_ros2_ws/install/h1_msgs/include/h1_msgs/h1_msgs/msg/rosidl_generator_cpp__visibility_control.hpp
[0.731s] -- Up-to-date: /home/whaly/isaac_ws/Isaacsim_ros2_ws/install/h1_msgs/include/h1_msgs/h1_msgs
[0.732s] -- Up-to-date: /home/whaly/isaac_ws/Isaacsim_ros2_ws/install/h1_msgs/include/h1_msgs/h1_msgs/msg
[0.732s] -- Up-to-date: /home/whaly/isaac_ws/Isaacsim_ros2_ws/install/h1_msgs/include/h1_msgs/h1_msgs/msg/rosidl_typesupport_fastrtps_cpp__visibility_control.h
[0.732s] -- Up-to-date: /home/whaly/isaac_ws/Isaacsim_ros2_ws/install/h1_msgs/include/h1_msgs/h1_msgs/msg/detail
[0.732s] -- Up-to-date: /home/whaly/isaac_ws/Isaacsim_ros2_ws/install/h1_msgs/include/h1_msgs/h1_msgs/msg/detail/proto_odom__rosidl_typesupport_fastrtps_cpp.hpp
[0.732s] -- Up-to-date: /home/whaly/isaac_ws/Isaacsim_ros2_ws/install/h1_msgs/include/h1_msgs/h1_msgs/msg/detail/dds_fastrtps
[0.732s] -- Up-to-date: /home/whaly/isaac_ws/Isaacsim_ros2_ws/install/h1_msgs/lib/libh1_msgs__rosidl_typesupport_fastrtps_cpp.so
[0.732s] -- Up-to-date: /home/whaly/isaac_ws/Isaacsim_ros2_ws/install/h1_msgs/include/h1_msgs/h1_msgs
[0.732s] -- Up-to-date: /home/whaly/isaac_ws/Isaacsim_ros2_ws/install/h1_msgs/include/h1_msgs/h1_msgs/msg
[0.732s] -- Up-to-date: /home/whaly/isaac_ws/Isaacsim_ros2_ws/install/h1_msgs/include/h1_msgs/h1_msgs/msg/rosidl_typesupport_introspection_c__visibility_control.h
[0.732s] -- Up-to-date: /home/whaly/isaac_ws/Isaacsim_ros2_ws/install/h1_msgs/include/h1_msgs/h1_msgs/msg/detail
[0.732s] -- Up-to-date: /home/whaly/isaac_ws/Isaacsim_ros2_ws/install/h1_msgs/include/h1_msgs/h1_msgs/msg/detail/proto_odom__type_support.c
[0.732s] -- Up-to-date: /home/whaly/isaac_ws/Isaacsim_ros2_ws/install/h1_msgs/include/h1_msgs/h1_msgs/msg/detail/proto_odom__rosidl_typesupport_introspection_c.h
[0.732s] -- Up-to-date: /home/whaly/isaac_ws/Isaacsim_ros2_ws/install/h1_msgs/lib/libh1_msgs__rosidl_typesupport_introspection_c.so
[0.732s] -- Up-to-date: /home/whaly/isaac_ws/Isaacsim_ros2_ws/install/h1_msgs/lib/libh1_msgs__rosidl_typesupport_c.so
[0.732s] -- Up-to-date: /home/whaly/isaac_ws/Isaacsim_ros2_ws/install/h1_msgs/include/h1_msgs/h1_msgs
[0.732s] -- Up-to-date: /home/whaly/isaac_ws/Isaacsim_ros2_ws/install/h1_msgs/include/h1_msgs/h1_msgs/msg
[0.732s] -- Up-to-date: /home/whaly/isaac_ws/Isaacsim_ros2_ws/install/h1_msgs/include/h1_msgs/h1_msgs/msg/detail
[0.732s] -- Up-to-date: /home/whaly/isaac_ws/Isaacsim_ros2_ws/install/h1_msgs/include/h1_msgs/h1_msgs/msg/detail/proto_odom__type_support.cpp
[0.732s] -- Up-to-date: /home/whaly/isaac_ws/Isaacsim_ros2_ws/install/h1_msgs/include/h1_msgs/h1_msgs/msg/detail/proto_odom__rosidl_typesupport_introspection_cpp.hpp
[0.732s] -- Up-to-date: /home/whaly/isaac_ws/Isaacsim_ros2_ws/install/h1_msgs/lib/libh1_msgs__rosidl_typesupport_introspection_cpp.so
[0.732s] -- Up-to-date: /home/whaly/isaac_ws/Isaacsim_ros2_ws/install/h1_msgs/lib/libh1_msgs__rosidl_typesupport_cpp.so
[0.732s] -- Up-to-date: /home/whaly/isaac_ws/Isaacsim_ros2_ws/install/h1_msgs/share/h1_msgs/environment/pythonpath.sh
[0.732s] -- Up-to-date: /home/whaly/isaac_ws/Isaacsim_ros2_ws/install/h1_msgs/share/h1_msgs/environment/pythonpath.dsv
[0.732s] -- Up-to-date: /home/whaly/isaac_ws/Isaacsim_ros2_ws/install/h1_msgs/local/lib/python3.10/dist-packages/h1_msgs-0.0.0-py3.10.egg-info
[0.732s] -- Installing: /home/whaly/isaac_ws/Isaacsim_ros2_ws/install/h1_msgs/local/lib/python3.10/dist-packages/h1_msgs-0.0.0-py3.10.egg-info/PKG-INFO
[0.733s] -- Installing: /home/whaly/isaac_ws/Isaacsim_ros2_ws/install/h1_msgs/local/lib/python3.10/dist-packages/h1_msgs-0.0.0-py3.10.egg-info/top_level.txt
[0.733s] -- Installing: /home/whaly/isaac_ws/Isaacsim_ros2_ws/install/h1_msgs/local/lib/python3.10/dist-packages/h1_msgs-0.0.0-py3.10.egg-info/dependency_links.txt
[0.733s] -- Installing: /home/whaly/isaac_ws/Isaacsim_ros2_ws/install/h1_msgs/local/lib/python3.10/dist-packages/h1_msgs-0.0.0-py3.10.egg-info/SOURCES.txt
[0.733s] -- Up-to-date: /home/whaly/isaac_ws/Isaacsim_ros2_ws/install/h1_msgs/local/lib/python3.10/dist-packages/h1_msgs
[0.733s] -- Up-to-date: /home/whaly/isaac_ws/Isaacsim_ros2_ws/install/h1_msgs/local/lib/python3.10/dist-packages/h1_msgs/libh1_msgs__rosidl_generator_py.so
[0.733s] -- Up-to-date: /home/whaly/isaac_ws/Isaacsim_ros2_ws/install/h1_msgs/local/lib/python3.10/dist-packages/h1_msgs/_h1_msgs_s.ep.rosidl_typesupport_fastrtps_c.c
[0.733s] -- Up-to-date: /home/whaly/isaac_ws/Isaacsim_ros2_ws/install/h1_msgs/local/lib/python3.10/dist-packages/h1_msgs/_h1_msgs_s.ep.rosidl_typesupport_c.c
[0.733s] -- Up-to-date: /home/whaly/isaac_ws/Isaacsim_ros2_ws/install/h1_msgs/local/lib/python3.10/dist-packages/h1_msgs/h1_msgs_s__rosidl_typesupport_c.cpython-310-x86_64-linux-gnu.so
[0.733s] -- Up-to-date: /home/whaly/isaac_ws/Isaacsim_ros2_ws/install/h1_msgs/local/lib/python3.10/dist-packages/h1_msgs/__init__.py
[0.733s] -- Up-to-date: /home/whaly/isaac_ws/Isaacsim_ros2_ws/install/h1_msgs/local/lib/python3.10/dist-packages/h1_msgs/h1_msgs_s__rosidl_typesupport_fastrtps_c.cpython-310-x86_64-linux-gnu.so
[0.733s] -- Up-to-date: /home/whaly/isaac_ws/Isaacsim_ros2_ws/install/h1_msgs/local/lib/python3.10/dist-packages/h1_msgs/h1_msgs_s__rosidl_typesupport_introspection_c.cpython-310-x86_64-linux-gnu.so
[0.733s] -- Up-to-date: /home/whaly/isaac_ws/Isaacsim_ros2_ws/install/h1_msgs/local/lib/python3.10/dist-packages/h1_msgs/_h1_msgs_s.ep.rosidl_typesupport_introspection_c.c
[0.733s] -- Up-to-date: /home/whaly/isaac_ws/Isaacsim_ros2_ws/install/h1_msgs/local/lib/python3.10/dist-packages/h1_msgs/msg
[0.733s] -- Up-to-date: /home/whaly/isaac_ws/Isaacsim_ros2_ws/install/h1_msgs/local/lib/python3.10/dist-packages/h1_msgs/msg/_proto_odom.py
[0.733s] -- Up-to-date: /home/whaly/isaac_ws/Isaacsim_ros2_ws/install/h1_msgs/local/lib/python3.10/dist-packages/h1_msgs/msg/__init__.py
[0.733s] -- Up-to-date: /home/whaly/isaac_ws/Isaacsim_ros2_ws/install/h1_msgs/local/lib/python3.10/dist-packages/h1_msgs/msg/_proto_odom_s.c
[0.764s] Listing '/home/whaly/isaac_ws/Isaacsim_ros2_ws/install/h1_msgs/local/lib/python3.10/dist-packages/h1_msgs'...
[0.764s] Listing '/home/whaly/isaac_ws/Isaacsim_ros2_ws/install/h1_msgs/local/lib/python3.10/dist-packages/h1_msgs/msg'...
[0.767s] -- Up-to-date: /home/whaly/isaac_ws/Isaacsim_ros2_ws/install/h1_msgs/local/lib/python3.10/dist-packages/h1_msgs/h1_msgs_s__rosidl_typesupport_fastrtps_c.cpython-310-x86_64-linux-gnu.so
[0.767s] -- Up-to-date: /home/whaly/isaac_ws/Isaacsim_ros2_ws/install/h1_msgs/local/lib/python3.10/dist-packages/h1_msgs/h1_msgs_s__rosidl_typesupport_introspection_c.cpython-310-x86_64-linux-gnu.so
[0.767s] -- Up-to-date: /home/whaly/isaac_ws/Isaacsim_ros2_ws/install/h1_msgs/local/lib/python3.10/dist-packages/h1_msgs/h1_msgs_s__rosidl_typesupport_c.cpython-310-x86_64-linux-gnu.so
[0.768s] -- Up-to-date: /home/whaly/isaac_ws/Isaacsim_ros2_ws/install/h1_msgs/lib/libh1_msgs__rosidl_generator_py.so
[0.768s] -- Up-to-date: /home/whaly/isaac_ws/Isaacsim_ros2_ws/install/h1_msgs/share/h1_msgs/msg/ProtoOdom.idl
[0.768s] -- Up-to-date: /home/whaly/isaac_ws/Isaacsim_ros2_ws/install/h1_msgs/share/h1_msgs/msg/ProtoOdom.msg
[0.768s] -- Up-to-date: /home/whaly/isaac_ws/Isaacsim_ros2_ws/install/h1_msgs/share/ament_index/resource_index/package_run_dependencies/h1_msgs
[0.768s] -- Up-to-date: /home/whaly/isaac_ws/Isaacsim_ros2_ws/install/h1_msgs/share/ament_index/resource_index/parent_prefix_path/h1_msgs
[0.768s] -- Up-to-date: /home/whaly/isaac_ws/Isaacsim_ros2_ws/install/h1_msgs/share/h1_msgs/environment/ament_prefix_path.sh
[0.768s] -- Up-to-date: /home/whaly/isaac_ws/Isaacsim_ros2_ws/install/h1_msgs/share/h1_msgs/environment/ament_prefix_path.dsv
[0.768s] -- Up-to-date: /home/whaly/isaac_ws/Isaacsim_ros2_ws/install/h1_msgs/share/h1_msgs/environment/path.sh
[0.768s] -- Up-to-date: /home/whaly/isaac_ws/Isaacsim_ros2_ws/install/h1_msgs/share/h1_msgs/environment/path.dsv
[0.768s] -- Up-to-date: /home/whaly/isaac_ws/Isaacsim_ros2_ws/install/h1_msgs/share/h1_msgs/local_setup.bash
[0.768s] -- Up-to-date: /home/whaly/isaac_ws/Isaacsim_ros2_ws/install/h1_msgs/share/h1_msgs/local_setup.sh
[0.768s] -- Up-to-date: /home/whaly/isaac_ws/Isaacsim_ros2_ws/install/h1_msgs/share/h1_msgs/local_setup.zsh
[0.769s] -- Up-to-date: /home/whaly/isaac_ws/Isaacsim_ros2_ws/install/h1_msgs/share/h1_msgs/local_setup.dsv
[0.769s] -- Installing: /home/whaly/isaac_ws/Isaacsim_ros2_ws/install/h1_msgs/share/h1_msgs/package.dsv
[0.769s] -- Up-to-date: /home/whaly/isaac_ws/Isaacsim_ros2_ws/install/h1_msgs/share/ament_index/resource_index/packages/h1_msgs
[0.769s] -- Up-to-date: /home/whaly/isaac_ws/Isaacsim_ros2_ws/install/h1_msgs/share/h1_msgs/cmake/export_h1_msgs__rosidl_generator_cExport.cmake
[0.769s] -- Up-to-date: /home/whaly/isaac_ws/Isaacsim_ros2_ws/install/h1_msgs/share/h1_msgs/cmake/export_h1_msgs__rosidl_generator_cExport-noconfig.cmake
[0.769s] -- Up-to-date: /home/whaly/isaac_ws/Isaacsim_ros2_ws/install/h1_msgs/share/h1_msgs/cmake/export_h1_msgs__rosidl_typesupport_fastrtps_cExport.cmake
[0.769s] -- Up-to-date: /home/whaly/isaac_ws/Isaacsim_ros2_ws/install/h1_msgs/share/h1_msgs/cmake/export_h1_msgs__rosidl_typesupport_fastrtps_cExport-noconfig.cmake
[0.769s] -- Up-to-date: /home/whaly/isaac_ws/Isaacsim_ros2_ws/install/h1_msgs/share/h1_msgs/cmake/export_h1_msgs__rosidl_generator_cppExport.cmake
[0.769s] -- Up-to-date: /home/whaly/isaac_ws/Isaacsim_ros2_ws/install/h1_msgs/share/h1_msgs/cmake/export_h1_msgs__rosidl_typesupport_fastrtps_cppExport.cmake
[0.769s] -- Up-to-date: /home/whaly/isaac_ws/Isaacsim_ros2_ws/install/h1_msgs/share/h1_msgs/cmake/export_h1_msgs__rosidl_typesupport_fastrtps_cppExport-noconfig.cmake
[0.769s] -- Up-to-date: /home/whaly/isaac_ws/Isaacsim_ros2_ws/install/h1_msgs/share/h1_msgs/cmake/h1_msgs__rosidl_typesupport_introspection_cExport.cmake
[0.769s] -- Up-to-date: /home/whaly/isaac_ws/Isaacsim_ros2_ws/install/h1_msgs/share/h1_msgs/cmake/h1_msgs__rosidl_typesupport_introspection_cExport-noconfig.cmake
[0.769s] -- Up-to-date: /home/whaly/isaac_ws/Isaacsim_ros2_ws/install/h1_msgs/share/h1_msgs/cmake/h1_msgs__rosidl_typesupport_cExport.cmake
[0.770s] -- Up-to-date: /home/whaly/isaac_ws/Isaacsim_ros2_ws/install/h1_msgs/share/h1_msgs/cmake/h1_msgs__rosidl_typesupport_cExport-noconfig.cmake
[0.770s] -- Up-to-date: /home/whaly/isaac_ws/Isaacsim_ros2_ws/install/h1_msgs/share/h1_msgs/cmake/h1_msgs__rosidl_typesupport_introspection_cppExport.cmake
[0.770s] -- Up-to-date: /home/whaly/isaac_ws/Isaacsim_ros2_ws/install/h1_msgs/share/h1_msgs/cmake/h1_msgs__rosidl_typesupport_introspection_cppExport-noconfig.cmake
[0.770s] -- Up-to-date: /home/whaly/isaac_ws/Isaacsim_ros2_ws/install/h1_msgs/share/h1_msgs/cmake/h1_msgs__rosidl_typesupport_cppExport.cmake
[0.770s] -- Up-to-date: /home/whaly/isaac_ws/Isaacsim_ros2_ws/install/h1_msgs/share/h1_msgs/cmake/h1_msgs__rosidl_typesupport_cppExport-noconfig.cmake
[0.770s] -- Up-to-date: /home/whaly/isaac_ws/Isaacsim_ros2_ws/install/h1_msgs/share/h1_msgs/cmake/export_h1_msgs__rosidl_generator_pyExport.cmake
[0.770s] -- Up-to-date: /home/whaly/isaac_ws/Isaacsim_ros2_ws/install/h1_msgs/share/h1_msgs/cmake/export_h1_msgs__rosidl_generator_pyExport-noconfig.cmake
[0.770s] -- Up-to-date: /home/whaly/isaac_ws/Isaacsim_ros2_ws/install/h1_msgs/share/h1_msgs/cmake/rosidl_cmake-extras.cmake
[0.770s] -- Up-to-date: /home/whaly/isaac_ws/Isaacsim_ros2_ws/install/h1_msgs/share/h1_msgs/cmake/ament_cmake_export_dependencies-extras.cmake
[0.770s] -- Up-to-date: /home/whaly/isaac_ws/Isaacsim_ros2_ws/install/h1_msgs/share/h1_msgs/cmake/ament_cmake_export_include_directories-extras.cmake
[0.770s] -- Up-to-date: /home/whaly/isaac_ws/Isaacsim_ros2_ws/install/h1_msgs/share/h1_msgs/cmake/ament_cmake_export_libraries-extras.cmake
[0.771s] -- Up-to-date: /home/whaly/isaac_ws/Isaacsim_ros2_ws/install/h1_msgs/share/h1_msgs/cmake/ament_cmake_export_targets-extras.cmake
[0.771s] -- Up-to-date: /home/whaly/isaac_ws/Isaacsim_ros2_ws/install/h1_msgs/share/h1_msgs/cmake/rosidl_cmake_export_typesupport_targets-extras.cmake
[0.771s] -- Up-to-date: /home/whaly/isaac_ws/Isaacsim_ros2_ws/install/h1_msgs/share/h1_msgs/cmake/rosidl_cmake_export_typesupport_libraries-extras.cmake
[0.771s] -- Up-to-date: /home/whaly/isaac_ws/Isaacsim_ros2_ws/install/h1_msgs/share/h1_msgs/cmake/h1_msgsConfig.cmake
[0.771s] -- Up-to-date: /home/whaly/isaac_ws/Isaacsim_ros2_ws/install/h1_msgs/share/h1_msgs/cmake/h1_msgsConfig-version.cmake
[0.772s] -- Up-to-date: /home/whaly/isaac_ws/Isaacsim_ros2_ws/install/h1_msgs/share/h1_msgs/package.xml
[0.775s] Invoked command in '/home/whaly/isaac_ws/Isaacsim_ros2_ws/build/h1_msgs' returned '0': CMAKE_PREFIX_PATH=${CMAKE_PREFIX_PATH}:/home/whaly/ros2_addons_ws/install/ros2_controllers_test_nodes:/home/whaly/rl_ws/rl_sar-main/install/robot_py_controller:/home/whaly/Downloads/URDF_ws/install/full_body_description:/home/whaly/isaac_ws/Isaacsim_ros2_ws/install/test_pkg:/home/whaly/isaac_ws/Isaacsim_ros2_ws/install/isaac_tutorials:/home/whaly/isaac_ws/Isaacsim_ros2_ws/install/h1_pkg:/home/whaly/isaac_ws/Isaacsim_ros2_ws/install/ackermann_control:/home/whaly/whaly_ws/install/whaly_pkg:/opt/ros/humble /usr/bin/cmake --install /home/whaly/isaac_ws/Isaacsim_ros2_ws/build/h1_msgs
