running develop
Removing /home/whaly/isaac_ws/Isaacsim_ros2_ws/install/ackermann_control/lib/python3.10/site-packages/ackermann-control.egg-link (link to .)
running egg_info
writing ../../build/ackermann_control/ackermann_control.egg-info/PKG-INFO
writing dependency_links to ../../build/ackermann_control/ackermann_control.egg-info/dependency_links.txt
writing entry points to ../../build/ackermann_control/ackermann_control.egg-info/entry_points.txt
writing requirements to ../../build/ackermann_control/ackermann_control.egg-info/requires.txt
writing top-level names to ../../build/ackermann_control/ackermann_control.egg-info/top_level.txt
reading manifest file '../../build/ackermann_control/ackermann_control.egg-info/SOURCES.txt'
writing manifest file '../../build/ackermann_control/ackermann_control.egg-info/SOURCES.txt'
running build
running build_py
creating /home/whaly/isaac_ws/Isaacsim_ros2_ws/build/ackermann_control/build
creating /home/whaly/isaac_ws/Isaacsim_ros2_ws/build/ackermann_control/build/lib
creating /home/whaly/isaac_ws/Isaacsim_ros2_ws/build/ackermann_control/build/lib/ackermann_control
copying ackermann_control/__init__.py -> /home/whaly/isaac_ws/Isaacsim_ros2_ws/build/ackermann_control/build/lib/ackermann_control
copying ackermann_control/cmdvel_to_ackermann.py -> /home/whaly/isaac_ws/Isaacsim_ros2_ws/build/ackermann_control/build/lib/ackermann_control
running install
running install_lib
creating /home/whaly/isaac_ws/Isaacsim_ros2_ws/install/ackermann_control/lib/python3.10/site-packages/ackermann_control
copying /home/whaly/isaac_ws/Isaacsim_ros2_ws/build/ackermann_control/build/lib/ackermann_control/__init__.py -> /home/whaly/isaac_ws/Isaacsim_ros2_ws/install/ackermann_control/lib/python3.10/site-packages/ackermann_control
copying /home/whaly/isaac_ws/Isaacsim_ros2_ws/build/ackermann_control/build/lib/ackermann_control/cmdvel_to_ackermann.py -> /home/whaly/isaac_ws/Isaacsim_ros2_ws/install/ackermann_control/lib/python3.10/site-packages/ackermann_control
byte-compiling /home/whaly/isaac_ws/Isaacsim_ros2_ws/install/ackermann_control/lib/python3.10/site-packages/ackermann_control/__init__.py to __init__.cpython-310.pyc
byte-compiling /home/whaly/isaac_ws/Isaacsim_ros2_ws/install/ackermann_control/lib/python3.10/site-packages/ackermann_control/cmdvel_to_ackermann.py to cmdvel_to_ackermann.cpython-310.pyc
running install_data
copying resource/ackermann_control -> /home/whaly/isaac_ws/Isaacsim_ros2_ws/install/ackermann_control/share/ament_index/resource_index/packages
copying package.xml -> /home/whaly/isaac_ws/Isaacsim_ros2_ws/install/ackermann_control/share/ackermann_control
running install_egg_info
Copying ../../build/ackermann_control/ackermann_control.egg-info to /home/whaly/isaac_ws/Isaacsim_ros2_ws/install/ackermann_control/lib/python3.10/site-packages/ackermann_control-0.0.0-py3.10.egg-info
running install_scripts
Installing cmdvel_to_ackermann script to /home/whaly/isaac_ws/Isaacsim_ros2_ws/install/ackermann_control/lib/ackermann_control
writing list of installed files to '/home/whaly/isaac_ws/Isaacsim_ros2_ws/build/ackermann_control/install.log'
