[0.588s] Invoking command in '/home/whaly/isaac_ws/Isaacsim_ros2_ws/build/ackermann_control': CONDA_PROMPT_MODIFIER=(base) PYTHONPATH=/home/whaly/isaac_ws/Isaacsim_ros2_ws/build/ackermann_control/prefix_override:/usr/lib/python3/dist-packages/colcon_core/task/python/colcon_distutils_commands:/home/whaly/isaac_ws/Isaacsim_ros2_ws/install/ackermann_control/lib/python3.10/site-packages:${PYTHONPATH} /usr/bin/python3 -W ignore:setup.py install is deprecated -W ignore:easy_install command is deprecated setup.py develop --uninstall --editable --build-directory /home/whaly/isaac_ws/Isaacsim_ros2_ws/build/ackermann_control/build
[0.791s] running develop
[0.903s] Removing /home/whaly/isaac_ws/Isaacsim_ros2_ws/install/ackermann_control/lib/python3.10/site-packages/ackermann-control.egg-link (link to .)
[0.925s] Invoked command in '/home/whaly/isaac_ws/Isaacsim_ros2_ws/build/ackermann_control' returned '0': CONDA_PROMPT_MODIFIER=(base) PYTHONPATH=/home/whaly/isaac_ws/Isaacsim_ros2_ws/build/ackermann_control/prefix_override:/usr/lib/python3/dist-packages/colcon_core/task/python/colcon_distutils_commands:/home/whaly/isaac_ws/Isaacsim_ros2_ws/install/ackermann_control/lib/python3.10/site-packages:${PYTHONPATH} /usr/bin/python3 -W ignore:setup.py install is deprecated -W ignore:easy_install command is deprecated setup.py develop --uninstall --editable --build-directory /home/whaly/isaac_ws/Isaacsim_ros2_ws/build/ackermann_control/build
[0.927s] Invoking command in '/home/whaly/isaac_ws/Isaacsim_ros2_ws/src/ackermann_control': CONDA_PROMPT_MODIFIER=(base) PYTHONPATH=/home/whaly/isaac_ws/Isaacsim_ros2_ws/build/ackermann_control/prefix_override:/usr/lib/python3/dist-packages/colcon_core/task/python/colcon_distutils_commands:/home/whaly/isaac_ws/Isaacsim_ros2_ws/install/ackermann_control/lib/python3.10/site-packages:${PYTHONPATH} /usr/bin/python3 -W ignore:setup.py install is deprecated -W ignore:easy_install command is deprecated setup.py egg_info --egg-base ../../build/ackermann_control build --build-base /home/whaly/isaac_ws/Isaacsim_ros2_ws/build/ackermann_control/build install --record /home/whaly/isaac_ws/Isaacsim_ros2_ws/build/ackermann_control/install.log --single-version-externally-managed install_data --force
[1.141s] running egg_info
[1.142s] writing ../../build/ackermann_control/ackermann_control.egg-info/PKG-INFO
[1.142s] writing dependency_links to ../../build/ackermann_control/ackermann_control.egg-info/dependency_links.txt
[1.142s] writing entry points to ../../build/ackermann_control/ackermann_control.egg-info/entry_points.txt
[1.142s] writing requirements to ../../build/ackermann_control/ackermann_control.egg-info/requires.txt
[1.142s] writing top-level names to ../../build/ackermann_control/ackermann_control.egg-info/top_level.txt
[1.143s] reading manifest file '../../build/ackermann_control/ackermann_control.egg-info/SOURCES.txt'
[1.144s] writing manifest file '../../build/ackermann_control/ackermann_control.egg-info/SOURCES.txt'
[1.144s] running build
[1.144s] running build_py
[1.144s] creating /home/whaly/isaac_ws/Isaacsim_ros2_ws/build/ackermann_control/build
[1.144s] creating /home/whaly/isaac_ws/Isaacsim_ros2_ws/build/ackermann_control/build/lib
[1.144s] creating /home/whaly/isaac_ws/Isaacsim_ros2_ws/build/ackermann_control/build/lib/ackermann_control
[1.144s] copying ackermann_control/__init__.py -> /home/whaly/isaac_ws/Isaacsim_ros2_ws/build/ackermann_control/build/lib/ackermann_control
[1.144s] copying ackermann_control/cmdvel_to_ackermann.py -> /home/whaly/isaac_ws/Isaacsim_ros2_ws/build/ackermann_control/build/lib/ackermann_control
[1.144s] running install
[1.145s] running install_lib
[1.146s] creating /home/whaly/isaac_ws/Isaacsim_ros2_ws/install/ackermann_control/lib/python3.10/site-packages/ackermann_control
[1.146s] copying /home/whaly/isaac_ws/Isaacsim_ros2_ws/build/ackermann_control/build/lib/ackermann_control/__init__.py -> /home/whaly/isaac_ws/Isaacsim_ros2_ws/install/ackermann_control/lib/python3.10/site-packages/ackermann_control
[1.146s] copying /home/whaly/isaac_ws/Isaacsim_ros2_ws/build/ackermann_control/build/lib/ackermann_control/cmdvel_to_ackermann.py -> /home/whaly/isaac_ws/Isaacsim_ros2_ws/install/ackermann_control/lib/python3.10/site-packages/ackermann_control
[1.146s] byte-compiling /home/whaly/isaac_ws/Isaacsim_ros2_ws/install/ackermann_control/lib/python3.10/site-packages/ackermann_control/__init__.py to __init__.cpython-310.pyc
[1.147s] byte-compiling /home/whaly/isaac_ws/Isaacsim_ros2_ws/install/ackermann_control/lib/python3.10/site-packages/ackermann_control/cmdvel_to_ackermann.py to cmdvel_to_ackermann.cpython-310.pyc
[1.147s] running install_data
[1.147s] copying resource/ackermann_control -> /home/whaly/isaac_ws/Isaacsim_ros2_ws/install/ackermann_control/share/ament_index/resource_index/packages
[1.147s] copying package.xml -> /home/whaly/isaac_ws/Isaacsim_ros2_ws/install/ackermann_control/share/ackermann_control
[1.147s] running install_egg_info
[1.149s] Copying ../../build/ackermann_control/ackermann_control.egg-info to /home/whaly/isaac_ws/Isaacsim_ros2_ws/install/ackermann_control/lib/python3.10/site-packages/ackermann_control-0.0.0-py3.10.egg-info
[1.150s] running install_scripts
[1.166s] Installing cmdvel_to_ackermann script to /home/whaly/isaac_ws/Isaacsim_ros2_ws/install/ackermann_control/lib/ackermann_control
[1.166s] writing list of installed files to '/home/whaly/isaac_ws/Isaacsim_ros2_ws/build/ackermann_control/install.log'
[1.186s] Invoked command in '/home/whaly/isaac_ws/Isaacsim_ros2_ws/src/ackermann_control' returned '0': CONDA_PROMPT_MODIFIER=(base) PYTHONPATH=/home/whaly/isaac_ws/Isaacsim_ros2_ws/build/ackermann_control/prefix_override:/usr/lib/python3/dist-packages/colcon_core/task/python/colcon_distutils_commands:/home/whaly/isaac_ws/Isaacsim_ros2_ws/install/ackermann_control/lib/python3.10/site-packages:${PYTHONPATH} /usr/bin/python3 -W ignore:setup.py install is deprecated -W ignore:easy_install command is deprecated setup.py egg_info --egg-base ../../build/ackermann_control build --build-base /home/whaly/isaac_ws/Isaacsim_ros2_ws/build/ackermann_control/build install --record /home/whaly/isaac_ws/Isaacsim_ros2_ws/build/ackermann_control/install.log --single-version-externally-managed install_data --force
