[1.063s] Invoking command in '/home/whaly/isaac_ws/Isaacsim_ros2_ws/src/ackermann_control': PYTHONPATH=/home/whaly/isaac_ws/Isaacsim_ros2_ws/build/ackermann_control/prefix_override:/usr/lib/python3/dist-packages/colcon_core/task/python/colcon_distutils_commands:/home/whaly/isaac_ws/Isaacsim_ros2_ws/install/ackermann_control/lib/python3.10/site-packages:${PYTHONPATH} /usr/bin/python3 -W ignore:setup.py install is deprecated -W ignore:easy_install command is deprecated setup.py egg_info --egg-base ../../build/ackermann_control build --build-base /home/whaly/isaac_ws/Isaacsim_ros2_ws/build/ackermann_control/build install --record /home/whaly/isaac_ws/Isaacsim_ros2_ws/build/ackermann_control/install.log --single-version-externally-managed install_data
[1.259s] running egg_info
[1.259s] creating ../../build/ackermann_control/ackermann_control.egg-info
[1.260s] writing ../../build/ackermann_control/ackermann_control.egg-info/PKG-INFO
[1.260s] writing dependency_links to ../../build/ackermann_control/ackermann_control.egg-info/dependency_links.txt
[1.260s] writing entry points to ../../build/ackermann_control/ackermann_control.egg-info/entry_points.txt
[1.260s] writing requirements to ../../build/ackermann_control/ackermann_control.egg-info/requires.txt
[1.260s] writing top-level names to ../../build/ackermann_control/ackermann_control.egg-info/top_level.txt
[1.260s] writing manifest file '../../build/ackermann_control/ackermann_control.egg-info/SOURCES.txt'
[1.261s] reading manifest file '../../build/ackermann_control/ackermann_control.egg-info/SOURCES.txt'
[1.262s] writing manifest file '../../build/ackermann_control/ackermann_control.egg-info/SOURCES.txt'
[1.262s] running build
[1.262s] running build_py
[1.262s] creating /home/whaly/isaac_ws/Isaacsim_ros2_ws/build/ackermann_control/build
[1.262s] creating /home/whaly/isaac_ws/Isaacsim_ros2_ws/build/ackermann_control/build/lib
[1.262s] creating /home/whaly/isaac_ws/Isaacsim_ros2_ws/build/ackermann_control/build/lib/ackermann_control
[1.262s] copying ackermann_control/__init__.py -> /home/whaly/isaac_ws/Isaacsim_ros2_ws/build/ackermann_control/build/lib/ackermann_control
[1.262s] copying ackermann_control/cmdvel_to_ackermann.py -> /home/whaly/isaac_ws/Isaacsim_ros2_ws/build/ackermann_control/build/lib/ackermann_control
[1.262s] running install
[1.263s] running install_lib
[1.263s] creating /home/whaly/isaac_ws/Isaacsim_ros2_ws/install/ackermann_control/lib/python3.10/site-packages/ackermann_control
[1.263s] copying /home/whaly/isaac_ws/Isaacsim_ros2_ws/build/ackermann_control/build/lib/ackermann_control/__init__.py -> /home/whaly/isaac_ws/Isaacsim_ros2_ws/install/ackermann_control/lib/python3.10/site-packages/ackermann_control
[1.263s] copying /home/whaly/isaac_ws/Isaacsim_ros2_ws/build/ackermann_control/build/lib/ackermann_control/cmdvel_to_ackermann.py -> /home/whaly/isaac_ws/Isaacsim_ros2_ws/install/ackermann_control/lib/python3.10/site-packages/ackermann_control
[1.264s] byte-compiling /home/whaly/isaac_ws/Isaacsim_ros2_ws/install/ackermann_control/lib/python3.10/site-packages/ackermann_control/__init__.py to __init__.cpython-310.pyc
[1.264s] byte-compiling /home/whaly/isaac_ws/Isaacsim_ros2_ws/install/ackermann_control/lib/python3.10/site-packages/ackermann_control/cmdvel_to_ackermann.py to cmdvel_to_ackermann.cpython-310.pyc
[1.264s] running install_data
[1.264s] creating /home/whaly/isaac_ws/Isaacsim_ros2_ws/install/ackermann_control/share/ament_index
[1.264s] creating /home/whaly/isaac_ws/Isaacsim_ros2_ws/install/ackermann_control/share/ament_index/resource_index
[1.264s] creating /home/whaly/isaac_ws/Isaacsim_ros2_ws/install/ackermann_control/share/ament_index/resource_index/packages
[1.265s] copying resource/ackermann_control -> /home/whaly/isaac_ws/Isaacsim_ros2_ws/install/ackermann_control/share/ament_index/resource_index/packages
[1.265s] copying package.xml -> /home/whaly/isaac_ws/Isaacsim_ros2_ws/install/ackermann_control/share/ackermann_control
[1.265s] running install_egg_info
[1.266s] Copying ../../build/ackermann_control/ackermann_control.egg-info to /home/whaly/isaac_ws/Isaacsim_ros2_ws/install/ackermann_control/lib/python3.10/site-packages/ackermann_control-0.0.0-py3.10.egg-info
[1.267s] running install_scripts
[1.284s] Installing cmdvel_to_ackermann script to /home/whaly/isaac_ws/Isaacsim_ros2_ws/install/ackermann_control/lib/ackermann_control
[1.284s] writing list of installed files to '/home/whaly/isaac_ws/Isaacsim_ros2_ws/build/ackermann_control/install.log'
[1.304s] Invoked command in '/home/whaly/isaac_ws/Isaacsim_ros2_ws/src/ackermann_control' returned '0': PYTHONPATH=/home/whaly/isaac_ws/Isaacsim_ros2_ws/build/ackermann_control/prefix_override:/usr/lib/python3/dist-packages/colcon_core/task/python/colcon_distutils_commands:/home/whaly/isaac_ws/Isaacsim_ros2_ws/install/ackermann_control/lib/python3.10/site-packages:${PYTHONPATH} /usr/bin/python3 -W ignore:setup.py install is deprecated -W ignore:easy_install command is deprecated setup.py egg_info --egg-base ../../build/ackermann_control build --build-base /home/whaly/isaac_ws/Isaacsim_ros2_ws/build/ackermann_control/build install --record /home/whaly/isaac_ws/Isaacsim_ros2_ws/build/ackermann_control/install.log --single-version-externally-managed install_data
