-- Found ament_cmake: 1.3.12 (/opt/ros/humble/share/ament_cmake/cmake)
-- Found std_msgs: 4.9.0 (/opt/ros/humble/share/std_msgs/cmake)
-- Found rosidl_generator_c: 3.1.7 (/opt/ros/humble/share/rosidl_generator_c/cmake)
-- Found rosidl_adapter: 3.1.7 (/opt/ros/humble/share/rosidl_adapter/cmake)
-- Found rosidl_generator_cpp: 3.1.7 (/opt/ros/humble/share/rosidl_generator_cpp/cmake)
-- Using all available rosidl_typesupport_c: rosidl_typesupport_fastrtps_c;rosidl_typesupport_introspection_c
-- Using all available rosidl_typesupport_cpp: rosidl_typesupport_fastrtps_cpp;rosidl_typesupport_introspection_cpp
-- Found geometry_msgs: 4.9.0 (/opt/ros/humble/share/geometry_msgs/cmake)
-- Found rosidl_default_generators: 1.2.0 (/opt/ros/humble/share/rosidl_default_generators/cmake)
-- Found ament_cmake_ros: 0.10.0 (/opt/ros/humble/share/ament_cmake_ros/cmake)
-- Using all available rosidl_typesupport_c: rosidl_typesupport_fastrtps_c;rosidl_typesupport_introspection_c
-- Using all available rosidl_typesupport_cpp: rosidl_typesupport_fastrtps_cpp;rosidl_typesupport_introspection_cpp
-- Found python_cmake_module: 0.10.0 (/opt/ros/humble/share/python_cmake_module/cmake)
-- Found PythonLibs: /usr/lib/x86_64-linux-gnu/libpython3.10.so (found suitable version "3.10.12", minimum required is "3.5") 
-- Using PYTHON_EXECUTABLE: /usr/bin/python3.10
-- Using PYTHON_INCLUDE_DIRS: /usr/include/python3.10
-- Using PYTHON_LIBRARIES: /usr/lib/x86_64-linux-gnu/libpython3.10.so
-- Found PythonExtra: .so  
-- Found ament_lint_auto: 0.12.14 (/opt/ros/humble/share/ament_lint_auto/cmake)
-- Added test 'lint_cmake' to check CMake code style
-- Added test 'xmllint' to check XML markup files
-- Configuring done
-- Generating done
-- Build files have been written to: /home/whaly/isaac_ws/Isaacsim_ros2_ws/build/custom_interface
[  1%] [34m[1mGenerating C code for ROS interfaces[0m
[  3%] [34m[1mGenerating C++ code for ROS interfaces[0m
[  3%] Built target ament_cmake_python_copy_custom_interface
running egg_info
creating custom_interface.egg-info
writing custom_interface.egg-info/PKG-INFO
writing dependency_links to custom_interface.egg-info/dependency_links.txt
writing top-level names to custom_interface.egg-info/top_level.txt
writing manifest file 'custom_interface.egg-info/SOURCES.txt'
reading manifest file 'custom_interface.egg-info/SOURCES.txt'
writing manifest file 'custom_interface.egg-info/SOURCES.txt'
[  3%] Built target ament_cmake_python_build_custom_interface_egg
[  9%] [32mBuilding C object CMakeFiles/custom_interface__rosidl_generator_c.dir/rosidl_generator_c/custom_interface/action/detail/turtle_draw_action__functions.c.o[0m
[  9%] [32mBuilding C object CMakeFiles/custom_interface__rosidl_generator_c.dir/rosidl_generator_c/custom_interface/srv/detail/test_srv__functions.c.o[0m
[  9%] [32mBuilding C object CMakeFiles/custom_interface__rosidl_generator_c.dir/rosidl_generator_c/custom_interface/msg/detail/test_msg__functions.c.o[0m
[  9%] [32mBuilding C object CMakeFiles/custom_interface__rosidl_generator_c.dir/rosidl_generator_c/custom_interface/action/detail/test_action__functions.c.o[0m
[ 11%] [32mBuilding C object CMakeFiles/custom_interface__rosidl_generator_c.dir/rosidl_generator_c/custom_interface/srv/detail/test_srv_empty_input__functions.c.o[0m
[ 11%] Built target custom_interface__cpp
[ 12%] [34m[1mGenerating C++ type support for eProsima Fast-RTPS[0m
[ 14%] [34m[1mGenerating C++ introspection for ROS interfaces[0m
[ 15%] [34m[1mGenerating C++ type support dispatch for ROS interfaces[0m
[ 17%] [32m[1mLinking C shared library libcustom_interface__rosidl_generator_c.so[0m
[ 17%] Built target custom_interface__rosidl_generator_c
[ 19%] [34m[1mGenerating C type support for eProsima Fast-RTPS[0m
[ 20%] [34m[1mGenerating C type support dispatch for ROS interfaces[0m
[ 22%] [34m[1mGenerating C introspection for ROS interfaces[0m
[ 23%] [32mBuilding CXX object CMakeFiles/custom_interface__rosidl_typesupport_c.dir/rosidl_typesupport_c/custom_interface/msg/test_msg__type_support.cpp.o[0m
[ 26%] [32mBuilding CXX object CMakeFiles/custom_interface__rosidl_typesupport_c.dir/rosidl_typesupport_c/custom_interface/srv/test_srv__type_support.cpp.o[0m
[ 26%] [32mBuilding CXX object CMakeFiles/custom_interface__rosidl_typesupport_c.dir/rosidl_typesupport_c/custom_interface/action/turtle_draw_action__type_support.cpp.o[0m
[ 30%] [32mBuilding CXX object CMakeFiles/custom_interface__rosidl_typesupport_c.dir/rosidl_typesupport_c/custom_interface/action/test_action__type_support.cpp.o[0m
[ 30%] [32mBuilding CXX object CMakeFiles/custom_interface__rosidl_typesupport_c.dir/rosidl_typesupport_c/custom_interface/srv/test_srv_empty_input__type_support.cpp.o[0m
[ 31%] [32m[1mLinking CXX shared library libcustom_interface__rosidl_typesupport_c.so[0m
[ 31%] Built target custom_interface__rosidl_typesupport_c
[ 33%] [32mBuilding CXX object CMakeFiles/custom_interface__rosidl_typesupport_cpp.dir/rosidl_typesupport_cpp/custom_interface/srv/test_srv_empty_input__type_support.cpp.o[0m
[ 34%] [32mBuilding CXX object CMakeFiles/custom_interface__rosidl_typesupport_cpp.dir/rosidl_typesupport_cpp/custom_interface/msg/test_msg__type_support.cpp.o[0m
[ 36%] [32mBuilding CXX object CMakeFiles/custom_interface__rosidl_typesupport_cpp.dir/rosidl_typesupport_cpp/custom_interface/action/turtle_draw_action__type_support.cpp.o[0m
[ 38%] [32mBuilding CXX object CMakeFiles/custom_interface__rosidl_typesupport_cpp.dir/rosidl_typesupport_cpp/custom_interface/action/test_action__type_support.cpp.o[0m
[ 39%] [32mBuilding CXX object CMakeFiles/custom_interface__rosidl_typesupport_cpp.dir/rosidl_typesupport_cpp/custom_interface/srv/test_srv__type_support.cpp.o[0m
[ 41%] [32mBuilding C object CMakeFiles/custom_interface__rosidl_typesupport_introspection_c.dir/rosidl_typesupport_introspection_c/custom_interface/msg/detail/test_msg__type_support.c.o[0m
[ 42%] [32mBuilding C object CMakeFiles/custom_interface__rosidl_typesupport_introspection_c.dir/rosidl_typesupport_introspection_c/custom_interface/srv/detail/test_srv__type_support.c.o[0m
[ 44%] [32mBuilding C object CMakeFiles/custom_interface__rosidl_typesupport_introspection_c.dir/rosidl_typesupport_introspection_c/custom_interface/srv/detail/test_srv_empty_input__type_support.c.o[0m
[ 46%] [32mBuilding C object CMakeFiles/custom_interface__rosidl_typesupport_introspection_c.dir/rosidl_typesupport_introspection_c/custom_interface/action/detail/turtle_draw_action__type_support.c.o[0m
[ 47%] [32mBuilding C object CMakeFiles/custom_interface__rosidl_typesupport_introspection_c.dir/rosidl_typesupport_introspection_c/custom_interface/action/detail/test_action__type_support.c.o[0m
[ 49%] [32mBuilding CXX object CMakeFiles/custom_interface__rosidl_typesupport_fastrtps_c.dir/rosidl_typesupport_fastrtps_c/custom_interface/msg/detail/test_msg__type_support_c.cpp.o[0m
[ 50%] [32mBuilding CXX object CMakeFiles/custom_interface__rosidl_typesupport_fastrtps_c.dir/rosidl_typesupport_fastrtps_c/custom_interface/srv/detail/test_srv_empty_input__type_support_c.cpp.o[0m
[ 52%] [32m[1mLinking C shared library libcustom_interface__rosidl_typesupport_introspection_c.so[0m
[ 53%] [32mBuilding CXX object CMakeFiles/custom_interface__rosidl_typesupport_fastrtps_c.dir/rosidl_typesupport_fastrtps_c/custom_interface/srv/detail/test_srv__type_support_c.cpp.o[0m
[ 55%] [32mBuilding CXX object CMakeFiles/custom_interface__rosidl_typesupport_fastrtps_c.dir/rosidl_typesupport_fastrtps_c/custom_interface/action/detail/test_action__type_support_c.cpp.o[0m
[ 57%] [32mBuilding CXX object CMakeFiles/custom_interface__rosidl_typesupport_fastrtps_c.dir/rosidl_typesupport_fastrtps_c/custom_interface/action/detail/turtle_draw_action__type_support_c.cpp.o[0m
[ 58%] [32mBuilding CXX object CMakeFiles/custom_interface__rosidl_typesupport_introspection_cpp.dir/rosidl_typesupport_introspection_cpp/custom_interface/srv/detail/test_srv__type_support.cpp.o[0m
[ 60%] [32mBuilding CXX object CMakeFiles/custom_interface__rosidl_typesupport_introspection_cpp.dir/rosidl_typesupport_introspection_cpp/custom_interface/msg/detail/test_msg__type_support.cpp.o[0m
[ 61%] [32mBuilding CXX object CMakeFiles/custom_interface__rosidl_typesupport_introspection_cpp.dir/rosidl_typesupport_introspection_cpp/custom_interface/srv/detail/test_srv_empty_input__type_support.cpp.o[0m
[ 63%] Built target custom_interface__rosidl_typesupport_introspection_c
[ 63%] [32mBuilding CXX object CMakeFiles/custom_interface__rosidl_typesupport_introspection_cpp.dir/rosidl_typesupport_introspection_cpp/custom_interface/action/detail/test_action__type_support.cpp.o[0m
[ 65%] [32mBuilding CXX object CMakeFiles/custom_interface__rosidl_typesupport_introspection_cpp.dir/rosidl_typesupport_introspection_cpp/custom_interface/action/detail/turtle_draw_action__type_support.cpp.o[0m
[ 66%] [32mBuilding CXX object CMakeFiles/custom_interface__rosidl_typesupport_fastrtps_cpp.dir/rosidl_typesupport_fastrtps_cpp/custom_interface/msg/detail/dds_fastrtps/test_msg__type_support.cpp.o[0m
[ 68%] [32mBuilding CXX object CMakeFiles/custom_interface__rosidl_typesupport_fastrtps_cpp.dir/rosidl_typesupport_fastrtps_cpp/custom_interface/action/detail/dds_fastrtps/test_action__type_support.cpp.o[0m
[ 69%] [32mBuilding CXX object CMakeFiles/custom_interface__rosidl_typesupport_fastrtps_cpp.dir/rosidl_typesupport_fastrtps_cpp/custom_interface/srv/detail/dds_fastrtps/test_srv_empty_input__type_support.cpp.o[0m
[ 71%] [32mBuilding CXX object CMakeFiles/custom_interface__rosidl_typesupport_fastrtps_cpp.dir/rosidl_typesupport_fastrtps_cpp/custom_interface/srv/detail/dds_fastrtps/test_srv__type_support.cpp.o[0m
[ 73%] [32mBuilding CXX object CMakeFiles/custom_interface__rosidl_typesupport_fastrtps_cpp.dir/rosidl_typesupport_fastrtps_cpp/custom_interface/action/detail/dds_fastrtps/turtle_draw_action__type_support.cpp.o[0m
[ 74%] [32m[1mLinking CXX shared library libcustom_interface__rosidl_typesupport_cpp.so[0m
[ 74%] Built target custom_interface__rosidl_typesupport_cpp
[ 76%] [32m[1mLinking CXX shared library libcustom_interface__rosidl_typesupport_fastrtps_c.so[0m
[ 76%] Built target custom_interface__rosidl_typesupport_fastrtps_c
[ 77%] [32m[1mLinking CXX shared library libcustom_interface__rosidl_typesupport_introspection_cpp.so[0m
[ 77%] Built target custom_interface__rosidl_typesupport_introspection_cpp
[ 79%] [32m[1mLinking CXX shared library libcustom_interface__rosidl_typesupport_fastrtps_cpp.so[0m
[ 79%] Built target custom_interface__rosidl_typesupport_fastrtps_cpp
[ 79%] Built target custom_interface
[ 80%] [34m[1mGenerating Python code for ROS interfaces[0m
[ 80%] Built target custom_interface__py
[ 82%] [32mBuilding C object CMakeFiles/custom_interface__rosidl_generator_py.dir/rosidl_generator_py/custom_interface/msg/_test_msg_s.c.o[0m
[ 85%] [32mBuilding C object CMakeFiles/custom_interface__rosidl_generator_py.dir/rosidl_generator_py/custom_interface/srv/_test_srv_empty_input_s.c.o[0m
[ 85%] [32mBuilding C object CMakeFiles/custom_interface__rosidl_generator_py.dir/rosidl_generator_py/custom_interface/action/_test_action_s.c.o[0m
[ 87%] [32mBuilding C object CMakeFiles/custom_interface__rosidl_generator_py.dir/rosidl_generator_py/custom_interface/srv/_test_srv_s.c.o[0m
[ 88%] [32mBuilding C object CMakeFiles/custom_interface__rosidl_generator_py.dir/rosidl_generator_py/custom_interface/action/_turtle_draw_action_s.c.o[0m
[ 90%] [32m[1mLinking C shared library rosidl_generator_py/custom_interface/libcustom_interface__rosidl_generator_py.so[0m
[ 90%] Built target custom_interface__rosidl_generator_py
[ 95%] [32mBuilding C object CMakeFiles/custom_interface__rosidl_typesupport_introspection_c__pyext.dir/rosidl_generator_py/custom_interface/_custom_interface_s.ep.rosidl_typesupport_introspection_c.c.o[0m
[ 95%] [32mBuilding C object CMakeFiles/custom_interface__rosidl_typesupport_fastrtps_c__pyext.dir/rosidl_generator_py/custom_interface/_custom_interface_s.ep.rosidl_typesupport_fastrtps_c.c.o[0m
[ 95%] [32mBuilding C object CMakeFiles/custom_interface__rosidl_typesupport_c__pyext.dir/rosidl_generator_py/custom_interface/_custom_interface_s.ep.rosidl_typesupport_c.c.o[0m
[ 98%] [32m[1mLinking C shared library rosidl_generator_py/custom_interface/custom_interface_s__rosidl_typesupport_fastrtps_c.cpython-310-x86_64-linux-gnu.so[0m
[ 98%] [32m[1mLinking C shared library rosidl_generator_py/custom_interface/custom_interface_s__rosidl_typesupport_c.cpython-310-x86_64-linux-gnu.so[0m
[100%] [32m[1mLinking C shared library rosidl_generator_py/custom_interface/custom_interface_s__rosidl_typesupport_introspection_c.cpython-310-x86_64-linux-gnu.so[0m
[100%] Built target custom_interface__rosidl_typesupport_fastrtps_c__pyext
[100%] Built target custom_interface__rosidl_typesupport_c__pyext
[100%] Built target custom_interface__rosidl_typesupport_introspection_c__pyext
-- Install configuration: ""
-- Installing: /home/whaly/isaac_ws/Isaacsim_ros2_ws/install/custom_interface/share/ament_index/resource_index/rosidl_interfaces/custom_interface
-- Installing: /home/whaly/isaac_ws/Isaacsim_ros2_ws/install/custom_interface/include/custom_interface/custom_interface
-- Installing: /home/whaly/isaac_ws/Isaacsim_ros2_ws/install/custom_interface/include/custom_interface/custom_interface/action
-- Installing: /home/whaly/isaac_ws/Isaacsim_ros2_ws/install/custom_interface/include/custom_interface/custom_interface/action/test_action.h
-- Installing: /home/whaly/isaac_ws/Isaacsim_ros2_ws/install/custom_interface/include/custom_interface/custom_interface/action/detail
-- Installing: /home/whaly/isaac_ws/Isaacsim_ros2_ws/install/custom_interface/include/custom_interface/custom_interface/action/detail/test_action__type_support.h
-- Installing: /home/whaly/isaac_ws/Isaacsim_ros2_ws/install/custom_interface/include/custom_interface/custom_interface/action/detail/turtle_draw_action__functions.h
-- Installing: /home/whaly/isaac_ws/Isaacsim_ros2_ws/install/custom_interface/include/custom_interface/custom_interface/action/detail/test_action__functions.h
-- Installing: /home/whaly/isaac_ws/Isaacsim_ros2_ws/install/custom_interface/include/custom_interface/custom_interface/action/detail/turtle_draw_action__type_support.h
-- Installing: /home/whaly/isaac_ws/Isaacsim_ros2_ws/install/custom_interface/include/custom_interface/custom_interface/action/detail/test_action__functions.c
-- Installing: /home/whaly/isaac_ws/Isaacsim_ros2_ws/install/custom_interface/include/custom_interface/custom_interface/action/detail/turtle_draw_action__functions.c
-- Installing: /home/whaly/isaac_ws/Isaacsim_ros2_ws/install/custom_interface/include/custom_interface/custom_interface/action/detail/turtle_draw_action__struct.h
-- Installing: /home/whaly/isaac_ws/Isaacsim_ros2_ws/install/custom_interface/include/custom_interface/custom_interface/action/detail/test_action__struct.h
-- Installing: /home/whaly/isaac_ws/Isaacsim_ros2_ws/install/custom_interface/include/custom_interface/custom_interface/action/turtle_draw_action.h
-- Installing: /home/whaly/isaac_ws/Isaacsim_ros2_ws/install/custom_interface/include/custom_interface/custom_interface/msg
-- Installing: /home/whaly/isaac_ws/Isaacsim_ros2_ws/install/custom_interface/include/custom_interface/custom_interface/msg/detail
-- Installing: /home/whaly/isaac_ws/Isaacsim_ros2_ws/install/custom_interface/include/custom_interface/custom_interface/msg/detail/test_msg__functions.h
-- Installing: /home/whaly/isaac_ws/Isaacsim_ros2_ws/install/custom_interface/include/custom_interface/custom_interface/msg/detail/test_msg__type_support.h
-- Installing: /home/whaly/isaac_ws/Isaacsim_ros2_ws/install/custom_interface/include/custom_interface/custom_interface/msg/detail/test_msg__functions.c
-- Installing: /home/whaly/isaac_ws/Isaacsim_ros2_ws/install/custom_interface/include/custom_interface/custom_interface/msg/detail/test_msg__struct.h
-- Installing: /home/whaly/isaac_ws/Isaacsim_ros2_ws/install/custom_interface/include/custom_interface/custom_interface/msg/test_msg.h
-- Installing: /home/whaly/isaac_ws/Isaacsim_ros2_ws/install/custom_interface/include/custom_interface/custom_interface/msg/rosidl_generator_c__visibility_control.h
-- Installing: /home/whaly/isaac_ws/Isaacsim_ros2_ws/install/custom_interface/include/custom_interface/custom_interface/srv
-- Installing: /home/whaly/isaac_ws/Isaacsim_ros2_ws/install/custom_interface/include/custom_interface/custom_interface/srv/test_srv.h
-- Installing: /home/whaly/isaac_ws/Isaacsim_ros2_ws/install/custom_interface/include/custom_interface/custom_interface/srv/test_srv_empty_input.h
-- Installing: /home/whaly/isaac_ws/Isaacsim_ros2_ws/install/custom_interface/include/custom_interface/custom_interface/srv/detail
-- Installing: /home/whaly/isaac_ws/Isaacsim_ros2_ws/install/custom_interface/include/custom_interface/custom_interface/srv/detail/test_srv_empty_input__functions.h
-- Installing: /home/whaly/isaac_ws/Isaacsim_ros2_ws/install/custom_interface/include/custom_interface/custom_interface/srv/detail/test_srv_empty_input__functions.c
-- Installing: /home/whaly/isaac_ws/Isaacsim_ros2_ws/install/custom_interface/include/custom_interface/custom_interface/srv/detail/test_srv__struct.h
-- Installing: /home/whaly/isaac_ws/Isaacsim_ros2_ws/install/custom_interface/include/custom_interface/custom_interface/srv/detail/test_srv__type_support.h
-- Installing: /home/whaly/isaac_ws/Isaacsim_ros2_ws/install/custom_interface/include/custom_interface/custom_interface/srv/detail/test_srv_empty_input__type_support.h
-- Installing: /home/whaly/isaac_ws/Isaacsim_ros2_ws/install/custom_interface/include/custom_interface/custom_interface/srv/detail/test_srv__functions.c
-- Installing: /home/whaly/isaac_ws/Isaacsim_ros2_ws/install/custom_interface/include/custom_interface/custom_interface/srv/detail/test_srv_empty_input__struct.h
-- Installing: /home/whaly/isaac_ws/Isaacsim_ros2_ws/install/custom_interface/include/custom_interface/custom_interface/srv/detail/test_srv__functions.h
-- Installing: /home/whaly/isaac_ws/Isaacsim_ros2_ws/install/custom_interface/share/custom_interface/environment/library_path.sh
-- Installing: /home/whaly/isaac_ws/Isaacsim_ros2_ws/install/custom_interface/share/custom_interface/environment/library_path.dsv
-- Installing: /home/whaly/isaac_ws/Isaacsim_ros2_ws/install/custom_interface/lib/libcustom_interface__rosidl_generator_c.so
-- Set runtime path of "/home/whaly/isaac_ws/Isaacsim_ros2_ws/install/custom_interface/lib/libcustom_interface__rosidl_generator_c.so" to ""
-- Up-to-date: /home/whaly/isaac_ws/Isaacsim_ros2_ws/install/custom_interface/include/custom_interface/custom_interface
-- Up-to-date: /home/whaly/isaac_ws/Isaacsim_ros2_ws/install/custom_interface/include/custom_interface/custom_interface/action
-- Up-to-date: /home/whaly/isaac_ws/Isaacsim_ros2_ws/install/custom_interface/include/custom_interface/custom_interface/action/detail
-- Installing: /home/whaly/isaac_ws/Isaacsim_ros2_ws/install/custom_interface/include/custom_interface/custom_interface/action/detail/turtle_draw_action__rosidl_typesupport_fastrtps_c.h
-- Installing: /home/whaly/isaac_ws/Isaacsim_ros2_ws/install/custom_interface/include/custom_interface/custom_interface/action/detail/test_action__rosidl_typesupport_fastrtps_c.h
-- Up-to-date: /home/whaly/isaac_ws/Isaacsim_ros2_ws/install/custom_interface/include/custom_interface/custom_interface/msg
-- Installing: /home/whaly/isaac_ws/Isaacsim_ros2_ws/install/custom_interface/include/custom_interface/custom_interface/msg/rosidl_typesupport_fastrtps_c__visibility_control.h
-- Up-to-date: /home/whaly/isaac_ws/Isaacsim_ros2_ws/install/custom_interface/include/custom_interface/custom_interface/msg/detail
-- Installing: /home/whaly/isaac_ws/Isaacsim_ros2_ws/install/custom_interface/include/custom_interface/custom_interface/msg/detail/test_msg__rosidl_typesupport_fastrtps_c.h
-- Up-to-date: /home/whaly/isaac_ws/Isaacsim_ros2_ws/install/custom_interface/include/custom_interface/custom_interface/srv
-- Up-to-date: /home/whaly/isaac_ws/Isaacsim_ros2_ws/install/custom_interface/include/custom_interface/custom_interface/srv/detail
-- Installing: /home/whaly/isaac_ws/Isaacsim_ros2_ws/install/custom_interface/include/custom_interface/custom_interface/srv/detail/test_srv__rosidl_typesupport_fastrtps_c.h
-- Installing: /home/whaly/isaac_ws/Isaacsim_ros2_ws/install/custom_interface/include/custom_interface/custom_interface/srv/detail/test_srv_empty_input__rosidl_typesupport_fastrtps_c.h
-- Installing: /home/whaly/isaac_ws/Isaacsim_ros2_ws/install/custom_interface/lib/libcustom_interface__rosidl_typesupport_fastrtps_c.so
-- Set runtime path of "/home/whaly/isaac_ws/Isaacsim_ros2_ws/install/custom_interface/lib/libcustom_interface__rosidl_typesupport_fastrtps_c.so" to ""
-- Up-to-date: /home/whaly/isaac_ws/Isaacsim_ros2_ws/install/custom_interface/include/custom_interface/custom_interface
-- Up-to-date: /home/whaly/isaac_ws/Isaacsim_ros2_ws/install/custom_interface/include/custom_interface/custom_interface/action
-- Installing: /home/whaly/isaac_ws/Isaacsim_ros2_ws/install/custom_interface/include/custom_interface/custom_interface/action/test_action.hpp
-- Installing: /home/whaly/isaac_ws/Isaacsim_ros2_ws/install/custom_interface/include/custom_interface/custom_interface/action/turtle_draw_action.hpp
-- Up-to-date: /home/whaly/isaac_ws/Isaacsim_ros2_ws/install/custom_interface/include/custom_interface/custom_interface/action/detail
-- Installing: /home/whaly/isaac_ws/Isaacsim_ros2_ws/install/custom_interface/include/custom_interface/custom_interface/action/detail/test_action__traits.hpp
-- Installing: /home/whaly/isaac_ws/Isaacsim_ros2_ws/install/custom_interface/include/custom_interface/custom_interface/action/detail/test_action__builder.hpp
-- Installing: /home/whaly/isaac_ws/Isaacsim_ros2_ws/install/custom_interface/include/custom_interface/custom_interface/action/detail/test_action__type_support.hpp
-- Installing: /home/whaly/isaac_ws/Isaacsim_ros2_ws/install/custom_interface/include/custom_interface/custom_interface/action/detail/turtle_draw_action__builder.hpp
-- Installing: /home/whaly/isaac_ws/Isaacsim_ros2_ws/install/custom_interface/include/custom_interface/custom_interface/action/detail/turtle_draw_action__struct.hpp
-- Installing: /home/whaly/isaac_ws/Isaacsim_ros2_ws/install/custom_interface/include/custom_interface/custom_interface/action/detail/turtle_draw_action__type_support.hpp
-- Installing: /home/whaly/isaac_ws/Isaacsim_ros2_ws/install/custom_interface/include/custom_interface/custom_interface/action/detail/turtle_draw_action__traits.hpp
-- Installing: /home/whaly/isaac_ws/Isaacsim_ros2_ws/install/custom_interface/include/custom_interface/custom_interface/action/detail/test_action__struct.hpp
-- Up-to-date: /home/whaly/isaac_ws/Isaacsim_ros2_ws/install/custom_interface/include/custom_interface/custom_interface/msg
-- Up-to-date: /home/whaly/isaac_ws/Isaacsim_ros2_ws/install/custom_interface/include/custom_interface/custom_interface/msg/detail
-- Installing: /home/whaly/isaac_ws/Isaacsim_ros2_ws/install/custom_interface/include/custom_interface/custom_interface/msg/detail/test_msg__type_support.hpp
-- Installing: /home/whaly/isaac_ws/Isaacsim_ros2_ws/install/custom_interface/include/custom_interface/custom_interface/msg/detail/test_msg__builder.hpp
-- Installing: /home/whaly/isaac_ws/Isaacsim_ros2_ws/install/custom_interface/include/custom_interface/custom_interface/msg/detail/test_msg__traits.hpp
-- Installing: /home/whaly/isaac_ws/Isaacsim_ros2_ws/install/custom_interface/include/custom_interface/custom_interface/msg/detail/test_msg__struct.hpp
-- Installing: /home/whaly/isaac_ws/Isaacsim_ros2_ws/install/custom_interface/include/custom_interface/custom_interface/msg/test_msg.hpp
-- Installing: /home/whaly/isaac_ws/Isaacsim_ros2_ws/install/custom_interface/include/custom_interface/custom_interface/msg/rosidl_generator_cpp__visibility_control.hpp
-- Up-to-date: /home/whaly/isaac_ws/Isaacsim_ros2_ws/install/custom_interface/include/custom_interface/custom_interface/srv
-- Installing: /home/whaly/isaac_ws/Isaacsim_ros2_ws/install/custom_interface/include/custom_interface/custom_interface/srv/test_srv_empty_input.hpp
-- Up-to-date: /home/whaly/isaac_ws/Isaacsim_ros2_ws/install/custom_interface/include/custom_interface/custom_interface/srv/detail
-- Installing: /home/whaly/isaac_ws/Isaacsim_ros2_ws/install/custom_interface/include/custom_interface/custom_interface/srv/detail/test_srv_empty_input__struct.hpp
-- Installing: /home/whaly/isaac_ws/Isaacsim_ros2_ws/install/custom_interface/include/custom_interface/custom_interface/srv/detail/test_srv__struct.hpp
-- Installing: /home/whaly/isaac_ws/Isaacsim_ros2_ws/install/custom_interface/include/custom_interface/custom_interface/srv/detail/test_srv__builder.hpp
-- Installing: /home/whaly/isaac_ws/Isaacsim_ros2_ws/install/custom_interface/include/custom_interface/custom_interface/srv/detail/test_srv_empty_input__builder.hpp
-- Installing: /home/whaly/isaac_ws/Isaacsim_ros2_ws/install/custom_interface/include/custom_interface/custom_interface/srv/detail/test_srv_empty_input__traits.hpp
-- Installing: /home/whaly/isaac_ws/Isaacsim_ros2_ws/install/custom_interface/include/custom_interface/custom_interface/srv/detail/test_srv__traits.hpp
-- Installing: /home/whaly/isaac_ws/Isaacsim_ros2_ws/install/custom_interface/include/custom_interface/custom_interface/srv/detail/test_srv__type_support.hpp
-- Installing: /home/whaly/isaac_ws/Isaacsim_ros2_ws/install/custom_interface/include/custom_interface/custom_interface/srv/detail/test_srv_empty_input__type_support.hpp
-- Installing: /home/whaly/isaac_ws/Isaacsim_ros2_ws/install/custom_interface/include/custom_interface/custom_interface/srv/test_srv.hpp
-- Up-to-date: /home/whaly/isaac_ws/Isaacsim_ros2_ws/install/custom_interface/include/custom_interface/custom_interface
-- Up-to-date: /home/whaly/isaac_ws/Isaacsim_ros2_ws/install/custom_interface/include/custom_interface/custom_interface/action
-- Up-to-date: /home/whaly/isaac_ws/Isaacsim_ros2_ws/install/custom_interface/include/custom_interface/custom_interface/action/detail
-- Installing: /home/whaly/isaac_ws/Isaacsim_ros2_ws/install/custom_interface/include/custom_interface/custom_interface/action/detail/test_action__rosidl_typesupport_fastrtps_cpp.hpp
-- Installing: /home/whaly/isaac_ws/Isaacsim_ros2_ws/install/custom_interface/include/custom_interface/custom_interface/action/detail/dds_fastrtps
-- Installing: /home/whaly/isaac_ws/Isaacsim_ros2_ws/install/custom_interface/include/custom_interface/custom_interface/action/detail/turtle_draw_action__rosidl_typesupport_fastrtps_cpp.hpp
-- Up-to-date: /home/whaly/isaac_ws/Isaacsim_ros2_ws/install/custom_interface/include/custom_interface/custom_interface/msg
-- Installing: /home/whaly/isaac_ws/Isaacsim_ros2_ws/install/custom_interface/include/custom_interface/custom_interface/msg/rosidl_typesupport_fastrtps_cpp__visibility_control.h
-- Up-to-date: /home/whaly/isaac_ws/Isaacsim_ros2_ws/install/custom_interface/include/custom_interface/custom_interface/msg/detail
-- Installing: /home/whaly/isaac_ws/Isaacsim_ros2_ws/install/custom_interface/include/custom_interface/custom_interface/msg/detail/test_msg__rosidl_typesupport_fastrtps_cpp.hpp
-- Installing: /home/whaly/isaac_ws/Isaacsim_ros2_ws/install/custom_interface/include/custom_interface/custom_interface/msg/detail/dds_fastrtps
-- Up-to-date: /home/whaly/isaac_ws/Isaacsim_ros2_ws/install/custom_interface/include/custom_interface/custom_interface/srv
-- Up-to-date: /home/whaly/isaac_ws/Isaacsim_ros2_ws/install/custom_interface/include/custom_interface/custom_interface/srv/detail
-- Installing: /home/whaly/isaac_ws/Isaacsim_ros2_ws/install/custom_interface/include/custom_interface/custom_interface/srv/detail/test_srv_empty_input__rosidl_typesupport_fastrtps_cpp.hpp
-- Installing: /home/whaly/isaac_ws/Isaacsim_ros2_ws/install/custom_interface/include/custom_interface/custom_interface/srv/detail/test_srv__rosidl_typesupport_fastrtps_cpp.hpp
-- Installing: /home/whaly/isaac_ws/Isaacsim_ros2_ws/install/custom_interface/include/custom_interface/custom_interface/srv/detail/dds_fastrtps
-- Installing: /home/whaly/isaac_ws/Isaacsim_ros2_ws/install/custom_interface/lib/libcustom_interface__rosidl_typesupport_fastrtps_cpp.so
-- Set runtime path of "/home/whaly/isaac_ws/Isaacsim_ros2_ws/install/custom_interface/lib/libcustom_interface__rosidl_typesupport_fastrtps_cpp.so" to ""
-- Up-to-date: /home/whaly/isaac_ws/Isaacsim_ros2_ws/install/custom_interface/include/custom_interface/custom_interface
-- Up-to-date: /home/whaly/isaac_ws/Isaacsim_ros2_ws/install/custom_interface/include/custom_interface/custom_interface/action
-- Up-to-date: /home/whaly/isaac_ws/Isaacsim_ros2_ws/install/custom_interface/include/custom_interface/custom_interface/action/detail
-- Installing: /home/whaly/isaac_ws/Isaacsim_ros2_ws/install/custom_interface/include/custom_interface/custom_interface/action/detail/turtle_draw_action__rosidl_typesupport_introspection_c.h
-- Installing: /home/whaly/isaac_ws/Isaacsim_ros2_ws/install/custom_interface/include/custom_interface/custom_interface/action/detail/test_action__type_support.c
-- Installing: /home/whaly/isaac_ws/Isaacsim_ros2_ws/install/custom_interface/include/custom_interface/custom_interface/action/detail/test_action__rosidl_typesupport_introspection_c.h
-- Installing: /home/whaly/isaac_ws/Isaacsim_ros2_ws/install/custom_interface/include/custom_interface/custom_interface/action/detail/turtle_draw_action__type_support.c
-- Up-to-date: /home/whaly/isaac_ws/Isaacsim_ros2_ws/install/custom_interface/include/custom_interface/custom_interface/msg
-- Installing: /home/whaly/isaac_ws/Isaacsim_ros2_ws/install/custom_interface/include/custom_interface/custom_interface/msg/rosidl_typesupport_introspection_c__visibility_control.h
-- Up-to-date: /home/whaly/isaac_ws/Isaacsim_ros2_ws/install/custom_interface/include/custom_interface/custom_interface/msg/detail
-- Installing: /home/whaly/isaac_ws/Isaacsim_ros2_ws/install/custom_interface/include/custom_interface/custom_interface/msg/detail/test_msg__rosidl_typesupport_introspection_c.h
-- Installing: /home/whaly/isaac_ws/Isaacsim_ros2_ws/install/custom_interface/include/custom_interface/custom_interface/msg/detail/test_msg__type_support.c
-- Up-to-date: /home/whaly/isaac_ws/Isaacsim_ros2_ws/install/custom_interface/include/custom_interface/custom_interface/srv
-- Up-to-date: /home/whaly/isaac_ws/Isaacsim_ros2_ws/install/custom_interface/include/custom_interface/custom_interface/srv/detail
-- Installing: /home/whaly/isaac_ws/Isaacsim_ros2_ws/install/custom_interface/include/custom_interface/custom_interface/srv/detail/test_srv_empty_input__rosidl_typesupport_introspection_c.h
-- Installing: /home/whaly/isaac_ws/Isaacsim_ros2_ws/install/custom_interface/include/custom_interface/custom_interface/srv/detail/test_srv__type_support.c
-- Installing: /home/whaly/isaac_ws/Isaacsim_ros2_ws/install/custom_interface/include/custom_interface/custom_interface/srv/detail/test_srv_empty_input__type_support.c
-- Installing: /home/whaly/isaac_ws/Isaacsim_ros2_ws/install/custom_interface/include/custom_interface/custom_interface/srv/detail/test_srv__rosidl_typesupport_introspection_c.h
-- Installing: /home/whaly/isaac_ws/Isaacsim_ros2_ws/install/custom_interface/lib/libcustom_interface__rosidl_typesupport_introspection_c.so
-- Set runtime path of "/home/whaly/isaac_ws/Isaacsim_ros2_ws/install/custom_interface/lib/libcustom_interface__rosidl_typesupport_introspection_c.so" to ""
-- Installing: /home/whaly/isaac_ws/Isaacsim_ros2_ws/install/custom_interface/lib/libcustom_interface__rosidl_typesupport_c.so
-- Set runtime path of "/home/whaly/isaac_ws/Isaacsim_ros2_ws/install/custom_interface/lib/libcustom_interface__rosidl_typesupport_c.so" to ""
-- Up-to-date: /home/whaly/isaac_ws/Isaacsim_ros2_ws/install/custom_interface/include/custom_interface/custom_interface
-- Up-to-date: /home/whaly/isaac_ws/Isaacsim_ros2_ws/install/custom_interface/include/custom_interface/custom_interface/action
-- Up-to-date: /home/whaly/isaac_ws/Isaacsim_ros2_ws/install/custom_interface/include/custom_interface/custom_interface/action/detail
-- Installing: /home/whaly/isaac_ws/Isaacsim_ros2_ws/install/custom_interface/include/custom_interface/custom_interface/action/detail/turtle_draw_action__type_support.cpp
-- Installing: /home/whaly/isaac_ws/Isaacsim_ros2_ws/install/custom_interface/include/custom_interface/custom_interface/action/detail/turtle_draw_action__rosidl_typesupport_introspection_cpp.hpp
-- Installing: /home/whaly/isaac_ws/Isaacsim_ros2_ws/install/custom_interface/include/custom_interface/custom_interface/action/detail/test_action__rosidl_typesupport_introspection_cpp.hpp
-- Installing: /home/whaly/isaac_ws/Isaacsim_ros2_ws/install/custom_interface/include/custom_interface/custom_interface/action/detail/test_action__type_support.cpp
-- Up-to-date: /home/whaly/isaac_ws/Isaacsim_ros2_ws/install/custom_interface/include/custom_interface/custom_interface/msg
-- Up-to-date: /home/whaly/isaac_ws/Isaacsim_ros2_ws/install/custom_interface/include/custom_interface/custom_interface/msg/detail
-- Installing: /home/whaly/isaac_ws/Isaacsim_ros2_ws/install/custom_interface/include/custom_interface/custom_interface/msg/detail/test_msg__rosidl_typesupport_introspection_cpp.hpp
-- Installing: /home/whaly/isaac_ws/Isaacsim_ros2_ws/install/custom_interface/include/custom_interface/custom_interface/msg/detail/test_msg__type_support.cpp
-- Up-to-date: /home/whaly/isaac_ws/Isaacsim_ros2_ws/install/custom_interface/include/custom_interface/custom_interface/srv
-- Up-to-date: /home/whaly/isaac_ws/Isaacsim_ros2_ws/install/custom_interface/include/custom_interface/custom_interface/srv/detail
-- Installing: /home/whaly/isaac_ws/Isaacsim_ros2_ws/install/custom_interface/include/custom_interface/custom_interface/srv/detail/test_srv__rosidl_typesupport_introspection_cpp.hpp
-- Installing: /home/whaly/isaac_ws/Isaacsim_ros2_ws/install/custom_interface/include/custom_interface/custom_interface/srv/detail/test_srv_empty_input__type_support.cpp
-- Installing: /home/whaly/isaac_ws/Isaacsim_ros2_ws/install/custom_interface/include/custom_interface/custom_interface/srv/detail/test_srv__type_support.cpp
-- Installing: /home/whaly/isaac_ws/Isaacsim_ros2_ws/install/custom_interface/include/custom_interface/custom_interface/srv/detail/test_srv_empty_input__rosidl_typesupport_introspection_cpp.hpp
-- Installing: /home/whaly/isaac_ws/Isaacsim_ros2_ws/install/custom_interface/lib/libcustom_interface__rosidl_typesupport_introspection_cpp.so
-- Set runtime path of "/home/whaly/isaac_ws/Isaacsim_ros2_ws/install/custom_interface/lib/libcustom_interface__rosidl_typesupport_introspection_cpp.so" to ""
-- Installing: /home/whaly/isaac_ws/Isaacsim_ros2_ws/install/custom_interface/lib/libcustom_interface__rosidl_typesupport_cpp.so
-- Set runtime path of "/home/whaly/isaac_ws/Isaacsim_ros2_ws/install/custom_interface/lib/libcustom_interface__rosidl_typesupport_cpp.so" to ""
-- Installing: /home/whaly/isaac_ws/Isaacsim_ros2_ws/install/custom_interface/share/custom_interface/environment/pythonpath.sh
-- Installing: /home/whaly/isaac_ws/Isaacsim_ros2_ws/install/custom_interface/share/custom_interface/environment/pythonpath.dsv
-- Installing: /home/whaly/isaac_ws/Isaacsim_ros2_ws/install/custom_interface/local/lib/python3.10/dist-packages/custom_interface-0.0.0-py3.10.egg-info
-- Installing: /home/whaly/isaac_ws/Isaacsim_ros2_ws/install/custom_interface/local/lib/python3.10/dist-packages/custom_interface-0.0.0-py3.10.egg-info/PKG-INFO
-- Installing: /home/whaly/isaac_ws/Isaacsim_ros2_ws/install/custom_interface/local/lib/python3.10/dist-packages/custom_interface-0.0.0-py3.10.egg-info/top_level.txt
-- Installing: /home/whaly/isaac_ws/Isaacsim_ros2_ws/install/custom_interface/local/lib/python3.10/dist-packages/custom_interface-0.0.0-py3.10.egg-info/dependency_links.txt
-- Installing: /home/whaly/isaac_ws/Isaacsim_ros2_ws/install/custom_interface/local/lib/python3.10/dist-packages/custom_interface-0.0.0-py3.10.egg-info/SOURCES.txt
-- Installing: /home/whaly/isaac_ws/Isaacsim_ros2_ws/install/custom_interface/local/lib/python3.10/dist-packages/custom_interface
-- Installing: /home/whaly/isaac_ws/Isaacsim_ros2_ws/install/custom_interface/local/lib/python3.10/dist-packages/custom_interface/custom_interface_s__rosidl_typesupport_introspection_c.cpython-310-x86_64-linux-gnu.so
-- Installing: /home/whaly/isaac_ws/Isaacsim_ros2_ws/install/custom_interface/local/lib/python3.10/dist-packages/custom_interface/custom_interface_s__rosidl_typesupport_fastrtps_c.cpython-310-x86_64-linux-gnu.so
-- Installing: /home/whaly/isaac_ws/Isaacsim_ros2_ws/install/custom_interface/local/lib/python3.10/dist-packages/custom_interface/action
-- Installing: /home/whaly/isaac_ws/Isaacsim_ros2_ws/install/custom_interface/local/lib/python3.10/dist-packages/custom_interface/action/_turtle_draw_action_s.c
-- Installing: /home/whaly/isaac_ws/Isaacsim_ros2_ws/install/custom_interface/local/lib/python3.10/dist-packages/custom_interface/action/__init__.py
-- Installing: /home/whaly/isaac_ws/Isaacsim_ros2_ws/install/custom_interface/local/lib/python3.10/dist-packages/custom_interface/action/_turtle_draw_action.py
-- Installing: /home/whaly/isaac_ws/Isaacsim_ros2_ws/install/custom_interface/local/lib/python3.10/dist-packages/custom_interface/action/_test_action.py
-- Installing: /home/whaly/isaac_ws/Isaacsim_ros2_ws/install/custom_interface/local/lib/python3.10/dist-packages/custom_interface/action/_test_action_s.c
-- Installing: /home/whaly/isaac_ws/Isaacsim_ros2_ws/install/custom_interface/local/lib/python3.10/dist-packages/custom_interface/custom_interface_s__rosidl_typesupport_c.cpython-310-x86_64-linux-gnu.so
-- Installing: /home/whaly/isaac_ws/Isaacsim_ros2_ws/install/custom_interface/local/lib/python3.10/dist-packages/custom_interface/__init__.py
-- Installing: /home/whaly/isaac_ws/Isaacsim_ros2_ws/install/custom_interface/local/lib/python3.10/dist-packages/custom_interface/libcustom_interface__rosidl_generator_py.so
-- Installing: /home/whaly/isaac_ws/Isaacsim_ros2_ws/install/custom_interface/local/lib/python3.10/dist-packages/custom_interface/_custom_interface_s.ep.rosidl_typesupport_c.c
-- Installing: /home/whaly/isaac_ws/Isaacsim_ros2_ws/install/custom_interface/local/lib/python3.10/dist-packages/custom_interface/msg
-- Installing: /home/whaly/isaac_ws/Isaacsim_ros2_ws/install/custom_interface/local/lib/python3.10/dist-packages/custom_interface/msg/_test_msg.py
-- Installing: /home/whaly/isaac_ws/Isaacsim_ros2_ws/install/custom_interface/local/lib/python3.10/dist-packages/custom_interface/msg/__init__.py
-- Installing: /home/whaly/isaac_ws/Isaacsim_ros2_ws/install/custom_interface/local/lib/python3.10/dist-packages/custom_interface/msg/_test_msg_s.c
-- Installing: /home/whaly/isaac_ws/Isaacsim_ros2_ws/install/custom_interface/local/lib/python3.10/dist-packages/custom_interface/srv
-- Installing: /home/whaly/isaac_ws/Isaacsim_ros2_ws/install/custom_interface/local/lib/python3.10/dist-packages/custom_interface/srv/_test_srv_s.c
-- Installing: /home/whaly/isaac_ws/Isaacsim_ros2_ws/install/custom_interface/local/lib/python3.10/dist-packages/custom_interface/srv/_test_srv_empty_input_s.c
-- Installing: /home/whaly/isaac_ws/Isaacsim_ros2_ws/install/custom_interface/local/lib/python3.10/dist-packages/custom_interface/srv/__init__.py
-- Installing: /home/whaly/isaac_ws/Isaacsim_ros2_ws/install/custom_interface/local/lib/python3.10/dist-packages/custom_interface/srv/_test_srv_empty_input.py
-- Installing: /home/whaly/isaac_ws/Isaacsim_ros2_ws/install/custom_interface/local/lib/python3.10/dist-packages/custom_interface/srv/_test_srv.py
-- Installing: /home/whaly/isaac_ws/Isaacsim_ros2_ws/install/custom_interface/local/lib/python3.10/dist-packages/custom_interface/_custom_interface_s.ep.rosidl_typesupport_fastrtps_c.c
-- Installing: /home/whaly/isaac_ws/Isaacsim_ros2_ws/install/custom_interface/local/lib/python3.10/dist-packages/custom_interface/_custom_interface_s.ep.rosidl_typesupport_introspection_c.c
Listing '/home/whaly/isaac_ws/Isaacsim_ros2_ws/install/custom_interface/local/lib/python3.10/dist-packages/custom_interface'...
Compiling '/home/whaly/isaac_ws/Isaacsim_ros2_ws/install/custom_interface/local/lib/python3.10/dist-packages/custom_interface/__init__.py'...
Listing '/home/whaly/isaac_ws/Isaacsim_ros2_ws/install/custom_interface/local/lib/python3.10/dist-packages/custom_interface/action'...
Compiling '/home/whaly/isaac_ws/Isaacsim_ros2_ws/install/custom_interface/local/lib/python3.10/dist-packages/custom_interface/action/__init__.py'...
Compiling '/home/whaly/isaac_ws/Isaacsim_ros2_ws/install/custom_interface/local/lib/python3.10/dist-packages/custom_interface/action/_test_action.py'...
Compiling '/home/whaly/isaac_ws/Isaacsim_ros2_ws/install/custom_interface/local/lib/python3.10/dist-packages/custom_interface/action/_turtle_draw_action.py'...
Listing '/home/whaly/isaac_ws/Isaacsim_ros2_ws/install/custom_interface/local/lib/python3.10/dist-packages/custom_interface/msg'...
Compiling '/home/whaly/isaac_ws/Isaacsim_ros2_ws/install/custom_interface/local/lib/python3.10/dist-packages/custom_interface/msg/__init__.py'...
Compiling '/home/whaly/isaac_ws/Isaacsim_ros2_ws/install/custom_interface/local/lib/python3.10/dist-packages/custom_interface/msg/_test_msg.py'...
Listing '/home/whaly/isaac_ws/Isaacsim_ros2_ws/install/custom_interface/local/lib/python3.10/dist-packages/custom_interface/srv'...
Compiling '/home/whaly/isaac_ws/Isaacsim_ros2_ws/install/custom_interface/local/lib/python3.10/dist-packages/custom_interface/srv/__init__.py'...
Compiling '/home/whaly/isaac_ws/Isaacsim_ros2_ws/install/custom_interface/local/lib/python3.10/dist-packages/custom_interface/srv/_test_srv.py'...
Compiling '/home/whaly/isaac_ws/Isaacsim_ros2_ws/install/custom_interface/local/lib/python3.10/dist-packages/custom_interface/srv/_test_srv_empty_input.py'...
-- Installing: /home/whaly/isaac_ws/Isaacsim_ros2_ws/install/custom_interface/local/lib/python3.10/dist-packages/custom_interface/custom_interface_s__rosidl_typesupport_fastrtps_c.cpython-310-x86_64-linux-gnu.so
-- Set runtime path of "/home/whaly/isaac_ws/Isaacsim_ros2_ws/install/custom_interface/local/lib/python3.10/dist-packages/custom_interface/custom_interface_s__rosidl_typesupport_fastrtps_c.cpython-310-x86_64-linux-gnu.so" to ""
-- Installing: /home/whaly/isaac_ws/Isaacsim_ros2_ws/install/custom_interface/local/lib/python3.10/dist-packages/custom_interface/custom_interface_s__rosidl_typesupport_introspection_c.cpython-310-x86_64-linux-gnu.so
-- Set runtime path of "/home/whaly/isaac_ws/Isaacsim_ros2_ws/install/custom_interface/local/lib/python3.10/dist-packages/custom_interface/custom_interface_s__rosidl_typesupport_introspection_c.cpython-310-x86_64-linux-gnu.so" to ""
-- Installing: /home/whaly/isaac_ws/Isaacsim_ros2_ws/install/custom_interface/local/lib/python3.10/dist-packages/custom_interface/custom_interface_s__rosidl_typesupport_c.cpython-310-x86_64-linux-gnu.so
-- Set runtime path of "/home/whaly/isaac_ws/Isaacsim_ros2_ws/install/custom_interface/local/lib/python3.10/dist-packages/custom_interface/custom_interface_s__rosidl_typesupport_c.cpython-310-x86_64-linux-gnu.so" to ""
-- Installing: /home/whaly/isaac_ws/Isaacsim_ros2_ws/install/custom_interface/lib/libcustom_interface__rosidl_generator_py.so
-- Set runtime path of "/home/whaly/isaac_ws/Isaacsim_ros2_ws/install/custom_interface/lib/libcustom_interface__rosidl_generator_py.so" to ""
-- Installing: /home/whaly/isaac_ws/Isaacsim_ros2_ws/install/custom_interface/share/custom_interface/msg/TestMsg.idl
-- Installing: /home/whaly/isaac_ws/Isaacsim_ros2_ws/install/custom_interface/share/custom_interface/srv/TestSrv.idl
-- Installing: /home/whaly/isaac_ws/Isaacsim_ros2_ws/install/custom_interface/share/custom_interface/srv/TestSrvEmptyInput.idl
-- Installing: /home/whaly/isaac_ws/Isaacsim_ros2_ws/install/custom_interface/share/custom_interface/action/TestAction.idl
-- Installing: /home/whaly/isaac_ws/Isaacsim_ros2_ws/install/custom_interface/share/custom_interface/action/TurtleDrawAction.idl
-- Installing: /home/whaly/isaac_ws/Isaacsim_ros2_ws/install/custom_interface/share/custom_interface/msg/TestMsg.msg
-- Installing: /home/whaly/isaac_ws/Isaacsim_ros2_ws/install/custom_interface/share/custom_interface/srv/TestSrv.srv
-- Installing: /home/whaly/isaac_ws/Isaacsim_ros2_ws/install/custom_interface/share/custom_interface/srv/TestSrv_Request.msg
-- Installing: /home/whaly/isaac_ws/Isaacsim_ros2_ws/install/custom_interface/share/custom_interface/srv/TestSrv_Response.msg
-- Installing: /home/whaly/isaac_ws/Isaacsim_ros2_ws/install/custom_interface/share/custom_interface/srv/TestSrvEmptyInput.srv
-- Installing: /home/whaly/isaac_ws/Isaacsim_ros2_ws/install/custom_interface/share/custom_interface/srv/TestSrvEmptyInput_Request.msg
-- Installing: /home/whaly/isaac_ws/Isaacsim_ros2_ws/install/custom_interface/share/custom_interface/srv/TestSrvEmptyInput_Response.msg
-- Installing: /home/whaly/isaac_ws/Isaacsim_ros2_ws/install/custom_interface/share/custom_interface/action/TestAction.action
-- Installing: /home/whaly/isaac_ws/Isaacsim_ros2_ws/install/custom_interface/share/custom_interface/action/TurtleDrawAction.action
-- Installing: /home/whaly/isaac_ws/Isaacsim_ros2_ws/install/custom_interface/share/ament_index/resource_index/package_run_dependencies/custom_interface
-- Installing: /home/whaly/isaac_ws/Isaacsim_ros2_ws/install/custom_interface/share/ament_index/resource_index/parent_prefix_path/custom_interface
-- Installing: /home/whaly/isaac_ws/Isaacsim_ros2_ws/install/custom_interface/share/custom_interface/environment/ament_prefix_path.sh
-- Installing: /home/whaly/isaac_ws/Isaacsim_ros2_ws/install/custom_interface/share/custom_interface/environment/ament_prefix_path.dsv
-- Installing: /home/whaly/isaac_ws/Isaacsim_ros2_ws/install/custom_interface/share/custom_interface/environment/path.sh
-- Installing: /home/whaly/isaac_ws/Isaacsim_ros2_ws/install/custom_interface/share/custom_interface/environment/path.dsv
-- Installing: /home/whaly/isaac_ws/Isaacsim_ros2_ws/install/custom_interface/share/custom_interface/local_setup.bash
-- Installing: /home/whaly/isaac_ws/Isaacsim_ros2_ws/install/custom_interface/share/custom_interface/local_setup.sh
-- Installing: /home/whaly/isaac_ws/Isaacsim_ros2_ws/install/custom_interface/share/custom_interface/local_setup.zsh
-- Installing: /home/whaly/isaac_ws/Isaacsim_ros2_ws/install/custom_interface/share/custom_interface/local_setup.dsv
-- Installing: /home/whaly/isaac_ws/Isaacsim_ros2_ws/install/custom_interface/share/custom_interface/package.dsv
-- Installing: /home/whaly/isaac_ws/Isaacsim_ros2_ws/install/custom_interface/share/ament_index/resource_index/packages/custom_interface
-- Installing: /home/whaly/isaac_ws/Isaacsim_ros2_ws/install/custom_interface/share/custom_interface/cmake/export_custom_interface__rosidl_generator_cExport.cmake
-- Installing: /home/whaly/isaac_ws/Isaacsim_ros2_ws/install/custom_interface/share/custom_interface/cmake/export_custom_interface__rosidl_generator_cExport-noconfig.cmake
-- Installing: /home/whaly/isaac_ws/Isaacsim_ros2_ws/install/custom_interface/share/custom_interface/cmake/export_custom_interface__rosidl_typesupport_fastrtps_cExport.cmake
-- Installing: /home/whaly/isaac_ws/Isaacsim_ros2_ws/install/custom_interface/share/custom_interface/cmake/export_custom_interface__rosidl_typesupport_fastrtps_cExport-noconfig.cmake
-- Installing: /home/whaly/isaac_ws/Isaacsim_ros2_ws/install/custom_interface/share/custom_interface/cmake/export_custom_interface__rosidl_generator_cppExport.cmake
-- Installing: /home/whaly/isaac_ws/Isaacsim_ros2_ws/install/custom_interface/share/custom_interface/cmake/export_custom_interface__rosidl_typesupport_fastrtps_cppExport.cmake
-- Installing: /home/whaly/isaac_ws/Isaacsim_ros2_ws/install/custom_interface/share/custom_interface/cmake/export_custom_interface__rosidl_typesupport_fastrtps_cppExport-noconfig.cmake
-- Installing: /home/whaly/isaac_ws/Isaacsim_ros2_ws/install/custom_interface/share/custom_interface/cmake/custom_interface__rosidl_typesupport_introspection_cExport.cmake
-- Installing: /home/whaly/isaac_ws/Isaacsim_ros2_ws/install/custom_interface/share/custom_interface/cmake/custom_interface__rosidl_typesupport_introspection_cExport-noconfig.cmake
-- Installing: /home/whaly/isaac_ws/Isaacsim_ros2_ws/install/custom_interface/share/custom_interface/cmake/custom_interface__rosidl_typesupport_cExport.cmake
-- Installing: /home/whaly/isaac_ws/Isaacsim_ros2_ws/install/custom_interface/share/custom_interface/cmake/custom_interface__rosidl_typesupport_cExport-noconfig.cmake
-- Installing: /home/whaly/isaac_ws/Isaacsim_ros2_ws/install/custom_interface/share/custom_interface/cmake/custom_interface__rosidl_typesupport_introspection_cppExport.cmake
-- Installing: /home/whaly/isaac_ws/Isaacsim_ros2_ws/install/custom_interface/share/custom_interface/cmake/custom_interface__rosidl_typesupport_introspection_cppExport-noconfig.cmake
-- Installing: /home/whaly/isaac_ws/Isaacsim_ros2_ws/install/custom_interface/share/custom_interface/cmake/custom_interface__rosidl_typesupport_cppExport.cmake
-- Installing: /home/whaly/isaac_ws/Isaacsim_ros2_ws/install/custom_interface/share/custom_interface/cmake/custom_interface__rosidl_typesupport_cppExport-noconfig.cmake
-- Installing: /home/whaly/isaac_ws/Isaacsim_ros2_ws/install/custom_interface/share/custom_interface/cmake/export_custom_interface__rosidl_generator_pyExport.cmake
-- Installing: /home/whaly/isaac_ws/Isaacsim_ros2_ws/install/custom_interface/share/custom_interface/cmake/export_custom_interface__rosidl_generator_pyExport-noconfig.cmake
-- Installing: /home/whaly/isaac_ws/Isaacsim_ros2_ws/install/custom_interface/share/custom_interface/cmake/rosidl_cmake-extras.cmake
-- Installing: /home/whaly/isaac_ws/Isaacsim_ros2_ws/install/custom_interface/share/custom_interface/cmake/ament_cmake_export_dependencies-extras.cmake
-- Installing: /home/whaly/isaac_ws/Isaacsim_ros2_ws/install/custom_interface/share/custom_interface/cmake/ament_cmake_export_include_directories-extras.cmake
-- Installing: /home/whaly/isaac_ws/Isaacsim_ros2_ws/install/custom_interface/share/custom_interface/cmake/ament_cmake_export_libraries-extras.cmake
-- Installing: /home/whaly/isaac_ws/Isaacsim_ros2_ws/install/custom_interface/share/custom_interface/cmake/ament_cmake_export_targets-extras.cmake
-- Installing: /home/whaly/isaac_ws/Isaacsim_ros2_ws/install/custom_interface/share/custom_interface/cmake/rosidl_cmake_export_typesupport_targets-extras.cmake
-- Installing: /home/whaly/isaac_ws/Isaacsim_ros2_ws/install/custom_interface/share/custom_interface/cmake/rosidl_cmake_export_typesupport_libraries-extras.cmake
-- Installing: /home/whaly/isaac_ws/Isaacsim_ros2_ws/install/custom_interface/share/custom_interface/cmake/custom_interfaceConfig.cmake
-- Installing: /home/whaly/isaac_ws/Isaacsim_ros2_ws/install/custom_interface/share/custom_interface/cmake/custom_interfaceConfig-version.cmake
-- Installing: /home/whaly/isaac_ws/Isaacsim_ros2_ws/install/custom_interface/share/custom_interface/package.xml
