running develop
Removing /home/whaly/isaac_ws/Isaacsim_ros2_ws/install/isaac_tutorials/lib/python3.10/site-packages/isaac-tutorials.egg-link (link to .)
running egg_info
writing ../../build/isaac_tutorials/isaac_tutorials.egg-info/PKG-INFO
writing dependency_links to ../../build/isaac_tutorials/isaac_tutorials.egg-info/dependency_links.txt
writing entry points to ../../build/isaac_tutorials/isaac_tutorials.egg-info/entry_points.txt
writing requirements to ../../build/isaac_tutorials/isaac_tutorials.egg-info/requires.txt
writing top-level names to ../../build/isaac_tutorials/isaac_tutorials.egg-info/top_level.txt
reading manifest file '../../build/isaac_tutorials/isaac_tutorials.egg-info/SOURCES.txt'
writing manifest file '../../build/isaac_tutorials/isaac_tutorials.egg-info/SOURCES.txt'
running build
running build_py
creating /home/whaly/isaac_ws/Isaacsim_ros2_ws/build/isaac_tutorials/build
creating /home/whaly/isaac_ws/Isaacsim_ros2_ws/build/isaac_tutorials/build/lib
creating /home/whaly/isaac_ws/Isaacsim_ros2_ws/build/isaac_tutorials/build/lib/isaac_tutorials
copying isaac_tutorials/ros2_ackermann_publisher.py -> /home/whaly/isaac_ws/Isaacsim_ros2_ws/build/isaac_tutorials/build/lib/isaac_tutorials
copying isaac_tutorials/ros2_publisher.py -> /home/whaly/isaac_ws/Isaacsim_ros2_ws/build/isaac_tutorials/build/lib/isaac_tutorials
copying isaac_tutorials/__init__.py -> /home/whaly/isaac_ws/Isaacsim_ros2_ws/build/isaac_tutorials/build/lib/isaac_tutorials
copying isaac_tutorials/ros2_imu_subscriber.py -> /home/whaly/isaac_ws/Isaacsim_ros2_ws/build/isaac_tutorials/build/lib/isaac_tutorials
running install
running install_lib
creating /home/whaly/isaac_ws/Isaacsim_ros2_ws/install/isaac_tutorials/lib/python3.10/site-packages/isaac_tutorials
copying /home/whaly/isaac_ws/Isaacsim_ros2_ws/build/isaac_tutorials/build/lib/isaac_tutorials/ros2_ackermann_publisher.py -> /home/whaly/isaac_ws/Isaacsim_ros2_ws/install/isaac_tutorials/lib/python3.10/site-packages/isaac_tutorials
copying /home/whaly/isaac_ws/Isaacsim_ros2_ws/build/isaac_tutorials/build/lib/isaac_tutorials/ros2_publisher.py -> /home/whaly/isaac_ws/Isaacsim_ros2_ws/install/isaac_tutorials/lib/python3.10/site-packages/isaac_tutorials
copying /home/whaly/isaac_ws/Isaacsim_ros2_ws/build/isaac_tutorials/build/lib/isaac_tutorials/__init__.py -> /home/whaly/isaac_ws/Isaacsim_ros2_ws/install/isaac_tutorials/lib/python3.10/site-packages/isaac_tutorials
copying /home/whaly/isaac_ws/Isaacsim_ros2_ws/build/isaac_tutorials/build/lib/isaac_tutorials/ros2_imu_subscriber.py -> /home/whaly/isaac_ws/Isaacsim_ros2_ws/install/isaac_tutorials/lib/python3.10/site-packages/isaac_tutorials
byte-compiling /home/whaly/isaac_ws/Isaacsim_ros2_ws/install/isaac_tutorials/lib/python3.10/site-packages/isaac_tutorials/ros2_ackermann_publisher.py to ros2_ackermann_publisher.cpython-310.pyc
byte-compiling /home/whaly/isaac_ws/Isaacsim_ros2_ws/install/isaac_tutorials/lib/python3.10/site-packages/isaac_tutorials/ros2_publisher.py to ros2_publisher.cpython-310.pyc
byte-compiling /home/whaly/isaac_ws/Isaacsim_ros2_ws/install/isaac_tutorials/lib/python3.10/site-packages/isaac_tutorials/__init__.py to __init__.cpython-310.pyc
byte-compiling /home/whaly/isaac_ws/Isaacsim_ros2_ws/install/isaac_tutorials/lib/python3.10/site-packages/isaac_tutorials/ros2_imu_subscriber.py to ros2_imu_subscriber.cpython-310.pyc
running install_data
copying resource/isaac_tutorials -> /home/whaly/isaac_ws/Isaacsim_ros2_ws/install/isaac_tutorials/share/ament_index/resource_index/packages
copying package.xml -> /home/whaly/isaac_ws/Isaacsim_ros2_ws/install/isaac_tutorials/share/isaac_tutorials
running install_egg_info
Copying ../../build/isaac_tutorials/isaac_tutorials.egg-info to /home/whaly/isaac_ws/Isaacsim_ros2_ws/install/isaac_tutorials/lib/python3.10/site-packages/isaac_tutorials-0.0.0-py3.10.egg-info
running install_scripts
Installing ackermann_publisher script to /home/whaly/isaac_ws/Isaacsim_ros2_ws/install/isaac_tutorials/lib/isaac_tutorials
Installing imu_listener script to /home/whaly/isaac_ws/Isaacsim_ros2_ws/install/isaac_tutorials/lib/isaac_tutorials
Installing joint_command_talker script to /home/whaly/isaac_ws/Isaacsim_ros2_ws/install/isaac_tutorials/lib/isaac_tutorials
writing list of installed files to '/home/whaly/isaac_ws/Isaacsim_ros2_ws/build/isaac_tutorials/install.log'
