[0.582s] Invoking command in '/home/whaly/isaac_ws/Isaacsim_ros2_ws/build/isaac_tutorials': CONDA_PROMPT_MODIFIER=(base) PYTHONPATH=/home/whaly/isaac_ws/Isaacsim_ros2_ws/build/isaac_tutorials/prefix_override:/usr/lib/python3/dist-packages/colcon_core/task/python/colcon_distutils_commands:/home/whaly/isaac_ws/Isaacsim_ros2_ws/install/isaac_tutorials/lib/python3.10/site-packages:${PYTHONPATH} /usr/bin/python3 -W ignore:setup.py install is deprecated -W ignore:easy_install command is deprecated setup.py develop --uninstall --editable --build-directory /home/whaly/isaac_ws/Isaacsim_ros2_ws/build/isaac_tutorials/build
[0.760s] running develop
[0.873s] Removing /home/whaly/isaac_ws/Isaacsim_ros2_ws/install/isaac_tutorials/lib/python3.10/site-packages/isaac-tutorials.egg-link (link to .)
[0.893s] Invoked command in '/home/whaly/isaac_ws/Isaacsim_ros2_ws/build/isaac_tutorials' returned '0': CONDA_PROMPT_MODIFIER=(base) PYTHONPATH=/home/whaly/isaac_ws/Isaacsim_ros2_ws/build/isaac_tutorials/prefix_override:/usr/lib/python3/dist-packages/colcon_core/task/python/colcon_distutils_commands:/home/whaly/isaac_ws/Isaacsim_ros2_ws/install/isaac_tutorials/lib/python3.10/site-packages:${PYTHONPATH} /usr/bin/python3 -W ignore:setup.py install is deprecated -W ignore:easy_install command is deprecated setup.py develop --uninstall --editable --build-directory /home/whaly/isaac_ws/Isaacsim_ros2_ws/build/isaac_tutorials/build
[0.894s] Invoking command in '/home/whaly/isaac_ws/Isaacsim_ros2_ws/src/isaac_tutorials': CONDA_PROMPT_MODIFIER=(base) PYTHONPATH=/home/whaly/isaac_ws/Isaacsim_ros2_ws/build/isaac_tutorials/prefix_override:/usr/lib/python3/dist-packages/colcon_core/task/python/colcon_distutils_commands:/home/whaly/isaac_ws/Isaacsim_ros2_ws/install/isaac_tutorials/lib/python3.10/site-packages:${PYTHONPATH} /usr/bin/python3 -W ignore:setup.py install is deprecated -W ignore:easy_install command is deprecated setup.py egg_info --egg-base ../../build/isaac_tutorials build --build-base /home/whaly/isaac_ws/Isaacsim_ros2_ws/build/isaac_tutorials/build install --record /home/whaly/isaac_ws/Isaacsim_ros2_ws/build/isaac_tutorials/install.log --single-version-externally-managed install_data --force
[1.107s] running egg_info
[1.108s] writing ../../build/isaac_tutorials/isaac_tutorials.egg-info/PKG-INFO
[1.108s] writing dependency_links to ../../build/isaac_tutorials/isaac_tutorials.egg-info/dependency_links.txt
[1.108s] writing entry points to ../../build/isaac_tutorials/isaac_tutorials.egg-info/entry_points.txt
[1.108s] writing requirements to ../../build/isaac_tutorials/isaac_tutorials.egg-info/requires.txt
[1.108s] writing top-level names to ../../build/isaac_tutorials/isaac_tutorials.egg-info/top_level.txt
[1.109s] reading manifest file '../../build/isaac_tutorials/isaac_tutorials.egg-info/SOURCES.txt'
[1.110s] writing manifest file '../../build/isaac_tutorials/isaac_tutorials.egg-info/SOURCES.txt'
[1.110s] running build
[1.110s] running build_py
[1.110s] creating /home/whaly/isaac_ws/Isaacsim_ros2_ws/build/isaac_tutorials/build
[1.110s] creating /home/whaly/isaac_ws/Isaacsim_ros2_ws/build/isaac_tutorials/build/lib
[1.110s] creating /home/whaly/isaac_ws/Isaacsim_ros2_ws/build/isaac_tutorials/build/lib/isaac_tutorials
[1.111s] copying isaac_tutorials/ros2_ackermann_publisher.py -> /home/whaly/isaac_ws/Isaacsim_ros2_ws/build/isaac_tutorials/build/lib/isaac_tutorials
[1.111s] copying isaac_tutorials/ros2_publisher.py -> /home/whaly/isaac_ws/Isaacsim_ros2_ws/build/isaac_tutorials/build/lib/isaac_tutorials
[1.111s] copying isaac_tutorials/__init__.py -> /home/whaly/isaac_ws/Isaacsim_ros2_ws/build/isaac_tutorials/build/lib/isaac_tutorials
[1.111s] copying isaac_tutorials/ros2_imu_subscriber.py -> /home/whaly/isaac_ws/Isaacsim_ros2_ws/build/isaac_tutorials/build/lib/isaac_tutorials
[1.111s] running install
[1.111s] running install_lib
[1.112s] creating /home/whaly/isaac_ws/Isaacsim_ros2_ws/install/isaac_tutorials/lib/python3.10/site-packages/isaac_tutorials
[1.112s] copying /home/whaly/isaac_ws/Isaacsim_ros2_ws/build/isaac_tutorials/build/lib/isaac_tutorials/ros2_ackermann_publisher.py -> /home/whaly/isaac_ws/Isaacsim_ros2_ws/install/isaac_tutorials/lib/python3.10/site-packages/isaac_tutorials
[1.112s] copying /home/whaly/isaac_ws/Isaacsim_ros2_ws/build/isaac_tutorials/build/lib/isaac_tutorials/ros2_publisher.py -> /home/whaly/isaac_ws/Isaacsim_ros2_ws/install/isaac_tutorials/lib/python3.10/site-packages/isaac_tutorials
[1.112s] copying /home/whaly/isaac_ws/Isaacsim_ros2_ws/build/isaac_tutorials/build/lib/isaac_tutorials/__init__.py -> /home/whaly/isaac_ws/Isaacsim_ros2_ws/install/isaac_tutorials/lib/python3.10/site-packages/isaac_tutorials
[1.113s] copying /home/whaly/isaac_ws/Isaacsim_ros2_ws/build/isaac_tutorials/build/lib/isaac_tutorials/ros2_imu_subscriber.py -> /home/whaly/isaac_ws/Isaacsim_ros2_ws/install/isaac_tutorials/lib/python3.10/site-packages/isaac_tutorials
[1.113s] byte-compiling /home/whaly/isaac_ws/Isaacsim_ros2_ws/install/isaac_tutorials/lib/python3.10/site-packages/isaac_tutorials/ros2_ackermann_publisher.py to ros2_ackermann_publisher.cpython-310.pyc
[1.113s] byte-compiling /home/whaly/isaac_ws/Isaacsim_ros2_ws/install/isaac_tutorials/lib/python3.10/site-packages/isaac_tutorials/ros2_publisher.py to ros2_publisher.cpython-310.pyc
[1.114s] byte-compiling /home/whaly/isaac_ws/Isaacsim_ros2_ws/install/isaac_tutorials/lib/python3.10/site-packages/isaac_tutorials/__init__.py to __init__.cpython-310.pyc
[1.114s] byte-compiling /home/whaly/isaac_ws/Isaacsim_ros2_ws/install/isaac_tutorials/lib/python3.10/site-packages/isaac_tutorials/ros2_imu_subscriber.py to ros2_imu_subscriber.cpython-310.pyc
[1.114s] running install_data
[1.114s] copying resource/isaac_tutorials -> /home/whaly/isaac_ws/Isaacsim_ros2_ws/install/isaac_tutorials/share/ament_index/resource_index/packages
[1.114s] copying package.xml -> /home/whaly/isaac_ws/Isaacsim_ros2_ws/install/isaac_tutorials/share/isaac_tutorials
[1.114s] running install_egg_info
[1.115s] Copying ../../build/isaac_tutorials/isaac_tutorials.egg-info to /home/whaly/isaac_ws/Isaacsim_ros2_ws/install/isaac_tutorials/lib/python3.10/site-packages/isaac_tutorials-0.0.0-py3.10.egg-info
[1.116s] running install_scripts
[1.138s] Installing ackermann_publisher script to /home/whaly/isaac_ws/Isaacsim_ros2_ws/install/isaac_tutorials/lib/isaac_tutorials
[1.138s] Installing imu_listener script to /home/whaly/isaac_ws/Isaacsim_ros2_ws/install/isaac_tutorials/lib/isaac_tutorials
[1.138s] Installing joint_command_talker script to /home/whaly/isaac_ws/Isaacsim_ros2_ws/install/isaac_tutorials/lib/isaac_tutorials
[1.139s] writing list of installed files to '/home/whaly/isaac_ws/Isaacsim_ros2_ws/build/isaac_tutorials/install.log'
[1.162s] Invoked command in '/home/whaly/isaac_ws/Isaacsim_ros2_ws/src/isaac_tutorials' returned '0': CONDA_PROMPT_MODIFIER=(base) PYTHONPATH=/home/whaly/isaac_ws/Isaacsim_ros2_ws/build/isaac_tutorials/prefix_override:/usr/lib/python3/dist-packages/colcon_core/task/python/colcon_distutils_commands:/home/whaly/isaac_ws/Isaacsim_ros2_ws/install/isaac_tutorials/lib/python3.10/site-packages:${PYTHONPATH} /usr/bin/python3 -W ignore:setup.py install is deprecated -W ignore:easy_install command is deprecated setup.py egg_info --egg-base ../../build/isaac_tutorials build --build-base /home/whaly/isaac_ws/Isaacsim_ros2_ws/build/isaac_tutorials/build install --record /home/whaly/isaac_ws/Isaacsim_ros2_ws/build/isaac_tutorials/install.log --single-version-externally-managed install_data --force
