[0.071s] DEBUG:colcon:Command line arguments: ['/usr/bin/colcon', 'build', '--symlink-install']
[0.071s] DEBUG:colcon:Parsed command line arguments: Namespace(log_base=None, log_level=None, verb_name='build', build_base='build', install_base='install', merge_install=False, symlink_install=True, test_result_base=None, continue_on_error=False, executor='parallel', parallel_workers=16, event_handlers=None, ignore_user_meta=False, metas=['./colcon.meta'], base_paths=['.'], packages_ignore=None, packages_ignore_regex=None, paths=None, packages_up_to=None, packages_up_to_regex=None, packages_above=None, packages_above_and_dependencies=None, packages_above_depth=None, packages_select_by_dep=None, packages_skip_by_dep=None, packages_skip_up_to=None, packages_select_build_failed=False, packages_skip_build_finished=False, packages_select_test_failures=False, packages_skip_test_passed=False, packages_select=None, packages_skip=None, packages_select_regex=None, packages_skip_regex=None, packages_start=None, packages_end=None, allow_overriding=[], cmake_args=None, cmake_target=None, cmake_target_skip_unavailable=False, cmake_clean_cache=False, cmake_clean_first=False, cmake_force_configure=False, ament_cmake_args=None, catkin_cmake_args=None, catkin_skip_building_tests=False, verb_parser=<colcon_defaults.argument_parser.defaults.DefaultArgumentsDecorator object at 0x76b392b4b550>, verb_extension=<colcon_core.verb.build.BuildVerb object at 0x76b392b4b100>, main=<bound method BuildVerb.main of <colcon_core.verb.build.BuildVerb object at 0x76b392b4b100>>)
[0.181s] Level 1:colcon.colcon_core.package_discovery:discover_packages(colcon_meta) check parameters
[0.181s] Level 1:colcon.colcon_core.package_discovery:discover_packages(recursive) check parameters
[0.181s] Level 1:colcon.colcon_core.package_discovery:discover_packages(ignore) check parameters
[0.181s] Level 1:colcon.colcon_core.package_discovery:discover_packages(path) check parameters
[0.181s] Level 1:colcon.colcon_core.package_discovery:discover_packages(colcon_meta) discover
[0.181s] Level 1:colcon.colcon_core.package_discovery:discover_packages(recursive) discover
[0.181s] INFO:colcon.colcon_core.package_discovery:Crawling recursively for packages in '/home/whaly/isaac_ws/Isaacsim_ros2_ws'
[0.181s] Level 1:colcon.colcon_core.package_identification:_identify(.) by extensions ['ignore', 'ignore_ament_install']
[0.182s] Level 1:colcon.colcon_core.package_identification:_identify(.) by extension 'ignore'
[0.182s] Level 1:colcon.colcon_core.package_identification:_identify(.) by extension 'ignore_ament_install'
[0.182s] Level 1:colcon.colcon_core.package_identification:_identify(.) by extensions ['colcon_pkg']
[0.182s] Level 1:colcon.colcon_core.package_identification:_identify(.) by extension 'colcon_pkg'
[0.182s] Level 1:colcon.colcon_core.package_identification:_identify(.) by extensions ['colcon_meta']
[0.182s] Level 1:colcon.colcon_core.package_identification:_identify(.) by extension 'colcon_meta'
[0.182s] Level 1:colcon.colcon_core.package_identification:_identify(.) by extensions ['ros']
[0.182s] Level 1:colcon.colcon_core.package_identification:_identify(.) by extension 'ros'
[0.189s] Level 1:colcon.colcon_core.package_identification:_identify(.) by extensions ['cmake', 'python']
[0.189s] Level 1:colcon.colcon_core.package_identification:_identify(.) by extension 'cmake'
[0.189s] Level 1:colcon.colcon_core.package_identification:_identify(.) by extension 'python'
[0.189s] Level 1:colcon.colcon_core.package_identification:_identify(.) by extensions ['python_setup_py']
[0.189s] Level 1:colcon.colcon_core.package_identification:_identify(.) by extension 'python_setup_py'
[0.189s] Level 1:colcon.colcon_core.package_identification:_identify(build) by extensions ['ignore', 'ignore_ament_install']
[0.189s] Level 1:colcon.colcon_core.package_identification:_identify(build) by extension 'ignore'
[0.190s] Level 1:colcon.colcon_core.package_identification:_identify(build) ignored
[0.190s] Level 1:colcon.colcon_core.package_identification:_identify(install) by extensions ['ignore', 'ignore_ament_install']
[0.190s] Level 1:colcon.colcon_core.package_identification:_identify(install) by extension 'ignore'
[0.190s] Level 1:colcon.colcon_core.package_identification:_identify(install) ignored
[0.190s] Level 1:colcon.colcon_core.package_identification:_identify(launch) by extensions ['ignore', 'ignore_ament_install']
[0.190s] Level 1:colcon.colcon_core.package_identification:_identify(launch) by extension 'ignore'
[0.190s] Level 1:colcon.colcon_core.package_identification:_identify(launch) by extension 'ignore_ament_install'
[0.190s] Level 1:colcon.colcon_core.package_identification:_identify(launch) by extensions ['colcon_pkg']
[0.190s] Level 1:colcon.colcon_core.package_identification:_identify(launch) by extension 'colcon_pkg'
[0.190s] Level 1:colcon.colcon_core.package_identification:_identify(launch) by extensions ['colcon_meta']
[0.190s] Level 1:colcon.colcon_core.package_identification:_identify(launch) by extension 'colcon_meta'
[0.190s] Level 1:colcon.colcon_core.package_identification:_identify(launch) by extensions ['ros']
[0.190s] Level 1:colcon.colcon_core.package_identification:_identify(launch) by extension 'ros'
[0.190s] Level 1:colcon.colcon_core.package_identification:_identify(launch) by extensions ['cmake', 'python']
[0.190s] Level 1:colcon.colcon_core.package_identification:_identify(launch) by extension 'cmake'
[0.190s] Level 1:colcon.colcon_core.package_identification:_identify(launch) by extension 'python'
[0.190s] Level 1:colcon.colcon_core.package_identification:_identify(launch) by extensions ['python_setup_py']
[0.190s] Level 1:colcon.colcon_core.package_identification:_identify(launch) by extension 'python_setup_py'
[0.190s] Level 1:colcon.colcon_core.package_identification:_identify(log) by extensions ['ignore', 'ignore_ament_install']
[0.190s] Level 1:colcon.colcon_core.package_identification:_identify(log) by extension 'ignore'
[0.190s] Level 1:colcon.colcon_core.package_identification:_identify(log) ignored
[0.190s] Level 1:colcon.colcon_core.package_identification:_identify(src) by extensions ['ignore', 'ignore_ament_install']
[0.190s] Level 1:colcon.colcon_core.package_identification:_identify(src) by extension 'ignore'
[0.190s] Level 1:colcon.colcon_core.package_identification:_identify(src) by extension 'ignore_ament_install'
[0.190s] Level 1:colcon.colcon_core.package_identification:_identify(src) by extensions ['colcon_pkg']
[0.190s] Level 1:colcon.colcon_core.package_identification:_identify(src) by extension 'colcon_pkg'
[0.191s] Level 1:colcon.colcon_core.package_identification:_identify(src) by extensions ['colcon_meta']
[0.191s] Level 1:colcon.colcon_core.package_identification:_identify(src) by extension 'colcon_meta'
[0.191s] Level 1:colcon.colcon_core.package_identification:_identify(src) by extensions ['ros']
[0.191s] Level 1:colcon.colcon_core.package_identification:_identify(src) by extension 'ros'
[0.191s] Level 1:colcon.colcon_core.package_identification:_identify(src) by extensions ['cmake', 'python']
[0.191s] Level 1:colcon.colcon_core.package_identification:_identify(src) by extension 'cmake'
[0.191s] Level 1:colcon.colcon_core.package_identification:_identify(src) by extension 'python'
[0.191s] Level 1:colcon.colcon_core.package_identification:_identify(src) by extensions ['python_setup_py']
[0.191s] Level 1:colcon.colcon_core.package_identification:_identify(src) by extension 'python_setup_py'
[0.191s] Level 1:colcon.colcon_core.package_identification:_identify(src/ackermann_control) by extensions ['ignore', 'ignore_ament_install']
[0.191s] Level 1:colcon.colcon_core.package_identification:_identify(src/ackermann_control) by extension 'ignore'
[0.191s] Level 1:colcon.colcon_core.package_identification:_identify(src/ackermann_control) by extension 'ignore_ament_install'
[0.191s] Level 1:colcon.colcon_core.package_identification:_identify(src/ackermann_control) by extensions ['colcon_pkg']
[0.191s] Level 1:colcon.colcon_core.package_identification:_identify(src/ackermann_control) by extension 'colcon_pkg'
[0.191s] Level 1:colcon.colcon_core.package_identification:_identify(src/ackermann_control) by extensions ['colcon_meta']
[0.191s] Level 1:colcon.colcon_core.package_identification:_identify(src/ackermann_control) by extension 'colcon_meta'
[0.191s] Level 1:colcon.colcon_core.package_identification:_identify(src/ackermann_control) by extensions ['ros']
[0.191s] Level 1:colcon.colcon_core.package_identification:_identify(src/ackermann_control) by extension 'ros'
[0.193s] DEBUG:colcon.colcon_core.package_identification:Package 'src/ackermann_control' with type 'ros.ament_python' and name 'ackermann_control'
[0.193s] Level 1:colcon.colcon_core.package_identification:_identify(src/custom_interface) by extensions ['ignore', 'ignore_ament_install']
[0.193s] Level 1:colcon.colcon_core.package_identification:_identify(src/custom_interface) by extension 'ignore'
[0.193s] Level 1:colcon.colcon_core.package_identification:_identify(src/custom_interface) by extension 'ignore_ament_install'
[0.193s] Level 1:colcon.colcon_core.package_identification:_identify(src/custom_interface) by extensions ['colcon_pkg']
[0.193s] Level 1:colcon.colcon_core.package_identification:_identify(src/custom_interface) by extension 'colcon_pkg'
[0.193s] Level 1:colcon.colcon_core.package_identification:_identify(src/custom_interface) by extensions ['colcon_meta']
[0.193s] Level 1:colcon.colcon_core.package_identification:_identify(src/custom_interface) by extension 'colcon_meta'
[0.193s] Level 1:colcon.colcon_core.package_identification:_identify(src/custom_interface) by extensions ['ros']
[0.193s] Level 1:colcon.colcon_core.package_identification:_identify(src/custom_interface) by extension 'ros'
[0.194s] DEBUG:colcon.colcon_core.package_identification:Package 'src/custom_interface' with type 'ros.ament_cmake' and name 'custom_interface'
[0.194s] Level 1:colcon.colcon_core.package_identification:_identify(src/h1_msgs) by extensions ['ignore', 'ignore_ament_install']
[0.194s] Level 1:colcon.colcon_core.package_identification:_identify(src/h1_msgs) by extension 'ignore'
[0.194s] Level 1:colcon.colcon_core.package_identification:_identify(src/h1_msgs) by extension 'ignore_ament_install'
[0.194s] Level 1:colcon.colcon_core.package_identification:_identify(src/h1_msgs) by extensions ['colcon_pkg']
[0.194s] Level 1:colcon.colcon_core.package_identification:_identify(src/h1_msgs) by extension 'colcon_pkg'
[0.194s] Level 1:colcon.colcon_core.package_identification:_identify(src/h1_msgs) by extensions ['colcon_meta']
[0.194s] Level 1:colcon.colcon_core.package_identification:_identify(src/h1_msgs) by extension 'colcon_meta'
[0.194s] Level 1:colcon.colcon_core.package_identification:_identify(src/h1_msgs) by extensions ['ros']
[0.194s] Level 1:colcon.colcon_core.package_identification:_identify(src/h1_msgs) by extension 'ros'
[0.194s] DEBUG:colcon.colcon_core.package_identification:Package 'src/h1_msgs' with type 'ros.ament_cmake' and name 'h1_msgs'
[0.195s] Level 1:colcon.colcon_core.package_identification:_identify(src/h1_pkg) by extensions ['ignore', 'ignore_ament_install']
[0.195s] Level 1:colcon.colcon_core.package_identification:_identify(src/h1_pkg) by extension 'ignore'
[0.195s] Level 1:colcon.colcon_core.package_identification:_identify(src/h1_pkg) by extension 'ignore_ament_install'
[0.195s] Level 1:colcon.colcon_core.package_identification:_identify(src/h1_pkg) by extensions ['colcon_pkg']
[0.195s] Level 1:colcon.colcon_core.package_identification:_identify(src/h1_pkg) by extension 'colcon_pkg'
[0.195s] Level 1:colcon.colcon_core.package_identification:_identify(src/h1_pkg) by extensions ['colcon_meta']
[0.195s] Level 1:colcon.colcon_core.package_identification:_identify(src/h1_pkg) by extension 'colcon_meta'
[0.195s] Level 1:colcon.colcon_core.package_identification:_identify(src/h1_pkg) by extensions ['ros']
[0.195s] Level 1:colcon.colcon_core.package_identification:_identify(src/h1_pkg) by extension 'ros'
[0.195s] DEBUG:colcon.colcon_core.package_identification:Package 'src/h1_pkg' with type 'ros.ament_python' and name 'h1_pkg'
[0.195s] Level 1:colcon.colcon_core.package_identification:_identify(src/isaac_tutorials) by extensions ['ignore', 'ignore_ament_install']
[0.195s] Level 1:colcon.colcon_core.package_identification:_identify(src/isaac_tutorials) by extension 'ignore'
[0.195s] Level 1:colcon.colcon_core.package_identification:_identify(src/isaac_tutorials) by extension 'ignore_ament_install'
[0.195s] Level 1:colcon.colcon_core.package_identification:_identify(src/isaac_tutorials) by extensions ['colcon_pkg']
[0.195s] Level 1:colcon.colcon_core.package_identification:_identify(src/isaac_tutorials) by extension 'colcon_pkg'
[0.196s] Level 1:colcon.colcon_core.package_identification:_identify(src/isaac_tutorials) by extensions ['colcon_meta']
[0.196s] Level 1:colcon.colcon_core.package_identification:_identify(src/isaac_tutorials) by extension 'colcon_meta'
[0.196s] Level 1:colcon.colcon_core.package_identification:_identify(src/isaac_tutorials) by extensions ['ros']
[0.196s] Level 1:colcon.colcon_core.package_identification:_identify(src/isaac_tutorials) by extension 'ros'
[0.196s] DEBUG:colcon.colcon_core.package_identification:Package 'src/isaac_tutorials' with type 'ros.ament_python' and name 'isaac_tutorials'
[0.196s] Level 1:colcon.colcon_core.package_identification:_identify(src/test_pkg) by extensions ['ignore', 'ignore_ament_install']
[0.196s] Level 1:colcon.colcon_core.package_identification:_identify(src/test_pkg) by extension 'ignore'
[0.196s] Level 1:colcon.colcon_core.package_identification:_identify(src/test_pkg) by extension 'ignore_ament_install'
[0.196s] Level 1:colcon.colcon_core.package_identification:_identify(src/test_pkg) by extensions ['colcon_pkg']
[0.196s] Level 1:colcon.colcon_core.package_identification:_identify(src/test_pkg) by extension 'colcon_pkg'
[0.196s] Level 1:colcon.colcon_core.package_identification:_identify(src/test_pkg) by extensions ['colcon_meta']
[0.197s] Level 1:colcon.colcon_core.package_identification:_identify(src/test_pkg) by extension 'colcon_meta'
[0.197s] Level 1:colcon.colcon_core.package_identification:_identify(src/test_pkg) by extensions ['ros']
[0.197s] Level 1:colcon.colcon_core.package_identification:_identify(src/test_pkg) by extension 'ros'
[0.197s] DEBUG:colcon.colcon_core.package_identification:Package 'src/test_pkg' with type 'ros.ament_python' and name 'test_pkg'
[0.197s] Level 1:colcon.colcon_core.package_discovery:discover_packages(recursive) using defaults
[0.197s] Level 1:colcon.colcon_core.package_discovery:discover_packages(ignore) discover
[0.197s] Level 1:colcon.colcon_core.package_discovery:discover_packages(ignore) using defaults
[0.197s] Level 1:colcon.colcon_core.package_discovery:discover_packages(path) discover
[0.197s] Level 1:colcon.colcon_core.package_discovery:discover_packages(path) using defaults
[0.219s] Level 1:colcon.colcon_core.package_discovery:discover_packages(prefix_path) check parameters
[0.219s] Level 1:colcon.colcon_core.package_discovery:discover_packages(prefix_path) discover
[0.220s] WARNING:colcon.colcon_ros.prefix_path.ament:The path '/home/whaly/isaac_ws/Isaacsim_ros2_ws/install/custom_msgs' in the environment variable AMENT_PREFIX_PATH doesn't exist
[0.221s] DEBUG:colcon.colcon_installed_package_information.package_discovery:Found 2 installed packages in /home/whaly/whaly_ws/install
[0.221s] DEBUG:colcon.colcon_installed_package_information.package_discovery:Found 6 installed packages in /home/whaly/isaac_ws/Isaacsim_ros2_ws/install
[0.222s] DEBUG:colcon.colcon_installed_package_information.package_discovery:Found 273 installed packages in /opt/ros/humble
[0.223s] Level 1:colcon.colcon_core.package_discovery:discover_packages(prefix_path) using defaults
[0.247s] Level 5:colcon.colcon_core.verb:set package 'ackermann_control' build argument 'cmake_args' from command line to 'None'
[0.247s] Level 5:colcon.colcon_core.verb:set package 'ackermann_control' build argument 'cmake_target' from command line to 'None'
[0.247s] Level 5:colcon.colcon_core.verb:set package 'ackermann_control' build argument 'cmake_target_skip_unavailable' from command line to 'False'
[0.247s] Level 5:colcon.colcon_core.verb:set package 'ackermann_control' build argument 'cmake_clean_cache' from command line to 'False'
[0.247s] Level 5:colcon.colcon_core.verb:set package 'ackermann_control' build argument 'cmake_clean_first' from command line to 'False'
[0.247s] Level 5:colcon.colcon_core.verb:set package 'ackermann_control' build argument 'cmake_force_configure' from command line to 'False'
[0.247s] Level 5:colcon.colcon_core.verb:set package 'ackermann_control' build argument 'ament_cmake_args' from command line to 'None'
[0.247s] Level 5:colcon.colcon_core.verb:set package 'ackermann_control' build argument 'catkin_cmake_args' from command line to 'None'
[0.247s] Level 5:colcon.colcon_core.verb:set package 'ackermann_control' build argument 'catkin_skip_building_tests' from command line to 'False'
[0.247s] DEBUG:colcon.colcon_core.verb:Building package 'ackermann_control' with the following arguments: {'ament_cmake_args': None, 'build_base': '/home/whaly/isaac_ws/Isaacsim_ros2_ws/build/ackermann_control', 'catkin_cmake_args': None, 'catkin_skip_building_tests': False, 'cmake_args': None, 'cmake_clean_cache': False, 'cmake_clean_first': False, 'cmake_force_configure': False, 'cmake_target': None, 'cmake_target_skip_unavailable': False, 'install_base': '/home/whaly/isaac_ws/Isaacsim_ros2_ws/install/ackermann_control', 'merge_install': False, 'path': '/home/whaly/isaac_ws/Isaacsim_ros2_ws/src/ackermann_control', 'symlink_install': True, 'test_result_base': None}
[0.247s] Level 5:colcon.colcon_core.verb:set package 'custom_interface' build argument 'cmake_args' from command line to 'None'
[0.247s] Level 5:colcon.colcon_core.verb:set package 'custom_interface' build argument 'cmake_target' from command line to 'None'
[0.247s] Level 5:colcon.colcon_core.verb:set package 'custom_interface' build argument 'cmake_target_skip_unavailable' from command line to 'False'
[0.247s] Level 5:colcon.colcon_core.verb:set package 'custom_interface' build argument 'cmake_clean_cache' from command line to 'False'
[0.247s] Level 5:colcon.colcon_core.verb:set package 'custom_interface' build argument 'cmake_clean_first' from command line to 'False'
[0.247s] Level 5:colcon.colcon_core.verb:set package 'custom_interface' build argument 'cmake_force_configure' from command line to 'False'
[0.247s] Level 5:colcon.colcon_core.verb:set package 'custom_interface' build argument 'ament_cmake_args' from command line to 'None'
[0.247s] Level 5:colcon.colcon_core.verb:set package 'custom_interface' build argument 'catkin_cmake_args' from command line to 'None'
[0.247s] Level 5:colcon.colcon_core.verb:set package 'custom_interface' build argument 'catkin_skip_building_tests' from command line to 'False'
[0.247s] DEBUG:colcon.colcon_core.verb:Building package 'custom_interface' with the following arguments: {'ament_cmake_args': None, 'build_base': '/home/whaly/isaac_ws/Isaacsim_ros2_ws/build/custom_interface', 'catkin_cmake_args': None, 'catkin_skip_building_tests': False, 'cmake_args': None, 'cmake_clean_cache': False, 'cmake_clean_first': False, 'cmake_force_configure': False, 'cmake_target': None, 'cmake_target_skip_unavailable': False, 'install_base': '/home/whaly/isaac_ws/Isaacsim_ros2_ws/install/custom_interface', 'merge_install': False, 'path': '/home/whaly/isaac_ws/Isaacsim_ros2_ws/src/custom_interface', 'symlink_install': True, 'test_result_base': None}
[0.248s] Level 5:colcon.colcon_core.verb:set package 'h1_msgs' build argument 'cmake_args' from command line to 'None'
[0.248s] Level 5:colcon.colcon_core.verb:set package 'h1_msgs' build argument 'cmake_target' from command line to 'None'
[0.248s] Level 5:colcon.colcon_core.verb:set package 'h1_msgs' build argument 'cmake_target_skip_unavailable' from command line to 'False'
[0.248s] Level 5:colcon.colcon_core.verb:set package 'h1_msgs' build argument 'cmake_clean_cache' from command line to 'False'
[0.248s] Level 5:colcon.colcon_core.verb:set package 'h1_msgs' build argument 'cmake_clean_first' from command line to 'False'
[0.248s] Level 5:colcon.colcon_core.verb:set package 'h1_msgs' build argument 'cmake_force_configure' from command line to 'False'
[0.248s] Level 5:colcon.colcon_core.verb:set package 'h1_msgs' build argument 'ament_cmake_args' from command line to 'None'
[0.248s] Level 5:colcon.colcon_core.verb:set package 'h1_msgs' build argument 'catkin_cmake_args' from command line to 'None'
[0.248s] Level 5:colcon.colcon_core.verb:set package 'h1_msgs' build argument 'catkin_skip_building_tests' from command line to 'False'
[0.248s] DEBUG:colcon.colcon_core.verb:Building package 'h1_msgs' with the following arguments: {'ament_cmake_args': None, 'build_base': '/home/whaly/isaac_ws/Isaacsim_ros2_ws/build/h1_msgs', 'catkin_cmake_args': None, 'catkin_skip_building_tests': False, 'cmake_args': None, 'cmake_clean_cache': False, 'cmake_clean_first': False, 'cmake_force_configure': False, 'cmake_target': None, 'cmake_target_skip_unavailable': False, 'install_base': '/home/whaly/isaac_ws/Isaacsim_ros2_ws/install/h1_msgs', 'merge_install': False, 'path': '/home/whaly/isaac_ws/Isaacsim_ros2_ws/src/h1_msgs', 'symlink_install': True, 'test_result_base': None}
[0.248s] Level 5:colcon.colcon_core.verb:set package 'isaac_tutorials' build argument 'cmake_args' from command line to 'None'
[0.248s] Level 5:colcon.colcon_core.verb:set package 'isaac_tutorials' build argument 'cmake_target' from command line to 'None'
[0.248s] Level 5:colcon.colcon_core.verb:set package 'isaac_tutorials' build argument 'cmake_target_skip_unavailable' from command line to 'False'
[0.248s] Level 5:colcon.colcon_core.verb:set package 'isaac_tutorials' build argument 'cmake_clean_cache' from command line to 'False'
[0.248s] Level 5:colcon.colcon_core.verb:set package 'isaac_tutorials' build argument 'cmake_clean_first' from command line to 'False'
[0.248s] Level 5:colcon.colcon_core.verb:set package 'isaac_tutorials' build argument 'cmake_force_configure' from command line to 'False'
[0.248s] Level 5:colcon.colcon_core.verb:set package 'isaac_tutorials' build argument 'ament_cmake_args' from command line to 'None'
[0.248s] Level 5:colcon.colcon_core.verb:set package 'isaac_tutorials' build argument 'catkin_cmake_args' from command line to 'None'
[0.248s] Level 5:colcon.colcon_core.verb:set package 'isaac_tutorials' build argument 'catkin_skip_building_tests' from command line to 'False'
[0.248s] DEBUG:colcon.colcon_core.verb:Building package 'isaac_tutorials' with the following arguments: {'ament_cmake_args': None, 'build_base': '/home/whaly/isaac_ws/Isaacsim_ros2_ws/build/isaac_tutorials', 'catkin_cmake_args': None, 'catkin_skip_building_tests': False, 'cmake_args': None, 'cmake_clean_cache': False, 'cmake_clean_first': False, 'cmake_force_configure': False, 'cmake_target': None, 'cmake_target_skip_unavailable': False, 'install_base': '/home/whaly/isaac_ws/Isaacsim_ros2_ws/install/isaac_tutorials', 'merge_install': False, 'path': '/home/whaly/isaac_ws/Isaacsim_ros2_ws/src/isaac_tutorials', 'symlink_install': True, 'test_result_base': None}
[0.248s] Level 5:colcon.colcon_core.verb:set package 'h1_pkg' build argument 'cmake_args' from command line to 'None'
[0.248s] Level 5:colcon.colcon_core.verb:set package 'h1_pkg' build argument 'cmake_target' from command line to 'None'
[0.248s] Level 5:colcon.colcon_core.verb:set package 'h1_pkg' build argument 'cmake_target_skip_unavailable' from command line to 'False'
[0.248s] Level 5:colcon.colcon_core.verb:set package 'h1_pkg' build argument 'cmake_clean_cache' from command line to 'False'
[0.248s] Level 5:colcon.colcon_core.verb:set package 'h1_pkg' build argument 'cmake_clean_first' from command line to 'False'
[0.248s] Level 5:colcon.colcon_core.verb:set package 'h1_pkg' build argument 'cmake_force_configure' from command line to 'False'
[0.248s] Level 5:colcon.colcon_core.verb:set package 'h1_pkg' build argument 'ament_cmake_args' from command line to 'None'
[0.248s] Level 5:colcon.colcon_core.verb:set package 'h1_pkg' build argument 'catkin_cmake_args' from command line to 'None'
[0.248s] Level 5:colcon.colcon_core.verb:set package 'h1_pkg' build argument 'catkin_skip_building_tests' from command line to 'False'
[0.249s] DEBUG:colcon.colcon_core.verb:Building package 'h1_pkg' with the following arguments: {'ament_cmake_args': None, 'build_base': '/home/whaly/isaac_ws/Isaacsim_ros2_ws/build/h1_pkg', 'catkin_cmake_args': None, 'catkin_skip_building_tests': False, 'cmake_args': None, 'cmake_clean_cache': False, 'cmake_clean_first': False, 'cmake_force_configure': False, 'cmake_target': None, 'cmake_target_skip_unavailable': False, 'install_base': '/home/whaly/isaac_ws/Isaacsim_ros2_ws/install/h1_pkg', 'merge_install': False, 'path': '/home/whaly/isaac_ws/Isaacsim_ros2_ws/src/h1_pkg', 'symlink_install': True, 'test_result_base': None}
[0.249s] Level 5:colcon.colcon_core.verb:set package 'test_pkg' build argument 'cmake_args' from command line to 'None'
[0.249s] Level 5:colcon.colcon_core.verb:set package 'test_pkg' build argument 'cmake_target' from command line to 'None'
[0.249s] Level 5:colcon.colcon_core.verb:set package 'test_pkg' build argument 'cmake_target_skip_unavailable' from command line to 'False'
[0.249s] Level 5:colcon.colcon_core.verb:set package 'test_pkg' build argument 'cmake_clean_cache' from command line to 'False'
[0.249s] Level 5:colcon.colcon_core.verb:set package 'test_pkg' build argument 'cmake_clean_first' from command line to 'False'
[0.249s] Level 5:colcon.colcon_core.verb:set package 'test_pkg' build argument 'cmake_force_configure' from command line to 'False'
[0.249s] Level 5:colcon.colcon_core.verb:set package 'test_pkg' build argument 'ament_cmake_args' from command line to 'None'
[0.249s] Level 5:colcon.colcon_core.verb:set package 'test_pkg' build argument 'catkin_cmake_args' from command line to 'None'
[0.249s] Level 5:colcon.colcon_core.verb:set package 'test_pkg' build argument 'catkin_skip_building_tests' from command line to 'False'
[0.249s] DEBUG:colcon.colcon_core.verb:Building package 'test_pkg' with the following arguments: {'ament_cmake_args': None, 'build_base': '/home/whaly/isaac_ws/Isaacsim_ros2_ws/build/test_pkg', 'catkin_cmake_args': None, 'catkin_skip_building_tests': False, 'cmake_args': None, 'cmake_clean_cache': False, 'cmake_clean_first': False, 'cmake_force_configure': False, 'cmake_target': None, 'cmake_target_skip_unavailable': False, 'install_base': '/home/whaly/isaac_ws/Isaacsim_ros2_ws/install/test_pkg', 'merge_install': False, 'path': '/home/whaly/isaac_ws/Isaacsim_ros2_ws/src/test_pkg', 'symlink_install': True, 'test_result_base': None}
[0.249s] INFO:colcon.colcon_core.executor:Executing jobs using 'parallel' executor
[0.250s] DEBUG:colcon.colcon_parallel_executor.executor.parallel:run_until_complete
[0.250s] INFO:colcon.colcon_ros.task.ament_cmake.build:Building ROS package in '/home/whaly/isaac_ws/Isaacsim_ros2_ws/src/h1_msgs' with build type 'ament_cmake'
[0.250s] INFO:colcon.colcon_cmake.task.cmake.build:Building CMake package in '/home/whaly/isaac_ws/Isaacsim_ros2_ws/src/h1_msgs'
[0.252s] INFO:colcon.colcon_core.plugin_system:Skipping extension 'colcon_core.shell.bat': Not used on non-Windows systems
[0.252s] INFO:colcon.colcon_core.shell:Skip shell extension 'powershell' for command environment: Not usable outside of PowerShell
[0.252s] DEBUG:colcon.colcon_core.shell:Skip shell extension 'dsv' for command environment
[0.255s] INFO:colcon.colcon_ros.task.ament_python.build:Building ROS package in '/home/whaly/isaac_ws/Isaacsim_ros2_ws/src/ackermann_control' with build type 'ament_python'
[0.255s] Level 1:colcon.colcon_core.shell:create_environment_hook('ackermann_control', 'ament_prefix_path')
[0.255s] INFO:colcon.colcon_core.shell:Creating environment hook '/home/whaly/isaac_ws/Isaacsim_ros2_ws/install/ackermann_control/share/ackermann_control/hook/ament_prefix_path.ps1'
[0.255s] INFO:colcon.colcon_core.shell:Creating environment descriptor '/home/whaly/isaac_ws/Isaacsim_ros2_ws/install/ackermann_control/share/ackermann_control/hook/ament_prefix_path.dsv'
[0.256s] INFO:colcon.colcon_core.shell:Creating environment hook '/home/whaly/isaac_ws/Isaacsim_ros2_ws/install/ackermann_control/share/ackermann_control/hook/ament_prefix_path.sh'
[0.256s] INFO:colcon.colcon_core.shell:Skip shell extension 'powershell' for command environment: Not usable outside of PowerShell
[0.256s] DEBUG:colcon.colcon_core.shell:Skip shell extension 'dsv' for command environment
[0.258s] INFO:colcon.colcon_ros.task.ament_cmake.build:Building ROS package in '/home/whaly/isaac_ws/Isaacsim_ros2_ws/src/custom_interface' with build type 'ament_cmake'
[0.258s] INFO:colcon.colcon_cmake.task.cmake.build:Building CMake package in '/home/whaly/isaac_ws/Isaacsim_ros2_ws/src/custom_interface'
[0.259s] INFO:colcon.colcon_core.shell:Skip shell extension 'powershell' for command environment: Not usable outside of PowerShell
[0.259s] DEBUG:colcon.colcon_core.shell:Skip shell extension 'dsv' for command environment
[0.261s] INFO:colcon.colcon_ros.task.ament_python.build:Building ROS package in '/home/whaly/isaac_ws/Isaacsim_ros2_ws/src/isaac_tutorials' with build type 'ament_python'
[0.261s] Level 1:colcon.colcon_core.shell:create_environment_hook('isaac_tutorials', 'ament_prefix_path')
[0.261s] INFO:colcon.colcon_core.shell:Creating environment hook '/home/whaly/isaac_ws/Isaacsim_ros2_ws/install/isaac_tutorials/share/isaac_tutorials/hook/ament_prefix_path.ps1'
[0.261s] INFO:colcon.colcon_core.shell:Creating environment descriptor '/home/whaly/isaac_ws/Isaacsim_ros2_ws/install/isaac_tutorials/share/isaac_tutorials/hook/ament_prefix_path.dsv'
[0.261s] INFO:colcon.colcon_core.shell:Creating environment hook '/home/whaly/isaac_ws/Isaacsim_ros2_ws/install/isaac_tutorials/share/isaac_tutorials/hook/ament_prefix_path.sh'
[0.269s] INFO:colcon.colcon_core.shell:Skip shell extension 'powershell' for command environment: Not usable outside of PowerShell
[0.269s] DEBUG:colcon.colcon_core.shell:Skip shell extension 'dsv' for command environment
[0.275s] DEBUG:colcon.colcon_core.event_handler.log_command:Invoking command in '/home/whaly/isaac_ws/Isaacsim_ros2_ws/build/h1_msgs': CMAKE_PREFIX_PATH=${CMAKE_PREFIX_PATH}:/home/whaly/isaac_ws/Isaacsim_ros2_ws/install/test_pkg:/home/whaly/isaac_ws/Isaacsim_ros2_ws/install/isaac_tutorials:/home/whaly/isaac_ws/Isaacsim_ros2_ws/install/h1_pkg:/home/whaly/isaac_ws/Isaacsim_ros2_ws/install/custom_msgs:/home/whaly/isaac_ws/Isaacsim_ros2_ws/install/ackermann_control:/home/whaly/whaly_ws/install/whaly_pkg:/opt/ros/humble CONDA_PROMPT_MODIFIER=(base) /usr/bin/cmake --build /home/whaly/isaac_ws/Isaacsim_ros2_ws/build/h1_msgs -- -j16 -l16
[0.456s] INFO:colcon.colcon_core.task.python.build:Building Python package in '/home/whaly/isaac_ws/Isaacsim_ros2_ws/src/ackermann_control'
[0.456s] INFO:colcon.colcon_core.shell:Skip shell extension 'powershell' for command environment: Not usable outside of PowerShell
[0.456s] DEBUG:colcon.colcon_core.shell:Skip shell extension 'dsv' for command environment
[0.461s] DEBUG:colcon.colcon_core.event_handler.log_command:Invoking command in '/home/whaly/isaac_ws/Isaacsim_ros2_ws/build/custom_interface': CMAKE_PREFIX_PATH=${CMAKE_PREFIX_PATH}:/home/whaly/isaac_ws/Isaacsim_ros2_ws/install/test_pkg:/home/whaly/isaac_ws/Isaacsim_ros2_ws/install/isaac_tutorials:/home/whaly/isaac_ws/Isaacsim_ros2_ws/install/h1_pkg:/home/whaly/isaac_ws/Isaacsim_ros2_ws/install/custom_msgs:/home/whaly/isaac_ws/Isaacsim_ros2_ws/install/ackermann_control:/home/whaly/whaly_ws/install/whaly_pkg:/opt/ros/humble CONDA_PROMPT_MODIFIER=(base) /usr/bin/cmake --build /home/whaly/isaac_ws/Isaacsim_ros2_ws/build/custom_interface -- -j16 -l16
[0.637s] INFO:colcon.colcon_core.task.python.build:Building Python package in '/home/whaly/isaac_ws/Isaacsim_ros2_ws/src/isaac_tutorials'
[0.638s] INFO:colcon.colcon_core.shell:Skip shell extension 'powershell' for command environment: Not usable outside of PowerShell
[0.638s] DEBUG:colcon.colcon_core.shell:Skip shell extension 'dsv' for command environment
[0.645s] DEBUG:colcon.colcon_core.event_handler.log_command:Invoked command in '/home/whaly/isaac_ws/Isaacsim_ros2_ws/build/h1_msgs' returned '0': CMAKE_PREFIX_PATH=${CMAKE_PREFIX_PATH}:/home/whaly/isaac_ws/Isaacsim_ros2_ws/install/test_pkg:/home/whaly/isaac_ws/Isaacsim_ros2_ws/install/isaac_tutorials:/home/whaly/isaac_ws/Isaacsim_ros2_ws/install/h1_pkg:/home/whaly/isaac_ws/Isaacsim_ros2_ws/install/custom_msgs:/home/whaly/isaac_ws/Isaacsim_ros2_ws/install/ackermann_control:/home/whaly/whaly_ws/install/whaly_pkg:/opt/ros/humble CONDA_PROMPT_MODIFIER=(base) /usr/bin/cmake --build /home/whaly/isaac_ws/Isaacsim_ros2_ws/build/h1_msgs -- -j16 -l16
[0.652s] DEBUG:colcon.colcon_core.event_handler.log_command:Invoking command in '/home/whaly/isaac_ws/Isaacsim_ros2_ws/build/h1_msgs': CMAKE_PREFIX_PATH=${CMAKE_PREFIX_PATH}:/home/whaly/isaac_ws/Isaacsim_ros2_ws/install/test_pkg:/home/whaly/isaac_ws/Isaacsim_ros2_ws/install/isaac_tutorials:/home/whaly/isaac_ws/Isaacsim_ros2_ws/install/h1_pkg:/home/whaly/isaac_ws/Isaacsim_ros2_ws/install/custom_msgs:/home/whaly/isaac_ws/Isaacsim_ros2_ws/install/ackermann_control:/home/whaly/whaly_ws/install/whaly_pkg:/opt/ros/humble CONDA_PROMPT_MODIFIER=(base) /usr/bin/cmake --install /home/whaly/isaac_ws/Isaacsim_ros2_ws/build/h1_msgs
[0.702s] Level 1:colcon.colcon_core.environment:create_environment_scripts_only(h1_msgs)
[0.702s] DEBUG:colcon.colcon_core.event_handler.log_command:Invoked command in '/home/whaly/isaac_ws/Isaacsim_ros2_ws/build/h1_msgs' returned '0': CMAKE_PREFIX_PATH=${CMAKE_PREFIX_PATH}:/home/whaly/isaac_ws/Isaacsim_ros2_ws/install/test_pkg:/home/whaly/isaac_ws/Isaacsim_ros2_ws/install/isaac_tutorials:/home/whaly/isaac_ws/Isaacsim_ros2_ws/install/h1_pkg:/home/whaly/isaac_ws/Isaacsim_ros2_ws/install/custom_msgs:/home/whaly/isaac_ws/Isaacsim_ros2_ws/install/ackermann_control:/home/whaly/whaly_ws/install/whaly_pkg:/opt/ros/humble CONDA_PROMPT_MODIFIER=(base) /usr/bin/cmake --install /home/whaly/isaac_ws/Isaacsim_ros2_ws/build/h1_msgs
[0.704s] Level 1:colcon.colcon_core.environment:checking '/home/whaly/isaac_ws/Isaacsim_ros2_ws/install/h1_msgs' for CMake module files
[0.704s] Level 1:colcon.colcon_core.environment:checking '/home/whaly/isaac_ws/Isaacsim_ros2_ws/install/h1_msgs' for CMake config files
[0.704s] Level 1:colcon.colcon_core.shell:create_environment_hook('h1_msgs', 'cmake_prefix_path')
[0.704s] INFO:colcon.colcon_core.shell:Creating environment hook '/home/whaly/isaac_ws/Isaacsim_ros2_ws/install/h1_msgs/share/h1_msgs/hook/cmake_prefix_path.ps1'
[0.705s] INFO:colcon.colcon_core.shell:Creating environment descriptor '/home/whaly/isaac_ws/Isaacsim_ros2_ws/install/h1_msgs/share/h1_msgs/hook/cmake_prefix_path.dsv'
[0.705s] INFO:colcon.colcon_core.shell:Creating environment hook '/home/whaly/isaac_ws/Isaacsim_ros2_ws/install/h1_msgs/share/h1_msgs/hook/cmake_prefix_path.sh'
[0.705s] Level 1:colcon.colcon_core.environment:checking '/home/whaly/isaac_ws/Isaacsim_ros2_ws/install/h1_msgs/lib'
[0.706s] Level 1:colcon.colcon_core.shell:create_environment_hook('h1_msgs', 'ld_library_path_lib')
[0.706s] INFO:colcon.colcon_core.shell:Creating environment hook '/home/whaly/isaac_ws/Isaacsim_ros2_ws/install/h1_msgs/share/h1_msgs/hook/ld_library_path_lib.ps1'
[0.706s] INFO:colcon.colcon_core.shell:Creating environment descriptor '/home/whaly/isaac_ws/Isaacsim_ros2_ws/install/h1_msgs/share/h1_msgs/hook/ld_library_path_lib.dsv'
[0.706s] INFO:colcon.colcon_core.shell:Creating environment hook '/home/whaly/isaac_ws/Isaacsim_ros2_ws/install/h1_msgs/share/h1_msgs/hook/ld_library_path_lib.sh'
[0.706s] Level 1:colcon.colcon_core.environment:checking '/home/whaly/isaac_ws/Isaacsim_ros2_ws/install/h1_msgs/bin'
[0.707s] Level 1:colcon.colcon_core.environment:checking '/home/whaly/isaac_ws/Isaacsim_ros2_ws/install/h1_msgs/lib/pkgconfig/h1_msgs.pc'
[0.707s] Level 1:colcon.colcon_core.environment:checking '/home/whaly/isaac_ws/Isaacsim_ros2_ws/install/h1_msgs/lib/python3.10/site-packages'
[0.707s] Level 1:colcon.colcon_core.environment:checking '/home/whaly/isaac_ws/Isaacsim_ros2_ws/install/h1_msgs/bin'
[0.707s] INFO:colcon.colcon_core.shell:Creating package script '/home/whaly/isaac_ws/Isaacsim_ros2_ws/install/h1_msgs/share/h1_msgs/package.ps1'
[0.708s] INFO:colcon.colcon_core.shell:Creating package descriptor '/home/whaly/isaac_ws/Isaacsim_ros2_ws/install/h1_msgs/share/h1_msgs/package.dsv'
[0.708s] INFO:colcon.colcon_core.shell:Creating package script '/home/whaly/isaac_ws/Isaacsim_ros2_ws/install/h1_msgs/share/h1_msgs/package.sh'
[0.708s] INFO:colcon.colcon_core.shell:Creating package script '/home/whaly/isaac_ws/Isaacsim_ros2_ws/install/h1_msgs/share/h1_msgs/package.bash'
[0.709s] INFO:colcon.colcon_core.shell:Creating package script '/home/whaly/isaac_ws/Isaacsim_ros2_ws/install/h1_msgs/share/h1_msgs/package.zsh'
[0.709s] Level 1:colcon.colcon_core.environment:create_file_with_runtime_dependencies(/home/whaly/isaac_ws/Isaacsim_ros2_ws/install/h1_msgs/share/colcon-core/packages/h1_msgs)
[0.710s] Level 1:colcon.colcon_core.environment:create_environment_scripts_only(h1_msgs)
[0.710s] Level 1:colcon.colcon_core.environment:checking '/home/whaly/isaac_ws/Isaacsim_ros2_ws/install/h1_msgs' for CMake module files
[0.710s] Level 1:colcon.colcon_core.environment:checking '/home/whaly/isaac_ws/Isaacsim_ros2_ws/install/h1_msgs' for CMake config files
[0.710s] Level 1:colcon.colcon_core.shell:create_environment_hook('h1_msgs', 'cmake_prefix_path')
[0.711s] INFO:colcon.colcon_core.shell:Creating environment hook '/home/whaly/isaac_ws/Isaacsim_ros2_ws/install/h1_msgs/share/h1_msgs/hook/cmake_prefix_path.ps1'
[0.711s] INFO:colcon.colcon_core.shell:Creating environment descriptor '/home/whaly/isaac_ws/Isaacsim_ros2_ws/install/h1_msgs/share/h1_msgs/hook/cmake_prefix_path.dsv'
[0.711s] INFO:colcon.colcon_core.shell:Creating environment hook '/home/whaly/isaac_ws/Isaacsim_ros2_ws/install/h1_msgs/share/h1_msgs/hook/cmake_prefix_path.sh'
[0.711s] Level 1:colcon.colcon_core.environment:checking '/home/whaly/isaac_ws/Isaacsim_ros2_ws/install/h1_msgs/lib'
[0.711s] Level 1:colcon.colcon_core.shell:create_environment_hook('h1_msgs', 'ld_library_path_lib')
[0.712s] INFO:colcon.colcon_core.shell:Creating environment hook '/home/whaly/isaac_ws/Isaacsim_ros2_ws/install/h1_msgs/share/h1_msgs/hook/ld_library_path_lib.ps1'
[0.712s] INFO:colcon.colcon_core.shell:Creating environment descriptor '/home/whaly/isaac_ws/Isaacsim_ros2_ws/install/h1_msgs/share/h1_msgs/hook/ld_library_path_lib.dsv'
[0.712s] INFO:colcon.colcon_core.shell:Creating environment hook '/home/whaly/isaac_ws/Isaacsim_ros2_ws/install/h1_msgs/share/h1_msgs/hook/ld_library_path_lib.sh'
[0.712s] Level 1:colcon.colcon_core.environment:checking '/home/whaly/isaac_ws/Isaacsim_ros2_ws/install/h1_msgs/bin'
[0.712s] Level 1:colcon.colcon_core.environment:checking '/home/whaly/isaac_ws/Isaacsim_ros2_ws/install/h1_msgs/lib/pkgconfig/h1_msgs.pc'
[0.712s] Level 1:colcon.colcon_core.environment:checking '/home/whaly/isaac_ws/Isaacsim_ros2_ws/install/h1_msgs/lib/python3.10/site-packages'
[0.712s] Level 1:colcon.colcon_core.environment:checking '/home/whaly/isaac_ws/Isaacsim_ros2_ws/install/h1_msgs/bin'
[0.713s] INFO:colcon.colcon_core.shell:Creating package script '/home/whaly/isaac_ws/Isaacsim_ros2_ws/install/h1_msgs/share/h1_msgs/package.ps1'
[0.713s] INFO:colcon.colcon_core.shell:Creating package descriptor '/home/whaly/isaac_ws/Isaacsim_ros2_ws/install/h1_msgs/share/h1_msgs/package.dsv'
[0.713s] INFO:colcon.colcon_core.shell:Creating package script '/home/whaly/isaac_ws/Isaacsim_ros2_ws/install/h1_msgs/share/h1_msgs/package.sh'
[0.714s] INFO:colcon.colcon_core.shell:Creating package script '/home/whaly/isaac_ws/Isaacsim_ros2_ws/install/h1_msgs/share/h1_msgs/package.bash'
[0.714s] INFO:colcon.colcon_core.shell:Creating package script '/home/whaly/isaac_ws/Isaacsim_ros2_ws/install/h1_msgs/share/h1_msgs/package.zsh'
[0.714s] Level 1:colcon.colcon_core.environment:create_file_with_runtime_dependencies(/home/whaly/isaac_ws/Isaacsim_ros2_ws/install/h1_msgs/share/colcon-core/packages/h1_msgs)
[0.714s] INFO:colcon.colcon_ros.task.ament_python.build:Building ROS package in '/home/whaly/isaac_ws/Isaacsim_ros2_ws/src/h1_pkg' with build type 'ament_python'
[0.714s] Level 1:colcon.colcon_core.shell:create_environment_hook('h1_pkg', 'ament_prefix_path')
[0.714s] INFO:colcon.colcon_core.shell:Creating environment hook '/home/whaly/isaac_ws/Isaacsim_ros2_ws/install/h1_pkg/share/h1_pkg/hook/ament_prefix_path.ps1'
[0.715s] INFO:colcon.colcon_core.shell:Creating environment descriptor '/home/whaly/isaac_ws/Isaacsim_ros2_ws/install/h1_pkg/share/h1_pkg/hook/ament_prefix_path.dsv'
[0.715s] INFO:colcon.colcon_core.shell:Creating environment hook '/home/whaly/isaac_ws/Isaacsim_ros2_ws/install/h1_pkg/share/h1_pkg/hook/ament_prefix_path.sh'
[0.715s] INFO:colcon.colcon_core.shell:Skip shell extension 'powershell' for command environment: Not usable outside of PowerShell
[0.716s] DEBUG:colcon.colcon_core.shell:Skip shell extension 'dsv' for command environment
[0.718s] INFO:colcon.colcon_ros.task.ament_python.build:Building ROS package in '/home/whaly/isaac_ws/Isaacsim_ros2_ws/src/test_pkg' with build type 'ament_python'
[0.718s] Level 1:colcon.colcon_core.shell:create_environment_hook('test_pkg', 'ament_prefix_path')
[0.718s] INFO:colcon.colcon_core.shell:Creating environment hook '/home/whaly/isaac_ws/Isaacsim_ros2_ws/install/test_pkg/share/test_pkg/hook/ament_prefix_path.ps1'
[0.718s] INFO:colcon.colcon_core.shell:Creating environment descriptor '/home/whaly/isaac_ws/Isaacsim_ros2_ws/install/test_pkg/share/test_pkg/hook/ament_prefix_path.dsv'
[0.718s] INFO:colcon.colcon_core.shell:Creating environment hook '/home/whaly/isaac_ws/Isaacsim_ros2_ws/install/test_pkg/share/test_pkg/hook/ament_prefix_path.sh'
[0.719s] INFO:colcon.colcon_core.shell:Skip shell extension 'powershell' for command environment: Not usable outside of PowerShell
[0.719s] DEBUG:colcon.colcon_core.shell:Skip shell extension 'dsv' for command environment
[0.722s] DEBUG:colcon.colcon_core.event_handler.log_command:Invoked command in '/home/whaly/isaac_ws/Isaacsim_ros2_ws/build/custom_interface' returned '0': CMAKE_PREFIX_PATH=${CMAKE_PREFIX_PATH}:/home/whaly/isaac_ws/Isaacsim_ros2_ws/install/test_pkg:/home/whaly/isaac_ws/Isaacsim_ros2_ws/install/isaac_tutorials:/home/whaly/isaac_ws/Isaacsim_ros2_ws/install/h1_pkg:/home/whaly/isaac_ws/Isaacsim_ros2_ws/install/custom_msgs:/home/whaly/isaac_ws/Isaacsim_ros2_ws/install/ackermann_control:/home/whaly/whaly_ws/install/whaly_pkg:/opt/ros/humble CONDA_PROMPT_MODIFIER=(base) /usr/bin/cmake --build /home/whaly/isaac_ws/Isaacsim_ros2_ws/build/custom_interface -- -j16 -l16
[0.723s] DEBUG:colcon.colcon_core.event_handler.log_command:Invoking command in '/home/whaly/isaac_ws/Isaacsim_ros2_ws/build/custom_interface': CMAKE_PREFIX_PATH=${CMAKE_PREFIX_PATH}:/home/whaly/isaac_ws/Isaacsim_ros2_ws/install/test_pkg:/home/whaly/isaac_ws/Isaacsim_ros2_ws/install/isaac_tutorials:/home/whaly/isaac_ws/Isaacsim_ros2_ws/install/h1_pkg:/home/whaly/isaac_ws/Isaacsim_ros2_ws/install/custom_msgs:/home/whaly/isaac_ws/Isaacsim_ros2_ws/install/ackermann_control:/home/whaly/whaly_ws/install/whaly_pkg:/opt/ros/humble CONDA_PROMPT_MODIFIER=(base) /usr/bin/cmake --install /home/whaly/isaac_ws/Isaacsim_ros2_ws/build/custom_interface
[0.889s] INFO:colcon.colcon_core.task.python.build:Building Python package in '/home/whaly/isaac_ws/Isaacsim_ros2_ws/src/h1_pkg'
[0.890s] INFO:colcon.colcon_core.shell:Skip shell extension 'powershell' for command environment: Not usable outside of PowerShell
[0.890s] DEBUG:colcon.colcon_core.shell:Skip shell extension 'dsv' for command environment
[1.054s] INFO:colcon.colcon_core.task.python.build:Building Python package in '/home/whaly/isaac_ws/Isaacsim_ros2_ws/src/test_pkg'
[1.054s] INFO:colcon.colcon_core.shell:Skip shell extension 'powershell' for command environment: Not usable outside of PowerShell
[1.054s] DEBUG:colcon.colcon_core.shell:Skip shell extension 'dsv' for command environment
[1.058s] DEBUG:colcon.colcon_core.event_handler.log_command:Invoking command in '/home/whaly/isaac_ws/Isaacsim_ros2_ws/build/ackermann_control': CONDA_PROMPT_MODIFIER=(base) PYTHONPATH=/home/whaly/isaac_ws/Isaacsim_ros2_ws/build/ackermann_control/prefix_override:/usr/lib/python3/dist-packages/colcon_core/task/python/colcon_distutils_commands:/home/whaly/isaac_ws/Isaacsim_ros2_ws/install/ackermann_control/lib/python3.10/site-packages:${PYTHONPATH} /usr/bin/python3 -W ignore:setup.py install is deprecated -W ignore:easy_install command is deprecated setup.py develop --editable --build-directory /home/whaly/isaac_ws/Isaacsim_ros2_ws/build/ackermann_control/build --no-deps symlink_data
[1.059s] DEBUG:colcon.colcon_core.event_handler.log_command:Invoking command in '/home/whaly/isaac_ws/Isaacsim_ros2_ws/build/isaac_tutorials': CONDA_PROMPT_MODIFIER=(base) PYTHONPATH=/home/whaly/isaac_ws/Isaacsim_ros2_ws/build/isaac_tutorials/prefix_override:/usr/lib/python3/dist-packages/colcon_core/task/python/colcon_distutils_commands:/home/whaly/isaac_ws/Isaacsim_ros2_ws/install/isaac_tutorials/lib/python3.10/site-packages:${PYTHONPATH} /usr/bin/python3 -W ignore:setup.py install is deprecated -W ignore:easy_install command is deprecated setup.py develop --editable --build-directory /home/whaly/isaac_ws/Isaacsim_ros2_ws/build/isaac_tutorials/build --no-deps symlink_data
[1.060s] Level 1:colcon.colcon_core.environment:create_environment_scripts_only(custom_interface)
[1.060s] Level 1:colcon.colcon_core.environment:checking '/home/whaly/isaac_ws/Isaacsim_ros2_ws/install/custom_interface' for CMake module files
[1.061s] DEBUG:colcon.colcon_core.event_handler.log_command:Invoked command in '/home/whaly/isaac_ws/Isaacsim_ros2_ws/build/custom_interface' returned '0': CMAKE_PREFIX_PATH=${CMAKE_PREFIX_PATH}:/home/whaly/isaac_ws/Isaacsim_ros2_ws/install/test_pkg:/home/whaly/isaac_ws/Isaacsim_ros2_ws/install/isaac_tutorials:/home/whaly/isaac_ws/Isaacsim_ros2_ws/install/h1_pkg:/home/whaly/isaac_ws/Isaacsim_ros2_ws/install/custom_msgs:/home/whaly/isaac_ws/Isaacsim_ros2_ws/install/ackermann_control:/home/whaly/whaly_ws/install/whaly_pkg:/opt/ros/humble CONDA_PROMPT_MODIFIER=(base) /usr/bin/cmake --install /home/whaly/isaac_ws/Isaacsim_ros2_ws/build/custom_interface
[1.061s] Level 1:colcon.colcon_core.environment:checking '/home/whaly/isaac_ws/Isaacsim_ros2_ws/install/custom_interface' for CMake config files
[1.061s] Level 1:colcon.colcon_core.shell:create_environment_hook('custom_interface', 'cmake_prefix_path')
[1.062s] INFO:colcon.colcon_core.shell:Creating environment hook '/home/whaly/isaac_ws/Isaacsim_ros2_ws/install/custom_interface/share/custom_interface/hook/cmake_prefix_path.ps1'
[1.062s] INFO:colcon.colcon_core.shell:Creating environment descriptor '/home/whaly/isaac_ws/Isaacsim_ros2_ws/install/custom_interface/share/custom_interface/hook/cmake_prefix_path.dsv'
[1.062s] INFO:colcon.colcon_core.shell:Creating environment hook '/home/whaly/isaac_ws/Isaacsim_ros2_ws/install/custom_interface/share/custom_interface/hook/cmake_prefix_path.sh'
[1.062s] Level 1:colcon.colcon_core.environment:checking '/home/whaly/isaac_ws/Isaacsim_ros2_ws/install/custom_interface/lib'
[1.062s] Level 1:colcon.colcon_core.shell:create_environment_hook('custom_interface', 'ld_library_path_lib')
[1.063s] INFO:colcon.colcon_core.shell:Creating environment hook '/home/whaly/isaac_ws/Isaacsim_ros2_ws/install/custom_interface/share/custom_interface/hook/ld_library_path_lib.ps1'
[1.063s] INFO:colcon.colcon_core.shell:Creating environment descriptor '/home/whaly/isaac_ws/Isaacsim_ros2_ws/install/custom_interface/share/custom_interface/hook/ld_library_path_lib.dsv'
[1.063s] INFO:colcon.colcon_core.shell:Creating environment hook '/home/whaly/isaac_ws/Isaacsim_ros2_ws/install/custom_interface/share/custom_interface/hook/ld_library_path_lib.sh'
[1.063s] Level 1:colcon.colcon_core.environment:checking '/home/whaly/isaac_ws/Isaacsim_ros2_ws/install/custom_interface/bin'
[1.063s] Level 1:colcon.colcon_core.environment:checking '/home/whaly/isaac_ws/Isaacsim_ros2_ws/install/custom_interface/lib/pkgconfig/custom_interface.pc'
[1.063s] Level 1:colcon.colcon_core.environment:checking '/home/whaly/isaac_ws/Isaacsim_ros2_ws/install/custom_interface/lib/python3.10/site-packages'
[1.064s] Level 1:colcon.colcon_core.environment:checking '/home/whaly/isaac_ws/Isaacsim_ros2_ws/install/custom_interface/bin'
[1.064s] INFO:colcon.colcon_core.shell:Creating package script '/home/whaly/isaac_ws/Isaacsim_ros2_ws/install/custom_interface/share/custom_interface/package.ps1'
[1.064s] INFO:colcon.colcon_core.shell:Creating package descriptor '/home/whaly/isaac_ws/Isaacsim_ros2_ws/install/custom_interface/share/custom_interface/package.dsv'
[1.064s] INFO:colcon.colcon_core.shell:Creating package script '/home/whaly/isaac_ws/Isaacsim_ros2_ws/install/custom_interface/share/custom_interface/package.sh'
[1.065s] INFO:colcon.colcon_core.shell:Creating package script '/home/whaly/isaac_ws/Isaacsim_ros2_ws/install/custom_interface/share/custom_interface/package.bash'
[1.065s] INFO:colcon.colcon_core.shell:Creating package script '/home/whaly/isaac_ws/Isaacsim_ros2_ws/install/custom_interface/share/custom_interface/package.zsh'
[1.065s] Level 1:colcon.colcon_core.environment:create_file_with_runtime_dependencies(/home/whaly/isaac_ws/Isaacsim_ros2_ws/install/custom_interface/share/colcon-core/packages/custom_interface)
[1.065s] Level 1:colcon.colcon_core.environment:create_environment_scripts_only(custom_interface)
[1.065s] Level 1:colcon.colcon_core.environment:checking '/home/whaly/isaac_ws/Isaacsim_ros2_ws/install/custom_interface' for CMake module files
[1.066s] Level 1:colcon.colcon_core.environment:checking '/home/whaly/isaac_ws/Isaacsim_ros2_ws/install/custom_interface' for CMake config files
[1.066s] Level 1:colcon.colcon_core.shell:create_environment_hook('custom_interface', 'cmake_prefix_path')
[1.066s] INFO:colcon.colcon_core.shell:Creating environment hook '/home/whaly/isaac_ws/Isaacsim_ros2_ws/install/custom_interface/share/custom_interface/hook/cmake_prefix_path.ps1'
[1.067s] INFO:colcon.colcon_core.shell:Creating environment descriptor '/home/whaly/isaac_ws/Isaacsim_ros2_ws/install/custom_interface/share/custom_interface/hook/cmake_prefix_path.dsv'
[1.067s] INFO:colcon.colcon_core.shell:Creating environment hook '/home/whaly/isaac_ws/Isaacsim_ros2_ws/install/custom_interface/share/custom_interface/hook/cmake_prefix_path.sh'
[1.067s] Level 1:colcon.colcon_core.environment:checking '/home/whaly/isaac_ws/Isaacsim_ros2_ws/install/custom_interface/lib'
[1.067s] Level 1:colcon.colcon_core.shell:create_environment_hook('custom_interface', 'ld_library_path_lib')
[1.067s] INFO:colcon.colcon_core.shell:Creating environment hook '/home/whaly/isaac_ws/Isaacsim_ros2_ws/install/custom_interface/share/custom_interface/hook/ld_library_path_lib.ps1'
[1.068s] INFO:colcon.colcon_core.shell:Creating environment descriptor '/home/whaly/isaac_ws/Isaacsim_ros2_ws/install/custom_interface/share/custom_interface/hook/ld_library_path_lib.dsv'
[1.068s] INFO:colcon.colcon_core.shell:Creating environment hook '/home/whaly/isaac_ws/Isaacsim_ros2_ws/install/custom_interface/share/custom_interface/hook/ld_library_path_lib.sh'
[1.068s] Level 1:colcon.colcon_core.environment:checking '/home/whaly/isaac_ws/Isaacsim_ros2_ws/install/custom_interface/bin'
[1.068s] Level 1:colcon.colcon_core.environment:checking '/home/whaly/isaac_ws/Isaacsim_ros2_ws/install/custom_interface/lib/pkgconfig/custom_interface.pc'
[1.068s] Level 1:colcon.colcon_core.environment:checking '/home/whaly/isaac_ws/Isaacsim_ros2_ws/install/custom_interface/lib/python3.10/site-packages'
[1.068s] Level 1:colcon.colcon_core.environment:checking '/home/whaly/isaac_ws/Isaacsim_ros2_ws/install/custom_interface/bin'
[1.069s] INFO:colcon.colcon_core.shell:Creating package script '/home/whaly/isaac_ws/Isaacsim_ros2_ws/install/custom_interface/share/custom_interface/package.ps1'
[1.069s] INFO:colcon.colcon_core.shell:Creating package descriptor '/home/whaly/isaac_ws/Isaacsim_ros2_ws/install/custom_interface/share/custom_interface/package.dsv'
[1.069s] INFO:colcon.colcon_core.shell:Creating package script '/home/whaly/isaac_ws/Isaacsim_ros2_ws/install/custom_interface/share/custom_interface/package.sh'
[1.069s] INFO:colcon.colcon_core.shell:Creating package script '/home/whaly/isaac_ws/Isaacsim_ros2_ws/install/custom_interface/share/custom_interface/package.bash'
[1.070s] INFO:colcon.colcon_core.shell:Creating package script '/home/whaly/isaac_ws/Isaacsim_ros2_ws/install/custom_interface/share/custom_interface/package.zsh'
[1.070s] Level 1:colcon.colcon_core.environment:create_file_with_runtime_dependencies(/home/whaly/isaac_ws/Isaacsim_ros2_ws/install/custom_interface/share/colcon-core/packages/custom_interface)
[1.273s] DEBUG:colcon.colcon_core.event_handler.log_command:Invoking command in '/home/whaly/isaac_ws/Isaacsim_ros2_ws/build/h1_pkg': CONDA_PROMPT_MODIFIER=(base) PYTHONPATH=/home/whaly/isaac_ws/Isaacsim_ros2_ws/build/h1_pkg/prefix_override:/usr/lib/python3/dist-packages/colcon_core/task/python/colcon_distutils_commands:/home/whaly/isaac_ws/Isaacsim_ros2_ws/install/h1_pkg/lib/python3.10/site-packages:${PYTHONPATH} /usr/bin/python3 -W ignore:setup.py install is deprecated -W ignore:easy_install command is deprecated setup.py develop --editable --build-directory /home/whaly/isaac_ws/Isaacsim_ros2_ws/build/h1_pkg/build --no-deps symlink_data
[1.284s] DEBUG:colcon.colcon_core.event_handler.log_command:Invoking command in '/home/whaly/isaac_ws/Isaacsim_ros2_ws/build/test_pkg': CONDA_PROMPT_MODIFIER=(base) PYTHONPATH=/home/whaly/isaac_ws/Isaacsim_ros2_ws/build/test_pkg/prefix_override:/usr/lib/python3/dist-packages/colcon_core/task/python/colcon_distutils_commands:/home/whaly/isaac_ws/Isaacsim_ros2_ws/install/test_pkg/lib/python3.10/site-packages:${PYTHONPATH} /usr/bin/python3 -W ignore:setup.py install is deprecated -W ignore:easy_install command is deprecated setup.py develop --editable --build-directory /home/whaly/isaac_ws/Isaacsim_ros2_ws/build/test_pkg/build --no-deps symlink_data
[1.346s] Level 1:colcon.colcon_core.shell:create_environment_hook('ackermann_control', 'pythonpath_develop')
[1.346s] INFO:colcon.colcon_core.shell:Creating environment hook '/home/whaly/isaac_ws/Isaacsim_ros2_ws/build/ackermann_control/share/ackermann_control/hook/pythonpath_develop.ps1'
[1.347s] DEBUG:colcon.colcon_core.event_handler.log_command:Invoked command in '/home/whaly/isaac_ws/Isaacsim_ros2_ws/build/ackermann_control' returned '0': CONDA_PROMPT_MODIFIER=(base) PYTHONPATH=/home/whaly/isaac_ws/Isaacsim_ros2_ws/build/ackermann_control/prefix_override:/usr/lib/python3/dist-packages/colcon_core/task/python/colcon_distutils_commands:/home/whaly/isaac_ws/Isaacsim_ros2_ws/install/ackermann_control/lib/python3.10/site-packages:${PYTHONPATH} /usr/bin/python3 -W ignore:setup.py install is deprecated -W ignore:easy_install command is deprecated setup.py develop --editable --build-directory /home/whaly/isaac_ws/Isaacsim_ros2_ws/build/ackermann_control/build --no-deps symlink_data
[1.347s] INFO:colcon.colcon_core.shell:Creating environment descriptor '/home/whaly/isaac_ws/Isaacsim_ros2_ws/build/ackermann_control/share/ackermann_control/hook/pythonpath_develop.dsv'
[1.348s] INFO:colcon.colcon_core.shell:Creating environment hook '/home/whaly/isaac_ws/Isaacsim_ros2_ws/build/ackermann_control/share/ackermann_control/hook/pythonpath_develop.sh'
[1.348s] Level 1:colcon.colcon_core.environment:checking '/home/whaly/isaac_ws/Isaacsim_ros2_ws/install/ackermann_control' for CMake module files
[1.348s] Level 1:colcon.colcon_core.environment:checking '/home/whaly/isaac_ws/Isaacsim_ros2_ws/install/ackermann_control' for CMake config files
[1.348s] Level 1:colcon.colcon_core.environment:checking '/home/whaly/isaac_ws/Isaacsim_ros2_ws/install/ackermann_control/lib'
[1.348s] Level 1:colcon.colcon_core.environment:checking '/home/whaly/isaac_ws/Isaacsim_ros2_ws/install/ackermann_control/bin'
[1.349s] Level 1:colcon.colcon_core.environment:checking '/home/whaly/isaac_ws/Isaacsim_ros2_ws/install/ackermann_control/lib/pkgconfig/ackermann_control.pc'
[1.349s] Level 1:colcon.colcon_core.environment:checking '/home/whaly/isaac_ws/Isaacsim_ros2_ws/install/ackermann_control/lib/python3.10/site-packages'
[1.349s] Level 1:colcon.colcon_core.shell:create_environment_hook('ackermann_control', 'pythonpath')
[1.349s] INFO:colcon.colcon_core.shell:Creating environment hook '/home/whaly/isaac_ws/Isaacsim_ros2_ws/install/ackermann_control/share/ackermann_control/hook/pythonpath.ps1'
[1.349s] INFO:colcon.colcon_core.shell:Creating environment descriptor '/home/whaly/isaac_ws/Isaacsim_ros2_ws/install/ackermann_control/share/ackermann_control/hook/pythonpath.dsv'
[1.349s] INFO:colcon.colcon_core.shell:Creating environment hook '/home/whaly/isaac_ws/Isaacsim_ros2_ws/install/ackermann_control/share/ackermann_control/hook/pythonpath.sh'
[1.350s] Level 1:colcon.colcon_core.environment:checking '/home/whaly/isaac_ws/Isaacsim_ros2_ws/install/ackermann_control/bin'
[1.350s] Level 1:colcon.colcon_core.environment:create_environment_scripts_only(ackermann_control)
[1.350s] INFO:colcon.colcon_core.shell:Creating package script '/home/whaly/isaac_ws/Isaacsim_ros2_ws/install/ackermann_control/share/ackermann_control/package.ps1'
[1.350s] INFO:colcon.colcon_core.shell:Creating package descriptor '/home/whaly/isaac_ws/Isaacsim_ros2_ws/install/ackermann_control/share/ackermann_control/package.dsv'
[1.350s] INFO:colcon.colcon_core.shell:Creating package script '/home/whaly/isaac_ws/Isaacsim_ros2_ws/install/ackermann_control/share/ackermann_control/package.sh'
[1.351s] INFO:colcon.colcon_core.shell:Creating package script '/home/whaly/isaac_ws/Isaacsim_ros2_ws/install/ackermann_control/share/ackermann_control/package.bash'
[1.351s] INFO:colcon.colcon_core.shell:Creating package script '/home/whaly/isaac_ws/Isaacsim_ros2_ws/install/ackermann_control/share/ackermann_control/package.zsh'
[1.351s] Level 1:colcon.colcon_core.environment:create_file_with_runtime_dependencies(/home/whaly/isaac_ws/Isaacsim_ros2_ws/install/ackermann_control/share/colcon-core/packages/ackermann_control)
[1.355s] Level 1:colcon.colcon_core.shell:create_environment_hook('isaac_tutorials', 'pythonpath_develop')
[1.355s] INFO:colcon.colcon_core.shell:Creating environment hook '/home/whaly/isaac_ws/Isaacsim_ros2_ws/build/isaac_tutorials/share/isaac_tutorials/hook/pythonpath_develop.ps1'
[1.355s] DEBUG:colcon.colcon_core.event_handler.log_command:Invoked command in '/home/whaly/isaac_ws/Isaacsim_ros2_ws/build/isaac_tutorials' returned '0': CONDA_PROMPT_MODIFIER=(base) PYTHONPATH=/home/whaly/isaac_ws/Isaacsim_ros2_ws/build/isaac_tutorials/prefix_override:/usr/lib/python3/dist-packages/colcon_core/task/python/colcon_distutils_commands:/home/whaly/isaac_ws/Isaacsim_ros2_ws/install/isaac_tutorials/lib/python3.10/site-packages:${PYTHONPATH} /usr/bin/python3 -W ignore:setup.py install is deprecated -W ignore:easy_install command is deprecated setup.py develop --editable --build-directory /home/whaly/isaac_ws/Isaacsim_ros2_ws/build/isaac_tutorials/build --no-deps symlink_data
[1.356s] INFO:colcon.colcon_core.shell:Creating environment descriptor '/home/whaly/isaac_ws/Isaacsim_ros2_ws/build/isaac_tutorials/share/isaac_tutorials/hook/pythonpath_develop.dsv'
[1.356s] INFO:colcon.colcon_core.shell:Creating environment hook '/home/whaly/isaac_ws/Isaacsim_ros2_ws/build/isaac_tutorials/share/isaac_tutorials/hook/pythonpath_develop.sh'
[1.356s] Level 1:colcon.colcon_core.environment:checking '/home/whaly/isaac_ws/Isaacsim_ros2_ws/install/isaac_tutorials' for CMake module files
[1.356s] Level 1:colcon.colcon_core.environment:checking '/home/whaly/isaac_ws/Isaacsim_ros2_ws/install/isaac_tutorials' for CMake config files
[1.357s] Level 1:colcon.colcon_core.environment:checking '/home/whaly/isaac_ws/Isaacsim_ros2_ws/install/isaac_tutorials/lib'
[1.357s] Level 1:colcon.colcon_core.environment:checking '/home/whaly/isaac_ws/Isaacsim_ros2_ws/install/isaac_tutorials/bin'
[1.357s] Level 1:colcon.colcon_core.environment:checking '/home/whaly/isaac_ws/Isaacsim_ros2_ws/install/isaac_tutorials/lib/pkgconfig/isaac_tutorials.pc'
[1.357s] Level 1:colcon.colcon_core.environment:checking '/home/whaly/isaac_ws/Isaacsim_ros2_ws/install/isaac_tutorials/lib/python3.10/site-packages'
[1.357s] Level 1:colcon.colcon_core.shell:create_environment_hook('isaac_tutorials', 'pythonpath')
[1.357s] INFO:colcon.colcon_core.shell:Creating environment hook '/home/whaly/isaac_ws/Isaacsim_ros2_ws/install/isaac_tutorials/share/isaac_tutorials/hook/pythonpath.ps1'
[1.357s] INFO:colcon.colcon_core.shell:Creating environment descriptor '/home/whaly/isaac_ws/Isaacsim_ros2_ws/install/isaac_tutorials/share/isaac_tutorials/hook/pythonpath.dsv'
[1.357s] INFO:colcon.colcon_core.shell:Creating environment hook '/home/whaly/isaac_ws/Isaacsim_ros2_ws/install/isaac_tutorials/share/isaac_tutorials/hook/pythonpath.sh'
[1.358s] Level 1:colcon.colcon_core.environment:checking '/home/whaly/isaac_ws/Isaacsim_ros2_ws/install/isaac_tutorials/bin'
[1.358s] Level 1:colcon.colcon_core.environment:create_environment_scripts_only(isaac_tutorials)
[1.358s] INFO:colcon.colcon_core.shell:Creating package script '/home/whaly/isaac_ws/Isaacsim_ros2_ws/install/isaac_tutorials/share/isaac_tutorials/package.ps1'
[1.358s] INFO:colcon.colcon_core.shell:Creating package descriptor '/home/whaly/isaac_ws/Isaacsim_ros2_ws/install/isaac_tutorials/share/isaac_tutorials/package.dsv'
[1.359s] INFO:colcon.colcon_core.shell:Creating package script '/home/whaly/isaac_ws/Isaacsim_ros2_ws/install/isaac_tutorials/share/isaac_tutorials/package.sh'
[1.359s] INFO:colcon.colcon_core.shell:Creating package script '/home/whaly/isaac_ws/Isaacsim_ros2_ws/install/isaac_tutorials/share/isaac_tutorials/package.bash'
[1.359s] INFO:colcon.colcon_core.shell:Creating package script '/home/whaly/isaac_ws/Isaacsim_ros2_ws/install/isaac_tutorials/share/isaac_tutorials/package.zsh'
[1.359s] Level 1:colcon.colcon_core.environment:create_file_with_runtime_dependencies(/home/whaly/isaac_ws/Isaacsim_ros2_ws/install/isaac_tutorials/share/colcon-core/packages/isaac_tutorials)
[1.558s] Level 1:colcon.colcon_core.shell:create_environment_hook('h1_pkg', 'pythonpath_develop')
[1.558s] INFO:colcon.colcon_core.shell:Creating environment hook '/home/whaly/isaac_ws/Isaacsim_ros2_ws/build/h1_pkg/share/h1_pkg/hook/pythonpath_develop.ps1'
[1.559s] DEBUG:colcon.colcon_core.event_handler.log_command:Invoked command in '/home/whaly/isaac_ws/Isaacsim_ros2_ws/build/h1_pkg' returned '0': CONDA_PROMPT_MODIFIER=(base) PYTHONPATH=/home/whaly/isaac_ws/Isaacsim_ros2_ws/build/h1_pkg/prefix_override:/usr/lib/python3/dist-packages/colcon_core/task/python/colcon_distutils_commands:/home/whaly/isaac_ws/Isaacsim_ros2_ws/install/h1_pkg/lib/python3.10/site-packages:${PYTHONPATH} /usr/bin/python3 -W ignore:setup.py install is deprecated -W ignore:easy_install command is deprecated setup.py develop --editable --build-directory /home/whaly/isaac_ws/Isaacsim_ros2_ws/build/h1_pkg/build --no-deps symlink_data
[1.559s] INFO:colcon.colcon_core.shell:Creating environment descriptor '/home/whaly/isaac_ws/Isaacsim_ros2_ws/build/h1_pkg/share/h1_pkg/hook/pythonpath_develop.dsv'
[1.559s] INFO:colcon.colcon_core.shell:Creating environment hook '/home/whaly/isaac_ws/Isaacsim_ros2_ws/build/h1_pkg/share/h1_pkg/hook/pythonpath_develop.sh'
[1.559s] Level 1:colcon.colcon_core.environment:checking '/home/whaly/isaac_ws/Isaacsim_ros2_ws/install/h1_pkg' for CMake module files
[1.560s] Level 1:colcon.colcon_core.environment:checking '/home/whaly/isaac_ws/Isaacsim_ros2_ws/install/h1_pkg' for CMake config files
[1.560s] Level 1:colcon.colcon_core.environment:checking '/home/whaly/isaac_ws/Isaacsim_ros2_ws/install/h1_pkg/lib'
[1.560s] Level 1:colcon.colcon_core.environment:checking '/home/whaly/isaac_ws/Isaacsim_ros2_ws/install/h1_pkg/bin'
[1.560s] Level 1:colcon.colcon_core.environment:checking '/home/whaly/isaac_ws/Isaacsim_ros2_ws/install/h1_pkg/lib/pkgconfig/h1_pkg.pc'
[1.560s] Level 1:colcon.colcon_core.environment:checking '/home/whaly/isaac_ws/Isaacsim_ros2_ws/install/h1_pkg/lib/python3.10/site-packages'
[1.560s] Level 1:colcon.colcon_core.shell:create_environment_hook('h1_pkg', 'pythonpath')
[1.560s] INFO:colcon.colcon_core.shell:Creating environment hook '/home/whaly/isaac_ws/Isaacsim_ros2_ws/install/h1_pkg/share/h1_pkg/hook/pythonpath.ps1'
[1.561s] INFO:colcon.colcon_core.shell:Creating environment descriptor '/home/whaly/isaac_ws/Isaacsim_ros2_ws/install/h1_pkg/share/h1_pkg/hook/pythonpath.dsv'
[1.561s] INFO:colcon.colcon_core.shell:Creating environment hook '/home/whaly/isaac_ws/Isaacsim_ros2_ws/install/h1_pkg/share/h1_pkg/hook/pythonpath.sh'
[1.561s] Level 1:colcon.colcon_core.environment:checking '/home/whaly/isaac_ws/Isaacsim_ros2_ws/install/h1_pkg/bin'
[1.561s] Level 1:colcon.colcon_core.environment:create_environment_scripts_only(h1_pkg)
[1.562s] INFO:colcon.colcon_core.shell:Creating package script '/home/whaly/isaac_ws/Isaacsim_ros2_ws/install/h1_pkg/share/h1_pkg/package.ps1'
[1.562s] INFO:colcon.colcon_core.shell:Creating package descriptor '/home/whaly/isaac_ws/Isaacsim_ros2_ws/install/h1_pkg/share/h1_pkg/package.dsv'
[1.562s] INFO:colcon.colcon_core.shell:Creating package script '/home/whaly/isaac_ws/Isaacsim_ros2_ws/install/h1_pkg/share/h1_pkg/package.sh'
[1.563s] INFO:colcon.colcon_core.shell:Creating package script '/home/whaly/isaac_ws/Isaacsim_ros2_ws/install/h1_pkg/share/h1_pkg/package.bash'
[1.563s] INFO:colcon.colcon_core.shell:Creating package script '/home/whaly/isaac_ws/Isaacsim_ros2_ws/install/h1_pkg/share/h1_pkg/package.zsh'
[1.563s] Level 1:colcon.colcon_core.environment:create_file_with_runtime_dependencies(/home/whaly/isaac_ws/Isaacsim_ros2_ws/install/h1_pkg/share/colcon-core/packages/h1_pkg)
[1.571s] Level 1:colcon.colcon_core.shell:create_environment_hook('test_pkg', 'pythonpath_develop')
[1.571s] INFO:colcon.colcon_core.shell:Creating environment hook '/home/whaly/isaac_ws/Isaacsim_ros2_ws/build/test_pkg/share/test_pkg/hook/pythonpath_develop.ps1'
[1.571s] DEBUG:colcon.colcon_core.event_handler.log_command:Invoked command in '/home/whaly/isaac_ws/Isaacsim_ros2_ws/build/test_pkg' returned '0': CONDA_PROMPT_MODIFIER=(base) PYTHONPATH=/home/whaly/isaac_ws/Isaacsim_ros2_ws/build/test_pkg/prefix_override:/usr/lib/python3/dist-packages/colcon_core/task/python/colcon_distutils_commands:/home/whaly/isaac_ws/Isaacsim_ros2_ws/install/test_pkg/lib/python3.10/site-packages:${PYTHONPATH} /usr/bin/python3 -W ignore:setup.py install is deprecated -W ignore:easy_install command is deprecated setup.py develop --editable --build-directory /home/whaly/isaac_ws/Isaacsim_ros2_ws/build/test_pkg/build --no-deps symlink_data
[1.571s] INFO:colcon.colcon_core.shell:Creating environment descriptor '/home/whaly/isaac_ws/Isaacsim_ros2_ws/build/test_pkg/share/test_pkg/hook/pythonpath_develop.dsv'
[1.572s] INFO:colcon.colcon_core.shell:Creating environment hook '/home/whaly/isaac_ws/Isaacsim_ros2_ws/build/test_pkg/share/test_pkg/hook/pythonpath_develop.sh'
[1.572s] Level 1:colcon.colcon_core.environment:checking '/home/whaly/isaac_ws/Isaacsim_ros2_ws/install/test_pkg' for CMake module files
[1.572s] Level 1:colcon.colcon_core.environment:checking '/home/whaly/isaac_ws/Isaacsim_ros2_ws/install/test_pkg' for CMake config files
[1.572s] Level 1:colcon.colcon_core.environment:checking '/home/whaly/isaac_ws/Isaacsim_ros2_ws/install/test_pkg/lib'
[1.572s] Level 1:colcon.colcon_core.environment:checking '/home/whaly/isaac_ws/Isaacsim_ros2_ws/install/test_pkg/bin'
[1.572s] Level 1:colcon.colcon_core.environment:checking '/home/whaly/isaac_ws/Isaacsim_ros2_ws/install/test_pkg/lib/pkgconfig/test_pkg.pc'
[1.573s] Level 1:colcon.colcon_core.environment:checking '/home/whaly/isaac_ws/Isaacsim_ros2_ws/install/test_pkg/lib/python3.10/site-packages'
[1.573s] Level 1:colcon.colcon_core.shell:create_environment_hook('test_pkg', 'pythonpath')
[1.573s] INFO:colcon.colcon_core.shell:Creating environment hook '/home/whaly/isaac_ws/Isaacsim_ros2_ws/install/test_pkg/share/test_pkg/hook/pythonpath.ps1'
[1.573s] INFO:colcon.colcon_core.shell:Creating environment descriptor '/home/whaly/isaac_ws/Isaacsim_ros2_ws/install/test_pkg/share/test_pkg/hook/pythonpath.dsv'
[1.573s] INFO:colcon.colcon_core.shell:Creating environment hook '/home/whaly/isaac_ws/Isaacsim_ros2_ws/install/test_pkg/share/test_pkg/hook/pythonpath.sh'
[1.574s] Level 1:colcon.colcon_core.environment:checking '/home/whaly/isaac_ws/Isaacsim_ros2_ws/install/test_pkg/bin'
[1.574s] Level 1:colcon.colcon_core.environment:create_environment_scripts_only(test_pkg)
[1.574s] INFO:colcon.colcon_core.shell:Creating package script '/home/whaly/isaac_ws/Isaacsim_ros2_ws/install/test_pkg/share/test_pkg/package.ps1'
[1.574s] INFO:colcon.colcon_core.shell:Creating package descriptor '/home/whaly/isaac_ws/Isaacsim_ros2_ws/install/test_pkg/share/test_pkg/package.dsv'
[1.574s] INFO:colcon.colcon_core.shell:Creating package script '/home/whaly/isaac_ws/Isaacsim_ros2_ws/install/test_pkg/share/test_pkg/package.sh'
[1.575s] INFO:colcon.colcon_core.shell:Creating package script '/home/whaly/isaac_ws/Isaacsim_ros2_ws/install/test_pkg/share/test_pkg/package.bash'
[1.575s] INFO:colcon.colcon_core.shell:Creating package script '/home/whaly/isaac_ws/Isaacsim_ros2_ws/install/test_pkg/share/test_pkg/package.zsh'
[1.575s] Level 1:colcon.colcon_core.environment:create_file_with_runtime_dependencies(/home/whaly/isaac_ws/Isaacsim_ros2_ws/install/test_pkg/share/colcon-core/packages/test_pkg)
[1.575s] DEBUG:colcon.colcon_parallel_executor.executor.parallel:closing loop
[1.575s] DEBUG:colcon.colcon_parallel_executor.executor.parallel:loop closed
[1.575s] DEBUG:colcon.colcon_parallel_executor.executor.parallel:run_until_complete finished with '0'
[1.576s] DEBUG:colcon.colcon_core.event_reactor:joining thread
[1.579s] INFO:colcon.colcon_core.plugin_system:Skipping extension 'colcon_notification.desktop_notification.terminal_notifier': Not used on non-Darwin systems
[1.579s] INFO:colcon.colcon_core.plugin_system:Skipping extension 'colcon_notification.desktop_notification.win32': Not used on non-Windows systems
[1.579s] INFO:colcon.colcon_notification.desktop_notification:Sending desktop notification using 'notify2'
[1.586s] DEBUG:colcon.colcon_core.event_reactor:joined thread
[1.587s] INFO:colcon.colcon_core.shell:Creating prefix script '/home/whaly/isaac_ws/Isaacsim_ros2_ws/install/local_setup.ps1'
[1.588s] INFO:colcon.colcon_core.shell:Creating prefix util module '/home/whaly/isaac_ws/Isaacsim_ros2_ws/install/_local_setup_util_ps1.py'
[1.589s] INFO:colcon.colcon_core.shell:Creating prefix chain script '/home/whaly/isaac_ws/Isaacsim_ros2_ws/install/setup.ps1'
[1.590s] INFO:colcon.colcon_core.shell:Creating prefix script '/home/whaly/isaac_ws/Isaacsim_ros2_ws/install/local_setup.sh'
[1.591s] INFO:colcon.colcon_core.shell:Creating prefix util module '/home/whaly/isaac_ws/Isaacsim_ros2_ws/install/_local_setup_util_sh.py'
[1.591s] INFO:colcon.colcon_core.shell:Creating prefix chain script '/home/whaly/isaac_ws/Isaacsim_ros2_ws/install/setup.sh'
[1.592s] INFO:colcon.colcon_core.shell:Creating prefix script '/home/whaly/isaac_ws/Isaacsim_ros2_ws/install/local_setup.bash'
[1.593s] INFO:colcon.colcon_core.shell:Creating prefix chain script '/home/whaly/isaac_ws/Isaacsim_ros2_ws/install/setup.bash'
[1.594s] INFO:colcon.colcon_core.shell:Creating prefix script '/home/whaly/isaac_ws/Isaacsim_ros2_ws/install/local_setup.zsh'
[1.594s] INFO:colcon.colcon_core.shell:Creating prefix chain script '/home/whaly/isaac_ws/Isaacsim_ros2_ws/install/setup.zsh'
