running egg_info
creating ../../build/h1_pkg/h1_pkg.egg-info
writing ../../build/h1_pkg/h1_pkg.egg-info/PKG-INFO
writing dependency_links to ../../build/h1_pkg/h1_pkg.egg-info/dependency_links.txt
writing entry points to ../../build/h1_pkg/h1_pkg.egg-info/entry_points.txt
writing requirements to ../../build/h1_pkg/h1_pkg.egg-info/requires.txt
writing top-level names to ../../build/h1_pkg/h1_pkg.egg-info/top_level.txt
writing manifest file '../../build/h1_pkg/h1_pkg.egg-info/SOURCES.txt'
reading manifest file '../../build/h1_pkg/h1_pkg.egg-info/SOURCES.txt'
writing manifest file '../../build/h1_pkg/h1_pkg.egg-info/SOURCES.txt'
running build
running build_py
creating /home/whaly/isaac_ws/Isaacsim_ros2_ws/build/h1_pkg/build
creating /home/whaly/isaac_ws/Isaacsim_ros2_ws/build/h1_pkg/build/lib
creating /home/whaly/isaac_ws/Isaacsim_ros2_ws/build/h1_pkg/build/lib/h1_pkg
copying h1_pkg/proto_teleop.py -> /home/whaly/isaac_ws/Isaacsim_ros2_ws/build/h1_pkg/build/lib/h1_pkg
copying h1_pkg/proto_odom_cal.py -> /home/whaly/isaac_ws/Isaacsim_ros2_ws/build/h1_pkg/build/lib/h1_pkg
copying h1_pkg/robot_feedback_control.py -> /home/whaly/isaac_ws/Isaacsim_ros2_ws/build/h1_pkg/build/lib/h1_pkg
copying h1_pkg/__init__.py -> /home/whaly/isaac_ws/Isaacsim_ros2_ws/build/h1_pkg/build/lib/h1_pkg
copying h1_pkg/VectorSpace3D.py -> /home/whaly/isaac_ws/Isaacsim_ros2_ws/build/h1_pkg/build/lib/h1_pkg
running install
running install_lib
creating /home/whaly/isaac_ws/Isaacsim_ros2_ws/install/h1_pkg/lib/python3.10/site-packages/h1_pkg
copying /home/whaly/isaac_ws/Isaacsim_ros2_ws/build/h1_pkg/build/lib/h1_pkg/proto_teleop.py -> /home/whaly/isaac_ws/Isaacsim_ros2_ws/install/h1_pkg/lib/python3.10/site-packages/h1_pkg
copying /home/whaly/isaac_ws/Isaacsim_ros2_ws/build/h1_pkg/build/lib/h1_pkg/proto_odom_cal.py -> /home/whaly/isaac_ws/Isaacsim_ros2_ws/install/h1_pkg/lib/python3.10/site-packages/h1_pkg
copying /home/whaly/isaac_ws/Isaacsim_ros2_ws/build/h1_pkg/build/lib/h1_pkg/robot_feedback_control.py -> /home/whaly/isaac_ws/Isaacsim_ros2_ws/install/h1_pkg/lib/python3.10/site-packages/h1_pkg
copying /home/whaly/isaac_ws/Isaacsim_ros2_ws/build/h1_pkg/build/lib/h1_pkg/__init__.py -> /home/whaly/isaac_ws/Isaacsim_ros2_ws/install/h1_pkg/lib/python3.10/site-packages/h1_pkg
copying /home/whaly/isaac_ws/Isaacsim_ros2_ws/build/h1_pkg/build/lib/h1_pkg/VectorSpace3D.py -> /home/whaly/isaac_ws/Isaacsim_ros2_ws/install/h1_pkg/lib/python3.10/site-packages/h1_pkg
byte-compiling /home/whaly/isaac_ws/Isaacsim_ros2_ws/install/h1_pkg/lib/python3.10/site-packages/h1_pkg/proto_teleop.py to proto_teleop.cpython-310.pyc
byte-compiling /home/whaly/isaac_ws/Isaacsim_ros2_ws/install/h1_pkg/lib/python3.10/site-packages/h1_pkg/proto_odom_cal.py to proto_odom_cal.cpython-310.pyc
byte-compiling /home/whaly/isaac_ws/Isaacsim_ros2_ws/install/h1_pkg/lib/python3.10/site-packages/h1_pkg/robot_feedback_control.py to robot_feedback_control.cpython-310.pyc
byte-compiling /home/whaly/isaac_ws/Isaacsim_ros2_ws/install/h1_pkg/lib/python3.10/site-packages/h1_pkg/__init__.py to __init__.cpython-310.pyc
byte-compiling /home/whaly/isaac_ws/Isaacsim_ros2_ws/install/h1_pkg/lib/python3.10/site-packages/h1_pkg/VectorSpace3D.py to VectorSpace3D.cpython-310.pyc
running install_data
creating /home/whaly/isaac_ws/Isaacsim_ros2_ws/install/h1_pkg/share/ament_index
creating /home/whaly/isaac_ws/Isaacsim_ros2_ws/install/h1_pkg/share/ament_index/resource_index
creating /home/whaly/isaac_ws/Isaacsim_ros2_ws/install/h1_pkg/share/ament_index/resource_index/packages
copying resource/h1_pkg -> /home/whaly/isaac_ws/Isaacsim_ros2_ws/install/h1_pkg/share/ament_index/resource_index/packages
copying package.xml -> /home/whaly/isaac_ws/Isaacsim_ros2_ws/install/h1_pkg/share/h1_pkg
running install_egg_info
Copying ../../build/h1_pkg/h1_pkg.egg-info to /home/whaly/isaac_ws/Isaacsim_ros2_ws/install/h1_pkg/lib/python3.10/site-packages/h1_pkg-0.0.0-py3.10.egg-info
running install_scripts
Installing proto_odom_cal script to /home/whaly/isaac_ws/Isaacsim_ros2_ws/install/h1_pkg/lib/h1_pkg
Installing proto_teleop script to /home/whaly/isaac_ws/Isaacsim_ros2_ws/install/h1_pkg/lib/h1_pkg
Installing robot_feedback_control script to /home/whaly/isaac_ws/Isaacsim_ros2_ws/install/h1_pkg/lib/h1_pkg
writing list of installed files to '/home/whaly/isaac_ws/Isaacsim_ros2_ws/build/h1_pkg/install.log'
