[1.193s] Invoking command in '/home/whaly/isaac_ws/Isaacsim_ros2_ws/src/h1_pkg': CMAKE_PREFIX_PATH=/home/whaly/isaac_ws/Isaacsim_ros2_ws/install/h1_msgs:/home/whaly/ros2_addons_ws/install/ros2_control_demos:/home/whaly/ros2_addons_ws/install/ros2_control_demo_example_9:/home/whaly/ros2_addons_ws/install/ros2_control_demo_example_8:/home/whaly/ros2_addons_ws/install/ros2_control_demo_example_6:/home/whaly/ros2_addons_ws/install/ros2_control_demo_example_15:/home/whaly/ros2_addons_ws/install/ros2_control_demo_example_13:/home/whaly/ros2_addons_ws/install/ros2_control_demo_example_5:/home/whaly/ros2_addons_ws/install/ros2_control_demo_example_4:/home/whaly/ros2_addons_ws/install/ros2_control_demo_example_3:/home/whaly/ros2_addons_ws/install/ros2_control_demo_example_2:/home/whaly/ros2_addons_ws/install/ros2_control_demo_example_14:/home/whaly/ros2_addons_ws/install/ros2_control_demo_example_12:/home/whaly/ros2_addons_ws/install/ros2_control_demo_example_10:/home/whaly/ros2_addons_ws/install/ros2_control_demo_example_1:/home/whaly/ros2_addons_ws/install/ros2_control_demo_example_7:/home/whaly/ros2_addons_ws/install/ros2_control_demo_example_11:/home/whaly/ros2_addons_ws/install/ros2_control_demo_description:/home/whaly/rl_ws/rl_sar-main/install/rl_sar:/home/whaly/rl_ws/rl_sar-main/install/robot_joint_controller:/home/whaly/rl_ws/rl_sar-main/install/robot_msgs:/home/whaly/rl_ws/rl_sar-main/install/go2_description:/home/whaly/moveit_ws/install/hello_moveit:/home/whaly/moveit_ws/install/hanumanoid_config:/home/whaly/isaac_ws/Isaacsim_ros2_ws/install/custom_interface:/home/whaly/whaly_ws/install/whaly_cpp:/home/whaly/whaly_ws/install/tutorial_interfaces LD_LIBRARY_PATH=/home/whaly/isaac_ws/Isaacsim_ros2_ws/install/h1_msgs/lib:/home/whaly/ros2_addons_ws/install/ros2_control_demo_example_9/lib:/home/whaly/ros2_addons_ws/install/ros2_control_demo_example_8/lib:/home/whaly/ros2_addons_ws/install/ros2_control_demo_example_6/lib:/home/whaly/ros2_addons_ws/install/ros2_control_demo_example_5/lib:/home/whaly/ros2_addons_ws/install/ros2_control_demo_example_4/lib:/home/whaly/ros2_addons_ws/install/ros2_control_demo_example_3/lib:/home/whaly/ros2_addons_ws/install/ros2_control_demo_example_2/lib:/home/whaly/ros2_addons_ws/install/ros2_control_demo_example_14/lib:/home/whaly/ros2_addons_ws/install/ros2_control_demo_example_12/lib:/home/whaly/ros2_addons_ws/install/ros2_control_demo_example_10/lib:/home/whaly/ros2_addons_ws/install/ros2_control_demo_example_1/lib:/home/whaly/ros2_addons_ws/install/ros2_control_demo_example_7/lib:/home/whaly/ros2_addons_ws/install/ros2_control_demo_example_11/lib:/home/whaly/rl_ws/rl_sar-main/install/rl_sar/lib:/home/whaly/rl_ws/rl_sar-main/install/robot_joint_controller/lib:/home/whaly/rl_ws/rl_sar-main/install/robot_msgs/lib:/home/whaly/rl_ws/rl_sar-main/install/go2_description/lib:/home/whaly/isaac_ws/Isaacsim_ros2_ws/install/custom_interface/lib:/home/whaly/whaly_ws/install/tutorial_interfaces/lib:/usr/lib/x86_64-linux-gnu/gazebo-11/plugins:/opt/ros/humble/opt/rviz_ogre_vendor/lib:/opt/ros/humble/lib/x86_64-linux-gnu:/opt/ros/humble/lib PYTHONPATH=/home/whaly/isaac_ws/Isaacsim_ros2_ws/build/h1_pkg/prefix_override:/usr/lib/python3/dist-packages/colcon_core/task/python/colcon_distutils_commands:/home/whaly/isaac_ws/Isaacsim_ros2_ws/install/h1_pkg/lib/python3.10/site-packages:/home/whaly/isaac_ws/Isaacsim_ros2_ws/install/h1_msgs/local/lib/python3.10/dist-packages:${PYTHONPATH} /usr/bin/python3 -W ignore:setup.py install is deprecated -W ignore:easy_install command is deprecated setup.py egg_info --egg-base ../../build/h1_pkg build --build-base /home/whaly/isaac_ws/Isaacsim_ros2_ws/build/h1_pkg/build install --record /home/whaly/isaac_ws/Isaacsim_ros2_ws/build/h1_pkg/install.log --single-version-externally-managed install_data
[1.429s] running egg_info
[1.429s] creating ../../build/h1_pkg/h1_pkg.egg-info
[1.429s] writing ../../build/h1_pkg/h1_pkg.egg-info/PKG-INFO
[1.429s] writing dependency_links to ../../build/h1_pkg/h1_pkg.egg-info/dependency_links.txt
[1.429s] writing entry points to ../../build/h1_pkg/h1_pkg.egg-info/entry_points.txt
[1.430s] writing requirements to ../../build/h1_pkg/h1_pkg.egg-info/requires.txt
[1.430s] writing top-level names to ../../build/h1_pkg/h1_pkg.egg-info/top_level.txt
[1.430s] writing manifest file '../../build/h1_pkg/h1_pkg.egg-info/SOURCES.txt'
[1.431s] reading manifest file '../../build/h1_pkg/h1_pkg.egg-info/SOURCES.txt'
[1.431s] writing manifest file '../../build/h1_pkg/h1_pkg.egg-info/SOURCES.txt'
[1.431s] running build
[1.431s] running build_py
[1.431s] creating /home/whaly/isaac_ws/Isaacsim_ros2_ws/build/h1_pkg/build
[1.431s] creating /home/whaly/isaac_ws/Isaacsim_ros2_ws/build/h1_pkg/build/lib
[1.432s] creating /home/whaly/isaac_ws/Isaacsim_ros2_ws/build/h1_pkg/build/lib/h1_pkg
[1.432s] copying h1_pkg/proto_teleop.py -> /home/whaly/isaac_ws/Isaacsim_ros2_ws/build/h1_pkg/build/lib/h1_pkg
[1.432s] copying h1_pkg/proto_odom_cal.py -> /home/whaly/isaac_ws/Isaacsim_ros2_ws/build/h1_pkg/build/lib/h1_pkg
[1.432s] copying h1_pkg/robot_feedback_control.py -> /home/whaly/isaac_ws/Isaacsim_ros2_ws/build/h1_pkg/build/lib/h1_pkg
[1.432s] copying h1_pkg/__init__.py -> /home/whaly/isaac_ws/Isaacsim_ros2_ws/build/h1_pkg/build/lib/h1_pkg
[1.432s] copying h1_pkg/VectorSpace3D.py -> /home/whaly/isaac_ws/Isaacsim_ros2_ws/build/h1_pkg/build/lib/h1_pkg
[1.432s] running install
[1.432s] running install_lib
[1.433s] creating /home/whaly/isaac_ws/Isaacsim_ros2_ws/install/h1_pkg/lib/python3.10/site-packages/h1_pkg
[1.433s] copying /home/whaly/isaac_ws/Isaacsim_ros2_ws/build/h1_pkg/build/lib/h1_pkg/proto_teleop.py -> /home/whaly/isaac_ws/Isaacsim_ros2_ws/install/h1_pkg/lib/python3.10/site-packages/h1_pkg
[1.433s] copying /home/whaly/isaac_ws/Isaacsim_ros2_ws/build/h1_pkg/build/lib/h1_pkg/proto_odom_cal.py -> /home/whaly/isaac_ws/Isaacsim_ros2_ws/install/h1_pkg/lib/python3.10/site-packages/h1_pkg
[1.433s] copying /home/whaly/isaac_ws/Isaacsim_ros2_ws/build/h1_pkg/build/lib/h1_pkg/robot_feedback_control.py -> /home/whaly/isaac_ws/Isaacsim_ros2_ws/install/h1_pkg/lib/python3.10/site-packages/h1_pkg
[1.433s] copying /home/whaly/isaac_ws/Isaacsim_ros2_ws/build/h1_pkg/build/lib/h1_pkg/__init__.py -> /home/whaly/isaac_ws/Isaacsim_ros2_ws/install/h1_pkg/lib/python3.10/site-packages/h1_pkg
[1.433s] copying /home/whaly/isaac_ws/Isaacsim_ros2_ws/build/h1_pkg/build/lib/h1_pkg/VectorSpace3D.py -> /home/whaly/isaac_ws/Isaacsim_ros2_ws/install/h1_pkg/lib/python3.10/site-packages/h1_pkg
[1.433s] byte-compiling /home/whaly/isaac_ws/Isaacsim_ros2_ws/install/h1_pkg/lib/python3.10/site-packages/h1_pkg/proto_teleop.py to proto_teleop.cpython-310.pyc
[1.434s] byte-compiling /home/whaly/isaac_ws/Isaacsim_ros2_ws/install/h1_pkg/lib/python3.10/site-packages/h1_pkg/proto_odom_cal.py to proto_odom_cal.cpython-310.pyc
[1.434s] byte-compiling /home/whaly/isaac_ws/Isaacsim_ros2_ws/install/h1_pkg/lib/python3.10/site-packages/h1_pkg/robot_feedback_control.py to robot_feedback_control.cpython-310.pyc
[1.435s] byte-compiling /home/whaly/isaac_ws/Isaacsim_ros2_ws/install/h1_pkg/lib/python3.10/site-packages/h1_pkg/__init__.py to __init__.cpython-310.pyc
[1.435s] byte-compiling /home/whaly/isaac_ws/Isaacsim_ros2_ws/install/h1_pkg/lib/python3.10/site-packages/h1_pkg/VectorSpace3D.py to VectorSpace3D.cpython-310.pyc
[1.435s] running install_data
[1.436s] creating /home/whaly/isaac_ws/Isaacsim_ros2_ws/install/h1_pkg/share/ament_index
[1.436s] creating /home/whaly/isaac_ws/Isaacsim_ros2_ws/install/h1_pkg/share/ament_index/resource_index
[1.436s] creating /home/whaly/isaac_ws/Isaacsim_ros2_ws/install/h1_pkg/share/ament_index/resource_index/packages
[1.436s] copying resource/h1_pkg -> /home/whaly/isaac_ws/Isaacsim_ros2_ws/install/h1_pkg/share/ament_index/resource_index/packages
[1.436s] copying package.xml -> /home/whaly/isaac_ws/Isaacsim_ros2_ws/install/h1_pkg/share/h1_pkg
[1.436s] running install_egg_info
[1.437s] Copying ../../build/h1_pkg/h1_pkg.egg-info to /home/whaly/isaac_ws/Isaacsim_ros2_ws/install/h1_pkg/lib/python3.10/site-packages/h1_pkg-0.0.0-py3.10.egg-info
[1.438s] running install_scripts
[1.455s] Installing proto_odom_cal script to /home/whaly/isaac_ws/Isaacsim_ros2_ws/install/h1_pkg/lib/h1_pkg
[1.455s] Installing proto_teleop script to /home/whaly/isaac_ws/Isaacsim_ros2_ws/install/h1_pkg/lib/h1_pkg
[1.455s] Installing robot_feedback_control script to /home/whaly/isaac_ws/Isaacsim_ros2_ws/install/h1_pkg/lib/h1_pkg
[1.455s] writing list of installed files to '/home/whaly/isaac_ws/Isaacsim_ros2_ws/build/h1_pkg/install.log'
[1.476s] Invoked command in '/home/whaly/isaac_ws/Isaacsim_ros2_ws/src/h1_pkg' returned '0': CMAKE_PREFIX_PATH=/home/whaly/isaac_ws/Isaacsim_ros2_ws/install/h1_msgs:/home/whaly/ros2_addons_ws/install/ros2_control_demos:/home/whaly/ros2_addons_ws/install/ros2_control_demo_example_9:/home/whaly/ros2_addons_ws/install/ros2_control_demo_example_8:/home/whaly/ros2_addons_ws/install/ros2_control_demo_example_6:/home/whaly/ros2_addons_ws/install/ros2_control_demo_example_15:/home/whaly/ros2_addons_ws/install/ros2_control_demo_example_13:/home/whaly/ros2_addons_ws/install/ros2_control_demo_example_5:/home/whaly/ros2_addons_ws/install/ros2_control_demo_example_4:/home/whaly/ros2_addons_ws/install/ros2_control_demo_example_3:/home/whaly/ros2_addons_ws/install/ros2_control_demo_example_2:/home/whaly/ros2_addons_ws/install/ros2_control_demo_example_14:/home/whaly/ros2_addons_ws/install/ros2_control_demo_example_12:/home/whaly/ros2_addons_ws/install/ros2_control_demo_example_10:/home/whaly/ros2_addons_ws/install/ros2_control_demo_example_1:/home/whaly/ros2_addons_ws/install/ros2_control_demo_example_7:/home/whaly/ros2_addons_ws/install/ros2_control_demo_example_11:/home/whaly/ros2_addons_ws/install/ros2_control_demo_description:/home/whaly/rl_ws/rl_sar-main/install/rl_sar:/home/whaly/rl_ws/rl_sar-main/install/robot_joint_controller:/home/whaly/rl_ws/rl_sar-main/install/robot_msgs:/home/whaly/rl_ws/rl_sar-main/install/go2_description:/home/whaly/moveit_ws/install/hello_moveit:/home/whaly/moveit_ws/install/hanumanoid_config:/home/whaly/isaac_ws/Isaacsim_ros2_ws/install/custom_interface:/home/whaly/whaly_ws/install/whaly_cpp:/home/whaly/whaly_ws/install/tutorial_interfaces LD_LIBRARY_PATH=/home/whaly/isaac_ws/Isaacsim_ros2_ws/install/h1_msgs/lib:/home/whaly/ros2_addons_ws/install/ros2_control_demo_example_9/lib:/home/whaly/ros2_addons_ws/install/ros2_control_demo_example_8/lib:/home/whaly/ros2_addons_ws/install/ros2_control_demo_example_6/lib:/home/whaly/ros2_addons_ws/install/ros2_control_demo_example_5/lib:/home/whaly/ros2_addons_ws/install/ros2_control_demo_example_4/lib:/home/whaly/ros2_addons_ws/install/ros2_control_demo_example_3/lib:/home/whaly/ros2_addons_ws/install/ros2_control_demo_example_2/lib:/home/whaly/ros2_addons_ws/install/ros2_control_demo_example_14/lib:/home/whaly/ros2_addons_ws/install/ros2_control_demo_example_12/lib:/home/whaly/ros2_addons_ws/install/ros2_control_demo_example_10/lib:/home/whaly/ros2_addons_ws/install/ros2_control_demo_example_1/lib:/home/whaly/ros2_addons_ws/install/ros2_control_demo_example_7/lib:/home/whaly/ros2_addons_ws/install/ros2_control_demo_example_11/lib:/home/whaly/rl_ws/rl_sar-main/install/rl_sar/lib:/home/whaly/rl_ws/rl_sar-main/install/robot_joint_controller/lib:/home/whaly/rl_ws/rl_sar-main/install/robot_msgs/lib:/home/whaly/rl_ws/rl_sar-main/install/go2_description/lib:/home/whaly/isaac_ws/Isaacsim_ros2_ws/install/custom_interface/lib:/home/whaly/whaly_ws/install/tutorial_interfaces/lib:/usr/lib/x86_64-linux-gnu/gazebo-11/plugins:/opt/ros/humble/opt/rviz_ogre_vendor/lib:/opt/ros/humble/lib/x86_64-linux-gnu:/opt/ros/humble/lib PYTHONPATH=/home/whaly/isaac_ws/Isaacsim_ros2_ws/build/h1_pkg/prefix_override:/usr/lib/python3/dist-packages/colcon_core/task/python/colcon_distutils_commands:/home/whaly/isaac_ws/Isaacsim_ros2_ws/install/h1_pkg/lib/python3.10/site-packages:/home/whaly/isaac_ws/Isaacsim_ros2_ws/install/h1_msgs/local/lib/python3.10/dist-packages:${PYTHONPATH} /usr/bin/python3 -W ignore:setup.py install is deprecated -W ignore:easy_install command is deprecated setup.py egg_info --egg-base ../../build/h1_pkg build --build-base /home/whaly/isaac_ws/Isaacsim_ros2_ws/build/h1_pkg/build install --record /home/whaly/isaac_ws/Isaacsim_ros2_ws/build/h1_pkg/install.log --single-version-externally-managed install_data
