[0.074s] DEBUG:colcon:Command line arguments: ['/usr/bin/colcon', 'build']
[0.074s] DEBUG:colcon:Parsed command line arguments: Namespace(log_base=None, log_level=None, verb_name='build', build_base='build', install_base='install', merge_install=False, symlink_install=False, test_result_base=None, continue_on_error=False, executor='parallel', parallel_workers=16, event_handlers=None, ignore_user_meta=False, metas=['./colcon.meta'], base_paths=['.'], packages_ignore=None, packages_ignore_regex=None, paths=None, packages_up_to=None, packages_up_to_regex=None, packages_above=None, packages_above_and_dependencies=None, packages_above_depth=None, packages_select_by_dep=None, packages_skip_by_dep=None, packages_skip_up_to=None, packages_select_build_failed=False, packages_skip_build_finished=False, packages_select_test_failures=False, packages_skip_test_passed=False, packages_select=None, packages_skip=None, packages_select_regex=None, packages_skip_regex=None, packages_start=None, packages_end=None, allow_overriding=[], cmake_args=None, cmake_target=None, cmake_target_skip_unavailable=False, cmake_clean_cache=False, cmake_clean_first=False, cmake_force_configure=False, ament_cmake_args=None, catkin_cmake_args=None, catkin_skip_building_tests=False, verb_parser=<colcon_defaults.argument_parser.defaults.DefaultArgumentsDecorator object at 0x73a5a08f8b80>, verb_extension=<colcon_core.verb.build.BuildVerb object at 0x73a5a08f8730>, main=<bound method BuildVerb.main of <colcon_core.verb.build.BuildVerb object at 0x73a5a08f8730>>)
[0.204s] Level 1:colcon.colcon_core.package_discovery:discover_packages(colcon_meta) check parameters
[0.204s] Level 1:colcon.colcon_core.package_discovery:discover_packages(recursive) check parameters
[0.204s] Level 1:colcon.colcon_core.package_discovery:discover_packages(ignore) check parameters
[0.204s] Level 1:colcon.colcon_core.package_discovery:discover_packages(path) check parameters
[0.204s] Level 1:colcon.colcon_core.package_discovery:discover_packages(colcon_meta) discover
[0.204s] Level 1:colcon.colcon_core.package_discovery:discover_packages(recursive) discover
[0.204s] INFO:colcon.colcon_core.package_discovery:Crawling recursively for packages in '/home/whaly/isaac_ws/Isaacsim_ros2_ws'
[0.204s] Level 1:colcon.colcon_core.package_identification:_identify(.) by extensions ['ignore', 'ignore_ament_install']
[0.204s] Level 1:colcon.colcon_core.package_identification:_identify(.) by extension 'ignore'
[0.204s] Level 1:colcon.colcon_core.package_identification:_identify(.) by extension 'ignore_ament_install'
[0.204s] Level 1:colcon.colcon_core.package_identification:_identify(.) by extensions ['colcon_pkg']
[0.205s] Level 1:colcon.colcon_core.package_identification:_identify(.) by extension 'colcon_pkg'
[0.205s] Level 1:colcon.colcon_core.package_identification:_identify(.) by extensions ['colcon_meta']
[0.205s] Level 1:colcon.colcon_core.package_identification:_identify(.) by extension 'colcon_meta'
[0.205s] Level 1:colcon.colcon_core.package_identification:_identify(.) by extensions ['ros']
[0.205s] Level 1:colcon.colcon_core.package_identification:_identify(.) by extension 'ros'
[0.219s] Level 1:colcon.colcon_core.package_identification:_identify(.) by extensions ['cmake', 'python']
[0.219s] Level 1:colcon.colcon_core.package_identification:_identify(.) by extension 'cmake'
[0.219s] Level 1:colcon.colcon_core.package_identification:_identify(.) by extension 'python'
[0.219s] Level 1:colcon.colcon_core.package_identification:_identify(.) by extensions ['python_setup_py']
[0.219s] Level 1:colcon.colcon_core.package_identification:_identify(.) by extension 'python_setup_py'
[0.219s] Level 1:colcon.colcon_core.package_identification:_identify(build) by extensions ['ignore', 'ignore_ament_install']
[0.219s] Level 1:colcon.colcon_core.package_identification:_identify(build) by extension 'ignore'
[0.219s] Level 1:colcon.colcon_core.package_identification:_identify(build) ignored
[0.219s] Level 1:colcon.colcon_core.package_identification:_identify(install) by extensions ['ignore', 'ignore_ament_install']
[0.219s] Level 1:colcon.colcon_core.package_identification:_identify(install) by extension 'ignore'
[0.219s] Level 1:colcon.colcon_core.package_identification:_identify(install) ignored
[0.219s] Level 1:colcon.colcon_core.package_identification:_identify(launch) by extensions ['ignore', 'ignore_ament_install']
[0.220s] Level 1:colcon.colcon_core.package_identification:_identify(launch) by extension 'ignore'
[0.220s] Level 1:colcon.colcon_core.package_identification:_identify(launch) by extension 'ignore_ament_install'
[0.220s] Level 1:colcon.colcon_core.package_identification:_identify(launch) by extensions ['colcon_pkg']
[0.220s] Level 1:colcon.colcon_core.package_identification:_identify(launch) by extension 'colcon_pkg'
[0.220s] Level 1:colcon.colcon_core.package_identification:_identify(launch) by extensions ['colcon_meta']
[0.220s] Level 1:colcon.colcon_core.package_identification:_identify(launch) by extension 'colcon_meta'
[0.220s] Level 1:colcon.colcon_core.package_identification:_identify(launch) by extensions ['ros']
[0.220s] Level 1:colcon.colcon_core.package_identification:_identify(launch) by extension 'ros'
[0.220s] Level 1:colcon.colcon_core.package_identification:_identify(launch) by extensions ['cmake', 'python']
[0.220s] Level 1:colcon.colcon_core.package_identification:_identify(launch) by extension 'cmake'
[0.220s] Level 1:colcon.colcon_core.package_identification:_identify(launch) by extension 'python'
[0.220s] Level 1:colcon.colcon_core.package_identification:_identify(launch) by extensions ['python_setup_py']
[0.220s] Level 1:colcon.colcon_core.package_identification:_identify(launch) by extension 'python_setup_py'
[0.220s] Level 1:colcon.colcon_core.package_identification:_identify(log) by extensions ['ignore', 'ignore_ament_install']
[0.220s] Level 1:colcon.colcon_core.package_identification:_identify(log) by extension 'ignore'
[0.220s] Level 1:colcon.colcon_core.package_identification:_identify(log) ignored
[0.220s] Level 1:colcon.colcon_core.package_identification:_identify(src) by extensions ['ignore', 'ignore_ament_install']
[0.220s] Level 1:colcon.colcon_core.package_identification:_identify(src) by extension 'ignore'
[0.220s] Level 1:colcon.colcon_core.package_identification:_identify(src) by extension 'ignore_ament_install'
[0.220s] Level 1:colcon.colcon_core.package_identification:_identify(src) by extensions ['colcon_pkg']
[0.220s] Level 1:colcon.colcon_core.package_identification:_identify(src) by extension 'colcon_pkg'
[0.220s] Level 1:colcon.colcon_core.package_identification:_identify(src) by extensions ['colcon_meta']
[0.220s] Level 1:colcon.colcon_core.package_identification:_identify(src) by extension 'colcon_meta'
[0.220s] Level 1:colcon.colcon_core.package_identification:_identify(src) by extensions ['ros']
[0.220s] Level 1:colcon.colcon_core.package_identification:_identify(src) by extension 'ros'
[0.220s] Level 1:colcon.colcon_core.package_identification:_identify(src) by extensions ['cmake', 'python']
[0.220s] Level 1:colcon.colcon_core.package_identification:_identify(src) by extension 'cmake'
[0.220s] Level 1:colcon.colcon_core.package_identification:_identify(src) by extension 'python'
[0.220s] Level 1:colcon.colcon_core.package_identification:_identify(src) by extensions ['python_setup_py']
[0.220s] Level 1:colcon.colcon_core.package_identification:_identify(src) by extension 'python_setup_py'
[0.220s] Level 1:colcon.colcon_core.package_identification:_identify(src/ackermann_control) by extensions ['ignore', 'ignore_ament_install']
[0.220s] Level 1:colcon.colcon_core.package_identification:_identify(src/ackermann_control) by extension 'ignore'
[0.221s] Level 1:colcon.colcon_core.package_identification:_identify(src/ackermann_control) by extension 'ignore_ament_install'
[0.221s] Level 1:colcon.colcon_core.package_identification:_identify(src/ackermann_control) by extensions ['colcon_pkg']
[0.221s] Level 1:colcon.colcon_core.package_identification:_identify(src/ackermann_control) by extension 'colcon_pkg'
[0.221s] Level 1:colcon.colcon_core.package_identification:_identify(src/ackermann_control) by extensions ['colcon_meta']
[0.221s] Level 1:colcon.colcon_core.package_identification:_identify(src/ackermann_control) by extension 'colcon_meta'
[0.221s] Level 1:colcon.colcon_core.package_identification:_identify(src/ackermann_control) by extensions ['ros']
[0.221s] Level 1:colcon.colcon_core.package_identification:_identify(src/ackermann_control) by extension 'ros'
[0.223s] DEBUG:colcon.colcon_core.package_identification:Package 'src/ackermann_control' with type 'ros.ament_python' and name 'ackermann_control'
[0.223s] Level 1:colcon.colcon_core.package_identification:_identify(src/custom_interface) by extensions ['ignore', 'ignore_ament_install']
[0.223s] Level 1:colcon.colcon_core.package_identification:_identify(src/custom_interface) by extension 'ignore'
[0.223s] Level 1:colcon.colcon_core.package_identification:_identify(src/custom_interface) by extension 'ignore_ament_install'
[0.223s] Level 1:colcon.colcon_core.package_identification:_identify(src/custom_interface) by extensions ['colcon_pkg']
[0.223s] Level 1:colcon.colcon_core.package_identification:_identify(src/custom_interface) by extension 'colcon_pkg'
[0.223s] Level 1:colcon.colcon_core.package_identification:_identify(src/custom_interface) by extensions ['colcon_meta']
[0.223s] Level 1:colcon.colcon_core.package_identification:_identify(src/custom_interface) by extension 'colcon_meta'
[0.223s] Level 1:colcon.colcon_core.package_identification:_identify(src/custom_interface) by extensions ['ros']
[0.223s] Level 1:colcon.colcon_core.package_identification:_identify(src/custom_interface) by extension 'ros'
[0.223s] DEBUG:colcon.colcon_core.package_identification:Package 'src/custom_interface' with type 'ros.ament_cmake' and name 'custom_interface'
[0.223s] Level 1:colcon.colcon_core.package_identification:_identify(src/h1_lococmotion_policy) by extensions ['ignore', 'ignore_ament_install']
[0.223s] Level 1:colcon.colcon_core.package_identification:_identify(src/h1_lococmotion_policy) by extension 'ignore'
[0.224s] Level 1:colcon.colcon_core.package_identification:_identify(src/h1_lococmotion_policy) by extension 'ignore_ament_install'
[0.224s] Level 1:colcon.colcon_core.package_identification:_identify(src/h1_lococmotion_policy) by extensions ['colcon_pkg']
[0.224s] Level 1:colcon.colcon_core.package_identification:_identify(src/h1_lococmotion_policy) by extension 'colcon_pkg'
[0.224s] Level 1:colcon.colcon_core.package_identification:_identify(src/h1_lococmotion_policy) by extensions ['colcon_meta']
[0.224s] Level 1:colcon.colcon_core.package_identification:_identify(src/h1_lococmotion_policy) by extension 'colcon_meta'
[0.224s] Level 1:colcon.colcon_core.package_identification:_identify(src/h1_lococmotion_policy) by extensions ['ros']
[0.224s] Level 1:colcon.colcon_core.package_identification:_identify(src/h1_lococmotion_policy) by extension 'ros'
[0.224s] DEBUG:colcon.colcon_core.package_identification:Package 'src/h1_lococmotion_policy' with type 'ros.ament_python' and name 'h1_locomotion_policy'
[0.224s] Level 1:colcon.colcon_core.package_identification:_identify(src/h1_msgs) by extensions ['ignore', 'ignore_ament_install']
[0.224s] Level 1:colcon.colcon_core.package_identification:_identify(src/h1_msgs) by extension 'ignore'
[0.224s] Level 1:colcon.colcon_core.package_identification:_identify(src/h1_msgs) by extension 'ignore_ament_install'
[0.224s] Level 1:colcon.colcon_core.package_identification:_identify(src/h1_msgs) by extensions ['colcon_pkg']
[0.224s] Level 1:colcon.colcon_core.package_identification:_identify(src/h1_msgs) by extension 'colcon_pkg'
[0.224s] Level 1:colcon.colcon_core.package_identification:_identify(src/h1_msgs) by extensions ['colcon_meta']
[0.225s] Level 1:colcon.colcon_core.package_identification:_identify(src/h1_msgs) by extension 'colcon_meta'
[0.225s] Level 1:colcon.colcon_core.package_identification:_identify(src/h1_msgs) by extensions ['ros']
[0.225s] Level 1:colcon.colcon_core.package_identification:_identify(src/h1_msgs) by extension 'ros'
[0.225s] DEBUG:colcon.colcon_core.package_identification:Package 'src/h1_msgs' with type 'ros.ament_cmake' and name 'h1_msgs'
[0.225s] Level 1:colcon.colcon_core.package_identification:_identify(src/h1_pkg) by extensions ['ignore', 'ignore_ament_install']
[0.225s] Level 1:colcon.colcon_core.package_identification:_identify(src/h1_pkg) by extension 'ignore'
[0.225s] Level 1:colcon.colcon_core.package_identification:_identify(src/h1_pkg) by extension 'ignore_ament_install'
[0.225s] Level 1:colcon.colcon_core.package_identification:_identify(src/h1_pkg) by extensions ['colcon_pkg']
[0.225s] Level 1:colcon.colcon_core.package_identification:_identify(src/h1_pkg) by extension 'colcon_pkg'
[0.225s] Level 1:colcon.colcon_core.package_identification:_identify(src/h1_pkg) by extensions ['colcon_meta']
[0.225s] Level 1:colcon.colcon_core.package_identification:_identify(src/h1_pkg) by extension 'colcon_meta'
[0.225s] Level 1:colcon.colcon_core.package_identification:_identify(src/h1_pkg) by extensions ['ros']
[0.225s] Level 1:colcon.colcon_core.package_identification:_identify(src/h1_pkg) by extension 'ros'
[0.226s] DEBUG:colcon.colcon_core.package_identification:Package 'src/h1_pkg' with type 'ros.ament_python' and name 'h1_pkg'
[0.226s] Level 1:colcon.colcon_core.package_identification:_identify(src/isaac_tutorials) by extensions ['ignore', 'ignore_ament_install']
[0.226s] Level 1:colcon.colcon_core.package_identification:_identify(src/isaac_tutorials) by extension 'ignore'
[0.226s] Level 1:colcon.colcon_core.package_identification:_identify(src/isaac_tutorials) by extension 'ignore_ament_install'
[0.226s] Level 1:colcon.colcon_core.package_identification:_identify(src/isaac_tutorials) by extensions ['colcon_pkg']
[0.226s] Level 1:colcon.colcon_core.package_identification:_identify(src/isaac_tutorials) by extension 'colcon_pkg'
[0.226s] Level 1:colcon.colcon_core.package_identification:_identify(src/isaac_tutorials) by extensions ['colcon_meta']
[0.226s] Level 1:colcon.colcon_core.package_identification:_identify(src/isaac_tutorials) by extension 'colcon_meta'
[0.226s] Level 1:colcon.colcon_core.package_identification:_identify(src/isaac_tutorials) by extensions ['ros']
[0.226s] Level 1:colcon.colcon_core.package_identification:_identify(src/isaac_tutorials) by extension 'ros'
[0.227s] DEBUG:colcon.colcon_core.package_identification:Package 'src/isaac_tutorials' with type 'ros.ament_python' and name 'isaac_tutorials'
[0.227s] Level 1:colcon.colcon_core.package_identification:_identify(src/test_pkg) by extensions ['ignore', 'ignore_ament_install']
[0.227s] Level 1:colcon.colcon_core.package_identification:_identify(src/test_pkg) by extension 'ignore'
[0.227s] Level 1:colcon.colcon_core.package_identification:_identify(src/test_pkg) by extension 'ignore_ament_install'
[0.227s] Level 1:colcon.colcon_core.package_identification:_identify(src/test_pkg) by extensions ['colcon_pkg']
[0.227s] Level 1:colcon.colcon_core.package_identification:_identify(src/test_pkg) by extension 'colcon_pkg'
[0.227s] Level 1:colcon.colcon_core.package_identification:_identify(src/test_pkg) by extensions ['colcon_meta']
[0.227s] Level 1:colcon.colcon_core.package_identification:_identify(src/test_pkg) by extension 'colcon_meta'
[0.227s] Level 1:colcon.colcon_core.package_identification:_identify(src/test_pkg) by extensions ['ros']
[0.227s] Level 1:colcon.colcon_core.package_identification:_identify(src/test_pkg) by extension 'ros'
[0.228s] DEBUG:colcon.colcon_core.package_identification:Package 'src/test_pkg' with type 'ros.ament_python' and name 'test_pkg'
[0.228s] Level 1:colcon.colcon_core.package_discovery:discover_packages(recursive) using defaults
[0.228s] Level 1:colcon.colcon_core.package_discovery:discover_packages(ignore) discover
[0.228s] Level 1:colcon.colcon_core.package_discovery:discover_packages(ignore) using defaults
[0.228s] Level 1:colcon.colcon_core.package_discovery:discover_packages(path) discover
[0.228s] Level 1:colcon.colcon_core.package_discovery:discover_packages(path) using defaults
[0.244s] Level 1:colcon.colcon_core.package_discovery:discover_packages(prefix_path) check parameters
[0.244s] Level 1:colcon.colcon_core.package_discovery:discover_packages(prefix_path) discover
[0.245s] WARNING:colcon.colcon_ros.prefix_path.ament:The path '/home/whaly/isaac_ws/Isaacsim_ros2_ws/install/test_pkg' in the environment variable AMENT_PREFIX_PATH doesn't exist
[0.245s] WARNING:colcon.colcon_ros.prefix_path.ament:The path '/home/whaly/isaac_ws/Isaacsim_ros2_ws/install/isaac_tutorials' in the environment variable AMENT_PREFIX_PATH doesn't exist
[0.245s] WARNING:colcon.colcon_ros.prefix_path.ament:The path '/home/whaly/isaac_ws/Isaacsim_ros2_ws/install/h1_pkg' in the environment variable AMENT_PREFIX_PATH doesn't exist
[0.245s] WARNING:colcon.colcon_ros.prefix_path.ament:The path '/home/whaly/isaac_ws/Isaacsim_ros2_ws/install/h1_msgs' in the environment variable AMENT_PREFIX_PATH doesn't exist
[0.245s] WARNING:colcon.colcon_ros.prefix_path.ament:The path '/home/whaly/isaac_ws/Isaacsim_ros2_ws/install/custom_interface' in the environment variable AMENT_PREFIX_PATH doesn't exist
[0.245s] WARNING:colcon.colcon_ros.prefix_path.ament:The path '/home/whaly/isaac_ws/Isaacsim_ros2_ws/install/ackermann_control' in the environment variable AMENT_PREFIX_PATH doesn't exist
[0.245s] WARNING:colcon.colcon_ros.prefix_path.catkin:The path '/home/whaly/isaac_ws/Isaacsim_ros2_ws/install/h1_msgs' in the environment variable CMAKE_PREFIX_PATH doesn't exist
[0.245s] WARNING:colcon.colcon_ros.prefix_path.catkin:The path '/home/whaly/isaac_ws/Isaacsim_ros2_ws/install/custom_interface' in the environment variable CMAKE_PREFIX_PATH doesn't exist
[0.246s] DEBUG:colcon.colcon_installed_package_information.package_discovery:Found 18 installed packages in /home/whaly/ros2_addons_ws/install
[0.246s] DEBUG:colcon.colcon_installed_package_information.package_discovery:Found 5 installed packages in /home/whaly/rl_ws/rl_sar-main/install
[0.246s] DEBUG:colcon.colcon_installed_package_information.package_discovery:Found 1 installed packages in /home/whaly/Downloads/URDF_ws/install
[0.247s] DEBUG:colcon.colcon_installed_package_information.package_discovery:Found 2 installed packages in /home/whaly/moveit_ws/install
[0.247s] DEBUG:colcon.colcon_installed_package_information.package_discovery:Found 3 installed packages in /home/whaly/whaly_ws/install
[0.247s] DEBUG:colcon.colcon_installed_package_information.package_discovery:Found 0 installed packages in /home/whaly/isaac_ws/Isaacsim_ros2_ws/install
[0.248s] DEBUG:colcon.colcon_installed_package_information.package_discovery:Found 373 installed packages in /opt/ros/humble
[0.249s] Level 1:colcon.colcon_core.package_discovery:discover_packages(prefix_path) using defaults
[0.281s] Level 5:colcon.colcon_core.verb:set package 'ackermann_control' build argument 'cmake_args' from command line to 'None'
[0.282s] Level 5:colcon.colcon_core.verb:set package 'ackermann_control' build argument 'cmake_target' from command line to 'None'
[0.282s] Level 5:colcon.colcon_core.verb:set package 'ackermann_control' build argument 'cmake_target_skip_unavailable' from command line to 'False'
[0.282s] Level 5:colcon.colcon_core.verb:set package 'ackermann_control' build argument 'cmake_clean_cache' from command line to 'False'
[0.282s] Level 5:colcon.colcon_core.verb:set package 'ackermann_control' build argument 'cmake_clean_first' from command line to 'False'
[0.282s] Level 5:colcon.colcon_core.verb:set package 'ackermann_control' build argument 'cmake_force_configure' from command line to 'False'
[0.282s] Level 5:colcon.colcon_core.verb:set package 'ackermann_control' build argument 'ament_cmake_args' from command line to 'None'
[0.282s] Level 5:colcon.colcon_core.verb:set package 'ackermann_control' build argument 'catkin_cmake_args' from command line to 'None'
[0.282s] Level 5:colcon.colcon_core.verb:set package 'ackermann_control' build argument 'catkin_skip_building_tests' from command line to 'False'
[0.282s] DEBUG:colcon.colcon_core.verb:Building package 'ackermann_control' with the following arguments: {'ament_cmake_args': None, 'build_base': '/home/whaly/isaac_ws/Isaacsim_ros2_ws/build/ackermann_control', 'catkin_cmake_args': None, 'catkin_skip_building_tests': False, 'cmake_args': None, 'cmake_clean_cache': False, 'cmake_clean_first': False, 'cmake_force_configure': False, 'cmake_target': None, 'cmake_target_skip_unavailable': False, 'install_base': '/home/whaly/isaac_ws/Isaacsim_ros2_ws/install/ackermann_control', 'merge_install': False, 'path': '/home/whaly/isaac_ws/Isaacsim_ros2_ws/src/ackermann_control', 'symlink_install': False, 'test_result_base': None}
[0.282s] Level 5:colcon.colcon_core.verb:set package 'custom_interface' build argument 'cmake_args' from command line to 'None'
[0.282s] Level 5:colcon.colcon_core.verb:set package 'custom_interface' build argument 'cmake_target' from command line to 'None'
[0.282s] Level 5:colcon.colcon_core.verb:set package 'custom_interface' build argument 'cmake_target_skip_unavailable' from command line to 'False'
[0.282s] Level 5:colcon.colcon_core.verb:set package 'custom_interface' build argument 'cmake_clean_cache' from command line to 'False'
[0.282s] Level 5:colcon.colcon_core.verb:set package 'custom_interface' build argument 'cmake_clean_first' from command line to 'False'
[0.282s] Level 5:colcon.colcon_core.verb:set package 'custom_interface' build argument 'cmake_force_configure' from command line to 'False'
[0.282s] Level 5:colcon.colcon_core.verb:set package 'custom_interface' build argument 'ament_cmake_args' from command line to 'None'
[0.282s] Level 5:colcon.colcon_core.verb:set package 'custom_interface' build argument 'catkin_cmake_args' from command line to 'None'
[0.282s] Level 5:colcon.colcon_core.verb:set package 'custom_interface' build argument 'catkin_skip_building_tests' from command line to 'False'
[0.282s] DEBUG:colcon.colcon_core.verb:Building package 'custom_interface' with the following arguments: {'ament_cmake_args': None, 'build_base': '/home/whaly/isaac_ws/Isaacsim_ros2_ws/build/custom_interface', 'catkin_cmake_args': None, 'catkin_skip_building_tests': False, 'cmake_args': None, 'cmake_clean_cache': False, 'cmake_clean_first': False, 'cmake_force_configure': False, 'cmake_target': None, 'cmake_target_skip_unavailable': False, 'install_base': '/home/whaly/isaac_ws/Isaacsim_ros2_ws/install/custom_interface', 'merge_install': False, 'path': '/home/whaly/isaac_ws/Isaacsim_ros2_ws/src/custom_interface', 'symlink_install': False, 'test_result_base': None}
[0.282s] Level 5:colcon.colcon_core.verb:set package 'h1_locomotion_policy' build argument 'cmake_args' from command line to 'None'
[0.282s] Level 5:colcon.colcon_core.verb:set package 'h1_locomotion_policy' build argument 'cmake_target' from command line to 'None'
[0.282s] Level 5:colcon.colcon_core.verb:set package 'h1_locomotion_policy' build argument 'cmake_target_skip_unavailable' from command line to 'False'
[0.282s] Level 5:colcon.colcon_core.verb:set package 'h1_locomotion_policy' build argument 'cmake_clean_cache' from command line to 'False'
[0.282s] Level 5:colcon.colcon_core.verb:set package 'h1_locomotion_policy' build argument 'cmake_clean_first' from command line to 'False'
[0.282s] Level 5:colcon.colcon_core.verb:set package 'h1_locomotion_policy' build argument 'cmake_force_configure' from command line to 'False'
[0.282s] Level 5:colcon.colcon_core.verb:set package 'h1_locomotion_policy' build argument 'ament_cmake_args' from command line to 'None'
[0.282s] Level 5:colcon.colcon_core.verb:set package 'h1_locomotion_policy' build argument 'catkin_cmake_args' from command line to 'None'
[0.282s] Level 5:colcon.colcon_core.verb:set package 'h1_locomotion_policy' build argument 'catkin_skip_building_tests' from command line to 'False'
[0.282s] DEBUG:colcon.colcon_core.verb:Building package 'h1_locomotion_policy' with the following arguments: {'ament_cmake_args': None, 'build_base': '/home/whaly/isaac_ws/Isaacsim_ros2_ws/build/h1_locomotion_policy', 'catkin_cmake_args': None, 'catkin_skip_building_tests': False, 'cmake_args': None, 'cmake_clean_cache': False, 'cmake_clean_first': False, 'cmake_force_configure': False, 'cmake_target': None, 'cmake_target_skip_unavailable': False, 'install_base': '/home/whaly/isaac_ws/Isaacsim_ros2_ws/install/h1_locomotion_policy', 'merge_install': False, 'path': '/home/whaly/isaac_ws/Isaacsim_ros2_ws/src/h1_lococmotion_policy', 'symlink_install': False, 'test_result_base': None}
[0.283s] Level 5:colcon.colcon_core.verb:set package 'h1_msgs' build argument 'cmake_args' from command line to 'None'
[0.283s] Level 5:colcon.colcon_core.verb:set package 'h1_msgs' build argument 'cmake_target' from command line to 'None'
[0.283s] Level 5:colcon.colcon_core.verb:set package 'h1_msgs' build argument 'cmake_target_skip_unavailable' from command line to 'False'
[0.283s] Level 5:colcon.colcon_core.verb:set package 'h1_msgs' build argument 'cmake_clean_cache' from command line to 'False'
[0.283s] Level 5:colcon.colcon_core.verb:set package 'h1_msgs' build argument 'cmake_clean_first' from command line to 'False'
[0.283s] Level 5:colcon.colcon_core.verb:set package 'h1_msgs' build argument 'cmake_force_configure' from command line to 'False'
[0.283s] Level 5:colcon.colcon_core.verb:set package 'h1_msgs' build argument 'ament_cmake_args' from command line to 'None'
[0.283s] Level 5:colcon.colcon_core.verb:set package 'h1_msgs' build argument 'catkin_cmake_args' from command line to 'None'
[0.283s] Level 5:colcon.colcon_core.verb:set package 'h1_msgs' build argument 'catkin_skip_building_tests' from command line to 'False'
[0.283s] DEBUG:colcon.colcon_core.verb:Building package 'h1_msgs' with the following arguments: {'ament_cmake_args': None, 'build_base': '/home/whaly/isaac_ws/Isaacsim_ros2_ws/build/h1_msgs', 'catkin_cmake_args': None, 'catkin_skip_building_tests': False, 'cmake_args': None, 'cmake_clean_cache': False, 'cmake_clean_first': False, 'cmake_force_configure': False, 'cmake_target': None, 'cmake_target_skip_unavailable': False, 'install_base': '/home/whaly/isaac_ws/Isaacsim_ros2_ws/install/h1_msgs', 'merge_install': False, 'path': '/home/whaly/isaac_ws/Isaacsim_ros2_ws/src/h1_msgs', 'symlink_install': False, 'test_result_base': None}
[0.283s] Level 5:colcon.colcon_core.verb:set package 'isaac_tutorials' build argument 'cmake_args' from command line to 'None'
[0.283s] Level 5:colcon.colcon_core.verb:set package 'isaac_tutorials' build argument 'cmake_target' from command line to 'None'
[0.283s] Level 5:colcon.colcon_core.verb:set package 'isaac_tutorials' build argument 'cmake_target_skip_unavailable' from command line to 'False'
[0.283s] Level 5:colcon.colcon_core.verb:set package 'isaac_tutorials' build argument 'cmake_clean_cache' from command line to 'False'
[0.283s] Level 5:colcon.colcon_core.verb:set package 'isaac_tutorials' build argument 'cmake_clean_first' from command line to 'False'
[0.283s] Level 5:colcon.colcon_core.verb:set package 'isaac_tutorials' build argument 'cmake_force_configure' from command line to 'False'
[0.283s] Level 5:colcon.colcon_core.verb:set package 'isaac_tutorials' build argument 'ament_cmake_args' from command line to 'None'
[0.283s] Level 5:colcon.colcon_core.verb:set package 'isaac_tutorials' build argument 'catkin_cmake_args' from command line to 'None'
[0.283s] Level 5:colcon.colcon_core.verb:set package 'isaac_tutorials' build argument 'catkin_skip_building_tests' from command line to 'False'
[0.283s] DEBUG:colcon.colcon_core.verb:Building package 'isaac_tutorials' with the following arguments: {'ament_cmake_args': None, 'build_base': '/home/whaly/isaac_ws/Isaacsim_ros2_ws/build/isaac_tutorials', 'catkin_cmake_args': None, 'catkin_skip_building_tests': False, 'cmake_args': None, 'cmake_clean_cache': False, 'cmake_clean_first': False, 'cmake_force_configure': False, 'cmake_target': None, 'cmake_target_skip_unavailable': False, 'install_base': '/home/whaly/isaac_ws/Isaacsim_ros2_ws/install/isaac_tutorials', 'merge_install': False, 'path': '/home/whaly/isaac_ws/Isaacsim_ros2_ws/src/isaac_tutorials', 'symlink_install': False, 'test_result_base': None}
[0.283s] Level 5:colcon.colcon_core.verb:set package 'h1_pkg' build argument 'cmake_args' from command line to 'None'
[0.283s] Level 5:colcon.colcon_core.verb:set package 'h1_pkg' build argument 'cmake_target' from command line to 'None'
[0.283s] Level 5:colcon.colcon_core.verb:set package 'h1_pkg' build argument 'cmake_target_skip_unavailable' from command line to 'False'
[0.283s] Level 5:colcon.colcon_core.verb:set package 'h1_pkg' build argument 'cmake_clean_cache' from command line to 'False'
[0.283s] Level 5:colcon.colcon_core.verb:set package 'h1_pkg' build argument 'cmake_clean_first' from command line to 'False'
[0.284s] Level 5:colcon.colcon_core.verb:set package 'h1_pkg' build argument 'cmake_force_configure' from command line to 'False'
[0.284s] Level 5:colcon.colcon_core.verb:set package 'h1_pkg' build argument 'ament_cmake_args' from command line to 'None'
[0.284s] Level 5:colcon.colcon_core.verb:set package 'h1_pkg' build argument 'catkin_cmake_args' from command line to 'None'
[0.284s] Level 5:colcon.colcon_core.verb:set package 'h1_pkg' build argument 'catkin_skip_building_tests' from command line to 'False'
[0.284s] DEBUG:colcon.colcon_core.verb:Building package 'h1_pkg' with the following arguments: {'ament_cmake_args': None, 'build_base': '/home/whaly/isaac_ws/Isaacsim_ros2_ws/build/h1_pkg', 'catkin_cmake_args': None, 'catkin_skip_building_tests': False, 'cmake_args': None, 'cmake_clean_cache': False, 'cmake_clean_first': False, 'cmake_force_configure': False, 'cmake_target': None, 'cmake_target_skip_unavailable': False, 'install_base': '/home/whaly/isaac_ws/Isaacsim_ros2_ws/install/h1_pkg', 'merge_install': False, 'path': '/home/whaly/isaac_ws/Isaacsim_ros2_ws/src/h1_pkg', 'symlink_install': False, 'test_result_base': None}
[0.284s] Level 5:colcon.colcon_core.verb:set package 'test_pkg' build argument 'cmake_args' from command line to 'None'
[0.284s] Level 5:colcon.colcon_core.verb:set package 'test_pkg' build argument 'cmake_target' from command line to 'None'
[0.284s] Level 5:colcon.colcon_core.verb:set package 'test_pkg' build argument 'cmake_target_skip_unavailable' from command line to 'False'
[0.284s] Level 5:colcon.colcon_core.verb:set package 'test_pkg' build argument 'cmake_clean_cache' from command line to 'False'
[0.284s] Level 5:colcon.colcon_core.verb:set package 'test_pkg' build argument 'cmake_clean_first' from command line to 'False'
[0.284s] Level 5:colcon.colcon_core.verb:set package 'test_pkg' build argument 'cmake_force_configure' from command line to 'False'
[0.284s] Level 5:colcon.colcon_core.verb:set package 'test_pkg' build argument 'ament_cmake_args' from command line to 'None'
[0.284s] Level 5:colcon.colcon_core.verb:set package 'test_pkg' build argument 'catkin_cmake_args' from command line to 'None'
[0.284s] Level 5:colcon.colcon_core.verb:set package 'test_pkg' build argument 'catkin_skip_building_tests' from command line to 'False'
[0.284s] DEBUG:colcon.colcon_core.verb:Building package 'test_pkg' with the following arguments: {'ament_cmake_args': None, 'build_base': '/home/whaly/isaac_ws/Isaacsim_ros2_ws/build/test_pkg', 'catkin_cmake_args': None, 'catkin_skip_building_tests': False, 'cmake_args': None, 'cmake_clean_cache': False, 'cmake_clean_first': False, 'cmake_force_configure': False, 'cmake_target': None, 'cmake_target_skip_unavailable': False, 'install_base': '/home/whaly/isaac_ws/Isaacsim_ros2_ws/install/test_pkg', 'merge_install': False, 'path': '/home/whaly/isaac_ws/Isaacsim_ros2_ws/src/test_pkg', 'symlink_install': False, 'test_result_base': None}
[0.284s] INFO:colcon.colcon_core.executor:Executing jobs using 'parallel' executor
[0.285s] DEBUG:colcon.colcon_parallel_executor.executor.parallel:run_until_complete
[0.285s] INFO:colcon.colcon_ros.task.ament_cmake.build:Building ROS package in '/home/whaly/isaac_ws/Isaacsim_ros2_ws/src/h1_msgs' with build type 'ament_cmake'
[0.285s] INFO:colcon.colcon_cmake.task.cmake.build:Building CMake package in '/home/whaly/isaac_ws/Isaacsim_ros2_ws/src/h1_msgs'
[0.287s] INFO:colcon.colcon_core.plugin_system:Skipping extension 'colcon_core.shell.bat': Not used on non-Windows systems
[0.287s] INFO:colcon.colcon_core.shell:Skip shell extension 'powershell' for command environment: Not usable outside of PowerShell
[0.287s] DEBUG:colcon.colcon_core.shell:Skip shell extension 'dsv' for command environment
[0.291s] INFO:colcon.colcon_ros.task.ament_python.build:Building ROS package in '/home/whaly/isaac_ws/Isaacsim_ros2_ws/src/ackermann_control' with build type 'ament_python'
[0.291s] Level 1:colcon.colcon_core.shell:create_environment_hook('ackermann_control', 'ament_prefix_path')
[0.291s] INFO:colcon.colcon_core.shell:Creating environment hook '/home/whaly/isaac_ws/Isaacsim_ros2_ws/install/ackermann_control/share/ackermann_control/hook/ament_prefix_path.ps1'
[0.292s] INFO:colcon.colcon_core.shell:Creating environment descriptor '/home/whaly/isaac_ws/Isaacsim_ros2_ws/install/ackermann_control/share/ackermann_control/hook/ament_prefix_path.dsv'
[0.292s] INFO:colcon.colcon_core.shell:Creating environment hook '/home/whaly/isaac_ws/Isaacsim_ros2_ws/install/ackermann_control/share/ackermann_control/hook/ament_prefix_path.sh'
[0.293s] INFO:colcon.colcon_core.shell:Skip shell extension 'powershell' for command environment: Not usable outside of PowerShell
[0.293s] DEBUG:colcon.colcon_core.shell:Skip shell extension 'dsv' for command environment
[0.297s] INFO:colcon.colcon_ros.task.ament_cmake.build:Building ROS package in '/home/whaly/isaac_ws/Isaacsim_ros2_ws/src/custom_interface' with build type 'ament_cmake'
[0.297s] INFO:colcon.colcon_cmake.task.cmake.build:Building CMake package in '/home/whaly/isaac_ws/Isaacsim_ros2_ws/src/custom_interface'
[0.297s] INFO:colcon.colcon_core.shell:Skip shell extension 'powershell' for command environment: Not usable outside of PowerShell
[0.297s] DEBUG:colcon.colcon_core.shell:Skip shell extension 'dsv' for command environment
[0.301s] INFO:colcon.colcon_ros.task.ament_python.build:Building ROS package in '/home/whaly/isaac_ws/Isaacsim_ros2_ws/src/h1_lococmotion_policy' with build type 'ament_python'
[0.301s] Level 1:colcon.colcon_core.shell:create_environment_hook('h1_locomotion_policy', 'ament_prefix_path')
[0.301s] INFO:colcon.colcon_core.shell:Creating environment hook '/home/whaly/isaac_ws/Isaacsim_ros2_ws/install/h1_locomotion_policy/share/h1_locomotion_policy/hook/ament_prefix_path.ps1'
[0.301s] INFO:colcon.colcon_core.shell:Creating environment descriptor '/home/whaly/isaac_ws/Isaacsim_ros2_ws/install/h1_locomotion_policy/share/h1_locomotion_policy/hook/ament_prefix_path.dsv'
[0.302s] INFO:colcon.colcon_core.shell:Creating environment hook '/home/whaly/isaac_ws/Isaacsim_ros2_ws/install/h1_locomotion_policy/share/h1_locomotion_policy/hook/ament_prefix_path.sh'
[0.302s] INFO:colcon.colcon_core.shell:Skip shell extension 'powershell' for command environment: Not usable outside of PowerShell
[0.302s] DEBUG:colcon.colcon_core.shell:Skip shell extension 'dsv' for command environment
[0.306s] INFO:colcon.colcon_ros.task.ament_python.build:Building ROS package in '/home/whaly/isaac_ws/Isaacsim_ros2_ws/src/isaac_tutorials' with build type 'ament_python'
[0.306s] Level 1:colcon.colcon_core.shell:create_environment_hook('isaac_tutorials', 'ament_prefix_path')
[0.306s] INFO:colcon.colcon_core.shell:Creating environment hook '/home/whaly/isaac_ws/Isaacsim_ros2_ws/install/isaac_tutorials/share/isaac_tutorials/hook/ament_prefix_path.ps1'
[0.307s] INFO:colcon.colcon_core.shell:Creating environment descriptor '/home/whaly/isaac_ws/Isaacsim_ros2_ws/install/isaac_tutorials/share/isaac_tutorials/hook/ament_prefix_path.dsv'
[0.307s] INFO:colcon.colcon_core.shell:Creating environment hook '/home/whaly/isaac_ws/Isaacsim_ros2_ws/install/isaac_tutorials/share/isaac_tutorials/hook/ament_prefix_path.sh'
[0.307s] INFO:colcon.colcon_core.shell:Skip shell extension 'powershell' for command environment: Not usable outside of PowerShell
[0.307s] DEBUG:colcon.colcon_core.shell:Skip shell extension 'dsv' for command environment
[0.314s] DEBUG:colcon.colcon_core.event_handler.log_command:Invoking command in '/home/whaly/isaac_ws/Isaacsim_ros2_ws/build/h1_msgs': CMAKE_PREFIX_PATH=${CMAKE_PREFIX_PATH}:/home/whaly/ros2_addons_ws/install/ros2_controllers_test_nodes:/home/whaly/rl_ws/rl_sar-main/install/robot_py_controller:/home/whaly/Downloads/URDF_ws/install/full_body_description:/home/whaly/isaac_ws/Isaacsim_ros2_ws/install/test_pkg:/home/whaly/isaac_ws/Isaacsim_ros2_ws/install/isaac_tutorials:/home/whaly/isaac_ws/Isaacsim_ros2_ws/install/h1_pkg:/home/whaly/isaac_ws/Isaacsim_ros2_ws/install/ackermann_control:/home/whaly/whaly_ws/install/whaly_pkg:/opt/ros/humble /usr/bin/cmake /home/whaly/isaac_ws/Isaacsim_ros2_ws/src/h1_msgs -DCMAKE_INSTALL_PREFIX=/home/whaly/isaac_ws/Isaacsim_ros2_ws/install/h1_msgs
[0.555s] INFO:colcon.colcon_core.task.python.build:Building Python package in '/home/whaly/isaac_ws/Isaacsim_ros2_ws/src/ackermann_control'
[0.555s] INFO:colcon.colcon_core.shell:Skip shell extension 'powershell' for command environment: Not usable outside of PowerShell
[0.555s] DEBUG:colcon.colcon_core.shell:Skip shell extension 'dsv' for command environment
[0.564s] DEBUG:colcon.colcon_core.event_handler.log_command:Invoking command in '/home/whaly/isaac_ws/Isaacsim_ros2_ws/build/custom_interface': CMAKE_PREFIX_PATH=${CMAKE_PREFIX_PATH}:/home/whaly/ros2_addons_ws/install/ros2_controllers_test_nodes:/home/whaly/rl_ws/rl_sar-main/install/robot_py_controller:/home/whaly/Downloads/URDF_ws/install/full_body_description:/home/whaly/isaac_ws/Isaacsim_ros2_ws/install/test_pkg:/home/whaly/isaac_ws/Isaacsim_ros2_ws/install/isaac_tutorials:/home/whaly/isaac_ws/Isaacsim_ros2_ws/install/h1_pkg:/home/whaly/isaac_ws/Isaacsim_ros2_ws/install/ackermann_control:/home/whaly/whaly_ws/install/whaly_pkg:/opt/ros/humble /usr/bin/cmake /home/whaly/isaac_ws/Isaacsim_ros2_ws/src/custom_interface -DCMAKE_INSTALL_PREFIX=/home/whaly/isaac_ws/Isaacsim_ros2_ws/install/custom_interface
[0.798s] INFO:colcon.colcon_core.task.python.build:Building Python package in '/home/whaly/isaac_ws/Isaacsim_ros2_ws/src/h1_lococmotion_policy'
[0.798s] INFO:colcon.colcon_core.shell:Skip shell extension 'powershell' for command environment: Not usable outside of PowerShell
[0.798s] DEBUG:colcon.colcon_core.shell:Skip shell extension 'dsv' for command environment
[1.035s] INFO:colcon.colcon_core.task.python.build:Building Python package in '/home/whaly/isaac_ws/Isaacsim_ros2_ws/src/isaac_tutorials'
[1.035s] INFO:colcon.colcon_core.shell:Skip shell extension 'powershell' for command environment: Not usable outside of PowerShell
[1.035s] DEBUG:colcon.colcon_core.shell:Skip shell extension 'dsv' for command environment
[1.337s] DEBUG:colcon.colcon_core.event_handler.log_command:Invoking command in '/home/whaly/isaac_ws/Isaacsim_ros2_ws/src/h1_lococmotion_policy': PYTHONPATH=/home/whaly/isaac_ws/Isaacsim_ros2_ws/build/h1_locomotion_policy/prefix_override:/usr/lib/python3/dist-packages/colcon_core/task/python/colcon_distutils_commands:/home/whaly/isaac_ws/Isaacsim_ros2_ws/install/h1_locomotion_policy/lib/python3.10/site-packages:${PYTHONPATH} /usr/bin/python3 -W ignore:setup.py install is deprecated -W ignore:easy_install command is deprecated setup.py egg_info --egg-base ../../build/h1_locomotion_policy build --build-base /home/whaly/isaac_ws/Isaacsim_ros2_ws/build/h1_locomotion_policy/build install --record /home/whaly/isaac_ws/Isaacsim_ros2_ws/build/h1_locomotion_policy/install.log --single-version-externally-managed install_data
[1.354s] DEBUG:colcon.colcon_core.event_handler.log_command:Invoking command in '/home/whaly/isaac_ws/Isaacsim_ros2_ws/src/ackermann_control': PYTHONPATH=/home/whaly/isaac_ws/Isaacsim_ros2_ws/build/ackermann_control/prefix_override:/usr/lib/python3/dist-packages/colcon_core/task/python/colcon_distutils_commands:/home/whaly/isaac_ws/Isaacsim_ros2_ws/install/ackermann_control/lib/python3.10/site-packages:${PYTHONPATH} /usr/bin/python3 -W ignore:setup.py install is deprecated -W ignore:easy_install command is deprecated setup.py egg_info --egg-base ../../build/ackermann_control build --build-base /home/whaly/isaac_ws/Isaacsim_ros2_ws/build/ackermann_control/build install --record /home/whaly/isaac_ws/Isaacsim_ros2_ws/build/ackermann_control/install.log --single-version-externally-managed install_data
[1.400s] DEBUG:colcon.colcon_core.event_handler.log_command:Invoking command in '/home/whaly/isaac_ws/Isaacsim_ros2_ws/src/isaac_tutorials': PYTHONPATH=/home/whaly/isaac_ws/Isaacsim_ros2_ws/build/isaac_tutorials/prefix_override:/usr/lib/python3/dist-packages/colcon_core/task/python/colcon_distutils_commands:/home/whaly/isaac_ws/Isaacsim_ros2_ws/install/isaac_tutorials/lib/python3.10/site-packages:${PYTHONPATH} /usr/bin/python3 -W ignore:setup.py install is deprecated -W ignore:easy_install command is deprecated setup.py egg_info --egg-base ../../build/isaac_tutorials build --build-base /home/whaly/isaac_ws/Isaacsim_ros2_ws/build/isaac_tutorials/build install --record /home/whaly/isaac_ws/Isaacsim_ros2_ws/build/isaac_tutorials/install.log --single-version-externally-managed install_data
[1.570s] DEBUG:colcon.colcon_core.event_handler.log_command:Invoked command in '/home/whaly/isaac_ws/Isaacsim_ros2_ws/src/h1_lococmotion_policy' returned '0': PYTHONPATH=/home/whaly/isaac_ws/Isaacsim_ros2_ws/build/h1_locomotion_policy/prefix_override:/usr/lib/python3/dist-packages/colcon_core/task/python/colcon_distutils_commands:/home/whaly/isaac_ws/Isaacsim_ros2_ws/install/h1_locomotion_policy/lib/python3.10/site-packages:${PYTHONPATH} /usr/bin/python3 -W ignore:setup.py install is deprecated -W ignore:easy_install command is deprecated setup.py egg_info --egg-base ../../build/h1_locomotion_policy build --build-base /home/whaly/isaac_ws/Isaacsim_ros2_ws/build/h1_locomotion_policy/build install --record /home/whaly/isaac_ws/Isaacsim_ros2_ws/build/h1_locomotion_policy/install.log --single-version-externally-managed install_data
[1.572s] Level 1:colcon.colcon_core.environment:checking '/home/whaly/isaac_ws/Isaacsim_ros2_ws/install/h1_locomotion_policy' for CMake module files
[1.572s] Level 1:colcon.colcon_core.environment:checking '/home/whaly/isaac_ws/Isaacsim_ros2_ws/install/h1_locomotion_policy' for CMake config files
[1.572s] Level 1:colcon.colcon_core.environment:checking '/home/whaly/isaac_ws/Isaacsim_ros2_ws/install/h1_locomotion_policy/lib'
[1.573s] Level 1:colcon.colcon_core.environment:checking '/home/whaly/isaac_ws/Isaacsim_ros2_ws/install/h1_locomotion_policy/bin'
[1.573s] Level 1:colcon.colcon_core.environment:checking '/home/whaly/isaac_ws/Isaacsim_ros2_ws/install/h1_locomotion_policy/lib/pkgconfig/h1_locomotion_policy.pc'
[1.573s] Level 1:colcon.colcon_core.environment:checking '/home/whaly/isaac_ws/Isaacsim_ros2_ws/install/h1_locomotion_policy/lib/python3.10/site-packages'
[1.573s] Level 1:colcon.colcon_core.shell:create_environment_hook('h1_locomotion_policy', 'pythonpath')
[1.573s] INFO:colcon.colcon_core.shell:Creating environment hook '/home/whaly/isaac_ws/Isaacsim_ros2_ws/install/h1_locomotion_policy/share/h1_locomotion_policy/hook/pythonpath.ps1'
[1.573s] INFO:colcon.colcon_core.shell:Creating environment descriptor '/home/whaly/isaac_ws/Isaacsim_ros2_ws/install/h1_locomotion_policy/share/h1_locomotion_policy/hook/pythonpath.dsv'
[1.573s] INFO:colcon.colcon_core.shell:Creating environment hook '/home/whaly/isaac_ws/Isaacsim_ros2_ws/install/h1_locomotion_policy/share/h1_locomotion_policy/hook/pythonpath.sh'
[1.574s] Level 1:colcon.colcon_core.environment:checking '/home/whaly/isaac_ws/Isaacsim_ros2_ws/install/h1_locomotion_policy/bin'
[1.574s] Level 1:colcon.colcon_core.environment:create_environment_scripts_only(h1_locomotion_policy)
[1.574s] INFO:colcon.colcon_core.shell:Creating package script '/home/whaly/isaac_ws/Isaacsim_ros2_ws/install/h1_locomotion_policy/share/h1_locomotion_policy/package.ps1'
[1.575s] INFO:colcon.colcon_core.shell:Creating package descriptor '/home/whaly/isaac_ws/Isaacsim_ros2_ws/install/h1_locomotion_policy/share/h1_locomotion_policy/package.dsv'
[1.575s] INFO:colcon.colcon_core.shell:Creating package script '/home/whaly/isaac_ws/Isaacsim_ros2_ws/install/h1_locomotion_policy/share/h1_locomotion_policy/package.sh'
[1.576s] INFO:colcon.colcon_core.shell:Creating package script '/home/whaly/isaac_ws/Isaacsim_ros2_ws/install/h1_locomotion_policy/share/h1_locomotion_policy/package.bash'
[1.576s] INFO:colcon.colcon_core.shell:Creating package script '/home/whaly/isaac_ws/Isaacsim_ros2_ws/install/h1_locomotion_policy/share/h1_locomotion_policy/package.zsh'
[1.577s] Level 1:colcon.colcon_core.environment:create_file_with_runtime_dependencies(/home/whaly/isaac_ws/Isaacsim_ros2_ws/install/h1_locomotion_policy/share/colcon-core/packages/h1_locomotion_policy)
[1.595s] Level 1:colcon.colcon_core.environment:checking '/home/whaly/isaac_ws/Isaacsim_ros2_ws/install/ackermann_control' for CMake module files
[1.595s] DEBUG:colcon.colcon_core.event_handler.log_command:Invoked command in '/home/whaly/isaac_ws/Isaacsim_ros2_ws/src/ackermann_control' returned '0': PYTHONPATH=/home/whaly/isaac_ws/Isaacsim_ros2_ws/build/ackermann_control/prefix_override:/usr/lib/python3/dist-packages/colcon_core/task/python/colcon_distutils_commands:/home/whaly/isaac_ws/Isaacsim_ros2_ws/install/ackermann_control/lib/python3.10/site-packages:${PYTHONPATH} /usr/bin/python3 -W ignore:setup.py install is deprecated -W ignore:easy_install command is deprecated setup.py egg_info --egg-base ../../build/ackermann_control build --build-base /home/whaly/isaac_ws/Isaacsim_ros2_ws/build/ackermann_control/build install --record /home/whaly/isaac_ws/Isaacsim_ros2_ws/build/ackermann_control/install.log --single-version-externally-managed install_data
[1.596s] Level 1:colcon.colcon_core.environment:checking '/home/whaly/isaac_ws/Isaacsim_ros2_ws/install/ackermann_control' for CMake config files
[1.596s] Level 1:colcon.colcon_core.environment:checking '/home/whaly/isaac_ws/Isaacsim_ros2_ws/install/ackermann_control/lib'
[1.596s] Level 1:colcon.colcon_core.environment:checking '/home/whaly/isaac_ws/Isaacsim_ros2_ws/install/ackermann_control/bin'
[1.596s] Level 1:colcon.colcon_core.environment:checking '/home/whaly/isaac_ws/Isaacsim_ros2_ws/install/ackermann_control/lib/pkgconfig/ackermann_control.pc'
[1.596s] Level 1:colcon.colcon_core.environment:checking '/home/whaly/isaac_ws/Isaacsim_ros2_ws/install/ackermann_control/lib/python3.10/site-packages'
[1.596s] Level 1:colcon.colcon_core.shell:create_environment_hook('ackermann_control', 'pythonpath')
[1.597s] INFO:colcon.colcon_core.shell:Creating environment hook '/home/whaly/isaac_ws/Isaacsim_ros2_ws/install/ackermann_control/share/ackermann_control/hook/pythonpath.ps1'
[1.597s] INFO:colcon.colcon_core.shell:Creating environment descriptor '/home/whaly/isaac_ws/Isaacsim_ros2_ws/install/ackermann_control/share/ackermann_control/hook/pythonpath.dsv'
[1.597s] INFO:colcon.colcon_core.shell:Creating environment hook '/home/whaly/isaac_ws/Isaacsim_ros2_ws/install/ackermann_control/share/ackermann_control/hook/pythonpath.sh'
[1.598s] Level 1:colcon.colcon_core.environment:checking '/home/whaly/isaac_ws/Isaacsim_ros2_ws/install/ackermann_control/bin'
[1.598s] Level 1:colcon.colcon_core.environment:create_environment_scripts_only(ackermann_control)
[1.598s] INFO:colcon.colcon_core.shell:Creating package script '/home/whaly/isaac_ws/Isaacsim_ros2_ws/install/ackermann_control/share/ackermann_control/package.ps1'
[1.599s] INFO:colcon.colcon_core.shell:Creating package descriptor '/home/whaly/isaac_ws/Isaacsim_ros2_ws/install/ackermann_control/share/ackermann_control/package.dsv'
[1.599s] INFO:colcon.colcon_core.shell:Creating package script '/home/whaly/isaac_ws/Isaacsim_ros2_ws/install/ackermann_control/share/ackermann_control/package.sh'
[1.599s] INFO:colcon.colcon_core.shell:Creating package script '/home/whaly/isaac_ws/Isaacsim_ros2_ws/install/ackermann_control/share/ackermann_control/package.bash'
[1.599s] INFO:colcon.colcon_core.shell:Creating package script '/home/whaly/isaac_ws/Isaacsim_ros2_ws/install/ackermann_control/share/ackermann_control/package.zsh'
[1.600s] Level 1:colcon.colcon_core.environment:create_file_with_runtime_dependencies(/home/whaly/isaac_ws/Isaacsim_ros2_ws/install/ackermann_control/share/colcon-core/packages/ackermann_control)
[1.640s] Level 1:colcon.colcon_core.environment:checking '/home/whaly/isaac_ws/Isaacsim_ros2_ws/install/isaac_tutorials' for CMake module files
[1.641s] DEBUG:colcon.colcon_core.event_handler.log_command:Invoked command in '/home/whaly/isaac_ws/Isaacsim_ros2_ws/src/isaac_tutorials' returned '0': PYTHONPATH=/home/whaly/isaac_ws/Isaacsim_ros2_ws/build/isaac_tutorials/prefix_override:/usr/lib/python3/dist-packages/colcon_core/task/python/colcon_distutils_commands:/home/whaly/isaac_ws/Isaacsim_ros2_ws/install/isaac_tutorials/lib/python3.10/site-packages:${PYTHONPATH} /usr/bin/python3 -W ignore:setup.py install is deprecated -W ignore:easy_install command is deprecated setup.py egg_info --egg-base ../../build/isaac_tutorials build --build-base /home/whaly/isaac_ws/Isaacsim_ros2_ws/build/isaac_tutorials/build install --record /home/whaly/isaac_ws/Isaacsim_ros2_ws/build/isaac_tutorials/install.log --single-version-externally-managed install_data
[1.641s] Level 1:colcon.colcon_core.environment:checking '/home/whaly/isaac_ws/Isaacsim_ros2_ws/install/isaac_tutorials' for CMake config files
[1.642s] Level 1:colcon.colcon_core.environment:checking '/home/whaly/isaac_ws/Isaacsim_ros2_ws/install/isaac_tutorials/lib'
[1.642s] Level 1:colcon.colcon_core.environment:checking '/home/whaly/isaac_ws/Isaacsim_ros2_ws/install/isaac_tutorials/bin'
[1.642s] Level 1:colcon.colcon_core.environment:checking '/home/whaly/isaac_ws/Isaacsim_ros2_ws/install/isaac_tutorials/lib/pkgconfig/isaac_tutorials.pc'
[1.642s] Level 1:colcon.colcon_core.environment:checking '/home/whaly/isaac_ws/Isaacsim_ros2_ws/install/isaac_tutorials/lib/python3.10/site-packages'
[1.642s] Level 1:colcon.colcon_core.shell:create_environment_hook('isaac_tutorials', 'pythonpath')
[1.642s] INFO:colcon.colcon_core.shell:Creating environment hook '/home/whaly/isaac_ws/Isaacsim_ros2_ws/install/isaac_tutorials/share/isaac_tutorials/hook/pythonpath.ps1'
[1.643s] INFO:colcon.colcon_core.shell:Creating environment descriptor '/home/whaly/isaac_ws/Isaacsim_ros2_ws/install/isaac_tutorials/share/isaac_tutorials/hook/pythonpath.dsv'
[1.643s] INFO:colcon.colcon_core.shell:Creating environment hook '/home/whaly/isaac_ws/Isaacsim_ros2_ws/install/isaac_tutorials/share/isaac_tutorials/hook/pythonpath.sh'
[1.644s] Level 1:colcon.colcon_core.environment:checking '/home/whaly/isaac_ws/Isaacsim_ros2_ws/install/isaac_tutorials/bin'
[1.644s] Level 1:colcon.colcon_core.environment:create_environment_scripts_only(isaac_tutorials)
[1.644s] INFO:colcon.colcon_core.shell:Creating package script '/home/whaly/isaac_ws/Isaacsim_ros2_ws/install/isaac_tutorials/share/isaac_tutorials/package.ps1'
[1.645s] INFO:colcon.colcon_core.shell:Creating package descriptor '/home/whaly/isaac_ws/Isaacsim_ros2_ws/install/isaac_tutorials/share/isaac_tutorials/package.dsv'
[1.645s] INFO:colcon.colcon_core.shell:Creating package script '/home/whaly/isaac_ws/Isaacsim_ros2_ws/install/isaac_tutorials/share/isaac_tutorials/package.sh'
[1.645s] INFO:colcon.colcon_core.shell:Creating package script '/home/whaly/isaac_ws/Isaacsim_ros2_ws/install/isaac_tutorials/share/isaac_tutorials/package.bash'
[1.646s] INFO:colcon.colcon_core.shell:Creating package script '/home/whaly/isaac_ws/Isaacsim_ros2_ws/install/isaac_tutorials/share/isaac_tutorials/package.zsh'
[1.646s] Level 1:colcon.colcon_core.environment:create_file_with_runtime_dependencies(/home/whaly/isaac_ws/Isaacsim_ros2_ws/install/isaac_tutorials/share/colcon-core/packages/isaac_tutorials)
[1.788s] DEBUG:colcon.colcon_core.event_handler.log_command:Invoked command in '/home/whaly/isaac_ws/Isaacsim_ros2_ws/build/h1_msgs' returned '1': CMAKE_PREFIX_PATH=${CMAKE_PREFIX_PATH}:/home/whaly/ros2_addons_ws/install/ros2_controllers_test_nodes:/home/whaly/rl_ws/rl_sar-main/install/robot_py_controller:/home/whaly/Downloads/URDF_ws/install/full_body_description:/home/whaly/isaac_ws/Isaacsim_ros2_ws/install/test_pkg:/home/whaly/isaac_ws/Isaacsim_ros2_ws/install/isaac_tutorials:/home/whaly/isaac_ws/Isaacsim_ros2_ws/install/h1_pkg:/home/whaly/isaac_ws/Isaacsim_ros2_ws/install/ackermann_control:/home/whaly/whaly_ws/install/whaly_pkg:/opt/ros/humble /usr/bin/cmake /home/whaly/isaac_ws/Isaacsim_ros2_ws/src/h1_msgs -DCMAKE_INSTALL_PREFIX=/home/whaly/isaac_ws/Isaacsim_ros2_ws/install/h1_msgs
[1.799s] Level 1:colcon.colcon_core.environment:create_environment_scripts_only(h1_msgs)
[1.799s] Level 1:colcon.colcon_core.environment:checking '/home/whaly/isaac_ws/Isaacsim_ros2_ws/install/h1_msgs' for CMake module files
[1.799s] Level 1:colcon.colcon_core.environment:checking '/home/whaly/isaac_ws/Isaacsim_ros2_ws/install/h1_msgs' for CMake config files
[1.799s] Level 1:colcon.colcon_core.environment:checking '/home/whaly/isaac_ws/Isaacsim_ros2_ws/install/h1_msgs/bin'
[1.799s] Level 1:colcon.colcon_core.environment:checking '/home/whaly/isaac_ws/Isaacsim_ros2_ws/install/h1_msgs/lib/pkgconfig/h1_msgs.pc'
[1.800s] Level 1:colcon.colcon_core.environment:checking '/home/whaly/isaac_ws/Isaacsim_ros2_ws/install/h1_msgs/lib/python3.10/site-packages'
[1.800s] Level 1:colcon.colcon_core.environment:checking '/home/whaly/isaac_ws/Isaacsim_ros2_ws/install/h1_msgs/bin'
[1.800s] INFO:colcon.colcon_core.shell:Creating package script '/home/whaly/isaac_ws/Isaacsim_ros2_ws/install/h1_msgs/share/h1_msgs/package.ps1'
[1.801s] INFO:colcon.colcon_core.shell:Creating package descriptor '/home/whaly/isaac_ws/Isaacsim_ros2_ws/install/h1_msgs/share/h1_msgs/package.dsv'
[1.802s] INFO:colcon.colcon_core.shell:Creating package script '/home/whaly/isaac_ws/Isaacsim_ros2_ws/install/h1_msgs/share/h1_msgs/package.sh'
[1.802s] INFO:colcon.colcon_core.shell:Creating package script '/home/whaly/isaac_ws/Isaacsim_ros2_ws/install/h1_msgs/share/h1_msgs/package.bash'
[1.802s] INFO:colcon.colcon_core.shell:Creating package script '/home/whaly/isaac_ws/Isaacsim_ros2_ws/install/h1_msgs/share/h1_msgs/package.zsh'
[1.802s] Level 1:colcon.colcon_core.environment:create_file_with_runtime_dependencies(/home/whaly/isaac_ws/Isaacsim_ros2_ws/install/h1_msgs/share/colcon-core/packages/h1_msgs)
[2.163s] DEBUG:colcon.colcon_parallel_executor.executor.parallel:closing loop
[2.163s] DEBUG:colcon.colcon_parallel_executor.executor.parallel:loop closed
[2.163s] DEBUG:colcon.colcon_parallel_executor.executor.parallel:run_until_complete finished with '1'
[2.163s] DEBUG:colcon.colcon_core.event_reactor:joining thread
[2.168s] INFO:colcon.colcon_core.plugin_system:Skipping extension 'colcon_notification.desktop_notification.terminal_notifier': Not used on non-Darwin systems
[2.169s] INFO:colcon.colcon_core.plugin_system:Skipping extension 'colcon_notification.desktop_notification.win32': Not used on non-Windows systems
[2.169s] INFO:colcon.colcon_notification.desktop_notification:Sending desktop notification using 'notify2'
[2.176s] DEBUG:colcon.colcon_core.event_reactor:joined thread
[2.177s] INFO:colcon.colcon_core.shell:Creating prefix script '/home/whaly/isaac_ws/Isaacsim_ros2_ws/install/local_setup.ps1'
[2.177s] INFO:colcon.colcon_core.shell:Creating prefix util module '/home/whaly/isaac_ws/Isaacsim_ros2_ws/install/_local_setup_util_ps1.py'
[2.178s] INFO:colcon.colcon_core.shell:Creating prefix chain script '/home/whaly/isaac_ws/Isaacsim_ros2_ws/install/setup.ps1'
[2.180s] INFO:colcon.colcon_core.shell:Creating prefix script '/home/whaly/isaac_ws/Isaacsim_ros2_ws/install/local_setup.sh'
[2.180s] INFO:colcon.colcon_core.shell:Creating prefix util module '/home/whaly/isaac_ws/Isaacsim_ros2_ws/install/_local_setup_util_sh.py'
[2.181s] INFO:colcon.colcon_core.shell:Creating prefix chain script '/home/whaly/isaac_ws/Isaacsim_ros2_ws/install/setup.sh'
[2.182s] INFO:colcon.colcon_core.shell:Creating prefix script '/home/whaly/isaac_ws/Isaacsim_ros2_ws/install/local_setup.bash'
[2.182s] INFO:colcon.colcon_core.shell:Creating prefix chain script '/home/whaly/isaac_ws/Isaacsim_ros2_ws/install/setup.bash'
[2.184s] INFO:colcon.colcon_core.shell:Creating prefix script '/home/whaly/isaac_ws/Isaacsim_ros2_ws/install/local_setup.zsh'
[2.184s] INFO:colcon.colcon_core.shell:Creating prefix chain script '/home/whaly/isaac_ws/Isaacsim_ros2_ws/install/setup.zsh'
