[0.032s] Invoking command in '/home/whaly/isaac_ws/Isaacsim_ros2_ws/build/h1_msgs': CMAKE_PREFIX_PATH=${CMAKE_PREFIX_PATH}:/home/whaly/ros2_addons_ws/install/ros2_controllers_test_nodes:/home/whaly/rl_ws/rl_sar-main/install/robot_py_controller:/home/whaly/Downloads/URDF_ws/install/full_body_description:/home/whaly/isaac_ws/Isaacsim_ros2_ws/install/test_pkg:/home/whaly/isaac_ws/Isaacsim_ros2_ws/install/isaac_tutorials:/home/whaly/isaac_ws/Isaacsim_ros2_ws/install/h1_pkg:/home/whaly/isaac_ws/Isaacsim_ros2_ws/install/ackermann_control:/home/whaly/whaly_ws/install/whaly_pkg:/opt/ros/humble /usr/bin/cmake /home/whaly/isaac_ws/Isaacsim_ros2_ws/src/h1_msgs -DCMAKE_INSTALL_PREFIX=/home/whaly/isaac_ws/Isaacsim_ros2_ws/install/h1_msgs
[0.614s] -- Found ament_cmake: 1.3.12 (/opt/ros/humble/share/ament_cmake/cmake)
[0.615s] -- Found geometry_msgs: 4.9.0 (/opt/ros/humble/share/geometry_msgs/cmake)
[0.615s] -- Found rosidl_generator_c: 3.1.7 (/opt/ros/humble/share/rosidl_generator_c/cmake)
[0.615s] -- Found rosidl_adapter: 3.1.7 (/opt/ros/humble/share/rosidl_adapter/cmake)
[0.615s] -- Found rosidl_generator_cpp: 3.1.7 (/opt/ros/humble/share/rosidl_generator_cpp/cmake)
[0.615s] -- Using all available rosidl_typesupport_c: rosidl_typesupport_fastrtps_c;rosidl_typesupport_introspection_c
[0.615s] -- Using all available rosidl_typesupport_cpp: rosidl_typesupport_fastrtps_cpp;rosidl_typesupport_introspection_cpp
[0.615s] -- Found rosidl_default_generators: 1.2.0 (/opt/ros/humble/share/rosidl_default_generators/cmake)
[0.616s] -- Found ament_cmake_ros: 0.10.0 (/opt/ros/humble/share/ament_cmake_ros/cmake)
[1.007s] -- Using all available rosidl_typesupport_c: rosidl_typesupport_fastrtps_c;rosidl_typesupport_introspection_c
[1.145s] -- Using all available rosidl_typesupport_cpp: rosidl_typesupport_fastrtps_cpp;rosidl_typesupport_introspection_cpp
[1.165s] -- Found python_cmake_module: 0.10.0 (/opt/ros/humble/share/python_cmake_module/cmake)
[1.197s] -- Found PythonLibs: /usr/lib/x86_64-linux-gnu/libpython3.10.so (found suitable version "3.10.12", minimum required is "3.5") 
[1.198s] -- Using PYTHON_EXECUTABLE: /usr/bin/python3.10
[1.198s] -- Using PYTHON_INCLUDE_DIRS: /usr/include/python3.10
[1.198s] -- Using PYTHON_LIBRARIES: /usr/lib/x86_64-linux-gnu/libpython3.10.so
[1.217s] -- Found PythonExtra: .so  
[1.298s] -- Found ament_lint_auto: 0.12.14 (/opt/ros/humble/share/ament_lint_auto/cmake)
[1.340s] -- Added test 'lint_cmake' to check CMake code style
[1.342s] -- Added test 'xmllint' to check XML markup files
[1.346s] -- Configuring done
[1.383s] -- Generating done
[1.397s] -- Build files have been written to: /home/whaly/isaac_ws/Isaacsim_ros2_ws/build/h1_msgs
[1.407s] Invoked command in '/home/whaly/isaac_ws/Isaacsim_ros2_ws/build/h1_msgs' returned '0': CMAKE_PREFIX_PATH=${CMAKE_PREFIX_PATH}:/home/whaly/ros2_addons_ws/install/ros2_controllers_test_nodes:/home/whaly/rl_ws/rl_sar-main/install/robot_py_controller:/home/whaly/Downloads/URDF_ws/install/full_body_description:/home/whaly/isaac_ws/Isaacsim_ros2_ws/install/test_pkg:/home/whaly/isaac_ws/Isaacsim_ros2_ws/install/isaac_tutorials:/home/whaly/isaac_ws/Isaacsim_ros2_ws/install/h1_pkg:/home/whaly/isaac_ws/Isaacsim_ros2_ws/install/ackermann_control:/home/whaly/whaly_ws/install/whaly_pkg:/opt/ros/humble /usr/bin/cmake /home/whaly/isaac_ws/Isaacsim_ros2_ws/src/h1_msgs -DCMAKE_INSTALL_PREFIX=/home/whaly/isaac_ws/Isaacsim_ros2_ws/install/h1_msgs
[1.408s] Invoking command in '/home/whaly/isaac_ws/Isaacsim_ros2_ws/build/h1_msgs': CMAKE_PREFIX_PATH=${CMAKE_PREFIX_PATH}:/home/whaly/ros2_addons_ws/install/ros2_controllers_test_nodes:/home/whaly/rl_ws/rl_sar-main/install/robot_py_controller:/home/whaly/Downloads/URDF_ws/install/full_body_description:/home/whaly/isaac_ws/Isaacsim_ros2_ws/install/test_pkg:/home/whaly/isaac_ws/Isaacsim_ros2_ws/install/isaac_tutorials:/home/whaly/isaac_ws/Isaacsim_ros2_ws/install/h1_pkg:/home/whaly/isaac_ws/Isaacsim_ros2_ws/install/ackermann_control:/home/whaly/whaly_ws/install/whaly_pkg:/opt/ros/humble /usr/bin/cmake --build /home/whaly/isaac_ws/Isaacsim_ros2_ws/build/h1_msgs -- -j16 -l16
[1.450s] [  3%] [34m[1mGenerating C code for ROS interfaces[0m
[1.459s] [  6%] [34m[1mGenerating C++ code for ROS interfaces[0m
[1.466s] [  6%] Built target ament_cmake_python_copy_h1_msgs
[1.664s] [  6%] Built target h1_msgs__cpp
[1.676s] [  9%] [34m[1mGenerating C++ introspection for ROS interfaces[0m
[1.676s] [ 12%] [32mBuilding C object CMakeFiles/h1_msgs__rosidl_generator_c.dir/rosidl_generator_c/h1_msgs/msg/detail/proto_odom__functions.c.o[0m
[1.676s] [ 16%] [34m[1mGenerating C++ type support dispatch for ROS interfaces[0m
[1.676s] [ 19%] [34m[1mGenerating C++ type support for eProsima Fast-RTPS[0m
[1.681s] running egg_info
[1.681s] creating h1_msgs.egg-info
[1.681s] writing h1_msgs.egg-info/PKG-INFO
[1.682s] writing dependency_links to h1_msgs.egg-info/dependency_links.txt
[1.682s] writing top-level names to h1_msgs.egg-info/top_level.txt
[1.682s] writing manifest file 'h1_msgs.egg-info/SOURCES.txt'
[1.685s] reading manifest file 'h1_msgs.egg-info/SOURCES.txt'
[1.686s] writing manifest file 'h1_msgs.egg-info/SOURCES.txt'
[1.715s] [ 19%] Built target ament_cmake_python_build_h1_msgs_egg
[1.720s] [ 22%] [32m[1mLinking C shared library libh1_msgs__rosidl_generator_c.so[0m
[1.756s] [ 22%] Built target h1_msgs__rosidl_generator_c
[1.768s] [ 25%] [34m[1mGenerating C type support for eProsima Fast-RTPS[0m
[1.770s] [ 29%] [34m[1mGenerating C introspection for ROS interfaces[0m
[1.770s] [ 32%] [34m[1mGenerating C type support dispatch for ROS interfaces[0m
[1.919s] [ 35%] [32mBuilding CXX object CMakeFiles/h1_msgs__rosidl_typesupport_introspection_cpp.dir/rosidl_typesupport_introspection_cpp/h1_msgs/msg/detail/proto_odom__type_support.cpp.o[0m
[1.927s] [ 38%] [32mBuilding CXX object CMakeFiles/h1_msgs__rosidl_typesupport_cpp.dir/rosidl_typesupport_cpp/h1_msgs/msg/proto_odom__type_support.cpp.o[0m
[1.927s] [ 41%] [32mBuilding CXX object CMakeFiles/h1_msgs__rosidl_typesupport_fastrtps_cpp.dir/rosidl_typesupport_fastrtps_cpp/h1_msgs/msg/detail/dds_fastrtps/proto_odom__type_support.cpp.o[0m
[2.002s] [ 45%] [32mBuilding CXX object CMakeFiles/h1_msgs__rosidl_typesupport_fastrtps_c.dir/rosidl_typesupport_fastrtps_c/h1_msgs/msg/detail/proto_odom__type_support_c.cpp.o[0m
[2.010s] [ 48%] [32mBuilding C object CMakeFiles/h1_msgs__rosidl_typesupport_introspection_c.dir/rosidl_typesupport_introspection_c/h1_msgs/msg/detail/proto_odom__type_support.c.o[0m
[2.042s] [ 51%] [32m[1mLinking C shared library libh1_msgs__rosidl_typesupport_introspection_c.so[0m
[2.046s] [ 54%] [32mBuilding CXX object CMakeFiles/h1_msgs__rosidl_typesupport_c.dir/rosidl_typesupport_c/h1_msgs/msg/proto_odom__type_support.cpp.o[0m
[2.072s] [ 54%] Built target h1_msgs__rosidl_typesupport_introspection_c
[2.073s] [ 58%] [32m[1mLinking CXX shared library libh1_msgs__rosidl_typesupport_c.so[0m
[2.109s] [ 58%] Built target h1_msgs__rosidl_typesupport_c
[2.197s] [ 61%] [32m[1mLinking CXX shared library libh1_msgs__rosidl_typesupport_cpp.so[0m
[2.235s] [ 61%] Built target h1_msgs__rosidl_typesupport_cpp
[2.250s] [ 64%] [32m[1mLinking CXX shared library libh1_msgs__rosidl_typesupport_introspection_cpp.so[0m
[2.260s] [ 67%] [32m[1mLinking CXX shared library libh1_msgs__rosidl_typesupport_fastrtps_c.so[0m
[2.299s] [ 70%] [32m[1mLinking CXX shared library libh1_msgs__rosidl_typesupport_fastrtps_cpp.so[0m
[2.303s] [ 70%] Built target h1_msgs__rosidl_typesupport_introspection_cpp
[2.324s] [ 70%] Built target h1_msgs__rosidl_typesupport_fastrtps_c
[2.364s] [ 70%] Built target h1_msgs__rosidl_typesupport_fastrtps_cpp
[2.383s] [ 70%] Built target h1_msgs
[2.401s] [ 74%] [34m[1mGenerating Python code for ROS interfaces[0m
[2.642s] [ 74%] Built target h1_msgs__py
[2.662s] [ 77%] [32mBuilding C object CMakeFiles/h1_msgs__rosidl_generator_py.dir/rosidl_generator_py/h1_msgs/msg/_proto_odom_s.c.o[0m
[2.769s] [ 80%] [32m[1mLinking C shared library rosidl_generator_py/h1_msgs/libh1_msgs__rosidl_generator_py.so[0m
[2.812s] [ 80%] Built target h1_msgs__rosidl_generator_py
[2.832s] [ 83%] [32mBuilding C object CMakeFiles/h1_msgs__rosidl_typesupport_fastrtps_c__pyext.dir/rosidl_generator_py/h1_msgs/_h1_msgs_s.ep.rosidl_typesupport_fastrtps_c.c.o[0m
[2.832s] [ 87%] [32mBuilding C object CMakeFiles/h1_msgs__rosidl_typesupport_c__pyext.dir/rosidl_generator_py/h1_msgs/_h1_msgs_s.ep.rosidl_typesupport_c.c.o[0m
[2.833s] [ 90%] [32mBuilding C object CMakeFiles/h1_msgs__rosidl_typesupport_introspection_c__pyext.dir/rosidl_generator_py/h1_msgs/_h1_msgs_s.ep.rosidl_typesupport_introspection_c.c.o[0m
[2.912s] [ 93%] [32m[1mLinking C shared library rosidl_generator_py/h1_msgs/h1_msgs_s__rosidl_typesupport_c.cpython-310-x86_64-linux-gnu.so[0m
[2.914s] [ 96%] [32m[1mLinking C shared library rosidl_generator_py/h1_msgs/h1_msgs_s__rosidl_typesupport_fastrtps_c.cpython-310-x86_64-linux-gnu.so[0m
[2.919s] [100%] [32m[1mLinking C shared library rosidl_generator_py/h1_msgs/h1_msgs_s__rosidl_typesupport_introspection_c.cpython-310-x86_64-linux-gnu.so[0m
[2.950s] [100%] Built target h1_msgs__rosidl_typesupport_fastrtps_c__pyext
[2.950s] [100%] Built target h1_msgs__rosidl_typesupport_c__pyext
[2.958s] [100%] Built target h1_msgs__rosidl_typesupport_introspection_c__pyext
[2.971s] Invoked command in '/home/whaly/isaac_ws/Isaacsim_ros2_ws/build/h1_msgs' returned '0': CMAKE_PREFIX_PATH=${CMAKE_PREFIX_PATH}:/home/whaly/ros2_addons_ws/install/ros2_controllers_test_nodes:/home/whaly/rl_ws/rl_sar-main/install/robot_py_controller:/home/whaly/Downloads/URDF_ws/install/full_body_description:/home/whaly/isaac_ws/Isaacsim_ros2_ws/install/test_pkg:/home/whaly/isaac_ws/Isaacsim_ros2_ws/install/isaac_tutorials:/home/whaly/isaac_ws/Isaacsim_ros2_ws/install/h1_pkg:/home/whaly/isaac_ws/Isaacsim_ros2_ws/install/ackermann_control:/home/whaly/whaly_ws/install/whaly_pkg:/opt/ros/humble /usr/bin/cmake --build /home/whaly/isaac_ws/Isaacsim_ros2_ws/build/h1_msgs -- -j16 -l16
[2.981s] Invoking command in '/home/whaly/isaac_ws/Isaacsim_ros2_ws/build/h1_msgs': CMAKE_PREFIX_PATH=${CMAKE_PREFIX_PATH}:/home/whaly/ros2_addons_ws/install/ros2_controllers_test_nodes:/home/whaly/rl_ws/rl_sar-main/install/robot_py_controller:/home/whaly/Downloads/URDF_ws/install/full_body_description:/home/whaly/isaac_ws/Isaacsim_ros2_ws/install/test_pkg:/home/whaly/isaac_ws/Isaacsim_ros2_ws/install/isaac_tutorials:/home/whaly/isaac_ws/Isaacsim_ros2_ws/install/h1_pkg:/home/whaly/isaac_ws/Isaacsim_ros2_ws/install/ackermann_control:/home/whaly/whaly_ws/install/whaly_pkg:/opt/ros/humble /usr/bin/cmake --install /home/whaly/isaac_ws/Isaacsim_ros2_ws/build/h1_msgs
[2.988s] -- Install configuration: ""
[2.988s] -- Installing: /home/whaly/isaac_ws/Isaacsim_ros2_ws/install/h1_msgs/share/ament_index/resource_index/rosidl_interfaces/h1_msgs
[2.988s] -- Installing: /home/whaly/isaac_ws/Isaacsim_ros2_ws/install/h1_msgs/include/h1_msgs/h1_msgs
[2.988s] -- Installing: /home/whaly/isaac_ws/Isaacsim_ros2_ws/install/h1_msgs/include/h1_msgs/h1_msgs/msg
[2.988s] -- Installing: /home/whaly/isaac_ws/Isaacsim_ros2_ws/install/h1_msgs/include/h1_msgs/h1_msgs/msg/detail
[2.988s] -- Installing: /home/whaly/isaac_ws/Isaacsim_ros2_ws/install/h1_msgs/include/h1_msgs/h1_msgs/msg/detail/proto_odom__type_support.h
[2.988s] -- Installing: /home/whaly/isaac_ws/Isaacsim_ros2_ws/install/h1_msgs/include/h1_msgs/h1_msgs/msg/detail/proto_odom__functions.c
[2.988s] -- Installing: /home/whaly/isaac_ws/Isaacsim_ros2_ws/install/h1_msgs/include/h1_msgs/h1_msgs/msg/detail/proto_odom__functions.h
[2.988s] -- Installing: /home/whaly/isaac_ws/Isaacsim_ros2_ws/install/h1_msgs/include/h1_msgs/h1_msgs/msg/detail/proto_odom__struct.h
[2.988s] -- Installing: /home/whaly/isaac_ws/Isaacsim_ros2_ws/install/h1_msgs/include/h1_msgs/h1_msgs/msg/rosidl_generator_c__visibility_control.h
[2.989s] -- Installing: /home/whaly/isaac_ws/Isaacsim_ros2_ws/install/h1_msgs/include/h1_msgs/h1_msgs/msg/proto_odom.h
[2.989s] -- Installing: /home/whaly/isaac_ws/Isaacsim_ros2_ws/install/h1_msgs/share/h1_msgs/environment/library_path.sh
[2.989s] -- Installing: /home/whaly/isaac_ws/Isaacsim_ros2_ws/install/h1_msgs/share/h1_msgs/environment/library_path.dsv
[2.989s] -- Installing: /home/whaly/isaac_ws/Isaacsim_ros2_ws/install/h1_msgs/lib/libh1_msgs__rosidl_generator_c.so
[2.989s] -- Set runtime path of "/home/whaly/isaac_ws/Isaacsim_ros2_ws/install/h1_msgs/lib/libh1_msgs__rosidl_generator_c.so" to ""
[2.989s] -- Up-to-date: /home/whaly/isaac_ws/Isaacsim_ros2_ws/install/h1_msgs/include/h1_msgs/h1_msgs
[2.989s] -- Up-to-date: /home/whaly/isaac_ws/Isaacsim_ros2_ws/install/h1_msgs/include/h1_msgs/h1_msgs/msg
[2.989s] -- Installing: /home/whaly/isaac_ws/Isaacsim_ros2_ws/install/h1_msgs/include/h1_msgs/h1_msgs/msg/rosidl_typesupport_fastrtps_c__visibility_control.h
[2.989s] -- Up-to-date: /home/whaly/isaac_ws/Isaacsim_ros2_ws/install/h1_msgs/include/h1_msgs/h1_msgs/msg/detail
[2.989s] -- Installing: /home/whaly/isaac_ws/Isaacsim_ros2_ws/install/h1_msgs/include/h1_msgs/h1_msgs/msg/detail/proto_odom__rosidl_typesupport_fastrtps_c.h
[2.989s] -- Installing: /home/whaly/isaac_ws/Isaacsim_ros2_ws/install/h1_msgs/lib/libh1_msgs__rosidl_typesupport_fastrtps_c.so
[2.989s] -- Set runtime path of "/home/whaly/isaac_ws/Isaacsim_ros2_ws/install/h1_msgs/lib/libh1_msgs__rosidl_typesupport_fastrtps_c.so" to ""
[2.989s] -- Up-to-date: /home/whaly/isaac_ws/Isaacsim_ros2_ws/install/h1_msgs/include/h1_msgs/h1_msgs
[2.989s] -- Up-to-date: /home/whaly/isaac_ws/Isaacsim_ros2_ws/install/h1_msgs/include/h1_msgs/h1_msgs/msg
[2.989s] -- Installing: /home/whaly/isaac_ws/Isaacsim_ros2_ws/install/h1_msgs/include/h1_msgs/h1_msgs/msg/proto_odom.hpp
[2.990s] -- Up-to-date: /home/whaly/isaac_ws/Isaacsim_ros2_ws/install/h1_msgs/include/h1_msgs/h1_msgs/msg/detail
[2.990s] -- Installing: /home/whaly/isaac_ws/Isaacsim_ros2_ws/install/h1_msgs/include/h1_msgs/h1_msgs/msg/detail/proto_odom__builder.hpp
[2.990s] -- Installing: /home/whaly/isaac_ws/Isaacsim_ros2_ws/install/h1_msgs/include/h1_msgs/h1_msgs/msg/detail/proto_odom__struct.hpp
[2.990s] -- Installing: /home/whaly/isaac_ws/Isaacsim_ros2_ws/install/h1_msgs/include/h1_msgs/h1_msgs/msg/detail/proto_odom__traits.hpp
[2.990s] -- Installing: /home/whaly/isaac_ws/Isaacsim_ros2_ws/install/h1_msgs/include/h1_msgs/h1_msgs/msg/detail/proto_odom__type_support.hpp
[2.990s] -- Installing: /home/whaly/isaac_ws/Isaacsim_ros2_ws/install/h1_msgs/include/h1_msgs/h1_msgs/msg/rosidl_generator_cpp__visibility_control.hpp
[2.990s] -- Up-to-date: /home/whaly/isaac_ws/Isaacsim_ros2_ws/install/h1_msgs/include/h1_msgs/h1_msgs
[2.990s] -- Up-to-date: /home/whaly/isaac_ws/Isaacsim_ros2_ws/install/h1_msgs/include/h1_msgs/h1_msgs/msg
[2.990s] -- Installing: /home/whaly/isaac_ws/Isaacsim_ros2_ws/install/h1_msgs/include/h1_msgs/h1_msgs/msg/rosidl_typesupport_fastrtps_cpp__visibility_control.h
[2.990s] -- Up-to-date: /home/whaly/isaac_ws/Isaacsim_ros2_ws/install/h1_msgs/include/h1_msgs/h1_msgs/msg/detail
[2.990s] -- Installing: /home/whaly/isaac_ws/Isaacsim_ros2_ws/install/h1_msgs/include/h1_msgs/h1_msgs/msg/detail/proto_odom__rosidl_typesupport_fastrtps_cpp.hpp
[2.990s] -- Installing: /home/whaly/isaac_ws/Isaacsim_ros2_ws/install/h1_msgs/include/h1_msgs/h1_msgs/msg/detail/dds_fastrtps
[2.990s] -- Installing: /home/whaly/isaac_ws/Isaacsim_ros2_ws/install/h1_msgs/lib/libh1_msgs__rosidl_typesupport_fastrtps_cpp.so
[2.990s] -- Set runtime path of "/home/whaly/isaac_ws/Isaacsim_ros2_ws/install/h1_msgs/lib/libh1_msgs__rosidl_typesupport_fastrtps_cpp.so" to ""
[2.990s] -- Up-to-date: /home/whaly/isaac_ws/Isaacsim_ros2_ws/install/h1_msgs/include/h1_msgs/h1_msgs
[2.990s] -- Up-to-date: /home/whaly/isaac_ws/Isaacsim_ros2_ws/install/h1_msgs/include/h1_msgs/h1_msgs/msg
[2.990s] -- Installing: /home/whaly/isaac_ws/Isaacsim_ros2_ws/install/h1_msgs/include/h1_msgs/h1_msgs/msg/rosidl_typesupport_introspection_c__visibility_control.h
[2.990s] -- Up-to-date: /home/whaly/isaac_ws/Isaacsim_ros2_ws/install/h1_msgs/include/h1_msgs/h1_msgs/msg/detail
[2.991s] -- Installing: /home/whaly/isaac_ws/Isaacsim_ros2_ws/install/h1_msgs/include/h1_msgs/h1_msgs/msg/detail/proto_odom__type_support.c
[2.991s] -- Installing: /home/whaly/isaac_ws/Isaacsim_ros2_ws/install/h1_msgs/include/h1_msgs/h1_msgs/msg/detail/proto_odom__rosidl_typesupport_introspection_c.h
[2.991s] -- Installing: /home/whaly/isaac_ws/Isaacsim_ros2_ws/install/h1_msgs/lib/libh1_msgs__rosidl_typesupport_introspection_c.so
[2.991s] -- Set runtime path of "/home/whaly/isaac_ws/Isaacsim_ros2_ws/install/h1_msgs/lib/libh1_msgs__rosidl_typesupport_introspection_c.so" to ""
[2.991s] -- Installing: /home/whaly/isaac_ws/Isaacsim_ros2_ws/install/h1_msgs/lib/libh1_msgs__rosidl_typesupport_c.so
[2.991s] -- Set runtime path of "/home/whaly/isaac_ws/Isaacsim_ros2_ws/install/h1_msgs/lib/libh1_msgs__rosidl_typesupport_c.so" to ""
[2.991s] -- Up-to-date: /home/whaly/isaac_ws/Isaacsim_ros2_ws/install/h1_msgs/include/h1_msgs/h1_msgs
[2.991s] -- Up-to-date: /home/whaly/isaac_ws/Isaacsim_ros2_ws/install/h1_msgs/include/h1_msgs/h1_msgs/msg
[2.991s] -- Up-to-date: /home/whaly/isaac_ws/Isaacsim_ros2_ws/install/h1_msgs/include/h1_msgs/h1_msgs/msg/detail
[2.991s] -- Installing: /home/whaly/isaac_ws/Isaacsim_ros2_ws/install/h1_msgs/include/h1_msgs/h1_msgs/msg/detail/proto_odom__type_support.cpp
[2.991s] -- Installing: /home/whaly/isaac_ws/Isaacsim_ros2_ws/install/h1_msgs/include/h1_msgs/h1_msgs/msg/detail/proto_odom__rosidl_typesupport_introspection_cpp.hpp
[2.991s] -- Installing: /home/whaly/isaac_ws/Isaacsim_ros2_ws/install/h1_msgs/lib/libh1_msgs__rosidl_typesupport_introspection_cpp.so
[2.991s] -- Set runtime path of "/home/whaly/isaac_ws/Isaacsim_ros2_ws/install/h1_msgs/lib/libh1_msgs__rosidl_typesupport_introspection_cpp.so" to ""
[2.991s] -- Installing: /home/whaly/isaac_ws/Isaacsim_ros2_ws/install/h1_msgs/lib/libh1_msgs__rosidl_typesupport_cpp.so
[2.991s] -- Set runtime path of "/home/whaly/isaac_ws/Isaacsim_ros2_ws/install/h1_msgs/lib/libh1_msgs__rosidl_typesupport_cpp.so" to ""
[2.992s] -- Installing: /home/whaly/isaac_ws/Isaacsim_ros2_ws/install/h1_msgs/share/h1_msgs/environment/pythonpath.sh
[2.992s] -- Installing: /home/whaly/isaac_ws/Isaacsim_ros2_ws/install/h1_msgs/share/h1_msgs/environment/pythonpath.dsv
[2.992s] -- Installing: /home/whaly/isaac_ws/Isaacsim_ros2_ws/install/h1_msgs/local/lib/python3.10/dist-packages/h1_msgs-0.0.0-py3.10.egg-info
[2.992s] -- Installing: /home/whaly/isaac_ws/Isaacsim_ros2_ws/install/h1_msgs/local/lib/python3.10/dist-packages/h1_msgs-0.0.0-py3.10.egg-info/PKG-INFO
[2.992s] -- Installing: /home/whaly/isaac_ws/Isaacsim_ros2_ws/install/h1_msgs/local/lib/python3.10/dist-packages/h1_msgs-0.0.0-py3.10.egg-info/top_level.txt
[2.992s] -- Installing: /home/whaly/isaac_ws/Isaacsim_ros2_ws/install/h1_msgs/local/lib/python3.10/dist-packages/h1_msgs-0.0.0-py3.10.egg-info/dependency_links.txt
[2.992s] -- Installing: /home/whaly/isaac_ws/Isaacsim_ros2_ws/install/h1_msgs/local/lib/python3.10/dist-packages/h1_msgs-0.0.0-py3.10.egg-info/SOURCES.txt
[2.992s] -- Installing: /home/whaly/isaac_ws/Isaacsim_ros2_ws/install/h1_msgs/local/lib/python3.10/dist-packages/h1_msgs
[2.992s] -- Installing: /home/whaly/isaac_ws/Isaacsim_ros2_ws/install/h1_msgs/local/lib/python3.10/dist-packages/h1_msgs/libh1_msgs__rosidl_generator_py.so
[2.992s] -- Installing: /home/whaly/isaac_ws/Isaacsim_ros2_ws/install/h1_msgs/local/lib/python3.10/dist-packages/h1_msgs/_h1_msgs_s.ep.rosidl_typesupport_fastrtps_c.c
[2.993s] -- Installing: /home/whaly/isaac_ws/Isaacsim_ros2_ws/install/h1_msgs/local/lib/python3.10/dist-packages/h1_msgs/_h1_msgs_s.ep.rosidl_typesupport_c.c
[2.993s] -- Installing: /home/whaly/isaac_ws/Isaacsim_ros2_ws/install/h1_msgs/local/lib/python3.10/dist-packages/h1_msgs/h1_msgs_s__rosidl_typesupport_c.cpython-310-x86_64-linux-gnu.so
[2.993s] -- Installing: /home/whaly/isaac_ws/Isaacsim_ros2_ws/install/h1_msgs/local/lib/python3.10/dist-packages/h1_msgs/__init__.py
[2.993s] -- Installing: /home/whaly/isaac_ws/Isaacsim_ros2_ws/install/h1_msgs/local/lib/python3.10/dist-packages/h1_msgs/h1_msgs_s__rosidl_typesupport_fastrtps_c.cpython-310-x86_64-linux-gnu.so
[2.993s] -- Installing: /home/whaly/isaac_ws/Isaacsim_ros2_ws/install/h1_msgs/local/lib/python3.10/dist-packages/h1_msgs/h1_msgs_s__rosidl_typesupport_introspection_c.cpython-310-x86_64-linux-gnu.so
[2.993s] -- Installing: /home/whaly/isaac_ws/Isaacsim_ros2_ws/install/h1_msgs/local/lib/python3.10/dist-packages/h1_msgs/_h1_msgs_s.ep.rosidl_typesupport_introspection_c.c
[2.993s] -- Installing: /home/whaly/isaac_ws/Isaacsim_ros2_ws/install/h1_msgs/local/lib/python3.10/dist-packages/h1_msgs/msg
[2.993s] -- Installing: /home/whaly/isaac_ws/Isaacsim_ros2_ws/install/h1_msgs/local/lib/python3.10/dist-packages/h1_msgs/msg/_proto_odom.py
[2.993s] -- Installing: /home/whaly/isaac_ws/Isaacsim_ros2_ws/install/h1_msgs/local/lib/python3.10/dist-packages/h1_msgs/msg/__init__.py
[2.993s] -- Installing: /home/whaly/isaac_ws/Isaacsim_ros2_ws/install/h1_msgs/local/lib/python3.10/dist-packages/h1_msgs/msg/_proto_odom_s.c
[3.024s] Listing '/home/whaly/isaac_ws/Isaacsim_ros2_ws/install/h1_msgs/local/lib/python3.10/dist-packages/h1_msgs'...
[3.024s] Compiling '/home/whaly/isaac_ws/Isaacsim_ros2_ws/install/h1_msgs/local/lib/python3.10/dist-packages/h1_msgs/__init__.py'...
[3.024s] Listing '/home/whaly/isaac_ws/Isaacsim_ros2_ws/install/h1_msgs/local/lib/python3.10/dist-packages/h1_msgs/msg'...
[3.025s] Compiling '/home/whaly/isaac_ws/Isaacsim_ros2_ws/install/h1_msgs/local/lib/python3.10/dist-packages/h1_msgs/msg/__init__.py'...
[3.025s] Compiling '/home/whaly/isaac_ws/Isaacsim_ros2_ws/install/h1_msgs/local/lib/python3.10/dist-packages/h1_msgs/msg/_proto_odom.py'...
[3.028s] -- Installing: /home/whaly/isaac_ws/Isaacsim_ros2_ws/install/h1_msgs/local/lib/python3.10/dist-packages/h1_msgs/h1_msgs_s__rosidl_typesupport_fastrtps_c.cpython-310-x86_64-linux-gnu.so
[3.028s] -- Set runtime path of "/home/whaly/isaac_ws/Isaacsim_ros2_ws/install/h1_msgs/local/lib/python3.10/dist-packages/h1_msgs/h1_msgs_s__rosidl_typesupport_fastrtps_c.cpython-310-x86_64-linux-gnu.so" to ""
[3.029s] -- Installing: /home/whaly/isaac_ws/Isaacsim_ros2_ws/install/h1_msgs/local/lib/python3.10/dist-packages/h1_msgs/h1_msgs_s__rosidl_typesupport_introspection_c.cpython-310-x86_64-linux-gnu.so
[3.029s] -- Set runtime path of "/home/whaly/isaac_ws/Isaacsim_ros2_ws/install/h1_msgs/local/lib/python3.10/dist-packages/h1_msgs/h1_msgs_s__rosidl_typesupport_introspection_c.cpython-310-x86_64-linux-gnu.so" to ""
[3.029s] -- Installing: /home/whaly/isaac_ws/Isaacsim_ros2_ws/install/h1_msgs/local/lib/python3.10/dist-packages/h1_msgs/h1_msgs_s__rosidl_typesupport_c.cpython-310-x86_64-linux-gnu.so
[3.029s] -- Set runtime path of "/home/whaly/isaac_ws/Isaacsim_ros2_ws/install/h1_msgs/local/lib/python3.10/dist-packages/h1_msgs/h1_msgs_s__rosidl_typesupport_c.cpython-310-x86_64-linux-gnu.so" to ""
[3.029s] -- Installing: /home/whaly/isaac_ws/Isaacsim_ros2_ws/install/h1_msgs/lib/libh1_msgs__rosidl_generator_py.so
[3.030s] -- Set runtime path of "/home/whaly/isaac_ws/Isaacsim_ros2_ws/install/h1_msgs/lib/libh1_msgs__rosidl_generator_py.so" to ""
[3.030s] -- Installing: /home/whaly/isaac_ws/Isaacsim_ros2_ws/install/h1_msgs/share/h1_msgs/msg/ProtoOdom.idl
[3.030s] -- Installing: /home/whaly/isaac_ws/Isaacsim_ros2_ws/install/h1_msgs/share/h1_msgs/msg/ProtoOdom.msg
[3.030s] -- Installing: /home/whaly/isaac_ws/Isaacsim_ros2_ws/install/h1_msgs/share/ament_index/resource_index/package_run_dependencies/h1_msgs
[3.030s] -- Installing: /home/whaly/isaac_ws/Isaacsim_ros2_ws/install/h1_msgs/share/ament_index/resource_index/parent_prefix_path/h1_msgs
[3.030s] -- Installing: /home/whaly/isaac_ws/Isaacsim_ros2_ws/install/h1_msgs/share/h1_msgs/environment/ament_prefix_path.sh
[3.030s] -- Installing: /home/whaly/isaac_ws/Isaacsim_ros2_ws/install/h1_msgs/share/h1_msgs/environment/ament_prefix_path.dsv
[3.031s] -- Installing: /home/whaly/isaac_ws/Isaacsim_ros2_ws/install/h1_msgs/share/h1_msgs/environment/path.sh
[3.031s] -- Installing: /home/whaly/isaac_ws/Isaacsim_ros2_ws/install/h1_msgs/share/h1_msgs/environment/path.dsv
[3.031s] -- Installing: /home/whaly/isaac_ws/Isaacsim_ros2_ws/install/h1_msgs/share/h1_msgs/local_setup.bash
[3.031s] -- Installing: /home/whaly/isaac_ws/Isaacsim_ros2_ws/install/h1_msgs/share/h1_msgs/local_setup.sh
[3.031s] -- Installing: /home/whaly/isaac_ws/Isaacsim_ros2_ws/install/h1_msgs/share/h1_msgs/local_setup.zsh
[3.031s] -- Installing: /home/whaly/isaac_ws/Isaacsim_ros2_ws/install/h1_msgs/share/h1_msgs/local_setup.dsv
[3.031s] -- Installing: /home/whaly/isaac_ws/Isaacsim_ros2_ws/install/h1_msgs/share/h1_msgs/package.dsv
[3.031s] -- Installing: /home/whaly/isaac_ws/Isaacsim_ros2_ws/install/h1_msgs/share/ament_index/resource_index/packages/h1_msgs
[3.032s] -- Installing: /home/whaly/isaac_ws/Isaacsim_ros2_ws/install/h1_msgs/share/h1_msgs/cmake/export_h1_msgs__rosidl_generator_cExport.cmake
[3.032s] -- Installing: /home/whaly/isaac_ws/Isaacsim_ros2_ws/install/h1_msgs/share/h1_msgs/cmake/export_h1_msgs__rosidl_generator_cExport-noconfig.cmake
[3.033s] -- Installing: /home/whaly/isaac_ws/Isaacsim_ros2_ws/install/h1_msgs/share/h1_msgs/cmake/export_h1_msgs__rosidl_typesupport_fastrtps_cExport.cmake
[3.033s] -- Installing: /home/whaly/isaac_ws/Isaacsim_ros2_ws/install/h1_msgs/share/h1_msgs/cmake/export_h1_msgs__rosidl_typesupport_fastrtps_cExport-noconfig.cmake
[3.033s] -- Installing: /home/whaly/isaac_ws/Isaacsim_ros2_ws/install/h1_msgs/share/h1_msgs/cmake/export_h1_msgs__rosidl_generator_cppExport.cmake
[3.033s] -- Installing: /home/whaly/isaac_ws/Isaacsim_ros2_ws/install/h1_msgs/share/h1_msgs/cmake/export_h1_msgs__rosidl_typesupport_fastrtps_cppExport.cmake
[3.033s] -- Installing: /home/whaly/isaac_ws/Isaacsim_ros2_ws/install/h1_msgs/share/h1_msgs/cmake/export_h1_msgs__rosidl_typesupport_fastrtps_cppExport-noconfig.cmake
[3.033s] -- Installing: /home/whaly/isaac_ws/Isaacsim_ros2_ws/install/h1_msgs/share/h1_msgs/cmake/h1_msgs__rosidl_typesupport_introspection_cExport.cmake
[3.033s] -- Installing: /home/whaly/isaac_ws/Isaacsim_ros2_ws/install/h1_msgs/share/h1_msgs/cmake/h1_msgs__rosidl_typesupport_introspection_cExport-noconfig.cmake
[3.033s] -- Installing: /home/whaly/isaac_ws/Isaacsim_ros2_ws/install/h1_msgs/share/h1_msgs/cmake/h1_msgs__rosidl_typesupport_cExport.cmake
[3.033s] -- Installing: /home/whaly/isaac_ws/Isaacsim_ros2_ws/install/h1_msgs/share/h1_msgs/cmake/h1_msgs__rosidl_typesupport_cExport-noconfig.cmake
[3.034s] -- Installing: /home/whaly/isaac_ws/Isaacsim_ros2_ws/install/h1_msgs/share/h1_msgs/cmake/h1_msgs__rosidl_typesupport_introspection_cppExport.cmake
[3.034s] -- Installing: /home/whaly/isaac_ws/Isaacsim_ros2_ws/install/h1_msgs/share/h1_msgs/cmake/h1_msgs__rosidl_typesupport_introspection_cppExport-noconfig.cmake
[3.034s] -- Installing: /home/whaly/isaac_ws/Isaacsim_ros2_ws/install/h1_msgs/share/h1_msgs/cmake/h1_msgs__rosidl_typesupport_cppExport.cmake
[3.034s] -- Installing: /home/whaly/isaac_ws/Isaacsim_ros2_ws/install/h1_msgs/share/h1_msgs/cmake/h1_msgs__rosidl_typesupport_cppExport-noconfig.cmake
[3.034s] -- Installing: /home/whaly/isaac_ws/Isaacsim_ros2_ws/install/h1_msgs/share/h1_msgs/cmake/export_h1_msgs__rosidl_generator_pyExport.cmake
[3.034s] -- Installing: /home/whaly/isaac_ws/Isaacsim_ros2_ws/install/h1_msgs/share/h1_msgs/cmake/export_h1_msgs__rosidl_generator_pyExport-noconfig.cmake
[3.034s] -- Installing: /home/whaly/isaac_ws/Isaacsim_ros2_ws/install/h1_msgs/share/h1_msgs/cmake/rosidl_cmake-extras.cmake
[3.035s] -- Installing: /home/whaly/isaac_ws/Isaacsim_ros2_ws/install/h1_msgs/share/h1_msgs/cmake/ament_cmake_export_dependencies-extras.cmake
[3.035s] -- Installing: /home/whaly/isaac_ws/Isaacsim_ros2_ws/install/h1_msgs/share/h1_msgs/cmake/ament_cmake_export_include_directories-extras.cmake
[3.035s] -- Installing: /home/whaly/isaac_ws/Isaacsim_ros2_ws/install/h1_msgs/share/h1_msgs/cmake/ament_cmake_export_libraries-extras.cmake
[3.035s] -- Installing: /home/whaly/isaac_ws/Isaacsim_ros2_ws/install/h1_msgs/share/h1_msgs/cmake/ament_cmake_export_targets-extras.cmake
[3.035s] -- Installing: /home/whaly/isaac_ws/Isaacsim_ros2_ws/install/h1_msgs/share/h1_msgs/cmake/rosidl_cmake_export_typesupport_targets-extras.cmake
[3.036s] -- Installing: /home/whaly/isaac_ws/Isaacsim_ros2_ws/install/h1_msgs/share/h1_msgs/cmake/rosidl_cmake_export_typesupport_libraries-extras.cmake
[3.036s] -- Installing: /home/whaly/isaac_ws/Isaacsim_ros2_ws/install/h1_msgs/share/h1_msgs/cmake/h1_msgsConfig.cmake
[3.036s] -- Installing: /home/whaly/isaac_ws/Isaacsim_ros2_ws/install/h1_msgs/share/h1_msgs/cmake/h1_msgsConfig-version.cmake
[3.036s] -- Installing: /home/whaly/isaac_ws/Isaacsim_ros2_ws/install/h1_msgs/share/h1_msgs/package.xml
[3.037s] Invoked command in '/home/whaly/isaac_ws/Isaacsim_ros2_ws/build/h1_msgs' returned '0': CMAKE_PREFIX_PATH=${CMAKE_PREFIX_PATH}:/home/whaly/ros2_addons_ws/install/ros2_controllers_test_nodes:/home/whaly/rl_ws/rl_sar-main/install/robot_py_controller:/home/whaly/Downloads/URDF_ws/install/full_body_description:/home/whaly/isaac_ws/Isaacsim_ros2_ws/install/test_pkg:/home/whaly/isaac_ws/Isaacsim_ros2_ws/install/isaac_tutorials:/home/whaly/isaac_ws/Isaacsim_ros2_ws/install/h1_pkg:/home/whaly/isaac_ws/Isaacsim_ros2_ws/install/ackermann_control:/home/whaly/whaly_ws/install/whaly_pkg:/opt/ros/humble /usr/bin/cmake --install /home/whaly/isaac_ws/Isaacsim_ros2_ws/build/h1_msgs
