[0.065s] DEBUG:colcon:Command line arguments: ['/usr/bin/colcon', 'build']
[0.065s] DEBUG:colcon:Parsed command line arguments: Namespace(log_base=None, log_level=None, verb_name='build', build_base='build', install_base='install', merge_install=False, symlink_install=False, test_result_base=None, continue_on_error=False, executor='parallel', parallel_workers=16, event_handlers=None, ignore_user_meta=False, metas=['./colcon.meta'], base_paths=['.'], packages_ignore=None, packages_ignore_regex=None, paths=None, packages_up_to=None, packages_up_to_regex=None, packages_above=None, packages_above_and_dependencies=None, packages_above_depth=None, packages_select_by_dep=None, packages_skip_by_dep=None, packages_skip_up_to=None, packages_select_build_failed=False, packages_skip_build_finished=False, packages_select_test_failures=False, packages_skip_test_passed=False, packages_select=None, packages_skip=None, packages_select_regex=None, packages_skip_regex=None, packages_start=None, packages_end=None, allow_overriding=[], cmake_args=None, cmake_target=None, cmake_target_skip_unavailable=False, cmake_clean_cache=False, cmake_clean_first=False, cmake_force_configure=False, ament_cmake_args=None, catkin_cmake_args=None, catkin_skip_building_tests=False, verb_parser=<colcon_defaults.argument_parser.defaults.DefaultArgumentsDecorator object at 0x7d11d1b27550>, verb_extension=<colcon_core.verb.build.BuildVerb object at 0x7d11d1b27100>, main=<bound method BuildVerb.main of <colcon_core.verb.build.BuildVerb object at 0x7d11d1b27100>>)
[0.165s] Level 1:colcon.colcon_core.package_discovery:discover_packages(colcon_meta) check parameters
[0.165s] Level 1:colcon.colcon_core.package_discovery:discover_packages(recursive) check parameters
[0.165s] Level 1:colcon.colcon_core.package_discovery:discover_packages(ignore) check parameters
[0.165s] Level 1:colcon.colcon_core.package_discovery:discover_packages(path) check parameters
[0.165s] Level 1:colcon.colcon_core.package_discovery:discover_packages(colcon_meta) discover
[0.165s] Level 1:colcon.colcon_core.package_discovery:discover_packages(recursive) discover
[0.165s] INFO:colcon.colcon_core.package_discovery:Crawling recursively for packages in '/home/whaly/isaac_ws/Isaacsim_ros2_ws'
[0.165s] Level 1:colcon.colcon_core.package_identification:_identify(.) by extensions ['ignore', 'ignore_ament_install']
[0.165s] Level 1:colcon.colcon_core.package_identification:_identify(.) by extension 'ignore'
[0.165s] Level 1:colcon.colcon_core.package_identification:_identify(.) by extension 'ignore_ament_install'
[0.165s] Level 1:colcon.colcon_core.package_identification:_identify(.) by extensions ['colcon_pkg']
[0.165s] Level 1:colcon.colcon_core.package_identification:_identify(.) by extension 'colcon_pkg'
[0.165s] Level 1:colcon.colcon_core.package_identification:_identify(.) by extensions ['colcon_meta']
[0.165s] Level 1:colcon.colcon_core.package_identification:_identify(.) by extension 'colcon_meta'
[0.165s] Level 1:colcon.colcon_core.package_identification:_identify(.) by extensions ['ros']
[0.165s] Level 1:colcon.colcon_core.package_identification:_identify(.) by extension 'ros'
[0.172s] Level 1:colcon.colcon_core.package_identification:_identify(.) by extensions ['cmake', 'python']
[0.172s] Level 1:colcon.colcon_core.package_identification:_identify(.) by extension 'cmake'
[0.172s] Level 1:colcon.colcon_core.package_identification:_identify(.) by extension 'python'
[0.172s] Level 1:colcon.colcon_core.package_identification:_identify(.) by extensions ['python_setup_py']
[0.172s] Level 1:colcon.colcon_core.package_identification:_identify(.) by extension 'python_setup_py'
[0.172s] Level 1:colcon.colcon_core.package_identification:_identify(build) by extensions ['ignore', 'ignore_ament_install']
[0.172s] Level 1:colcon.colcon_core.package_identification:_identify(build) by extension 'ignore'
[0.172s] Level 1:colcon.colcon_core.package_identification:_identify(build) ignored
[0.172s] Level 1:colcon.colcon_core.package_identification:_identify(install) by extensions ['ignore', 'ignore_ament_install']
[0.172s] Level 1:colcon.colcon_core.package_identification:_identify(install) by extension 'ignore'
[0.172s] Level 1:colcon.colcon_core.package_identification:_identify(install) ignored
[0.172s] Level 1:colcon.colcon_core.package_identification:_identify(launch) by extensions ['ignore', 'ignore_ament_install']
[0.173s] Level 1:colcon.colcon_core.package_identification:_identify(launch) by extension 'ignore'
[0.173s] Level 1:colcon.colcon_core.package_identification:_identify(launch) by extension 'ignore_ament_install'
[0.173s] Level 1:colcon.colcon_core.package_identification:_identify(launch) by extensions ['colcon_pkg']
[0.173s] Level 1:colcon.colcon_core.package_identification:_identify(launch) by extension 'colcon_pkg'
[0.173s] Level 1:colcon.colcon_core.package_identification:_identify(launch) by extensions ['colcon_meta']
[0.173s] Level 1:colcon.colcon_core.package_identification:_identify(launch) by extension 'colcon_meta'
[0.173s] Level 1:colcon.colcon_core.package_identification:_identify(launch) by extensions ['ros']
[0.173s] Level 1:colcon.colcon_core.package_identification:_identify(launch) by extension 'ros'
[0.173s] Level 1:colcon.colcon_core.package_identification:_identify(launch) by extensions ['cmake', 'python']
[0.173s] Level 1:colcon.colcon_core.package_identification:_identify(launch) by extension 'cmake'
[0.173s] Level 1:colcon.colcon_core.package_identification:_identify(launch) by extension 'python'
[0.173s] Level 1:colcon.colcon_core.package_identification:_identify(launch) by extensions ['python_setup_py']
[0.173s] Level 1:colcon.colcon_core.package_identification:_identify(launch) by extension 'python_setup_py'
[0.173s] Level 1:colcon.colcon_core.package_identification:_identify(log) by extensions ['ignore', 'ignore_ament_install']
[0.173s] Level 1:colcon.colcon_core.package_identification:_identify(log) by extension 'ignore'
[0.173s] Level 1:colcon.colcon_core.package_identification:_identify(log) ignored
[0.173s] Level 1:colcon.colcon_core.package_identification:_identify(src) by extensions ['ignore', 'ignore_ament_install']
[0.173s] Level 1:colcon.colcon_core.package_identification:_identify(src) by extension 'ignore'
[0.173s] Level 1:colcon.colcon_core.package_identification:_identify(src) by extension 'ignore_ament_install'
[0.173s] Level 1:colcon.colcon_core.package_identification:_identify(src) by extensions ['colcon_pkg']
[0.173s] Level 1:colcon.colcon_core.package_identification:_identify(src) by extension 'colcon_pkg'
[0.173s] Level 1:colcon.colcon_core.package_identification:_identify(src) by extensions ['colcon_meta']
[0.173s] Level 1:colcon.colcon_core.package_identification:_identify(src) by extension 'colcon_meta'
[0.173s] Level 1:colcon.colcon_core.package_identification:_identify(src) by extensions ['ros']
[0.173s] Level 1:colcon.colcon_core.package_identification:_identify(src) by extension 'ros'
[0.173s] Level 1:colcon.colcon_core.package_identification:_identify(src) by extensions ['cmake', 'python']
[0.173s] Level 1:colcon.colcon_core.package_identification:_identify(src) by extension 'cmake'
[0.173s] Level 1:colcon.colcon_core.package_identification:_identify(src) by extension 'python'
[0.173s] Level 1:colcon.colcon_core.package_identification:_identify(src) by extensions ['python_setup_py']
[0.173s] Level 1:colcon.colcon_core.package_identification:_identify(src) by extension 'python_setup_py'
[0.173s] Level 1:colcon.colcon_core.package_identification:_identify(src/ackermann_control) by extensions ['ignore', 'ignore_ament_install']
[0.173s] Level 1:colcon.colcon_core.package_identification:_identify(src/ackermann_control) by extension 'ignore'
[0.173s] Level 1:colcon.colcon_core.package_identification:_identify(src/ackermann_control) by extension 'ignore_ament_install'
[0.173s] Level 1:colcon.colcon_core.package_identification:_identify(src/ackermann_control) by extensions ['colcon_pkg']
[0.173s] Level 1:colcon.colcon_core.package_identification:_identify(src/ackermann_control) by extension 'colcon_pkg'
[0.173s] Level 1:colcon.colcon_core.package_identification:_identify(src/ackermann_control) by extensions ['colcon_meta']
[0.174s] Level 1:colcon.colcon_core.package_identification:_identify(src/ackermann_control) by extension 'colcon_meta'
[0.174s] Level 1:colcon.colcon_core.package_identification:_identify(src/ackermann_control) by extensions ['ros']
[0.174s] Level 1:colcon.colcon_core.package_identification:_identify(src/ackermann_control) by extension 'ros'
[0.175s] DEBUG:colcon.colcon_core.package_identification:Package 'src/ackermann_control' with type 'ros.ament_python' and name 'ackermann_control'
[0.175s] Level 1:colcon.colcon_core.package_identification:_identify(src/custom_interface) by extensions ['ignore', 'ignore_ament_install']
[0.175s] Level 1:colcon.colcon_core.package_identification:_identify(src/custom_interface) by extension 'ignore'
[0.175s] Level 1:colcon.colcon_core.package_identification:_identify(src/custom_interface) by extension 'ignore_ament_install'
[0.175s] Level 1:colcon.colcon_core.package_identification:_identify(src/custom_interface) by extensions ['colcon_pkg']
[0.175s] Level 1:colcon.colcon_core.package_identification:_identify(src/custom_interface) by extension 'colcon_pkg'
[0.175s] Level 1:colcon.colcon_core.package_identification:_identify(src/custom_interface) by extensions ['colcon_meta']
[0.175s] Level 1:colcon.colcon_core.package_identification:_identify(src/custom_interface) by extension 'colcon_meta'
[0.175s] Level 1:colcon.colcon_core.package_identification:_identify(src/custom_interface) by extensions ['ros']
[0.175s] Level 1:colcon.colcon_core.package_identification:_identify(src/custom_interface) by extension 'ros'
[0.176s] DEBUG:colcon.colcon_core.package_identification:Package 'src/custom_interface' with type 'ros.ament_cmake' and name 'custom_interface'
[0.176s] Level 1:colcon.colcon_core.package_identification:_identify(src/h1_msgs) by extensions ['ignore', 'ignore_ament_install']
[0.176s] Level 1:colcon.colcon_core.package_identification:_identify(src/h1_msgs) by extension 'ignore'
[0.176s] Level 1:colcon.colcon_core.package_identification:_identify(src/h1_msgs) by extension 'ignore_ament_install'
[0.176s] Level 1:colcon.colcon_core.package_identification:_identify(src/h1_msgs) by extensions ['colcon_pkg']
[0.176s] Level 1:colcon.colcon_core.package_identification:_identify(src/h1_msgs) by extension 'colcon_pkg'
[0.176s] Level 1:colcon.colcon_core.package_identification:_identify(src/h1_msgs) by extensions ['colcon_meta']
[0.176s] Level 1:colcon.colcon_core.package_identification:_identify(src/h1_msgs) by extension 'colcon_meta'
[0.176s] Level 1:colcon.colcon_core.package_identification:_identify(src/h1_msgs) by extensions ['ros']
[0.176s] Level 1:colcon.colcon_core.package_identification:_identify(src/h1_msgs) by extension 'ros'
[0.177s] DEBUG:colcon.colcon_core.package_identification:Package 'src/h1_msgs' with type 'ros.ament_cmake' and name 'h1_msgs'
[0.177s] Level 1:colcon.colcon_core.package_identification:_identify(src/h1_pkg) by extensions ['ignore', 'ignore_ament_install']
[0.177s] Level 1:colcon.colcon_core.package_identification:_identify(src/h1_pkg) by extension 'ignore'
[0.177s] Level 1:colcon.colcon_core.package_identification:_identify(src/h1_pkg) by extension 'ignore_ament_install'
[0.177s] Level 1:colcon.colcon_core.package_identification:_identify(src/h1_pkg) by extensions ['colcon_pkg']
[0.177s] Level 1:colcon.colcon_core.package_identification:_identify(src/h1_pkg) by extension 'colcon_pkg'
[0.177s] Level 1:colcon.colcon_core.package_identification:_identify(src/h1_pkg) by extensions ['colcon_meta']
[0.177s] Level 1:colcon.colcon_core.package_identification:_identify(src/h1_pkg) by extension 'colcon_meta'
[0.177s] Level 1:colcon.colcon_core.package_identification:_identify(src/h1_pkg) by extensions ['ros']
[0.177s] Level 1:colcon.colcon_core.package_identification:_identify(src/h1_pkg) by extension 'ros'
[0.177s] DEBUG:colcon.colcon_core.package_identification:Package 'src/h1_pkg' with type 'ros.ament_python' and name 'h1_pkg'
[0.177s] Level 1:colcon.colcon_core.package_identification:_identify(src/isaac_tutorials) by extensions ['ignore', 'ignore_ament_install']
[0.177s] Level 1:colcon.colcon_core.package_identification:_identify(src/isaac_tutorials) by extension 'ignore'
[0.177s] Level 1:colcon.colcon_core.package_identification:_identify(src/isaac_tutorials) by extension 'ignore_ament_install'
[0.178s] Level 1:colcon.colcon_core.package_identification:_identify(src/isaac_tutorials) by extensions ['colcon_pkg']
[0.178s] Level 1:colcon.colcon_core.package_identification:_identify(src/isaac_tutorials) by extension 'colcon_pkg'
[0.178s] Level 1:colcon.colcon_core.package_identification:_identify(src/isaac_tutorials) by extensions ['colcon_meta']
[0.178s] Level 1:colcon.colcon_core.package_identification:_identify(src/isaac_tutorials) by extension 'colcon_meta'
[0.178s] Level 1:colcon.colcon_core.package_identification:_identify(src/isaac_tutorials) by extensions ['ros']
[0.178s] Level 1:colcon.colcon_core.package_identification:_identify(src/isaac_tutorials) by extension 'ros'
[0.178s] DEBUG:colcon.colcon_core.package_identification:Package 'src/isaac_tutorials' with type 'ros.ament_python' and name 'isaac_tutorials'
[0.178s] Level 1:colcon.colcon_core.package_identification:_identify(src/test_pkg) by extensions ['ignore', 'ignore_ament_install']
[0.178s] Level 1:colcon.colcon_core.package_identification:_identify(src/test_pkg) by extension 'ignore'
[0.178s] Level 1:colcon.colcon_core.package_identification:_identify(src/test_pkg) by extension 'ignore_ament_install'
[0.178s] Level 1:colcon.colcon_core.package_identification:_identify(src/test_pkg) by extensions ['colcon_pkg']
[0.178s] Level 1:colcon.colcon_core.package_identification:_identify(src/test_pkg) by extension 'colcon_pkg'
[0.178s] Level 1:colcon.colcon_core.package_identification:_identify(src/test_pkg) by extensions ['colcon_meta']
[0.178s] Level 1:colcon.colcon_core.package_identification:_identify(src/test_pkg) by extension 'colcon_meta'
[0.178s] Level 1:colcon.colcon_core.package_identification:_identify(src/test_pkg) by extensions ['ros']
[0.178s] Level 1:colcon.colcon_core.package_identification:_identify(src/test_pkg) by extension 'ros'
[0.179s] DEBUG:colcon.colcon_core.package_identification:Package 'src/test_pkg' with type 'ros.ament_python' and name 'test_pkg'
[0.179s] Level 1:colcon.colcon_core.package_discovery:discover_packages(recursive) using defaults
[0.179s] Level 1:colcon.colcon_core.package_discovery:discover_packages(ignore) discover
[0.179s] Level 1:colcon.colcon_core.package_discovery:discover_packages(ignore) using defaults
[0.179s] Level 1:colcon.colcon_core.package_discovery:discover_packages(path) discover
[0.179s] Level 1:colcon.colcon_core.package_discovery:discover_packages(path) using defaults
[0.198s] Level 1:colcon.colcon_core.package_discovery:discover_packages(prefix_path) check parameters
[0.198s] Level 1:colcon.colcon_core.package_discovery:discover_packages(prefix_path) discover
[0.199s] WARNING:colcon.colcon_ros.prefix_path.ament:The path '/home/whaly/isaac_ws/Isaacsim_ros2_ws/install/custom_msgs' in the environment variable AMENT_PREFIX_PATH doesn't exist
[0.199s] WARNING:colcon.colcon_ros.prefix_path.catkin:The path '/home/whaly/isaac_ws/Isaacsim_ros2_ws/install/custom_msgs' in the environment variable CMAKE_PREFIX_PATH doesn't exist
[0.199s] DEBUG:colcon.colcon_installed_package_information.package_discovery:Found 2 installed packages in /home/whaly/whaly_ws/install
[0.199s] DEBUG:colcon.colcon_installed_package_information.package_discovery:Found 6 installed packages in /home/whaly/isaac_ws/Isaacsim_ros2_ws/install
[0.200s] DEBUG:colcon.colcon_installed_package_information.package_discovery:Found 273 installed packages in /opt/ros/humble
[0.201s] Level 1:colcon.colcon_core.package_discovery:discover_packages(prefix_path) using defaults
[0.222s] Level 5:colcon.colcon_core.verb:set package 'ackermann_control' build argument 'cmake_args' from command line to 'None'
[0.222s] Level 5:colcon.colcon_core.verb:set package 'ackermann_control' build argument 'cmake_target' from command line to 'None'
[0.222s] Level 5:colcon.colcon_core.verb:set package 'ackermann_control' build argument 'cmake_target_skip_unavailable' from command line to 'False'
[0.223s] Level 5:colcon.colcon_core.verb:set package 'ackermann_control' build argument 'cmake_clean_cache' from command line to 'False'
[0.223s] Level 5:colcon.colcon_core.verb:set package 'ackermann_control' build argument 'cmake_clean_first' from command line to 'False'
[0.223s] Level 5:colcon.colcon_core.verb:set package 'ackermann_control' build argument 'cmake_force_configure' from command line to 'False'
[0.223s] Level 5:colcon.colcon_core.verb:set package 'ackermann_control' build argument 'ament_cmake_args' from command line to 'None'
[0.223s] Level 5:colcon.colcon_core.verb:set package 'ackermann_control' build argument 'catkin_cmake_args' from command line to 'None'
[0.223s] Level 5:colcon.colcon_core.verb:set package 'ackermann_control' build argument 'catkin_skip_building_tests' from command line to 'False'
[0.223s] DEBUG:colcon.colcon_core.verb:Building package 'ackermann_control' with the following arguments: {'ament_cmake_args': None, 'build_base': '/home/whaly/isaac_ws/Isaacsim_ros2_ws/build/ackermann_control', 'catkin_cmake_args': None, 'catkin_skip_building_tests': False, 'cmake_args': None, 'cmake_clean_cache': False, 'cmake_clean_first': False, 'cmake_force_configure': False, 'cmake_target': None, 'cmake_target_skip_unavailable': False, 'install_base': '/home/whaly/isaac_ws/Isaacsim_ros2_ws/install/ackermann_control', 'merge_install': False, 'path': '/home/whaly/isaac_ws/Isaacsim_ros2_ws/src/ackermann_control', 'symlink_install': False, 'test_result_base': None}
[0.223s] Level 5:colcon.colcon_core.verb:set package 'custom_interface' build argument 'cmake_args' from command line to 'None'
[0.223s] Level 5:colcon.colcon_core.verb:set package 'custom_interface' build argument 'cmake_target' from command line to 'None'
[0.223s] Level 5:colcon.colcon_core.verb:set package 'custom_interface' build argument 'cmake_target_skip_unavailable' from command line to 'False'
[0.223s] Level 5:colcon.colcon_core.verb:set package 'custom_interface' build argument 'cmake_clean_cache' from command line to 'False'
[0.223s] Level 5:colcon.colcon_core.verb:set package 'custom_interface' build argument 'cmake_clean_first' from command line to 'False'
[0.223s] Level 5:colcon.colcon_core.verb:set package 'custom_interface' build argument 'cmake_force_configure' from command line to 'False'
[0.223s] Level 5:colcon.colcon_core.verb:set package 'custom_interface' build argument 'ament_cmake_args' from command line to 'None'
[0.223s] Level 5:colcon.colcon_core.verb:set package 'custom_interface' build argument 'catkin_cmake_args' from command line to 'None'
[0.223s] Level 5:colcon.colcon_core.verb:set package 'custom_interface' build argument 'catkin_skip_building_tests' from command line to 'False'
[0.223s] DEBUG:colcon.colcon_core.verb:Building package 'custom_interface' with the following arguments: {'ament_cmake_args': None, 'build_base': '/home/whaly/isaac_ws/Isaacsim_ros2_ws/build/custom_interface', 'catkin_cmake_args': None, 'catkin_skip_building_tests': False, 'cmake_args': None, 'cmake_clean_cache': False, 'cmake_clean_first': False, 'cmake_force_configure': False, 'cmake_target': None, 'cmake_target_skip_unavailable': False, 'install_base': '/home/whaly/isaac_ws/Isaacsim_ros2_ws/install/custom_interface', 'merge_install': False, 'path': '/home/whaly/isaac_ws/Isaacsim_ros2_ws/src/custom_interface', 'symlink_install': False, 'test_result_base': None}
[0.223s] Level 5:colcon.colcon_core.verb:set package 'h1_msgs' build argument 'cmake_args' from command line to 'None'
[0.223s] Level 5:colcon.colcon_core.verb:set package 'h1_msgs' build argument 'cmake_target' from command line to 'None'
[0.223s] Level 5:colcon.colcon_core.verb:set package 'h1_msgs' build argument 'cmake_target_skip_unavailable' from command line to 'False'
[0.223s] Level 5:colcon.colcon_core.verb:set package 'h1_msgs' build argument 'cmake_clean_cache' from command line to 'False'
[0.223s] Level 5:colcon.colcon_core.verb:set package 'h1_msgs' build argument 'cmake_clean_first' from command line to 'False'
[0.223s] Level 5:colcon.colcon_core.verb:set package 'h1_msgs' build argument 'cmake_force_configure' from command line to 'False'
[0.223s] Level 5:colcon.colcon_core.verb:set package 'h1_msgs' build argument 'ament_cmake_args' from command line to 'None'
[0.223s] Level 5:colcon.colcon_core.verb:set package 'h1_msgs' build argument 'catkin_cmake_args' from command line to 'None'
[0.223s] Level 5:colcon.colcon_core.verb:set package 'h1_msgs' build argument 'catkin_skip_building_tests' from command line to 'False'
[0.223s] DEBUG:colcon.colcon_core.verb:Building package 'h1_msgs' with the following arguments: {'ament_cmake_args': None, 'build_base': '/home/whaly/isaac_ws/Isaacsim_ros2_ws/build/h1_msgs', 'catkin_cmake_args': None, 'catkin_skip_building_tests': False, 'cmake_args': None, 'cmake_clean_cache': False, 'cmake_clean_first': False, 'cmake_force_configure': False, 'cmake_target': None, 'cmake_target_skip_unavailable': False, 'install_base': '/home/whaly/isaac_ws/Isaacsim_ros2_ws/install/h1_msgs', 'merge_install': False, 'path': '/home/whaly/isaac_ws/Isaacsim_ros2_ws/src/h1_msgs', 'symlink_install': False, 'test_result_base': None}
[0.223s] Level 5:colcon.colcon_core.verb:set package 'isaac_tutorials' build argument 'cmake_args' from command line to 'None'
[0.223s] Level 5:colcon.colcon_core.verb:set package 'isaac_tutorials' build argument 'cmake_target' from command line to 'None'
[0.223s] Level 5:colcon.colcon_core.verb:set package 'isaac_tutorials' build argument 'cmake_target_skip_unavailable' from command line to 'False'
[0.223s] Level 5:colcon.colcon_core.verb:set package 'isaac_tutorials' build argument 'cmake_clean_cache' from command line to 'False'
[0.223s] Level 5:colcon.colcon_core.verb:set package 'isaac_tutorials' build argument 'cmake_clean_first' from command line to 'False'
[0.224s] Level 5:colcon.colcon_core.verb:set package 'isaac_tutorials' build argument 'cmake_force_configure' from command line to 'False'
[0.224s] Level 5:colcon.colcon_core.verb:set package 'isaac_tutorials' build argument 'ament_cmake_args' from command line to 'None'
[0.224s] Level 5:colcon.colcon_core.verb:set package 'isaac_tutorials' build argument 'catkin_cmake_args' from command line to 'None'
[0.224s] Level 5:colcon.colcon_core.verb:set package 'isaac_tutorials' build argument 'catkin_skip_building_tests' from command line to 'False'
[0.224s] DEBUG:colcon.colcon_core.verb:Building package 'isaac_tutorials' with the following arguments: {'ament_cmake_args': None, 'build_base': '/home/whaly/isaac_ws/Isaacsim_ros2_ws/build/isaac_tutorials', 'catkin_cmake_args': None, 'catkin_skip_building_tests': False, 'cmake_args': None, 'cmake_clean_cache': False, 'cmake_clean_first': False, 'cmake_force_configure': False, 'cmake_target': None, 'cmake_target_skip_unavailable': False, 'install_base': '/home/whaly/isaac_ws/Isaacsim_ros2_ws/install/isaac_tutorials', 'merge_install': False, 'path': '/home/whaly/isaac_ws/Isaacsim_ros2_ws/src/isaac_tutorials', 'symlink_install': False, 'test_result_base': None}
[0.224s] Level 5:colcon.colcon_core.verb:set package 'h1_pkg' build argument 'cmake_args' from command line to 'None'
[0.224s] Level 5:colcon.colcon_core.verb:set package 'h1_pkg' build argument 'cmake_target' from command line to 'None'
[0.224s] Level 5:colcon.colcon_core.verb:set package 'h1_pkg' build argument 'cmake_target_skip_unavailable' from command line to 'False'
[0.224s] Level 5:colcon.colcon_core.verb:set package 'h1_pkg' build argument 'cmake_clean_cache' from command line to 'False'
[0.224s] Level 5:colcon.colcon_core.verb:set package 'h1_pkg' build argument 'cmake_clean_first' from command line to 'False'
[0.224s] Level 5:colcon.colcon_core.verb:set package 'h1_pkg' build argument 'cmake_force_configure' from command line to 'False'
[0.224s] Level 5:colcon.colcon_core.verb:set package 'h1_pkg' build argument 'ament_cmake_args' from command line to 'None'
[0.224s] Level 5:colcon.colcon_core.verb:set package 'h1_pkg' build argument 'catkin_cmake_args' from command line to 'None'
[0.224s] Level 5:colcon.colcon_core.verb:set package 'h1_pkg' build argument 'catkin_skip_building_tests' from command line to 'False'
[0.224s] DEBUG:colcon.colcon_core.verb:Building package 'h1_pkg' with the following arguments: {'ament_cmake_args': None, 'build_base': '/home/whaly/isaac_ws/Isaacsim_ros2_ws/build/h1_pkg', 'catkin_cmake_args': None, 'catkin_skip_building_tests': False, 'cmake_args': None, 'cmake_clean_cache': False, 'cmake_clean_first': False, 'cmake_force_configure': False, 'cmake_target': None, 'cmake_target_skip_unavailable': False, 'install_base': '/home/whaly/isaac_ws/Isaacsim_ros2_ws/install/h1_pkg', 'merge_install': False, 'path': '/home/whaly/isaac_ws/Isaacsim_ros2_ws/src/h1_pkg', 'symlink_install': False, 'test_result_base': None}
[0.224s] Level 5:colcon.colcon_core.verb:set package 'test_pkg' build argument 'cmake_args' from command line to 'None'
[0.224s] Level 5:colcon.colcon_core.verb:set package 'test_pkg' build argument 'cmake_target' from command line to 'None'
[0.224s] Level 5:colcon.colcon_core.verb:set package 'test_pkg' build argument 'cmake_target_skip_unavailable' from command line to 'False'
[0.224s] Level 5:colcon.colcon_core.verb:set package 'test_pkg' build argument 'cmake_clean_cache' from command line to 'False'
[0.224s] Level 5:colcon.colcon_core.verb:set package 'test_pkg' build argument 'cmake_clean_first' from command line to 'False'
[0.224s] Level 5:colcon.colcon_core.verb:set package 'test_pkg' build argument 'cmake_force_configure' from command line to 'False'
[0.224s] Level 5:colcon.colcon_core.verb:set package 'test_pkg' build argument 'ament_cmake_args' from command line to 'None'
[0.224s] Level 5:colcon.colcon_core.verb:set package 'test_pkg' build argument 'catkin_cmake_args' from command line to 'None'
[0.224s] Level 5:colcon.colcon_core.verb:set package 'test_pkg' build argument 'catkin_skip_building_tests' from command line to 'False'
[0.224s] DEBUG:colcon.colcon_core.verb:Building package 'test_pkg' with the following arguments: {'ament_cmake_args': None, 'build_base': '/home/whaly/isaac_ws/Isaacsim_ros2_ws/build/test_pkg', 'catkin_cmake_args': None, 'catkin_skip_building_tests': False, 'cmake_args': None, 'cmake_clean_cache': False, 'cmake_clean_first': False, 'cmake_force_configure': False, 'cmake_target': None, 'cmake_target_skip_unavailable': False, 'install_base': '/home/whaly/isaac_ws/Isaacsim_ros2_ws/install/test_pkg', 'merge_install': False, 'path': '/home/whaly/isaac_ws/Isaacsim_ros2_ws/src/test_pkg', 'symlink_install': False, 'test_result_base': None}
[0.224s] INFO:colcon.colcon_core.executor:Executing jobs using 'parallel' executor
[0.225s] DEBUG:colcon.colcon_parallel_executor.executor.parallel:run_until_complete
[0.225s] INFO:colcon.colcon_ros.task.ament_cmake.build:Building ROS package in '/home/whaly/isaac_ws/Isaacsim_ros2_ws/src/h1_msgs' with build type 'ament_cmake'
[0.225s] INFO:colcon.colcon_cmake.task.cmake.build:Building CMake package in '/home/whaly/isaac_ws/Isaacsim_ros2_ws/src/h1_msgs'
[0.226s] INFO:colcon.colcon_core.plugin_system:Skipping extension 'colcon_core.shell.bat': Not used on non-Windows systems
[0.227s] INFO:colcon.colcon_core.shell:Skip shell extension 'powershell' for command environment: Not usable outside of PowerShell
[0.227s] DEBUG:colcon.colcon_core.shell:Skip shell extension 'dsv' for command environment
[0.229s] INFO:colcon.colcon_ros.task.ament_python.build:Building ROS package in '/home/whaly/isaac_ws/Isaacsim_ros2_ws/src/ackermann_control' with build type 'ament_python'
[0.229s] Level 1:colcon.colcon_core.shell:create_environment_hook('ackermann_control', 'ament_prefix_path')
[0.229s] INFO:colcon.colcon_core.shell:Creating environment hook '/home/whaly/isaac_ws/Isaacsim_ros2_ws/install/ackermann_control/share/ackermann_control/hook/ament_prefix_path.ps1'
[0.230s] INFO:colcon.colcon_core.shell:Creating environment descriptor '/home/whaly/isaac_ws/Isaacsim_ros2_ws/install/ackermann_control/share/ackermann_control/hook/ament_prefix_path.dsv'
[0.230s] INFO:colcon.colcon_core.shell:Creating environment hook '/home/whaly/isaac_ws/Isaacsim_ros2_ws/install/ackermann_control/share/ackermann_control/hook/ament_prefix_path.sh'
[0.230s] INFO:colcon.colcon_core.shell:Skip shell extension 'powershell' for command environment: Not usable outside of PowerShell
[0.231s] DEBUG:colcon.colcon_core.shell:Skip shell extension 'dsv' for command environment
[0.232s] INFO:colcon.colcon_ros.task.ament_cmake.build:Building ROS package in '/home/whaly/isaac_ws/Isaacsim_ros2_ws/src/custom_interface' with build type 'ament_cmake'
[0.232s] INFO:colcon.colcon_cmake.task.cmake.build:Building CMake package in '/home/whaly/isaac_ws/Isaacsim_ros2_ws/src/custom_interface'
[0.233s] INFO:colcon.colcon_core.shell:Skip shell extension 'powershell' for command environment: Not usable outside of PowerShell
[0.233s] DEBUG:colcon.colcon_core.shell:Skip shell extension 'dsv' for command environment
[0.235s] INFO:colcon.colcon_ros.task.ament_python.build:Building ROS package in '/home/whaly/isaac_ws/Isaacsim_ros2_ws/src/isaac_tutorials' with build type 'ament_python'
[0.235s] Level 1:colcon.colcon_core.shell:create_environment_hook('isaac_tutorials', 'ament_prefix_path')
[0.235s] INFO:colcon.colcon_core.shell:Creating environment hook '/home/whaly/isaac_ws/Isaacsim_ros2_ws/install/isaac_tutorials/share/isaac_tutorials/hook/ament_prefix_path.ps1'
[0.235s] INFO:colcon.colcon_core.shell:Creating environment descriptor '/home/whaly/isaac_ws/Isaacsim_ros2_ws/install/isaac_tutorials/share/isaac_tutorials/hook/ament_prefix_path.dsv'
[0.235s] INFO:colcon.colcon_core.shell:Creating environment hook '/home/whaly/isaac_ws/Isaacsim_ros2_ws/install/isaac_tutorials/share/isaac_tutorials/hook/ament_prefix_path.sh'
[0.236s] INFO:colcon.colcon_core.shell:Skip shell extension 'powershell' for command environment: Not usable outside of PowerShell
[0.236s] DEBUG:colcon.colcon_core.shell:Skip shell extension 'dsv' for command environment
[0.240s] DEBUG:colcon.colcon_core.event_handler.log_command:Invoking command in '/home/whaly/isaac_ws/Isaacsim_ros2_ws/build/h1_msgs': CMAKE_PREFIX_PATH=${CMAKE_PREFIX_PATH}:/home/whaly/isaac_ws/Isaacsim_ros2_ws/install/test_pkg:/home/whaly/isaac_ws/Isaacsim_ros2_ws/install/isaac_tutorials:/home/whaly/isaac_ws/Isaacsim_ros2_ws/install/h1_pkg:/home/whaly/isaac_ws/Isaacsim_ros2_ws/install/ackermann_control:/home/whaly/whaly_ws/install/whaly_pkg:/opt/ros/humble CONDA_PROMPT_MODIFIER=(base) /usr/bin/cmake /home/whaly/isaac_ws/Isaacsim_ros2_ws/src/h1_msgs -DCMAKE_INSTALL_PREFIX=/home/whaly/isaac_ws/Isaacsim_ros2_ws/install/h1_msgs
[0.411s] INFO:colcon.colcon_core.task.python.build:Building Python package in '/home/whaly/isaac_ws/Isaacsim_ros2_ws/src/ackermann_control'
[0.411s] INFO:colcon.colcon_core.shell:Skip shell extension 'powershell' for command environment: Not usable outside of PowerShell
[0.412s] DEBUG:colcon.colcon_core.shell:Skip shell extension 'dsv' for command environment
[0.416s] DEBUG:colcon.colcon_core.event_handler.log_command:Invoking command in '/home/whaly/isaac_ws/Isaacsim_ros2_ws/build/custom_interface': CMAKE_PREFIX_PATH=${CMAKE_PREFIX_PATH}:/home/whaly/isaac_ws/Isaacsim_ros2_ws/install/test_pkg:/home/whaly/isaac_ws/Isaacsim_ros2_ws/install/isaac_tutorials:/home/whaly/isaac_ws/Isaacsim_ros2_ws/install/h1_pkg:/home/whaly/isaac_ws/Isaacsim_ros2_ws/install/ackermann_control:/home/whaly/whaly_ws/install/whaly_pkg:/opt/ros/humble CONDA_PROMPT_MODIFIER=(base) /usr/bin/cmake /home/whaly/isaac_ws/Isaacsim_ros2_ws/src/custom_interface -DCMAKE_INSTALL_PREFIX=/home/whaly/isaac_ws/Isaacsim_ros2_ws/install/custom_interface
[0.590s] INFO:colcon.colcon_core.task.python.build:Building Python package in '/home/whaly/isaac_ws/Isaacsim_ros2_ws/src/isaac_tutorials'
[0.591s] INFO:colcon.colcon_core.shell:Skip shell extension 'powershell' for command environment: Not usable outside of PowerShell
[0.591s] DEBUG:colcon.colcon_core.shell:Skip shell extension 'dsv' for command environment
[0.817s] DEBUG:colcon.colcon_core.event_handler.log_command:Invoking command in '/home/whaly/isaac_ws/Isaacsim_ros2_ws/build/isaac_tutorials': CONDA_PROMPT_MODIFIER=(base) PYTHONPATH=/home/whaly/isaac_ws/Isaacsim_ros2_ws/build/isaac_tutorials/prefix_override:/usr/lib/python3/dist-packages/colcon_core/task/python/colcon_distutils_commands:/home/whaly/isaac_ws/Isaacsim_ros2_ws/install/isaac_tutorials/lib/python3.10/site-packages:${PYTHONPATH} /usr/bin/python3 -W ignore:setup.py install is deprecated -W ignore:easy_install command is deprecated setup.py develop --uninstall --editable --build-directory /home/whaly/isaac_ws/Isaacsim_ros2_ws/build/isaac_tutorials/build
[0.818s] DEBUG:colcon.colcon_core.event_handler.log_command:Invoking command in '/home/whaly/isaac_ws/Isaacsim_ros2_ws/build/ackermann_control': CONDA_PROMPT_MODIFIER=(base) PYTHONPATH=/home/whaly/isaac_ws/Isaacsim_ros2_ws/build/ackermann_control/prefix_override:/usr/lib/python3/dist-packages/colcon_core/task/python/colcon_distutils_commands:/home/whaly/isaac_ws/Isaacsim_ros2_ws/install/ackermann_control/lib/python3.10/site-packages:${PYTHONPATH} /usr/bin/python3 -W ignore:setup.py install is deprecated -W ignore:easy_install command is deprecated setup.py develop --uninstall --editable --build-directory /home/whaly/isaac_ws/Isaacsim_ros2_ws/build/ackermann_control/build
[1.111s] DEBUG:colcon.colcon_core.event_handler.log_command:Invoked command in '/home/whaly/isaac_ws/Isaacsim_ros2_ws/build/h1_msgs' returned '0': CMAKE_PREFIX_PATH=${CMAKE_PREFIX_PATH}:/home/whaly/isaac_ws/Isaacsim_ros2_ws/install/test_pkg:/home/whaly/isaac_ws/Isaacsim_ros2_ws/install/isaac_tutorials:/home/whaly/isaac_ws/Isaacsim_ros2_ws/install/h1_pkg:/home/whaly/isaac_ws/Isaacsim_ros2_ws/install/ackermann_control:/home/whaly/whaly_ws/install/whaly_pkg:/opt/ros/humble CONDA_PROMPT_MODIFIER=(base) /usr/bin/cmake /home/whaly/isaac_ws/Isaacsim_ros2_ws/src/h1_msgs -DCMAKE_INSTALL_PREFIX=/home/whaly/isaac_ws/Isaacsim_ros2_ws/install/h1_msgs
[1.113s] DEBUG:colcon.colcon_core.event_handler.log_command:Invoking command in '/home/whaly/isaac_ws/Isaacsim_ros2_ws/build/h1_msgs': CMAKE_PREFIX_PATH=${CMAKE_PREFIX_PATH}:/home/whaly/isaac_ws/Isaacsim_ros2_ws/install/test_pkg:/home/whaly/isaac_ws/Isaacsim_ros2_ws/install/isaac_tutorials:/home/whaly/isaac_ws/Isaacsim_ros2_ws/install/h1_pkg:/home/whaly/isaac_ws/Isaacsim_ros2_ws/install/ackermann_control:/home/whaly/whaly_ws/install/whaly_pkg:/opt/ros/humble CONDA_PROMPT_MODIFIER=(base) /usr/bin/cmake --build /home/whaly/isaac_ws/Isaacsim_ros2_ws/build/h1_msgs -- -j16 -l16
[1.128s] DEBUG:colcon.colcon_core.event_handler.log_command:Invoked command in '/home/whaly/isaac_ws/Isaacsim_ros2_ws/build/isaac_tutorials' returned '0': CONDA_PROMPT_MODIFIER=(base) PYTHONPATH=/home/whaly/isaac_ws/Isaacsim_ros2_ws/build/isaac_tutorials/prefix_override:/usr/lib/python3/dist-packages/colcon_core/task/python/colcon_distutils_commands:/home/whaly/isaac_ws/Isaacsim_ros2_ws/install/isaac_tutorials/lib/python3.10/site-packages:${PYTHONPATH} /usr/bin/python3 -W ignore:setup.py install is deprecated -W ignore:easy_install command is deprecated setup.py develop --uninstall --editable --build-directory /home/whaly/isaac_ws/Isaacsim_ros2_ws/build/isaac_tutorials/build
[1.129s] DEBUG:colcon.colcon_core.event_handler.log_command:Invoking command in '/home/whaly/isaac_ws/Isaacsim_ros2_ws/src/isaac_tutorials': CONDA_PROMPT_MODIFIER=(base) PYTHONPATH=/home/whaly/isaac_ws/Isaacsim_ros2_ws/build/isaac_tutorials/prefix_override:/usr/lib/python3/dist-packages/colcon_core/task/python/colcon_distutils_commands:/home/whaly/isaac_ws/Isaacsim_ros2_ws/install/isaac_tutorials/lib/python3.10/site-packages:${PYTHONPATH} /usr/bin/python3 -W ignore:setup.py install is deprecated -W ignore:easy_install command is deprecated setup.py egg_info --egg-base ../../build/isaac_tutorials build --build-base /home/whaly/isaac_ws/Isaacsim_ros2_ws/build/isaac_tutorials/build install --record /home/whaly/isaac_ws/Isaacsim_ros2_ws/build/isaac_tutorials/install.log --single-version-externally-managed install_data --force
[1.154s] DEBUG:colcon.colcon_core.event_handler.log_command:Invoked command in '/home/whaly/isaac_ws/Isaacsim_ros2_ws/build/ackermann_control' returned '0': CONDA_PROMPT_MODIFIER=(base) PYTHONPATH=/home/whaly/isaac_ws/Isaacsim_ros2_ws/build/ackermann_control/prefix_override:/usr/lib/python3/dist-packages/colcon_core/task/python/colcon_distutils_commands:/home/whaly/isaac_ws/Isaacsim_ros2_ws/install/ackermann_control/lib/python3.10/site-packages:${PYTHONPATH} /usr/bin/python3 -W ignore:setup.py install is deprecated -W ignore:easy_install command is deprecated setup.py develop --uninstall --editable --build-directory /home/whaly/isaac_ws/Isaacsim_ros2_ws/build/ackermann_control/build
[1.156s] DEBUG:colcon.colcon_core.event_handler.log_command:Invoking command in '/home/whaly/isaac_ws/Isaacsim_ros2_ws/src/ackermann_control': CONDA_PROMPT_MODIFIER=(base) PYTHONPATH=/home/whaly/isaac_ws/Isaacsim_ros2_ws/build/ackermann_control/prefix_override:/usr/lib/python3/dist-packages/colcon_core/task/python/colcon_distutils_commands:/home/whaly/isaac_ws/Isaacsim_ros2_ws/install/ackermann_control/lib/python3.10/site-packages:${PYTHONPATH} /usr/bin/python3 -W ignore:setup.py install is deprecated -W ignore:easy_install command is deprecated setup.py egg_info --egg-base ../../build/ackermann_control build --build-base /home/whaly/isaac_ws/Isaacsim_ros2_ws/build/ackermann_control/build install --record /home/whaly/isaac_ws/Isaacsim_ros2_ws/build/ackermann_control/install.log --single-version-externally-managed install_data --force
[1.315s] DEBUG:colcon.colcon_core.event_handler.log_command:Invoked command in '/home/whaly/isaac_ws/Isaacsim_ros2_ws/build/custom_interface' returned '0': CMAKE_PREFIX_PATH=${CMAKE_PREFIX_PATH}:/home/whaly/isaac_ws/Isaacsim_ros2_ws/install/test_pkg:/home/whaly/isaac_ws/Isaacsim_ros2_ws/install/isaac_tutorials:/home/whaly/isaac_ws/Isaacsim_ros2_ws/install/h1_pkg:/home/whaly/isaac_ws/Isaacsim_ros2_ws/install/ackermann_control:/home/whaly/whaly_ws/install/whaly_pkg:/opt/ros/humble CONDA_PROMPT_MODIFIER=(base) /usr/bin/cmake /home/whaly/isaac_ws/Isaacsim_ros2_ws/src/custom_interface -DCMAKE_INSTALL_PREFIX=/home/whaly/isaac_ws/Isaacsim_ros2_ws/install/custom_interface
[1.316s] DEBUG:colcon.colcon_core.event_handler.log_command:Invoking command in '/home/whaly/isaac_ws/Isaacsim_ros2_ws/build/custom_interface': CMAKE_PREFIX_PATH=${CMAKE_PREFIX_PATH}:/home/whaly/isaac_ws/Isaacsim_ros2_ws/install/test_pkg:/home/whaly/isaac_ws/Isaacsim_ros2_ws/install/isaac_tutorials:/home/whaly/isaac_ws/Isaacsim_ros2_ws/install/h1_pkg:/home/whaly/isaac_ws/Isaacsim_ros2_ws/install/ackermann_control:/home/whaly/whaly_ws/install/whaly_pkg:/opt/ros/humble CONDA_PROMPT_MODIFIER=(base) /usr/bin/cmake --build /home/whaly/isaac_ws/Isaacsim_ros2_ws/build/custom_interface -- -j16 -l16
[1.379s] DEBUG:colcon.colcon_core.event_handler.log_command:Invoked command in '/home/whaly/isaac_ws/Isaacsim_ros2_ws/build/h1_msgs' returned '0': CMAKE_PREFIX_PATH=${CMAKE_PREFIX_PATH}:/home/whaly/isaac_ws/Isaacsim_ros2_ws/install/test_pkg:/home/whaly/isaac_ws/Isaacsim_ros2_ws/install/isaac_tutorials:/home/whaly/isaac_ws/Isaacsim_ros2_ws/install/h1_pkg:/home/whaly/isaac_ws/Isaacsim_ros2_ws/install/ackermann_control:/home/whaly/whaly_ws/install/whaly_pkg:/opt/ros/humble CONDA_PROMPT_MODIFIER=(base) /usr/bin/cmake --build /home/whaly/isaac_ws/Isaacsim_ros2_ws/build/h1_msgs -- -j16 -l16
[1.387s] DEBUG:colcon.colcon_core.event_handler.log_command:Invoking command in '/home/whaly/isaac_ws/Isaacsim_ros2_ws/build/h1_msgs': CMAKE_PREFIX_PATH=${CMAKE_PREFIX_PATH}:/home/whaly/isaac_ws/Isaacsim_ros2_ws/install/test_pkg:/home/whaly/isaac_ws/Isaacsim_ros2_ws/install/isaac_tutorials:/home/whaly/isaac_ws/Isaacsim_ros2_ws/install/h1_pkg:/home/whaly/isaac_ws/Isaacsim_ros2_ws/install/ackermann_control:/home/whaly/whaly_ws/install/whaly_pkg:/opt/ros/humble CONDA_PROMPT_MODIFIER=(base) /usr/bin/cmake --install /home/whaly/isaac_ws/Isaacsim_ros2_ws/build/h1_msgs
[1.397s] DEBUG:colcon.colcon_core.event_handler.log_command:Invoked command in '/home/whaly/isaac_ws/Isaacsim_ros2_ws/src/isaac_tutorials' returned '0': CONDA_PROMPT_MODIFIER=(base) PYTHONPATH=/home/whaly/isaac_ws/Isaacsim_ros2_ws/build/isaac_tutorials/prefix_override:/usr/lib/python3/dist-packages/colcon_core/task/python/colcon_distutils_commands:/home/whaly/isaac_ws/Isaacsim_ros2_ws/install/isaac_tutorials/lib/python3.10/site-packages:${PYTHONPATH} /usr/bin/python3 -W ignore:setup.py install is deprecated -W ignore:easy_install command is deprecated setup.py egg_info --egg-base ../../build/isaac_tutorials build --build-base /home/whaly/isaac_ws/Isaacsim_ros2_ws/build/isaac_tutorials/build install --record /home/whaly/isaac_ws/Isaacsim_ros2_ws/build/isaac_tutorials/install.log --single-version-externally-managed install_data --force
[1.400s] Level 1:colcon.colcon_core.environment:checking '/home/whaly/isaac_ws/Isaacsim_ros2_ws/install/isaac_tutorials' for CMake module files
[1.400s] Level 1:colcon.colcon_core.environment:checking '/home/whaly/isaac_ws/Isaacsim_ros2_ws/install/isaac_tutorials' for CMake config files
[1.401s] Level 1:colcon.colcon_core.environment:checking '/home/whaly/isaac_ws/Isaacsim_ros2_ws/install/isaac_tutorials/lib'
[1.401s] Level 1:colcon.colcon_core.environment:checking '/home/whaly/isaac_ws/Isaacsim_ros2_ws/install/isaac_tutorials/bin'
[1.401s] Level 1:colcon.colcon_core.environment:checking '/home/whaly/isaac_ws/Isaacsim_ros2_ws/install/isaac_tutorials/lib/pkgconfig/isaac_tutorials.pc'
[1.401s] Level 1:colcon.colcon_core.environment:checking '/home/whaly/isaac_ws/Isaacsim_ros2_ws/install/isaac_tutorials/lib/python3.10/site-packages'
[1.401s] Level 1:colcon.colcon_core.shell:create_environment_hook('isaac_tutorials', 'pythonpath')
[1.402s] INFO:colcon.colcon_core.shell:Creating environment hook '/home/whaly/isaac_ws/Isaacsim_ros2_ws/install/isaac_tutorials/share/isaac_tutorials/hook/pythonpath.ps1'
[1.402s] INFO:colcon.colcon_core.shell:Creating environment descriptor '/home/whaly/isaac_ws/Isaacsim_ros2_ws/install/isaac_tutorials/share/isaac_tutorials/hook/pythonpath.dsv'
[1.402s] INFO:colcon.colcon_core.shell:Creating environment hook '/home/whaly/isaac_ws/Isaacsim_ros2_ws/install/isaac_tutorials/share/isaac_tutorials/hook/pythonpath.sh'
[1.403s] Level 1:colcon.colcon_core.environment:checking '/home/whaly/isaac_ws/Isaacsim_ros2_ws/install/isaac_tutorials/bin'
[1.403s] Level 1:colcon.colcon_core.environment:create_environment_scripts_only(isaac_tutorials)
[1.403s] INFO:colcon.colcon_core.shell:Creating package script '/home/whaly/isaac_ws/Isaacsim_ros2_ws/install/isaac_tutorials/share/isaac_tutorials/package.ps1'
[1.405s] INFO:colcon.colcon_core.shell:Creating package descriptor '/home/whaly/isaac_ws/Isaacsim_ros2_ws/install/isaac_tutorials/share/isaac_tutorials/package.dsv'
[1.406s] INFO:colcon.colcon_core.shell:Creating package script '/home/whaly/isaac_ws/Isaacsim_ros2_ws/install/isaac_tutorials/share/isaac_tutorials/package.sh'
[1.407s] INFO:colcon.colcon_core.shell:Creating package script '/home/whaly/isaac_ws/Isaacsim_ros2_ws/install/isaac_tutorials/share/isaac_tutorials/package.bash'
[1.407s] INFO:colcon.colcon_core.shell:Creating package script '/home/whaly/isaac_ws/Isaacsim_ros2_ws/install/isaac_tutorials/share/isaac_tutorials/package.zsh'
[1.408s] Level 1:colcon.colcon_core.environment:create_file_with_runtime_dependencies(/home/whaly/isaac_ws/Isaacsim_ros2_ws/install/isaac_tutorials/share/colcon-core/packages/isaac_tutorials)
[1.415s] Level 1:colcon.colcon_core.environment:checking '/home/whaly/isaac_ws/Isaacsim_ros2_ws/install/ackermann_control' for CMake module files
[1.415s] DEBUG:colcon.colcon_core.event_handler.log_command:Invoked command in '/home/whaly/isaac_ws/Isaacsim_ros2_ws/src/ackermann_control' returned '0': CONDA_PROMPT_MODIFIER=(base) PYTHONPATH=/home/whaly/isaac_ws/Isaacsim_ros2_ws/build/ackermann_control/prefix_override:/usr/lib/python3/dist-packages/colcon_core/task/python/colcon_distutils_commands:/home/whaly/isaac_ws/Isaacsim_ros2_ws/install/ackermann_control/lib/python3.10/site-packages:${PYTHONPATH} /usr/bin/python3 -W ignore:setup.py install is deprecated -W ignore:easy_install command is deprecated setup.py egg_info --egg-base ../../build/ackermann_control build --build-base /home/whaly/isaac_ws/Isaacsim_ros2_ws/build/ackermann_control/build install --record /home/whaly/isaac_ws/Isaacsim_ros2_ws/build/ackermann_control/install.log --single-version-externally-managed install_data --force
[1.416s] Level 1:colcon.colcon_core.environment:checking '/home/whaly/isaac_ws/Isaacsim_ros2_ws/install/ackermann_control' for CMake config files
[1.416s] Level 1:colcon.colcon_core.environment:checking '/home/whaly/isaac_ws/Isaacsim_ros2_ws/install/ackermann_control/lib'
[1.416s] Level 1:colcon.colcon_core.environment:checking '/home/whaly/isaac_ws/Isaacsim_ros2_ws/install/ackermann_control/bin'
[1.416s] Level 1:colcon.colcon_core.environment:checking '/home/whaly/isaac_ws/Isaacsim_ros2_ws/install/ackermann_control/lib/pkgconfig/ackermann_control.pc'
[1.416s] Level 1:colcon.colcon_core.environment:checking '/home/whaly/isaac_ws/Isaacsim_ros2_ws/install/ackermann_control/lib/python3.10/site-packages'
[1.416s] Level 1:colcon.colcon_core.shell:create_environment_hook('ackermann_control', 'pythonpath')
[1.416s] INFO:colcon.colcon_core.shell:Creating environment hook '/home/whaly/isaac_ws/Isaacsim_ros2_ws/install/ackermann_control/share/ackermann_control/hook/pythonpath.ps1'
[1.417s] INFO:colcon.colcon_core.shell:Creating environment descriptor '/home/whaly/isaac_ws/Isaacsim_ros2_ws/install/ackermann_control/share/ackermann_control/hook/pythonpath.dsv'
[1.417s] INFO:colcon.colcon_core.shell:Creating environment hook '/home/whaly/isaac_ws/Isaacsim_ros2_ws/install/ackermann_control/share/ackermann_control/hook/pythonpath.sh'
[1.417s] Level 1:colcon.colcon_core.environment:checking '/home/whaly/isaac_ws/Isaacsim_ros2_ws/install/ackermann_control/bin'
[1.417s] Level 1:colcon.colcon_core.environment:create_environment_scripts_only(ackermann_control)
[1.418s] INFO:colcon.colcon_core.shell:Creating package script '/home/whaly/isaac_ws/Isaacsim_ros2_ws/install/ackermann_control/share/ackermann_control/package.ps1'
[1.418s] INFO:colcon.colcon_core.shell:Creating package descriptor '/home/whaly/isaac_ws/Isaacsim_ros2_ws/install/ackermann_control/share/ackermann_control/package.dsv'
[1.419s] INFO:colcon.colcon_core.shell:Creating package script '/home/whaly/isaac_ws/Isaacsim_ros2_ws/install/ackermann_control/share/ackermann_control/package.sh'
[1.419s] INFO:colcon.colcon_core.shell:Creating package script '/home/whaly/isaac_ws/Isaacsim_ros2_ws/install/ackermann_control/share/ackermann_control/package.bash'
[1.419s] INFO:colcon.colcon_core.shell:Creating package script '/home/whaly/isaac_ws/Isaacsim_ros2_ws/install/ackermann_control/share/ackermann_control/package.zsh'
[1.419s] Level 1:colcon.colcon_core.environment:create_file_with_runtime_dependencies(/home/whaly/isaac_ws/Isaacsim_ros2_ws/install/ackermann_control/share/colcon-core/packages/ackermann_control)
[1.438s] Level 1:colcon.colcon_core.environment:create_environment_scripts_only(h1_msgs)
[1.438s] Level 1:colcon.colcon_core.environment:checking '/home/whaly/isaac_ws/Isaacsim_ros2_ws/install/h1_msgs' for CMake module files
[1.438s] DEBUG:colcon.colcon_core.event_handler.log_command:Invoked command in '/home/whaly/isaac_ws/Isaacsim_ros2_ws/build/h1_msgs' returned '0': CMAKE_PREFIX_PATH=${CMAKE_PREFIX_PATH}:/home/whaly/isaac_ws/Isaacsim_ros2_ws/install/test_pkg:/home/whaly/isaac_ws/Isaacsim_ros2_ws/install/isaac_tutorials:/home/whaly/isaac_ws/Isaacsim_ros2_ws/install/h1_pkg:/home/whaly/isaac_ws/Isaacsim_ros2_ws/install/ackermann_control:/home/whaly/whaly_ws/install/whaly_pkg:/opt/ros/humble CONDA_PROMPT_MODIFIER=(base) /usr/bin/cmake --install /home/whaly/isaac_ws/Isaacsim_ros2_ws/build/h1_msgs
[1.439s] Level 1:colcon.colcon_core.environment:checking '/home/whaly/isaac_ws/Isaacsim_ros2_ws/install/h1_msgs' for CMake config files
[1.440s] Level 1:colcon.colcon_core.shell:create_environment_hook('h1_msgs', 'cmake_prefix_path')
[1.440s] INFO:colcon.colcon_core.shell:Creating environment hook '/home/whaly/isaac_ws/Isaacsim_ros2_ws/install/h1_msgs/share/h1_msgs/hook/cmake_prefix_path.ps1'
[1.440s] INFO:colcon.colcon_core.shell:Creating environment descriptor '/home/whaly/isaac_ws/Isaacsim_ros2_ws/install/h1_msgs/share/h1_msgs/hook/cmake_prefix_path.dsv'
[1.440s] INFO:colcon.colcon_core.shell:Creating environment hook '/home/whaly/isaac_ws/Isaacsim_ros2_ws/install/h1_msgs/share/h1_msgs/hook/cmake_prefix_path.sh'
[1.441s] Level 1:colcon.colcon_core.environment:checking '/home/whaly/isaac_ws/Isaacsim_ros2_ws/install/h1_msgs/lib'
[1.441s] Level 1:colcon.colcon_core.shell:create_environment_hook('h1_msgs', 'ld_library_path_lib')
[1.441s] INFO:colcon.colcon_core.shell:Creating environment hook '/home/whaly/isaac_ws/Isaacsim_ros2_ws/install/h1_msgs/share/h1_msgs/hook/ld_library_path_lib.ps1'
[1.441s] INFO:colcon.colcon_core.shell:Creating environment descriptor '/home/whaly/isaac_ws/Isaacsim_ros2_ws/install/h1_msgs/share/h1_msgs/hook/ld_library_path_lib.dsv'
[1.442s] INFO:colcon.colcon_core.shell:Creating environment hook '/home/whaly/isaac_ws/Isaacsim_ros2_ws/install/h1_msgs/share/h1_msgs/hook/ld_library_path_lib.sh'
[1.442s] Level 1:colcon.colcon_core.environment:checking '/home/whaly/isaac_ws/Isaacsim_ros2_ws/install/h1_msgs/bin'
[1.442s] Level 1:colcon.colcon_core.environment:checking '/home/whaly/isaac_ws/Isaacsim_ros2_ws/install/h1_msgs/lib/pkgconfig/h1_msgs.pc'
[1.442s] Level 1:colcon.colcon_core.environment:checking '/home/whaly/isaac_ws/Isaacsim_ros2_ws/install/h1_msgs/lib/python3.10/site-packages'
[1.442s] Level 1:colcon.colcon_core.environment:checking '/home/whaly/isaac_ws/Isaacsim_ros2_ws/install/h1_msgs/bin'
[1.442s] INFO:colcon.colcon_core.shell:Creating package script '/home/whaly/isaac_ws/Isaacsim_ros2_ws/install/h1_msgs/share/h1_msgs/package.ps1'
[1.443s] INFO:colcon.colcon_core.shell:Creating package descriptor '/home/whaly/isaac_ws/Isaacsim_ros2_ws/install/h1_msgs/share/h1_msgs/package.dsv'
[1.443s] INFO:colcon.colcon_core.shell:Creating package script '/home/whaly/isaac_ws/Isaacsim_ros2_ws/install/h1_msgs/share/h1_msgs/package.sh'
[1.443s] INFO:colcon.colcon_core.shell:Creating package script '/home/whaly/isaac_ws/Isaacsim_ros2_ws/install/h1_msgs/share/h1_msgs/package.bash'
[1.444s] INFO:colcon.colcon_core.shell:Creating package script '/home/whaly/isaac_ws/Isaacsim_ros2_ws/install/h1_msgs/share/h1_msgs/package.zsh'
[1.444s] Level 1:colcon.colcon_core.environment:create_file_with_runtime_dependencies(/home/whaly/isaac_ws/Isaacsim_ros2_ws/install/h1_msgs/share/colcon-core/packages/h1_msgs)
[1.444s] Level 1:colcon.colcon_core.environment:create_environment_scripts_only(h1_msgs)
[1.444s] Level 1:colcon.colcon_core.environment:checking '/home/whaly/isaac_ws/Isaacsim_ros2_ws/install/h1_msgs' for CMake module files
[1.445s] Level 1:colcon.colcon_core.environment:checking '/home/whaly/isaac_ws/Isaacsim_ros2_ws/install/h1_msgs' for CMake config files
[1.445s] Level 1:colcon.colcon_core.shell:create_environment_hook('h1_msgs', 'cmake_prefix_path')
[1.445s] INFO:colcon.colcon_core.shell:Creating environment hook '/home/whaly/isaac_ws/Isaacsim_ros2_ws/install/h1_msgs/share/h1_msgs/hook/cmake_prefix_path.ps1'
[1.445s] INFO:colcon.colcon_core.shell:Creating environment descriptor '/home/whaly/isaac_ws/Isaacsim_ros2_ws/install/h1_msgs/share/h1_msgs/hook/cmake_prefix_path.dsv'
[1.446s] INFO:colcon.colcon_core.shell:Creating environment hook '/home/whaly/isaac_ws/Isaacsim_ros2_ws/install/h1_msgs/share/h1_msgs/hook/cmake_prefix_path.sh'
[1.446s] Level 1:colcon.colcon_core.environment:checking '/home/whaly/isaac_ws/Isaacsim_ros2_ws/install/h1_msgs/lib'
[1.446s] Level 1:colcon.colcon_core.shell:create_environment_hook('h1_msgs', 'ld_library_path_lib')
[1.446s] INFO:colcon.colcon_core.shell:Creating environment hook '/home/whaly/isaac_ws/Isaacsim_ros2_ws/install/h1_msgs/share/h1_msgs/hook/ld_library_path_lib.ps1'
[1.446s] INFO:colcon.colcon_core.shell:Creating environment descriptor '/home/whaly/isaac_ws/Isaacsim_ros2_ws/install/h1_msgs/share/h1_msgs/hook/ld_library_path_lib.dsv'
[1.447s] INFO:colcon.colcon_core.shell:Creating environment hook '/home/whaly/isaac_ws/Isaacsim_ros2_ws/install/h1_msgs/share/h1_msgs/hook/ld_library_path_lib.sh'
[1.447s] Level 1:colcon.colcon_core.environment:checking '/home/whaly/isaac_ws/Isaacsim_ros2_ws/install/h1_msgs/bin'
[1.447s] Level 1:colcon.colcon_core.environment:checking '/home/whaly/isaac_ws/Isaacsim_ros2_ws/install/h1_msgs/lib/pkgconfig/h1_msgs.pc'
[1.447s] Level 1:colcon.colcon_core.environment:checking '/home/whaly/isaac_ws/Isaacsim_ros2_ws/install/h1_msgs/lib/python3.10/site-packages'
[1.447s] Level 1:colcon.colcon_core.environment:checking '/home/whaly/isaac_ws/Isaacsim_ros2_ws/install/h1_msgs/bin'
[1.447s] INFO:colcon.colcon_core.shell:Creating package script '/home/whaly/isaac_ws/Isaacsim_ros2_ws/install/h1_msgs/share/h1_msgs/package.ps1'
[1.448s] INFO:colcon.colcon_core.shell:Creating package descriptor '/home/whaly/isaac_ws/Isaacsim_ros2_ws/install/h1_msgs/share/h1_msgs/package.dsv'
[1.448s] INFO:colcon.colcon_core.shell:Creating package script '/home/whaly/isaac_ws/Isaacsim_ros2_ws/install/h1_msgs/share/h1_msgs/package.sh'
[1.448s] INFO:colcon.colcon_core.shell:Creating package script '/home/whaly/isaac_ws/Isaacsim_ros2_ws/install/h1_msgs/share/h1_msgs/package.bash'
[1.449s] INFO:colcon.colcon_core.shell:Creating package script '/home/whaly/isaac_ws/Isaacsim_ros2_ws/install/h1_msgs/share/h1_msgs/package.zsh'
[1.449s] Level 1:colcon.colcon_core.environment:create_file_with_runtime_dependencies(/home/whaly/isaac_ws/Isaacsim_ros2_ws/install/h1_msgs/share/colcon-core/packages/h1_msgs)
[1.449s] INFO:colcon.colcon_ros.task.ament_python.build:Building ROS package in '/home/whaly/isaac_ws/Isaacsim_ros2_ws/src/h1_pkg' with build type 'ament_python'
[1.449s] Level 1:colcon.colcon_core.shell:create_environment_hook('h1_pkg', 'ament_prefix_path')
[1.449s] INFO:colcon.colcon_core.shell:Creating environment hook '/home/whaly/isaac_ws/Isaacsim_ros2_ws/install/h1_pkg/share/h1_pkg/hook/ament_prefix_path.ps1'
[1.450s] INFO:colcon.colcon_core.shell:Creating environment descriptor '/home/whaly/isaac_ws/Isaacsim_ros2_ws/install/h1_pkg/share/h1_pkg/hook/ament_prefix_path.dsv'
[1.450s] INFO:colcon.colcon_core.shell:Creating environment hook '/home/whaly/isaac_ws/Isaacsim_ros2_ws/install/h1_pkg/share/h1_pkg/hook/ament_prefix_path.sh'
[1.450s] INFO:colcon.colcon_core.shell:Skip shell extension 'powershell' for command environment: Not usable outside of PowerShell
[1.450s] DEBUG:colcon.colcon_core.shell:Skip shell extension 'dsv' for command environment
[1.453s] INFO:colcon.colcon_ros.task.ament_python.build:Building ROS package in '/home/whaly/isaac_ws/Isaacsim_ros2_ws/src/test_pkg' with build type 'ament_python'
[1.453s] Level 1:colcon.colcon_core.shell:create_environment_hook('test_pkg', 'ament_prefix_path')
[1.453s] INFO:colcon.colcon_core.shell:Creating environment hook '/home/whaly/isaac_ws/Isaacsim_ros2_ws/install/test_pkg/share/test_pkg/hook/ament_prefix_path.ps1'
[1.453s] INFO:colcon.colcon_core.shell:Creating environment descriptor '/home/whaly/isaac_ws/Isaacsim_ros2_ws/install/test_pkg/share/test_pkg/hook/ament_prefix_path.dsv'
[1.454s] INFO:colcon.colcon_core.shell:Creating environment hook '/home/whaly/isaac_ws/Isaacsim_ros2_ws/install/test_pkg/share/test_pkg/hook/ament_prefix_path.sh'
[1.454s] INFO:colcon.colcon_core.shell:Skip shell extension 'powershell' for command environment: Not usable outside of PowerShell
[1.454s] DEBUG:colcon.colcon_core.shell:Skip shell extension 'dsv' for command environment
[1.635s] INFO:colcon.colcon_core.task.python.build:Building Python package in '/home/whaly/isaac_ws/Isaacsim_ros2_ws/src/h1_pkg'
[1.635s] INFO:colcon.colcon_core.shell:Skip shell extension 'powershell' for command environment: Not usable outside of PowerShell
[1.635s] DEBUG:colcon.colcon_core.shell:Skip shell extension 'dsv' for command environment
[1.853s] INFO:colcon.colcon_core.task.python.build:Building Python package in '/home/whaly/isaac_ws/Isaacsim_ros2_ws/src/test_pkg'
[1.854s] INFO:colcon.colcon_core.shell:Skip shell extension 'powershell' for command environment: Not usable outside of PowerShell
[1.854s] DEBUG:colcon.colcon_core.shell:Skip shell extension 'dsv' for command environment
[1.857s] DEBUG:colcon.colcon_core.event_handler.log_command:Invoked command in '/home/whaly/isaac_ws/Isaacsim_ros2_ws/build/custom_interface' returned '0': CMAKE_PREFIX_PATH=${CMAKE_PREFIX_PATH}:/home/whaly/isaac_ws/Isaacsim_ros2_ws/install/test_pkg:/home/whaly/isaac_ws/Isaacsim_ros2_ws/install/isaac_tutorials:/home/whaly/isaac_ws/Isaacsim_ros2_ws/install/h1_pkg:/home/whaly/isaac_ws/Isaacsim_ros2_ws/install/ackermann_control:/home/whaly/whaly_ws/install/whaly_pkg:/opt/ros/humble CONDA_PROMPT_MODIFIER=(base) /usr/bin/cmake --build /home/whaly/isaac_ws/Isaacsim_ros2_ws/build/custom_interface -- -j16 -l16
[1.858s] DEBUG:colcon.colcon_core.event_handler.log_command:Invoking command in '/home/whaly/isaac_ws/Isaacsim_ros2_ws/build/custom_interface': CMAKE_PREFIX_PATH=${CMAKE_PREFIX_PATH}:/home/whaly/isaac_ws/Isaacsim_ros2_ws/install/test_pkg:/home/whaly/isaac_ws/Isaacsim_ros2_ws/install/isaac_tutorials:/home/whaly/isaac_ws/Isaacsim_ros2_ws/install/h1_pkg:/home/whaly/isaac_ws/Isaacsim_ros2_ws/install/ackermann_control:/home/whaly/whaly_ws/install/whaly_pkg:/opt/ros/humble CONDA_PROMPT_MODIFIER=(base) /usr/bin/cmake --install /home/whaly/isaac_ws/Isaacsim_ros2_ws/build/custom_interface
[1.912s] Level 1:colcon.colcon_core.environment:create_environment_scripts_only(custom_interface)
[1.913s] DEBUG:colcon.colcon_core.event_handler.log_command:Invoked command in '/home/whaly/isaac_ws/Isaacsim_ros2_ws/build/custom_interface' returned '0': CMAKE_PREFIX_PATH=${CMAKE_PREFIX_PATH}:/home/whaly/isaac_ws/Isaacsim_ros2_ws/install/test_pkg:/home/whaly/isaac_ws/Isaacsim_ros2_ws/install/isaac_tutorials:/home/whaly/isaac_ws/Isaacsim_ros2_ws/install/h1_pkg:/home/whaly/isaac_ws/Isaacsim_ros2_ws/install/ackermann_control:/home/whaly/whaly_ws/install/whaly_pkg:/opt/ros/humble CONDA_PROMPT_MODIFIER=(base) /usr/bin/cmake --install /home/whaly/isaac_ws/Isaacsim_ros2_ws/build/custom_interface
[1.913s] Level 1:colcon.colcon_core.environment:checking '/home/whaly/isaac_ws/Isaacsim_ros2_ws/install/custom_interface' for CMake module files
[1.914s] Level 1:colcon.colcon_core.environment:checking '/home/whaly/isaac_ws/Isaacsim_ros2_ws/install/custom_interface' for CMake config files
[1.915s] Level 1:colcon.colcon_core.shell:create_environment_hook('custom_interface', 'cmake_prefix_path')
[1.915s] INFO:colcon.colcon_core.shell:Creating environment hook '/home/whaly/isaac_ws/Isaacsim_ros2_ws/install/custom_interface/share/custom_interface/hook/cmake_prefix_path.ps1'
[1.915s] INFO:colcon.colcon_core.shell:Creating environment descriptor '/home/whaly/isaac_ws/Isaacsim_ros2_ws/install/custom_interface/share/custom_interface/hook/cmake_prefix_path.dsv'
[1.916s] INFO:colcon.colcon_core.shell:Creating environment hook '/home/whaly/isaac_ws/Isaacsim_ros2_ws/install/custom_interface/share/custom_interface/hook/cmake_prefix_path.sh'
[1.916s] Level 1:colcon.colcon_core.environment:checking '/home/whaly/isaac_ws/Isaacsim_ros2_ws/install/custom_interface/lib'
[1.916s] Level 1:colcon.colcon_core.shell:create_environment_hook('custom_interface', 'ld_library_path_lib')
[1.917s] INFO:colcon.colcon_core.shell:Creating environment hook '/home/whaly/isaac_ws/Isaacsim_ros2_ws/install/custom_interface/share/custom_interface/hook/ld_library_path_lib.ps1'
[1.917s] INFO:colcon.colcon_core.shell:Creating environment descriptor '/home/whaly/isaac_ws/Isaacsim_ros2_ws/install/custom_interface/share/custom_interface/hook/ld_library_path_lib.dsv'
[1.917s] INFO:colcon.colcon_core.shell:Creating environment hook '/home/whaly/isaac_ws/Isaacsim_ros2_ws/install/custom_interface/share/custom_interface/hook/ld_library_path_lib.sh'
[1.918s] Level 1:colcon.colcon_core.environment:checking '/home/whaly/isaac_ws/Isaacsim_ros2_ws/install/custom_interface/bin'
[1.918s] Level 1:colcon.colcon_core.environment:checking '/home/whaly/isaac_ws/Isaacsim_ros2_ws/install/custom_interface/lib/pkgconfig/custom_interface.pc'
[1.918s] Level 1:colcon.colcon_core.environment:checking '/home/whaly/isaac_ws/Isaacsim_ros2_ws/install/custom_interface/lib/python3.10/site-packages'
[1.918s] Level 1:colcon.colcon_core.environment:checking '/home/whaly/isaac_ws/Isaacsim_ros2_ws/install/custom_interface/bin'
[1.919s] INFO:colcon.colcon_core.shell:Creating package script '/home/whaly/isaac_ws/Isaacsim_ros2_ws/install/custom_interface/share/custom_interface/package.ps1'
[1.919s] INFO:colcon.colcon_core.shell:Creating package descriptor '/home/whaly/isaac_ws/Isaacsim_ros2_ws/install/custom_interface/share/custom_interface/package.dsv'
[1.920s] INFO:colcon.colcon_core.shell:Creating package script '/home/whaly/isaac_ws/Isaacsim_ros2_ws/install/custom_interface/share/custom_interface/package.sh'
[1.920s] INFO:colcon.colcon_core.shell:Creating package script '/home/whaly/isaac_ws/Isaacsim_ros2_ws/install/custom_interface/share/custom_interface/package.bash'
[1.921s] INFO:colcon.colcon_core.shell:Creating package script '/home/whaly/isaac_ws/Isaacsim_ros2_ws/install/custom_interface/share/custom_interface/package.zsh'
[1.921s] Level 1:colcon.colcon_core.environment:create_file_with_runtime_dependencies(/home/whaly/isaac_ws/Isaacsim_ros2_ws/install/custom_interface/share/colcon-core/packages/custom_interface)
[1.921s] Level 1:colcon.colcon_core.environment:create_environment_scripts_only(custom_interface)
[1.922s] Level 1:colcon.colcon_core.environment:checking '/home/whaly/isaac_ws/Isaacsim_ros2_ws/install/custom_interface' for CMake module files
[1.922s] Level 1:colcon.colcon_core.environment:checking '/home/whaly/isaac_ws/Isaacsim_ros2_ws/install/custom_interface' for CMake config files
[1.923s] Level 1:colcon.colcon_core.shell:create_environment_hook('custom_interface', 'cmake_prefix_path')
[1.923s] INFO:colcon.colcon_core.shell:Creating environment hook '/home/whaly/isaac_ws/Isaacsim_ros2_ws/install/custom_interface/share/custom_interface/hook/cmake_prefix_path.ps1'
[1.924s] INFO:colcon.colcon_core.shell:Creating environment descriptor '/home/whaly/isaac_ws/Isaacsim_ros2_ws/install/custom_interface/share/custom_interface/hook/cmake_prefix_path.dsv'
[1.924s] INFO:colcon.colcon_core.shell:Creating environment hook '/home/whaly/isaac_ws/Isaacsim_ros2_ws/install/custom_interface/share/custom_interface/hook/cmake_prefix_path.sh'
[1.925s] Level 1:colcon.colcon_core.environment:checking '/home/whaly/isaac_ws/Isaacsim_ros2_ws/install/custom_interface/lib'
[1.925s] Level 1:colcon.colcon_core.shell:create_environment_hook('custom_interface', 'ld_library_path_lib')
[1.925s] INFO:colcon.colcon_core.shell:Creating environment hook '/home/whaly/isaac_ws/Isaacsim_ros2_ws/install/custom_interface/share/custom_interface/hook/ld_library_path_lib.ps1'
[1.925s] INFO:colcon.colcon_core.shell:Creating environment descriptor '/home/whaly/isaac_ws/Isaacsim_ros2_ws/install/custom_interface/share/custom_interface/hook/ld_library_path_lib.dsv'
[1.926s] INFO:colcon.colcon_core.shell:Creating environment hook '/home/whaly/isaac_ws/Isaacsim_ros2_ws/install/custom_interface/share/custom_interface/hook/ld_library_path_lib.sh'
[1.926s] Level 1:colcon.colcon_core.environment:checking '/home/whaly/isaac_ws/Isaacsim_ros2_ws/install/custom_interface/bin'
[1.926s] Level 1:colcon.colcon_core.environment:checking '/home/whaly/isaac_ws/Isaacsim_ros2_ws/install/custom_interface/lib/pkgconfig/custom_interface.pc'
[1.926s] Level 1:colcon.colcon_core.environment:checking '/home/whaly/isaac_ws/Isaacsim_ros2_ws/install/custom_interface/lib/python3.10/site-packages'
[1.926s] Level 1:colcon.colcon_core.environment:checking '/home/whaly/isaac_ws/Isaacsim_ros2_ws/install/custom_interface/bin'
[1.927s] INFO:colcon.colcon_core.shell:Creating package script '/home/whaly/isaac_ws/Isaacsim_ros2_ws/install/custom_interface/share/custom_interface/package.ps1'
[1.928s] INFO:colcon.colcon_core.shell:Creating package descriptor '/home/whaly/isaac_ws/Isaacsim_ros2_ws/install/custom_interface/share/custom_interface/package.dsv'
[1.928s] INFO:colcon.colcon_core.shell:Creating package script '/home/whaly/isaac_ws/Isaacsim_ros2_ws/install/custom_interface/share/custom_interface/package.sh'
[1.929s] INFO:colcon.colcon_core.shell:Creating package script '/home/whaly/isaac_ws/Isaacsim_ros2_ws/install/custom_interface/share/custom_interface/package.bash'
[1.929s] INFO:colcon.colcon_core.shell:Creating package script '/home/whaly/isaac_ws/Isaacsim_ros2_ws/install/custom_interface/share/custom_interface/package.zsh'
[1.929s] Level 1:colcon.colcon_core.environment:create_file_with_runtime_dependencies(/home/whaly/isaac_ws/Isaacsim_ros2_ws/install/custom_interface/share/colcon-core/packages/custom_interface)
[2.100s] DEBUG:colcon.colcon_core.event_handler.log_command:Invoking command in '/home/whaly/isaac_ws/Isaacsim_ros2_ws/build/h1_pkg': CONDA_PROMPT_MODIFIER=(base) PYTHONPATH=/home/whaly/isaac_ws/Isaacsim_ros2_ws/build/h1_pkg/prefix_override:/usr/lib/python3/dist-packages/colcon_core/task/python/colcon_distutils_commands:/home/whaly/isaac_ws/Isaacsim_ros2_ws/install/h1_pkg/lib/python3.10/site-packages:${PYTHONPATH} /usr/bin/python3 -W ignore:setup.py install is deprecated -W ignore:easy_install command is deprecated setup.py develop --uninstall --editable --build-directory /home/whaly/isaac_ws/Isaacsim_ros2_ws/build/h1_pkg/build
[2.112s] DEBUG:colcon.colcon_core.event_handler.log_command:Invoking command in '/home/whaly/isaac_ws/Isaacsim_ros2_ws/build/test_pkg': CONDA_PROMPT_MODIFIER=(base) PYTHONPATH=/home/whaly/isaac_ws/Isaacsim_ros2_ws/build/test_pkg/prefix_override:/usr/lib/python3/dist-packages/colcon_core/task/python/colcon_distutils_commands:/home/whaly/isaac_ws/Isaacsim_ros2_ws/install/test_pkg/lib/python3.10/site-packages:${PYTHONPATH} /usr/bin/python3 -W ignore:setup.py install is deprecated -W ignore:easy_install command is deprecated setup.py develop --uninstall --editable --build-directory /home/whaly/isaac_ws/Isaacsim_ros2_ws/build/test_pkg/build
[2.384s] DEBUG:colcon.colcon_core.event_handler.log_command:Invoked command in '/home/whaly/isaac_ws/Isaacsim_ros2_ws/build/h1_pkg' returned '0': CONDA_PROMPT_MODIFIER=(base) PYTHONPATH=/home/whaly/isaac_ws/Isaacsim_ros2_ws/build/h1_pkg/prefix_override:/usr/lib/python3/dist-packages/colcon_core/task/python/colcon_distutils_commands:/home/whaly/isaac_ws/Isaacsim_ros2_ws/install/h1_pkg/lib/python3.10/site-packages:${PYTHONPATH} /usr/bin/python3 -W ignore:setup.py install is deprecated -W ignore:easy_install command is deprecated setup.py develop --uninstall --editable --build-directory /home/whaly/isaac_ws/Isaacsim_ros2_ws/build/h1_pkg/build
[2.385s] DEBUG:colcon.colcon_core.event_handler.log_command:Invoking command in '/home/whaly/isaac_ws/Isaacsim_ros2_ws/src/h1_pkg': CONDA_PROMPT_MODIFIER=(base) PYTHONPATH=/home/whaly/isaac_ws/Isaacsim_ros2_ws/build/h1_pkg/prefix_override:/usr/lib/python3/dist-packages/colcon_core/task/python/colcon_distutils_commands:/home/whaly/isaac_ws/Isaacsim_ros2_ws/install/h1_pkg/lib/python3.10/site-packages:${PYTHONPATH} /usr/bin/python3 -W ignore:setup.py install is deprecated -W ignore:easy_install command is deprecated setup.py egg_info --egg-base ../../build/h1_pkg build --build-base /home/whaly/isaac_ws/Isaacsim_ros2_ws/build/h1_pkg/build install --record /home/whaly/isaac_ws/Isaacsim_ros2_ws/build/h1_pkg/install.log --single-version-externally-managed install_data --force
[2.390s] DEBUG:colcon.colcon_core.event_handler.log_command:Invoked command in '/home/whaly/isaac_ws/Isaacsim_ros2_ws/build/test_pkg' returned '0': CONDA_PROMPT_MODIFIER=(base) PYTHONPATH=/home/whaly/isaac_ws/Isaacsim_ros2_ws/build/test_pkg/prefix_override:/usr/lib/python3/dist-packages/colcon_core/task/python/colcon_distutils_commands:/home/whaly/isaac_ws/Isaacsim_ros2_ws/install/test_pkg/lib/python3.10/site-packages:${PYTHONPATH} /usr/bin/python3 -W ignore:setup.py install is deprecated -W ignore:easy_install command is deprecated setup.py develop --uninstall --editable --build-directory /home/whaly/isaac_ws/Isaacsim_ros2_ws/build/test_pkg/build
[2.391s] DEBUG:colcon.colcon_core.event_handler.log_command:Invoking command in '/home/whaly/isaac_ws/Isaacsim_ros2_ws/src/test_pkg': CONDA_PROMPT_MODIFIER=(base) PYTHONPATH=/home/whaly/isaac_ws/Isaacsim_ros2_ws/build/test_pkg/prefix_override:/usr/lib/python3/dist-packages/colcon_core/task/python/colcon_distutils_commands:/home/whaly/isaac_ws/Isaacsim_ros2_ws/install/test_pkg/lib/python3.10/site-packages:${PYTHONPATH} /usr/bin/python3 -W ignore:setup.py install is deprecated -W ignore:easy_install command is deprecated setup.py egg_info --egg-base ../../build/test_pkg build --build-base /home/whaly/isaac_ws/Isaacsim_ros2_ws/build/test_pkg/build install --record /home/whaly/isaac_ws/Isaacsim_ros2_ws/build/test_pkg/install.log --single-version-externally-managed install_data --force
[2.572s] Level 1:colcon.colcon_core.environment:checking '/home/whaly/isaac_ws/Isaacsim_ros2_ws/install/h1_pkg' for CMake module files
[2.573s] DEBUG:colcon.colcon_core.event_handler.log_command:Invoked command in '/home/whaly/isaac_ws/Isaacsim_ros2_ws/src/h1_pkg' returned '0': CONDA_PROMPT_MODIFIER=(base) PYTHONPATH=/home/whaly/isaac_ws/Isaacsim_ros2_ws/build/h1_pkg/prefix_override:/usr/lib/python3/dist-packages/colcon_core/task/python/colcon_distutils_commands:/home/whaly/isaac_ws/Isaacsim_ros2_ws/install/h1_pkg/lib/python3.10/site-packages:${PYTHONPATH} /usr/bin/python3 -W ignore:setup.py install is deprecated -W ignore:easy_install command is deprecated setup.py egg_info --egg-base ../../build/h1_pkg build --build-base /home/whaly/isaac_ws/Isaacsim_ros2_ws/build/h1_pkg/build install --record /home/whaly/isaac_ws/Isaacsim_ros2_ws/build/h1_pkg/install.log --single-version-externally-managed install_data --force
[2.573s] Level 1:colcon.colcon_core.environment:checking '/home/whaly/isaac_ws/Isaacsim_ros2_ws/install/h1_pkg' for CMake config files
[2.573s] Level 1:colcon.colcon_core.environment:checking '/home/whaly/isaac_ws/Isaacsim_ros2_ws/install/h1_pkg/lib'
[2.573s] Level 1:colcon.colcon_core.environment:checking '/home/whaly/isaac_ws/Isaacsim_ros2_ws/install/h1_pkg/bin'
[2.573s] Level 1:colcon.colcon_core.environment:checking '/home/whaly/isaac_ws/Isaacsim_ros2_ws/install/h1_pkg/lib/pkgconfig/h1_pkg.pc'
[2.573s] Level 1:colcon.colcon_core.environment:checking '/home/whaly/isaac_ws/Isaacsim_ros2_ws/install/h1_pkg/lib/python3.10/site-packages'
[2.573s] Level 1:colcon.colcon_core.shell:create_environment_hook('h1_pkg', 'pythonpath')
[2.574s] INFO:colcon.colcon_core.shell:Creating environment hook '/home/whaly/isaac_ws/Isaacsim_ros2_ws/install/h1_pkg/share/h1_pkg/hook/pythonpath.ps1'
[2.574s] INFO:colcon.colcon_core.shell:Creating environment descriptor '/home/whaly/isaac_ws/Isaacsim_ros2_ws/install/h1_pkg/share/h1_pkg/hook/pythonpath.dsv'
[2.574s] INFO:colcon.colcon_core.shell:Creating environment hook '/home/whaly/isaac_ws/Isaacsim_ros2_ws/install/h1_pkg/share/h1_pkg/hook/pythonpath.sh'
[2.575s] Level 1:colcon.colcon_core.environment:checking '/home/whaly/isaac_ws/Isaacsim_ros2_ws/install/h1_pkg/bin'
[2.575s] Level 1:colcon.colcon_core.environment:create_environment_scripts_only(h1_pkg)
[2.575s] INFO:colcon.colcon_core.shell:Creating package script '/home/whaly/isaac_ws/Isaacsim_ros2_ws/install/h1_pkg/share/h1_pkg/package.ps1'
[2.576s] INFO:colcon.colcon_core.shell:Creating package descriptor '/home/whaly/isaac_ws/Isaacsim_ros2_ws/install/h1_pkg/share/h1_pkg/package.dsv'
[2.576s] INFO:colcon.colcon_core.shell:Creating package script '/home/whaly/isaac_ws/Isaacsim_ros2_ws/install/h1_pkg/share/h1_pkg/package.sh'
[2.576s] INFO:colcon.colcon_core.shell:Creating package script '/home/whaly/isaac_ws/Isaacsim_ros2_ws/install/h1_pkg/share/h1_pkg/package.bash'
[2.577s] INFO:colcon.colcon_core.shell:Creating package script '/home/whaly/isaac_ws/Isaacsim_ros2_ws/install/h1_pkg/share/h1_pkg/package.zsh'
[2.577s] Level 1:colcon.colcon_core.environment:create_file_with_runtime_dependencies(/home/whaly/isaac_ws/Isaacsim_ros2_ws/install/h1_pkg/share/colcon-core/packages/h1_pkg)
[2.579s] Level 1:colcon.colcon_core.environment:checking '/home/whaly/isaac_ws/Isaacsim_ros2_ws/install/test_pkg' for CMake module files
[2.579s] DEBUG:colcon.colcon_core.event_handler.log_command:Invoked command in '/home/whaly/isaac_ws/Isaacsim_ros2_ws/src/test_pkg' returned '0': CONDA_PROMPT_MODIFIER=(base) PYTHONPATH=/home/whaly/isaac_ws/Isaacsim_ros2_ws/build/test_pkg/prefix_override:/usr/lib/python3/dist-packages/colcon_core/task/python/colcon_distutils_commands:/home/whaly/isaac_ws/Isaacsim_ros2_ws/install/test_pkg/lib/python3.10/site-packages:${PYTHONPATH} /usr/bin/python3 -W ignore:setup.py install is deprecated -W ignore:easy_install command is deprecated setup.py egg_info --egg-base ../../build/test_pkg build --build-base /home/whaly/isaac_ws/Isaacsim_ros2_ws/build/test_pkg/build install --record /home/whaly/isaac_ws/Isaacsim_ros2_ws/build/test_pkg/install.log --single-version-externally-managed install_data --force
[2.580s] Level 1:colcon.colcon_core.environment:checking '/home/whaly/isaac_ws/Isaacsim_ros2_ws/install/test_pkg' for CMake config files
[2.580s] Level 1:colcon.colcon_core.environment:checking '/home/whaly/isaac_ws/Isaacsim_ros2_ws/install/test_pkg/lib'
[2.580s] Level 1:colcon.colcon_core.environment:checking '/home/whaly/isaac_ws/Isaacsim_ros2_ws/install/test_pkg/bin'
[2.580s] Level 1:colcon.colcon_core.environment:checking '/home/whaly/isaac_ws/Isaacsim_ros2_ws/install/test_pkg/lib/pkgconfig/test_pkg.pc'
[2.580s] Level 1:colcon.colcon_core.environment:checking '/home/whaly/isaac_ws/Isaacsim_ros2_ws/install/test_pkg/lib/python3.10/site-packages'
[2.580s] Level 1:colcon.colcon_core.shell:create_environment_hook('test_pkg', 'pythonpath')
[2.580s] INFO:colcon.colcon_core.shell:Creating environment hook '/home/whaly/isaac_ws/Isaacsim_ros2_ws/install/test_pkg/share/test_pkg/hook/pythonpath.ps1'
[2.581s] INFO:colcon.colcon_core.shell:Creating environment descriptor '/home/whaly/isaac_ws/Isaacsim_ros2_ws/install/test_pkg/share/test_pkg/hook/pythonpath.dsv'
[2.581s] INFO:colcon.colcon_core.shell:Creating environment hook '/home/whaly/isaac_ws/Isaacsim_ros2_ws/install/test_pkg/share/test_pkg/hook/pythonpath.sh'
[2.581s] Level 1:colcon.colcon_core.environment:checking '/home/whaly/isaac_ws/Isaacsim_ros2_ws/install/test_pkg/bin'
[2.581s] Level 1:colcon.colcon_core.environment:create_environment_scripts_only(test_pkg)
[2.581s] INFO:colcon.colcon_core.shell:Creating package script '/home/whaly/isaac_ws/Isaacsim_ros2_ws/install/test_pkg/share/test_pkg/package.ps1'
[2.582s] INFO:colcon.colcon_core.shell:Creating package descriptor '/home/whaly/isaac_ws/Isaacsim_ros2_ws/install/test_pkg/share/test_pkg/package.dsv'
[2.582s] INFO:colcon.colcon_core.shell:Creating package script '/home/whaly/isaac_ws/Isaacsim_ros2_ws/install/test_pkg/share/test_pkg/package.sh'
[2.583s] INFO:colcon.colcon_core.shell:Creating package script '/home/whaly/isaac_ws/Isaacsim_ros2_ws/install/test_pkg/share/test_pkg/package.bash'
[2.583s] INFO:colcon.colcon_core.shell:Creating package script '/home/whaly/isaac_ws/Isaacsim_ros2_ws/install/test_pkg/share/test_pkg/package.zsh'
[2.583s] Level 1:colcon.colcon_core.environment:create_file_with_runtime_dependencies(/home/whaly/isaac_ws/Isaacsim_ros2_ws/install/test_pkg/share/colcon-core/packages/test_pkg)
[2.584s] DEBUG:colcon.colcon_parallel_executor.executor.parallel:closing loop
[2.584s] DEBUG:colcon.colcon_parallel_executor.executor.parallel:loop closed
[2.584s] DEBUG:colcon.colcon_parallel_executor.executor.parallel:run_until_complete finished with '0'
[2.584s] DEBUG:colcon.colcon_core.event_reactor:joining thread
[2.588s] INFO:colcon.colcon_core.plugin_system:Skipping extension 'colcon_notification.desktop_notification.terminal_notifier': Not used on non-Darwin systems
[2.588s] INFO:colcon.colcon_core.plugin_system:Skipping extension 'colcon_notification.desktop_notification.win32': Not used on non-Windows systems
[2.588s] INFO:colcon.colcon_notification.desktop_notification:Sending desktop notification using 'notify2'
[2.596s] DEBUG:colcon.colcon_core.event_reactor:joined thread
[2.596s] INFO:colcon.colcon_core.shell:Creating prefix script '/home/whaly/isaac_ws/Isaacsim_ros2_ws/install/local_setup.ps1'
[2.597s] INFO:colcon.colcon_core.shell:Creating prefix util module '/home/whaly/isaac_ws/Isaacsim_ros2_ws/install/_local_setup_util_ps1.py'
[2.598s] INFO:colcon.colcon_core.shell:Creating prefix chain script '/home/whaly/isaac_ws/Isaacsim_ros2_ws/install/setup.ps1'
[2.599s] INFO:colcon.colcon_core.shell:Creating prefix script '/home/whaly/isaac_ws/Isaacsim_ros2_ws/install/local_setup.sh'
[2.599s] INFO:colcon.colcon_core.shell:Creating prefix util module '/home/whaly/isaac_ws/Isaacsim_ros2_ws/install/_local_setup_util_sh.py'
[2.599s] INFO:colcon.colcon_core.shell:Creating prefix chain script '/home/whaly/isaac_ws/Isaacsim_ros2_ws/install/setup.sh'
[2.600s] INFO:colcon.colcon_core.shell:Creating prefix script '/home/whaly/isaac_ws/Isaacsim_ros2_ws/install/local_setup.bash'
[2.600s] INFO:colcon.colcon_core.shell:Creating prefix chain script '/home/whaly/isaac_ws/Isaacsim_ros2_ws/install/setup.bash'
[2.601s] INFO:colcon.colcon_core.shell:Creating prefix script '/home/whaly/isaac_ws/Isaacsim_ros2_ws/install/local_setup.zsh'
[2.601s] INFO:colcon.colcon_core.shell:Creating prefix chain script '/home/whaly/isaac_ws/Isaacsim_ros2_ws/install/setup.zsh'
