[0.604s] Invoking command in '/home/whaly/isaac_ws/Isaacsim_ros2_ws/build/isaac_tutorials': CONDA_PROMPT_MODIFIER=(base) PYTHONPATH=/home/whaly/isaac_ws/Isaacsim_ros2_ws/build/isaac_tutorials/prefix_override:/usr/lib/python3/dist-packages/colcon_core/task/python/colcon_distutils_commands:/home/whaly/isaac_ws/Isaacsim_ros2_ws/install/isaac_tutorials/lib/python3.10/site-packages:${PYTHONPATH} /usr/bin/python3 -W ignore:setup.py install is deprecated -W ignore:easy_install command is deprecated setup.py develop --editable --build-directory /home/whaly/isaac_ws/Isaacsim_ros2_ws/build/isaac_tutorials/build --no-deps symlink_data
[0.777s] running develop
[0.884s] running egg_info
[0.884s] creating isaac_tutorials.egg-info
[0.884s] writing isaac_tutorials.egg-info/PKG-INFO
[0.884s] writing dependency_links to isaac_tutorials.egg-info/dependency_links.txt
[0.885s] writing entry points to isaac_tutorials.egg-info/entry_points.txt
[0.885s] writing requirements to isaac_tutorials.egg-info/requires.txt
[0.885s] writing top-level names to isaac_tutorials.egg-info/top_level.txt
[0.885s] writing manifest file 'isaac_tutorials.egg-info/SOURCES.txt'
[0.886s] reading manifest file 'isaac_tutorials.egg-info/SOURCES.txt'
[0.887s] writing manifest file 'isaac_tutorials.egg-info/SOURCES.txt'
[0.888s] running build_ext
[0.888s] Creating /home/whaly/isaac_ws/Isaacsim_ros2_ws/install/isaac_tutorials/lib/python3.10/site-packages/isaac-tutorials.egg-link (link to .)
[0.888s] Installing ackermann_publisher script to /home/whaly/isaac_ws/Isaacsim_ros2_ws/install/isaac_tutorials/lib/isaac_tutorials
[0.888s] Installing imu_listener script to /home/whaly/isaac_ws/Isaacsim_ros2_ws/install/isaac_tutorials/lib/isaac_tutorials
[0.888s] Installing joint_command_talker script to /home/whaly/isaac_ws/Isaacsim_ros2_ws/install/isaac_tutorials/lib/isaac_tutorials
[0.888s] 
[0.889s] Installed /home/whaly/isaac_ws/Isaacsim_ros2_ws/build/isaac_tutorials
[0.889s] running symlink_data
[0.889s] creating /home/whaly/isaac_ws/Isaacsim_ros2_ws/install/isaac_tutorials/share/ament_index
[0.889s] creating /home/whaly/isaac_ws/Isaacsim_ros2_ws/install/isaac_tutorials/share/ament_index/resource_index
[0.889s] creating /home/whaly/isaac_ws/Isaacsim_ros2_ws/install/isaac_tutorials/share/ament_index/resource_index/packages
[0.889s] symbolically linking /home/whaly/isaac_ws/Isaacsim_ros2_ws/build/isaac_tutorials/resource/isaac_tutorials -> /home/whaly/isaac_ws/Isaacsim_ros2_ws/install/isaac_tutorials/share/ament_index/resource_index/packages
[0.889s] symbolically linking /home/whaly/isaac_ws/Isaacsim_ros2_ws/build/isaac_tutorials/package.xml -> /home/whaly/isaac_ws/Isaacsim_ros2_ws/install/isaac_tutorials/share/isaac_tutorials
[0.913s] Invoked command in '/home/whaly/isaac_ws/Isaacsim_ros2_ws/build/isaac_tutorials' returned '0': CONDA_PROMPT_MODIFIER=(base) PYTHONPATH=/home/whaly/isaac_ws/Isaacsim_ros2_ws/build/isaac_tutorials/prefix_override:/usr/lib/python3/dist-packages/colcon_core/task/python/colcon_distutils_commands:/home/whaly/isaac_ws/Isaacsim_ros2_ws/install/isaac_tutorials/lib/python3.10/site-packages:${PYTHONPATH} /usr/bin/python3 -W ignore:setup.py install is deprecated -W ignore:easy_install command is deprecated setup.py develop --editable --build-directory /home/whaly/isaac_ws/Isaacsim_ros2_ws/build/isaac_tutorials/build --no-deps symlink_data
