[0.186s] Invoking command in '/home/whaly/isaac_ws/Isaacsim_ros2_ws/build/custom_interface': CMAKE_PREFIX_PATH=${CMAKE_PREFIX_PATH}:/home/whaly/isaac_ws/Isaacsim_ros2_ws/install/test_pkg:/home/whaly/isaac_ws/Isaacsim_ros2_ws/install/isaac_tutorials:/home/whaly/isaac_ws/Isaacsim_ros2_ws/install/h1_pkg:/home/whaly/isaac_ws/Isaacsim_ros2_ws/install/custom_msgs:/home/whaly/isaac_ws/Isaacsim_ros2_ws/install/ackermann_control:/home/whaly/whaly_ws/install/whaly_pkg:/opt/ros/humble CONDA_PROMPT_MODIFIER=(base) /usr/bin/cmake --build /home/whaly/isaac_ws/Isaacsim_ros2_ws/build/custom_interface -- -j16 -l16
[0.201s] -- Found ament_cmake: 1.3.12 (/opt/ros/humble/share/ament_cmake/cmake)
[0.290s] -- Override CMake install command with custom implementation using symlinks instead of copying resources
[0.294s] -- Found std_msgs: 4.9.0 (/opt/ros/humble/share/std_msgs/cmake)
[0.308s] -- Found rosidl_generator_c: 3.1.7 (/opt/ros/humble/share/rosidl_generator_c/cmake)
[0.310s] -- Found rosidl_adapter: 3.1.7 (/opt/ros/humble/share/rosidl_adapter/cmake)
[0.313s] -- Found rosidl_generator_cpp: 3.1.7 (/opt/ros/humble/share/rosidl_generator_cpp/cmake)
[0.318s] -- Using all available rosidl_typesupport_c: rosidl_typesupport_fastrtps_c;rosidl_typesupport_introspection_c
[0.326s] -- Using all available rosidl_typesupport_cpp: rosidl_typesupport_fastrtps_cpp;rosidl_typesupport_introspection_cpp
[0.340s] -- Found geometry_msgs: 4.9.0 (/opt/ros/humble/share/geometry_msgs/cmake)
[0.348s] -- Found rosidl_default_generators: 1.2.0 (/opt/ros/humble/share/rosidl_default_generators/cmake)
[0.629s] -- Found ament_cmake_ros: 0.10.0 (/opt/ros/humble/share/ament_cmake_ros/cmake)
[0.901s] -- Using all available rosidl_typesupport_c: rosidl_typesupport_fastrtps_c;rosidl_typesupport_introspection_c
[1.018s] -- Using all available rosidl_typesupport_cpp: rosidl_typesupport_fastrtps_cpp;rosidl_typesupport_introspection_cpp
[1.036s] -- Found python_cmake_module: 0.10.0 (/opt/ros/humble/share/python_cmake_module/cmake)
[1.055s] -- Using PYTHON_EXECUTABLE: /usr/bin/python3.10
[1.055s] -- Using PYTHON_INCLUDE_DIRS: /usr/include/python3.10
[1.055s] -- Using PYTHON_LIBRARIES: /usr/lib/x86_64-linux-gnu/libpython3.10.so
[1.084s] -- Found ament_lint_auto: 0.12.14 (/opt/ros/humble/share/ament_lint_auto/cmake)
[1.090s] -- Added test 'lint_cmake' to check CMake code style
[1.091s] -- Added test 'xmllint' to check XML markup files
[1.092s] -- Configuring done
[1.118s] -- Generating done
[1.128s] -- Build files have been written to: /home/whaly/isaac_ws/Isaacsim_ros2_ws/build/custom_interface
[1.149s] [  2%] [34m[1mGenerating C code for ROS interfaces[0m
[1.157s] [  4%] [34m[1mGenerating C++ code for ROS interfaces[0m
[1.162s] [  4%] Built target ament_cmake_python_symlink_custom_interface
[1.306s] running egg_info
[1.316s] writing custom_interface.egg-info/PKG-INFO
[1.316s] writing dependency_links to custom_interface.egg-info/dependency_links.txt
[1.316s] writing top-level names to custom_interface.egg-info/top_level.txt
[1.343s] reading manifest file 'custom_interface.egg-info/SOURCES.txt'
[1.344s] writing manifest file 'custom_interface.egg-info/SOURCES.txt'
[1.365s] [  4%] Built target ament_cmake_python_build_custom_interface_egg
[1.387s] [35m[1mConsolidate compiler generated dependencies of target custom_interface__rosidl_generator_c[0m
[1.393s] [  4%] Built target custom_interface__cpp
[1.395s] [  8%] [32mBuilding C object CMakeFiles/custom_interface__rosidl_generator_c.dir/rosidl_generator_c/custom_interface/srv/detail/test_srv__functions.c.o[0m
[1.395s] [ 10%] [32mBuilding C object CMakeFiles/custom_interface__rosidl_generator_c.dir/rosidl_generator_c/custom_interface/msg/detail/test_msg__functions.c.o[0m
[1.395s] [ 10%] [32mBuilding C object CMakeFiles/custom_interface__rosidl_generator_c.dir/rosidl_generator_c/custom_interface/srv/detail/test_srv_empty_input__functions.c.o[0m
[1.401s] [ 17%] [34m[1mGenerating C++ type support dispatch for ROS interfaces[0m
[1.401s] [ 17%] [34m[1mGenerating C++ type support for eProsima Fast-RTPS[0m
[1.401s] [ 17%] [34m[1mGenerating C++ introspection for ROS interfaces[0m
[1.439s] [ 19%] [32m[1mLinking C shared library libcustom_interface__rosidl_generator_c.so[0m
[1.466s] [ 19%] Built target custom_interface__rosidl_generator_c
[1.473s] [ 25%] [34m[1mGenerating C introspection for ROS interfaces[0m
[1.473s] [ 25%] [34m[1mGenerating C type support for eProsima Fast-RTPS[0m
[1.473s] [ 25%] [34m[1mGenerating C type support dispatch for ROS interfaces[0m
[1.583s] [35m[1mConsolidate compiler generated dependencies of target custom_interface__rosidl_typesupport_cpp[0m
[1.592s] [ 27%] [32mBuilding CXX object CMakeFiles/custom_interface__rosidl_typesupport_cpp.dir/rosidl_typesupport_cpp/custom_interface/srv/test_srv__type_support.cpp.o[0m
[1.592s] [ 29%] [32mBuilding CXX object CMakeFiles/custom_interface__rosidl_typesupport_cpp.dir/rosidl_typesupport_cpp/custom_interface/msg/test_msg__type_support.cpp.o[0m
[1.593s] [ 31%] [32mBuilding CXX object CMakeFiles/custom_interface__rosidl_typesupport_cpp.dir/rosidl_typesupport_cpp/custom_interface/srv/test_srv_empty_input__type_support.cpp.o[0m
[1.611s] [35m[1mConsolidate compiler generated dependencies of target custom_interface__rosidl_typesupport_introspection_cpp[0m
[1.623s] [ 34%] [32mBuilding CXX object CMakeFiles/custom_interface__rosidl_typesupport_introspection_cpp.dir/rosidl_typesupport_introspection_cpp/custom_interface/srv/detail/test_srv_empty_input__type_support.cpp.o[0m
[1.624s] [ 38%] [32mBuilding CXX object CMakeFiles/custom_interface__rosidl_typesupport_introspection_cpp.dir/rosidl_typesupport_introspection_cpp/custom_interface/msg/detail/test_msg__type_support.cpp.o[0m
[1.624s] [ 38%] [32mBuilding CXX object CMakeFiles/custom_interface__rosidl_typesupport_introspection_cpp.dir/rosidl_typesupport_introspection_cpp/custom_interface/srv/detail/test_srv__type_support.cpp.o[0m
[1.625s] [35m[1mConsolidate compiler generated dependencies of target custom_interface__rosidl_typesupport_fastrtps_cpp[0m
[1.640s] [ 40%] [32mBuilding CXX object CMakeFiles/custom_interface__rosidl_typesupport_fastrtps_cpp.dir/rosidl_typesupport_fastrtps_cpp/custom_interface/msg/detail/dds_fastrtps/test_msg__type_support.cpp.o[0m
[1.641s] [ 44%] [32mBuilding CXX object CMakeFiles/custom_interface__rosidl_typesupport_fastrtps_cpp.dir/rosidl_typesupport_fastrtps_cpp/custom_interface/srv/detail/dds_fastrtps/test_srv__type_support.cpp.o[0m
[1.641s] [ 44%] [32mBuilding CXX object CMakeFiles/custom_interface__rosidl_typesupport_fastrtps_cpp.dir/rosidl_typesupport_fastrtps_cpp/custom_interface/srv/detail/dds_fastrtps/test_srv_empty_input__type_support.cpp.o[0m
[1.671s] [35m[1mConsolidate compiler generated dependencies of target custom_interface__rosidl_typesupport_c[0m
[1.680s] [ 51%] [32mBuilding CXX object CMakeFiles/custom_interface__rosidl_typesupport_c.dir/rosidl_typesupport_c/custom_interface/msg/test_msg__type_support.cpp.o[0m
[1.681s] [ 51%] [32mBuilding CXX object CMakeFiles/custom_interface__rosidl_typesupport_c.dir/rosidl_typesupport_c/custom_interface/srv/test_srv__type_support.cpp.o[0m
[1.681s] [ 51%] [32mBuilding CXX object CMakeFiles/custom_interface__rosidl_typesupport_c.dir/rosidl_typesupport_c/custom_interface/srv/test_srv_empty_input__type_support.cpp.o[0m
[1.709s] [35m[1mConsolidate compiler generated dependencies of target custom_interface__rosidl_typesupport_introspection_c[0m
[1.709s] [ 53%] [32m[1mLinking CXX shared library libcustom_interface__rosidl_typesupport_c.so[0m
[1.721s] [ 57%] [32mBuilding C object CMakeFiles/custom_interface__rosidl_typesupport_introspection_c.dir/rosidl_typesupport_introspection_c/custom_interface/msg/detail/test_msg__type_support.c.o[0m
[1.722s] [ 57%] [32mBuilding C object CMakeFiles/custom_interface__rosidl_typesupport_introspection_c.dir/rosidl_typesupport_introspection_c/custom_interface/srv/detail/test_srv_empty_input__type_support.c.o[0m
[1.722s] [ 59%] [32mBuilding C object CMakeFiles/custom_interface__rosidl_typesupport_introspection_c.dir/rosidl_typesupport_introspection_c/custom_interface/srv/detail/test_srv__type_support.c.o[0m
[1.752s] [ 59%] Built target custom_interface__rosidl_typesupport_c
[1.752s] [35m[1mConsolidate compiler generated dependencies of target custom_interface__rosidl_typesupport_fastrtps_c[0m
[1.759s] [ 61%] [32m[1mLinking C shared library libcustom_interface__rosidl_typesupport_introspection_c.so[0m
[1.767s] [ 63%] [32mBuilding CXX object CMakeFiles/custom_interface__rosidl_typesupport_fastrtps_c.dir/rosidl_typesupport_fastrtps_c/custom_interface/msg/detail/test_msg__type_support_c.cpp.o[0m
[1.767s] [ 65%] [32mBuilding CXX object CMakeFiles/custom_interface__rosidl_typesupport_fastrtps_c.dir/rosidl_typesupport_fastrtps_c/custom_interface/srv/detail/test_srv__type_support_c.cpp.o[0m
[1.767s] [ 68%] [32mBuilding CXX object CMakeFiles/custom_interface__rosidl_typesupport_fastrtps_c.dir/rosidl_typesupport_fastrtps_c/custom_interface/srv/detail/test_srv_empty_input__type_support_c.cpp.o[0m
[1.792s] [ 68%] Built target custom_interface__rosidl_typesupport_introspection_c
[1.855s] [ 70%] [32m[1mLinking CXX shared library libcustom_interface__rosidl_typesupport_cpp.so[0m
[1.883s] [ 70%] Built target custom_interface__rosidl_typesupport_cpp
[2.005s] [ 72%] [32m[1mLinking CXX shared library libcustom_interface__rosidl_typesupport_introspection_cpp.so[0m
[2.032s] [ 74%] [32m[1mLinking CXX shared library libcustom_interface__rosidl_typesupport_fastrtps_cpp.so[0m
[2.045s] [ 74%] Built target custom_interface__rosidl_typesupport_introspection_cpp
[2.062s] [ 76%] [32m[1mLinking CXX shared library libcustom_interface__rosidl_typesupport_fastrtps_c.so[0m
[2.079s] [ 76%] Built target custom_interface__rosidl_typesupport_fastrtps_cpp
[2.108s] [ 76%] Built target custom_interface__rosidl_typesupport_fastrtps_c
[2.119s] [ 76%] Built target custom_interface
[2.131s] [ 78%] [34m[1mGenerating Python code for ROS interfaces[0m
[2.489s] [ 78%] Built target custom_interface__py
[2.495s] [35m[1mConsolidate compiler generated dependencies of target custom_interface__rosidl_generator_py[0m
[2.503s] [ 80%] [32mBuilding C object CMakeFiles/custom_interface__rosidl_generator_py.dir/rosidl_generator_py/custom_interface/msg/_test_msg_s.c.o[0m
[2.503s] [ 82%] [32mBuilding C object CMakeFiles/custom_interface__rosidl_generator_py.dir/rosidl_generator_py/custom_interface/srv/_test_srv_s.c.o[0m
[2.503s] [ 85%] [32mBuilding C object CMakeFiles/custom_interface__rosidl_generator_py.dir/rosidl_generator_py/custom_interface/srv/_test_srv_empty_input_s.c.o[0m
[2.568s] [ 87%] [32m[1mLinking C shared library rosidl_generator_py/custom_interface/libcustom_interface__rosidl_generator_py.so[0m
[2.594s] [ 87%] Built target custom_interface__rosidl_generator_py
[2.600s] [35m[1mConsolidate compiler generated dependencies of target custom_interface__rosidl_typesupport_fastrtps_c__pyext[0m
[2.600s] [35m[1mConsolidate compiler generated dependencies of target custom_interface__rosidl_typesupport_c__pyext[0m
[2.600s] [35m[1mConsolidate compiler generated dependencies of target custom_interface__rosidl_typesupport_introspection_c__pyext[0m
[2.608s] [ 91%] [32mBuilding C object CMakeFiles/custom_interface__rosidl_typesupport_c__pyext.dir/rosidl_generator_py/custom_interface/_custom_interface_s.ep.rosidl_typesupport_c.c.o[0m
[2.608s] [ 91%] [32mBuilding C object CMakeFiles/custom_interface__rosidl_typesupport_introspection_c__pyext.dir/rosidl_generator_py/custom_interface/_custom_interface_s.ep.rosidl_typesupport_introspection_c.c.o[0m
[2.608s] [ 93%] [32mBuilding C object CMakeFiles/custom_interface__rosidl_typesupport_fastrtps_c__pyext.dir/rosidl_generator_py/custom_interface/_custom_interface_s.ep.rosidl_typesupport_fastrtps_c.c.o[0m
[2.676s] [ 97%] [32m[1mLinking C shared library rosidl_generator_py/custom_interface/custom_interface_s__rosidl_typesupport_fastrtps_c.cpython-310-x86_64-linux-gnu.so[0m
[2.676s] [ 97%] [32m[1mLinking C shared library rosidl_generator_py/custom_interface/custom_interface_s__rosidl_typesupport_introspection_c.cpython-310-x86_64-linux-gnu.so[0m
[2.676s] [100%] [32m[1mLinking C shared library rosidl_generator_py/custom_interface/custom_interface_s__rosidl_typesupport_c.cpython-310-x86_64-linux-gnu.so[0m
[2.701s] [100%] Built target custom_interface__rosidl_typesupport_introspection_c__pyext
[2.701s] [100%] Built target custom_interface__rosidl_typesupport_fastrtps_c__pyext
[2.701s] [100%] Built target custom_interface__rosidl_typesupport_c__pyext
[2.708s] Invoked command in '/home/whaly/isaac_ws/Isaacsim_ros2_ws/build/custom_interface' returned '0': CMAKE_PREFIX_PATH=${CMAKE_PREFIX_PATH}:/home/whaly/isaac_ws/Isaacsim_ros2_ws/install/test_pkg:/home/whaly/isaac_ws/Isaacsim_ros2_ws/install/isaac_tutorials:/home/whaly/isaac_ws/Isaacsim_ros2_ws/install/h1_pkg:/home/whaly/isaac_ws/Isaacsim_ros2_ws/install/custom_msgs:/home/whaly/isaac_ws/Isaacsim_ros2_ws/install/ackermann_control:/home/whaly/whaly_ws/install/whaly_pkg:/opt/ros/humble CONDA_PROMPT_MODIFIER=(base) /usr/bin/cmake --build /home/whaly/isaac_ws/Isaacsim_ros2_ws/build/custom_interface -- -j16 -l16
[2.709s] Invoking command in '/home/whaly/isaac_ws/Isaacsim_ros2_ws/build/custom_interface': CMAKE_PREFIX_PATH=${CMAKE_PREFIX_PATH}:/home/whaly/isaac_ws/Isaacsim_ros2_ws/install/test_pkg:/home/whaly/isaac_ws/Isaacsim_ros2_ws/install/isaac_tutorials:/home/whaly/isaac_ws/Isaacsim_ros2_ws/install/h1_pkg:/home/whaly/isaac_ws/Isaacsim_ros2_ws/install/custom_msgs:/home/whaly/isaac_ws/Isaacsim_ros2_ws/install/ackermann_control:/home/whaly/whaly_ws/install/whaly_pkg:/opt/ros/humble CONDA_PROMPT_MODIFIER=(base) /usr/bin/cmake --install /home/whaly/isaac_ws/Isaacsim_ros2_ws/build/custom_interface
[2.713s] -- Install configuration: ""
[2.714s] -- Execute custom install script
[2.714s] -- Up-to-date symlink: /home/whaly/isaac_ws/Isaacsim_ros2_ws/install/custom_interface/share/ament_index/resource_index/rosidl_interfaces/custom_interface
[2.714s] -- Up-to-date symlink: /home/whaly/isaac_ws/Isaacsim_ros2_ws/install/custom_interface/include/custom_interface/custom_interface/msg/detail/test_msg__functions.h
[2.714s] -- Up-to-date symlink: /home/whaly/isaac_ws/Isaacsim_ros2_ws/install/custom_interface/include/custom_interface/custom_interface/msg/detail/test_msg__struct.h
[2.714s] -- Up-to-date symlink: /home/whaly/isaac_ws/Isaacsim_ros2_ws/install/custom_interface/include/custom_interface/custom_interface/msg/detail/test_msg__type_support.h
[2.714s] -- Up-to-date symlink: /home/whaly/isaac_ws/Isaacsim_ros2_ws/install/custom_interface/include/custom_interface/custom_interface/msg/rosidl_generator_c__visibility_control.h
[2.714s] -- Up-to-date symlink: /home/whaly/isaac_ws/Isaacsim_ros2_ws/install/custom_interface/include/custom_interface/custom_interface/msg/test_msg.h
[2.714s] -- Up-to-date symlink: /home/whaly/isaac_ws/Isaacsim_ros2_ws/install/custom_interface/include/custom_interface/custom_interface/srv/detail/test_srv__functions.h
[2.714s] -- Up-to-date symlink: /home/whaly/isaac_ws/Isaacsim_ros2_ws/install/custom_interface/include/custom_interface/custom_interface/srv/detail/test_srv__struct.h
[2.714s] -- Up-to-date symlink: /home/whaly/isaac_ws/Isaacsim_ros2_ws/install/custom_interface/include/custom_interface/custom_interface/srv/detail/test_srv__type_support.h
[2.714s] -- Symlinking: /home/whaly/isaac_ws/Isaacsim_ros2_ws/install/custom_interface/include/custom_interface/custom_interface/srv/detail/test_srv_empty_input__functions.h
[2.719s] -- Symlinking: /home/whaly/isaac_ws/Isaacsim_ros2_ws/install/custom_interface/include/custom_interface/custom_interface/srv/detail/test_srv_empty_input__struct.h
[2.725s] -- Symlinking: /home/whaly/isaac_ws/Isaacsim_ros2_ws/install/custom_interface/include/custom_interface/custom_interface/srv/detail/test_srv_empty_input__type_support.h
[2.732s] -- Up-to-date symlink: /home/whaly/isaac_ws/Isaacsim_ros2_ws/install/custom_interface/include/custom_interface/custom_interface/srv/test_srv.h
[2.732s] -- Symlinking: /home/whaly/isaac_ws/Isaacsim_ros2_ws/install/custom_interface/include/custom_interface/custom_interface/srv/test_srv_empty_input.h
[2.738s] -- Up-to-date symlink: /home/whaly/isaac_ws/Isaacsim_ros2_ws/install/custom_interface/share/custom_interface/environment/library_path.sh
[2.738s] -- Up-to-date symlink: /home/whaly/isaac_ws/Isaacsim_ros2_ws/install/custom_interface/share/custom_interface/environment/library_path.dsv
[2.738s] -- Up-to-date symlink: /home/whaly/isaac_ws/Isaacsim_ros2_ws/install/custom_interface/include/custom_interface/custom_interface/msg/detail/test_msg__rosidl_typesupport_fastrtps_c.h
[2.738s] -- Up-to-date symlink: /home/whaly/isaac_ws/Isaacsim_ros2_ws/install/custom_interface/include/custom_interface/custom_interface/msg/rosidl_typesupport_fastrtps_c__visibility_control.h
[2.739s] -- Up-to-date symlink: /home/whaly/isaac_ws/Isaacsim_ros2_ws/install/custom_interface/include/custom_interface/custom_interface/srv/detail/test_srv__rosidl_typesupport_fastrtps_c.h
[2.739s] -- Symlinking: /home/whaly/isaac_ws/Isaacsim_ros2_ws/install/custom_interface/include/custom_interface/custom_interface/srv/detail/test_srv_empty_input__rosidl_typesupport_fastrtps_c.h
[2.745s] -- Up-to-date symlink: /home/whaly/isaac_ws/Isaacsim_ros2_ws/install/custom_interface/include/custom_interface/custom_interface/msg/detail/test_msg__builder.hpp
[2.745s] -- Up-to-date symlink: /home/whaly/isaac_ws/Isaacsim_ros2_ws/install/custom_interface/include/custom_interface/custom_interface/msg/detail/test_msg__struct.hpp
[2.745s] -- Up-to-date symlink: /home/whaly/isaac_ws/Isaacsim_ros2_ws/install/custom_interface/include/custom_interface/custom_interface/msg/detail/test_msg__traits.hpp
[2.745s] -- Up-to-date symlink: /home/whaly/isaac_ws/Isaacsim_ros2_ws/install/custom_interface/include/custom_interface/custom_interface/msg/detail/test_msg__type_support.hpp
[2.746s] -- Up-to-date symlink: /home/whaly/isaac_ws/Isaacsim_ros2_ws/install/custom_interface/include/custom_interface/custom_interface/msg/rosidl_generator_cpp__visibility_control.hpp
[2.746s] -- Up-to-date symlink: /home/whaly/isaac_ws/Isaacsim_ros2_ws/install/custom_interface/include/custom_interface/custom_interface/msg/test_msg.hpp
[2.746s] -- Up-to-date symlink: /home/whaly/isaac_ws/Isaacsim_ros2_ws/install/custom_interface/include/custom_interface/custom_interface/srv/detail/test_srv__builder.hpp
[2.746s] -- Up-to-date symlink: /home/whaly/isaac_ws/Isaacsim_ros2_ws/install/custom_interface/include/custom_interface/custom_interface/srv/detail/test_srv__struct.hpp
[2.746s] -- Up-to-date symlink: /home/whaly/isaac_ws/Isaacsim_ros2_ws/install/custom_interface/include/custom_interface/custom_interface/srv/detail/test_srv__traits.hpp
[2.746s] -- Up-to-date symlink: /home/whaly/isaac_ws/Isaacsim_ros2_ws/install/custom_interface/include/custom_interface/custom_interface/srv/detail/test_srv__type_support.hpp
[2.746s] -- Symlinking: /home/whaly/isaac_ws/Isaacsim_ros2_ws/install/custom_interface/include/custom_interface/custom_interface/srv/detail/test_srv_empty_input__builder.hpp
[2.753s] -- Symlinking: /home/whaly/isaac_ws/Isaacsim_ros2_ws/install/custom_interface/include/custom_interface/custom_interface/srv/detail/test_srv_empty_input__struct.hpp
[2.758s] -- Symlinking: /home/whaly/isaac_ws/Isaacsim_ros2_ws/install/custom_interface/include/custom_interface/custom_interface/srv/detail/test_srv_empty_input__traits.hpp
[2.764s] -- Symlinking: /home/whaly/isaac_ws/Isaacsim_ros2_ws/install/custom_interface/include/custom_interface/custom_interface/srv/detail/test_srv_empty_input__type_support.hpp
[2.768s] -- Up-to-date symlink: /home/whaly/isaac_ws/Isaacsim_ros2_ws/install/custom_interface/include/custom_interface/custom_interface/srv/test_srv.hpp
[2.768s] -- Symlinking: /home/whaly/isaac_ws/Isaacsim_ros2_ws/install/custom_interface/include/custom_interface/custom_interface/srv/test_srv_empty_input.hpp
[2.773s] -- Up-to-date symlink: /home/whaly/isaac_ws/Isaacsim_ros2_ws/install/custom_interface/include/custom_interface/custom_interface/msg/detail/test_msg__rosidl_typesupport_fastrtps_cpp.hpp
[2.773s] -- Up-to-date symlink: /home/whaly/isaac_ws/Isaacsim_ros2_ws/install/custom_interface/include/custom_interface/custom_interface/msg/rosidl_typesupport_fastrtps_cpp__visibility_control.h
[2.773s] -- Up-to-date symlink: /home/whaly/isaac_ws/Isaacsim_ros2_ws/install/custom_interface/include/custom_interface/custom_interface/srv/detail/test_srv__rosidl_typesupport_fastrtps_cpp.hpp
[2.773s] -- Symlinking: /home/whaly/isaac_ws/Isaacsim_ros2_ws/install/custom_interface/include/custom_interface/custom_interface/srv/detail/test_srv_empty_input__rosidl_typesupport_fastrtps_cpp.hpp
[2.778s] -- Up-to-date symlink: /home/whaly/isaac_ws/Isaacsim_ros2_ws/install/custom_interface/include/custom_interface/custom_interface/msg/detail/test_msg__rosidl_typesupport_introspection_c.h
[2.778s] -- Up-to-date symlink: /home/whaly/isaac_ws/Isaacsim_ros2_ws/install/custom_interface/include/custom_interface/custom_interface/msg/rosidl_typesupport_introspection_c__visibility_control.h
[2.778s] -- Up-to-date symlink: /home/whaly/isaac_ws/Isaacsim_ros2_ws/install/custom_interface/include/custom_interface/custom_interface/srv/detail/test_srv__rosidl_typesupport_introspection_c.h
[2.778s] -- Symlinking: /home/whaly/isaac_ws/Isaacsim_ros2_ws/install/custom_interface/include/custom_interface/custom_interface/srv/detail/test_srv_empty_input__rosidl_typesupport_introspection_c.h
[2.783s] -- Up-to-date symlink: /home/whaly/isaac_ws/Isaacsim_ros2_ws/install/custom_interface/include/custom_interface/custom_interface/msg/detail/test_msg__rosidl_typesupport_introspection_cpp.hpp
[2.783s] -- Up-to-date symlink: /home/whaly/isaac_ws/Isaacsim_ros2_ws/install/custom_interface/include/custom_interface/custom_interface/srv/detail/test_srv__rosidl_typesupport_introspection_cpp.hpp
[2.783s] -- Symlinking: /home/whaly/isaac_ws/Isaacsim_ros2_ws/install/custom_interface/include/custom_interface/custom_interface/srv/detail/test_srv_empty_input__rosidl_typesupport_introspection_cpp.hpp
[2.787s] -- Up-to-date symlink: /home/whaly/isaac_ws/Isaacsim_ros2_ws/install/custom_interface/share/custom_interface/environment/pythonpath.sh
[2.787s] -- Up-to-date symlink: /home/whaly/isaac_ws/Isaacsim_ros2_ws/install/custom_interface/share/custom_interface/environment/pythonpath.dsv
[2.787s] -- Up-to-date symlink: /home/whaly/isaac_ws/Isaacsim_ros2_ws/install/custom_interface/lib/python3.13/site-packages/custom_interface-0.0.0-py3.13.egg-info/PKG-INFO
[2.787s] -- Up-to-date symlink: /home/whaly/isaac_ws/Isaacsim_ros2_ws/install/custom_interface/lib/python3.13/site-packages/custom_interface-0.0.0-py3.13.egg-info/SOURCES.txt
[2.787s] -- Up-to-date symlink: /home/whaly/isaac_ws/Isaacsim_ros2_ws/install/custom_interface/lib/python3.13/site-packages/custom_interface-0.0.0-py3.13.egg-info/dependency_links.txt
[2.787s] -- Up-to-date symlink: /home/whaly/isaac_ws/Isaacsim_ros2_ws/install/custom_interface/lib/python3.13/site-packages/custom_interface-0.0.0-py3.13.egg-info/top_level.txt
[2.788s] -- Up-to-date symlink: /home/whaly/isaac_ws/Isaacsim_ros2_ws/install/custom_interface/lib/python3.13/site-packages/custom_interface/__init__.py
[2.788s] -- Up-to-date symlink: /home/whaly/isaac_ws/Isaacsim_ros2_ws/install/custom_interface/lib/python3.13/site-packages/custom_interface/_custom_interface_s.ep.rosidl_typesupport_c.c
[2.788s] -- Up-to-date symlink: /home/whaly/isaac_ws/Isaacsim_ros2_ws/install/custom_interface/lib/python3.13/site-packages/custom_interface/_custom_interface_s.ep.rosidl_typesupport_fastrtps_c.c
[2.788s] -- Up-to-date symlink: /home/whaly/isaac_ws/Isaacsim_ros2_ws/install/custom_interface/lib/python3.13/site-packages/custom_interface/_custom_interface_s.ep.rosidl_typesupport_introspection_c.c
[2.788s] -- Up-to-date symlink: /home/whaly/isaac_ws/Isaacsim_ros2_ws/install/custom_interface/lib/python3.13/site-packages/custom_interface/custom_interface_s__rosidl_typesupport_c.cpython-310-x86_64-linux-gnu.so
[2.788s] -- Up-to-date symlink: /home/whaly/isaac_ws/Isaacsim_ros2_ws/install/custom_interface/lib/python3.13/site-packages/custom_interface/custom_interface_s__rosidl_typesupport_fastrtps_c.cpython-310-x86_64-linux-gnu.so
[2.788s] -- Up-to-date symlink: /home/whaly/isaac_ws/Isaacsim_ros2_ws/install/custom_interface/lib/python3.13/site-packages/custom_interface/custom_interface_s__rosidl_typesupport_introspection_c.cpython-310-x86_64-linux-gnu.so
[2.788s] -- Up-to-date symlink: /home/whaly/isaac_ws/Isaacsim_ros2_ws/install/custom_interface/lib/python3.13/site-packages/custom_interface/libcustom_interface__rosidl_generator_py.so
[2.788s] -- Up-to-date symlink: /home/whaly/isaac_ws/Isaacsim_ros2_ws/install/custom_interface/lib/python3.13/site-packages/custom_interface/msg/__init__.py
[2.788s] -- Up-to-date symlink: /home/whaly/isaac_ws/Isaacsim_ros2_ws/install/custom_interface/lib/python3.13/site-packages/custom_interface/msg/_test_msg.py
[2.788s] -- Up-to-date symlink: /home/whaly/isaac_ws/Isaacsim_ros2_ws/install/custom_interface/lib/python3.13/site-packages/custom_interface/msg/_test_msg_s.c
[2.788s] -- Up-to-date symlink: /home/whaly/isaac_ws/Isaacsim_ros2_ws/install/custom_interface/lib/python3.13/site-packages/custom_interface/srv/__init__.py
[2.788s] -- Up-to-date symlink: /home/whaly/isaac_ws/Isaacsim_ros2_ws/install/custom_interface/lib/python3.13/site-packages/custom_interface/srv/_test_srv.py
[2.788s] -- Symlinking: /home/whaly/isaac_ws/Isaacsim_ros2_ws/install/custom_interface/lib/python3.13/site-packages/custom_interface/srv/_test_srv_empty_input.py
[2.793s] -- Symlinking: /home/whaly/isaac_ws/Isaacsim_ros2_ws/install/custom_interface/lib/python3.13/site-packages/custom_interface/srv/_test_srv_empty_input_s.c
[2.797s] -- Up-to-date symlink: /home/whaly/isaac_ws/Isaacsim_ros2_ws/install/custom_interface/lib/python3.13/site-packages/custom_interface/srv/_test_srv_s.c
[2.797s] -- Up-to-date symlink: /home/whaly/isaac_ws/Isaacsim_ros2_ws/install/custom_interface/lib/python3.13/site-packages/custom_interface/custom_interface_s__rosidl_typesupport_fastrtps_c.cpython-310-x86_64-linux-gnu.so
[2.797s] -- Up-to-date symlink: /home/whaly/isaac_ws/Isaacsim_ros2_ws/install/custom_interface/lib/python3.13/site-packages/custom_interface/custom_interface_s__rosidl_typesupport_introspection_c.cpython-310-x86_64-linux-gnu.so
[2.797s] -- Up-to-date symlink: /home/whaly/isaac_ws/Isaacsim_ros2_ws/install/custom_interface/lib/python3.13/site-packages/custom_interface/custom_interface_s__rosidl_typesupport_c.cpython-310-x86_64-linux-gnu.so
[2.797s] -- Up-to-date symlink: /home/whaly/isaac_ws/Isaacsim_ros2_ws/install/custom_interface/share/custom_interface/msg/TestMsg.idl
[2.798s] -- Up-to-date symlink: /home/whaly/isaac_ws/Isaacsim_ros2_ws/install/custom_interface/share/custom_interface/srv/TestSrv.idl
[2.798s] -- Symlinking: /home/whaly/isaac_ws/Isaacsim_ros2_ws/install/custom_interface/share/custom_interface/srv/TestSrvEmptyInput.idl
[2.802s] -- Up-to-date symlink: /home/whaly/isaac_ws/Isaacsim_ros2_ws/install/custom_interface/share/custom_interface/msg/TestMsg.msg
[2.802s] -- Up-to-date symlink: /home/whaly/isaac_ws/Isaacsim_ros2_ws/install/custom_interface/share/custom_interface/srv/TestSrv.srv
[2.802s] -- Up-to-date symlink: /home/whaly/isaac_ws/Isaacsim_ros2_ws/install/custom_interface/share/custom_interface/srv/TestSrv_Request.msg
[2.802s] -- Up-to-date symlink: /home/whaly/isaac_ws/Isaacsim_ros2_ws/install/custom_interface/share/custom_interface/srv/TestSrv_Response.msg
[2.802s] -- Symlinking: /home/whaly/isaac_ws/Isaacsim_ros2_ws/install/custom_interface/share/custom_interface/srv/TestSrvEmptyInput.srv
[2.807s] -- Symlinking: /home/whaly/isaac_ws/Isaacsim_ros2_ws/install/custom_interface/share/custom_interface/srv/TestSrvEmptyInput_Request.msg
[2.811s] -- Symlinking: /home/whaly/isaac_ws/Isaacsim_ros2_ws/install/custom_interface/share/custom_interface/srv/TestSrvEmptyInput_Response.msg
[2.815s] -- Up-to-date symlink: /home/whaly/isaac_ws/Isaacsim_ros2_ws/install/custom_interface/share/ament_index/resource_index/package_run_dependencies/custom_interface
[2.816s] -- Up-to-date symlink: /home/whaly/isaac_ws/Isaacsim_ros2_ws/install/custom_interface/share/ament_index/resource_index/parent_prefix_path/custom_interface
[2.816s] -- Up-to-date symlink: /home/whaly/isaac_ws/Isaacsim_ros2_ws/install/custom_interface/share/custom_interface/environment/ament_prefix_path.sh
[2.816s] -- Up-to-date symlink: /home/whaly/isaac_ws/Isaacsim_ros2_ws/install/custom_interface/share/custom_interface/environment/ament_prefix_path.dsv
[2.816s] -- Up-to-date symlink: /home/whaly/isaac_ws/Isaacsim_ros2_ws/install/custom_interface/share/custom_interface/environment/path.sh
[2.816s] -- Up-to-date symlink: /home/whaly/isaac_ws/Isaacsim_ros2_ws/install/custom_interface/share/custom_interface/environment/path.dsv
[2.816s] -- Up-to-date symlink: /home/whaly/isaac_ws/Isaacsim_ros2_ws/install/custom_interface/share/custom_interface/local_setup.bash
[2.816s] -- Up-to-date symlink: /home/whaly/isaac_ws/Isaacsim_ros2_ws/install/custom_interface/share/custom_interface/local_setup.sh
[2.816s] -- Up-to-date symlink: /home/whaly/isaac_ws/Isaacsim_ros2_ws/install/custom_interface/share/custom_interface/local_setup.zsh
[2.816s] -- Up-to-date symlink: /home/whaly/isaac_ws/Isaacsim_ros2_ws/install/custom_interface/share/custom_interface/local_setup.dsv
[2.816s] -- Symlinking: /home/whaly/isaac_ws/Isaacsim_ros2_ws/install/custom_interface/share/custom_interface/package.dsv
[2.821s] -- Up-to-date symlink: /home/whaly/isaac_ws/Isaacsim_ros2_ws/install/custom_interface/share/ament_index/resource_index/packages/custom_interface
[2.821s] -- Up-to-date symlink: /home/whaly/isaac_ws/Isaacsim_ros2_ws/install/custom_interface/share/custom_interface/cmake/rosidl_cmake-extras.cmake
[2.821s] -- Up-to-date symlink: /home/whaly/isaac_ws/Isaacsim_ros2_ws/install/custom_interface/share/custom_interface/cmake/ament_cmake_export_dependencies-extras.cmake
[2.821s] -- Up-to-date symlink: /home/whaly/isaac_ws/Isaacsim_ros2_ws/install/custom_interface/share/custom_interface/cmake/ament_cmake_export_include_directories-extras.cmake
[2.821s] -- Up-to-date symlink: /home/whaly/isaac_ws/Isaacsim_ros2_ws/install/custom_interface/share/custom_interface/cmake/ament_cmake_export_libraries-extras.cmake
[2.821s] -- Up-to-date symlink: /home/whaly/isaac_ws/Isaacsim_ros2_ws/install/custom_interface/share/custom_interface/cmake/ament_cmake_export_targets-extras.cmake
[2.821s] -- Up-to-date symlink: /home/whaly/isaac_ws/Isaacsim_ros2_ws/install/custom_interface/share/custom_interface/cmake/rosidl_cmake_export_typesupport_targets-extras.cmake
[2.821s] -- Up-to-date symlink: /home/whaly/isaac_ws/Isaacsim_ros2_ws/install/custom_interface/share/custom_interface/cmake/rosidl_cmake_export_typesupport_libraries-extras.cmake
[2.821s] -- Up-to-date symlink: /home/whaly/isaac_ws/Isaacsim_ros2_ws/install/custom_interface/share/custom_interface/cmake/custom_interfaceConfig.cmake
[2.821s] -- Up-to-date symlink: /home/whaly/isaac_ws/Isaacsim_ros2_ws/install/custom_interface/share/custom_interface/cmake/custom_interfaceConfig-version.cmake
[2.821s] -- Up-to-date symlink: /home/whaly/isaac_ws/Isaacsim_ros2_ws/install/custom_interface/share/custom_interface/package.xml
[2.822s] -- Installing: /home/whaly/isaac_ws/Isaacsim_ros2_ws/install/custom_interface/lib/libcustom_interface__rosidl_generator_c.so
[2.822s] -- Set runtime path of "/home/whaly/isaac_ws/Isaacsim_ros2_ws/install/custom_interface/lib/libcustom_interface__rosidl_generator_c.so" to ""
[2.822s] -- Installing: /home/whaly/isaac_ws/Isaacsim_ros2_ws/install/custom_interface/lib/libcustom_interface__rosidl_typesupport_fastrtps_c.so
[2.822s] -- Set runtime path of "/home/whaly/isaac_ws/Isaacsim_ros2_ws/install/custom_interface/lib/libcustom_interface__rosidl_typesupport_fastrtps_c.so" to ""
[2.822s] -- Installing: /home/whaly/isaac_ws/Isaacsim_ros2_ws/install/custom_interface/lib/libcustom_interface__rosidl_typesupport_fastrtps_cpp.so
[2.822s] -- Set runtime path of "/home/whaly/isaac_ws/Isaacsim_ros2_ws/install/custom_interface/lib/libcustom_interface__rosidl_typesupport_fastrtps_cpp.so" to ""
[2.823s] -- Installing: /home/whaly/isaac_ws/Isaacsim_ros2_ws/install/custom_interface/lib/libcustom_interface__rosidl_typesupport_introspection_c.so
[2.823s] -- Set runtime path of "/home/whaly/isaac_ws/Isaacsim_ros2_ws/install/custom_interface/lib/libcustom_interface__rosidl_typesupport_introspection_c.so" to ""
[2.823s] -- Installing: /home/whaly/isaac_ws/Isaacsim_ros2_ws/install/custom_interface/lib/libcustom_interface__rosidl_typesupport_c.so
[2.823s] -- Set runtime path of "/home/whaly/isaac_ws/Isaacsim_ros2_ws/install/custom_interface/lib/libcustom_interface__rosidl_typesupport_c.so" to ""
[2.823s] -- Installing: /home/whaly/isaac_ws/Isaacsim_ros2_ws/install/custom_interface/lib/libcustom_interface__rosidl_typesupport_introspection_cpp.so
[2.823s] -- Set runtime path of "/home/whaly/isaac_ws/Isaacsim_ros2_ws/install/custom_interface/lib/libcustom_interface__rosidl_typesupport_introspection_cpp.so" to ""
[2.823s] -- Installing: /home/whaly/isaac_ws/Isaacsim_ros2_ws/install/custom_interface/lib/libcustom_interface__rosidl_typesupport_cpp.so
[2.823s] -- Set runtime path of "/home/whaly/isaac_ws/Isaacsim_ros2_ws/install/custom_interface/lib/libcustom_interface__rosidl_typesupport_cpp.so" to ""
[2.852s] Listing '/home/whaly/isaac_ws/Isaacsim_ros2_ws/install/custom_interface/lib/python3.13/site-packages/custom_interface'...
[2.852s] Compiling '/home/whaly/isaac_ws/Isaacsim_ros2_ws/install/custom_interface/lib/python3.13/site-packages/custom_interface/__init__.py'...
[2.852s] Listing '/home/whaly/isaac_ws/Isaacsim_ros2_ws/install/custom_interface/lib/python3.13/site-packages/custom_interface/msg'...
[2.852s] Compiling '/home/whaly/isaac_ws/Isaacsim_ros2_ws/install/custom_interface/lib/python3.13/site-packages/custom_interface/msg/__init__.py'...
[2.852s] Compiling '/home/whaly/isaac_ws/Isaacsim_ros2_ws/install/custom_interface/lib/python3.13/site-packages/custom_interface/msg/_test_msg.py'...
[2.852s] Listing '/home/whaly/isaac_ws/Isaacsim_ros2_ws/install/custom_interface/lib/python3.13/site-packages/custom_interface/srv'...
[2.852s] Compiling '/home/whaly/isaac_ws/Isaacsim_ros2_ws/install/custom_interface/lib/python3.13/site-packages/custom_interface/srv/__init__.py'...
[2.852s] Compiling '/home/whaly/isaac_ws/Isaacsim_ros2_ws/install/custom_interface/lib/python3.13/site-packages/custom_interface/srv/_test_srv.py'...
[2.852s] Compiling '/home/whaly/isaac_ws/Isaacsim_ros2_ws/install/custom_interface/lib/python3.13/site-packages/custom_interface/srv/_test_srv_empty_input.py'...
[2.855s] -- Installing: /home/whaly/isaac_ws/Isaacsim_ros2_ws/install/custom_interface/lib/libcustom_interface__rosidl_generator_py.so
[2.855s] -- Set runtime path of "/home/whaly/isaac_ws/Isaacsim_ros2_ws/install/custom_interface/lib/libcustom_interface__rosidl_generator_py.so" to ""
[2.855s] -- Up-to-date: /home/whaly/isaac_ws/Isaacsim_ros2_ws/install/custom_interface/share/custom_interface/cmake/export_custom_interface__rosidl_generator_cExport.cmake
[2.855s] -- Up-to-date: /home/whaly/isaac_ws/Isaacsim_ros2_ws/install/custom_interface/share/custom_interface/cmake/export_custom_interface__rosidl_generator_cExport-noconfig.cmake
[2.855s] -- Up-to-date: /home/whaly/isaac_ws/Isaacsim_ros2_ws/install/custom_interface/share/custom_interface/cmake/export_custom_interface__rosidl_typesupport_fastrtps_cExport.cmake
[2.855s] -- Up-to-date: /home/whaly/isaac_ws/Isaacsim_ros2_ws/install/custom_interface/share/custom_interface/cmake/export_custom_interface__rosidl_typesupport_fastrtps_cExport-noconfig.cmake
[2.855s] -- Up-to-date: /home/whaly/isaac_ws/Isaacsim_ros2_ws/install/custom_interface/share/custom_interface/cmake/export_custom_interface__rosidl_generator_cppExport.cmake
[2.855s] -- Up-to-date: /home/whaly/isaac_ws/Isaacsim_ros2_ws/install/custom_interface/share/custom_interface/cmake/export_custom_interface__rosidl_typesupport_fastrtps_cppExport.cmake
[2.856s] -- Up-to-date: /home/whaly/isaac_ws/Isaacsim_ros2_ws/install/custom_interface/share/custom_interface/cmake/export_custom_interface__rosidl_typesupport_fastrtps_cppExport-noconfig.cmake
[2.856s] -- Up-to-date: /home/whaly/isaac_ws/Isaacsim_ros2_ws/install/custom_interface/share/custom_interface/cmake/custom_interface__rosidl_typesupport_introspection_cExport.cmake
[2.856s] -- Up-to-date: /home/whaly/isaac_ws/Isaacsim_ros2_ws/install/custom_interface/share/custom_interface/cmake/custom_interface__rosidl_typesupport_introspection_cExport-noconfig.cmake
[2.856s] -- Up-to-date: /home/whaly/isaac_ws/Isaacsim_ros2_ws/install/custom_interface/share/custom_interface/cmake/custom_interface__rosidl_typesupport_cExport.cmake
[2.856s] -- Up-to-date: /home/whaly/isaac_ws/Isaacsim_ros2_ws/install/custom_interface/share/custom_interface/cmake/custom_interface__rosidl_typesupport_cExport-noconfig.cmake
[2.856s] -- Up-to-date: /home/whaly/isaac_ws/Isaacsim_ros2_ws/install/custom_interface/share/custom_interface/cmake/custom_interface__rosidl_typesupport_introspection_cppExport.cmake
[2.856s] -- Up-to-date: /home/whaly/isaac_ws/Isaacsim_ros2_ws/install/custom_interface/share/custom_interface/cmake/custom_interface__rosidl_typesupport_introspection_cppExport-noconfig.cmake
[2.856s] -- Up-to-date: /home/whaly/isaac_ws/Isaacsim_ros2_ws/install/custom_interface/share/custom_interface/cmake/custom_interface__rosidl_typesupport_cppExport.cmake
[2.856s] -- Up-to-date: /home/whaly/isaac_ws/Isaacsim_ros2_ws/install/custom_interface/share/custom_interface/cmake/custom_interface__rosidl_typesupport_cppExport-noconfig.cmake
[2.856s] -- Up-to-date: /home/whaly/isaac_ws/Isaacsim_ros2_ws/install/custom_interface/share/custom_interface/cmake/export_custom_interface__rosidl_generator_pyExport.cmake
[2.856s] -- Up-to-date: /home/whaly/isaac_ws/Isaacsim_ros2_ws/install/custom_interface/share/custom_interface/cmake/export_custom_interface__rosidl_generator_pyExport-noconfig.cmake
[2.858s] Invoked command in '/home/whaly/isaac_ws/Isaacsim_ros2_ws/build/custom_interface' returned '0': CMAKE_PREFIX_PATH=${CMAKE_PREFIX_PATH}:/home/whaly/isaac_ws/Isaacsim_ros2_ws/install/test_pkg:/home/whaly/isaac_ws/Isaacsim_ros2_ws/install/isaac_tutorials:/home/whaly/isaac_ws/Isaacsim_ros2_ws/install/h1_pkg:/home/whaly/isaac_ws/Isaacsim_ros2_ws/install/custom_msgs:/home/whaly/isaac_ws/Isaacsim_ros2_ws/install/ackermann_control:/home/whaly/whaly_ws/install/whaly_pkg:/opt/ros/humble CONDA_PROMPT_MODIFIER=(base) /usr/bin/cmake --install /home/whaly/isaac_ws/Isaacsim_ros2_ws/build/custom_interface
