[0.083s] DEBUG:colcon:Command line arguments: ['/usr/bin/colcon', 'build']
[0.083s] DEBUG:colcon:Parsed command line arguments: Namespace(log_base=None, log_level=None, verb_name='build', build_base='build', install_base='install', merge_install=False, symlink_install=False, test_result_base=None, continue_on_error=False, executor='parallel', parallel_workers=16, event_handlers=None, ignore_user_meta=False, metas=['./colcon.meta'], base_paths=['.'], packages_ignore=None, packages_ignore_regex=None, paths=None, packages_up_to=None, packages_up_to_regex=None, packages_above=None, packages_above_and_dependencies=None, packages_above_depth=None, packages_select_by_dep=None, packages_skip_by_dep=None, packages_skip_up_to=None, packages_select_build_failed=False, packages_skip_build_finished=False, packages_select_test_failures=False, packages_skip_test_passed=False, packages_select=None, packages_skip=None, packages_select_regex=None, packages_skip_regex=None, packages_start=None, packages_end=None, allow_overriding=[], cmake_args=None, cmake_target=None, cmake_target_skip_unavailable=False, cmake_clean_cache=False, cmake_clean_first=False, cmake_force_configure=False, ament_cmake_args=None, catkin_cmake_args=None, catkin_skip_building_tests=False, verb_parser=<colcon_defaults.argument_parser.defaults.DefaultArgumentsDecorator object at 0x7189b0d3ca30>, verb_extension=<colcon_core.verb.build.BuildVerb object at 0x7189b0d3c5e0>, main=<bound method BuildVerb.main of <colcon_core.verb.build.BuildVerb object at 0x7189b0d3c5e0>>)
[0.231s] Level 1:colcon.colcon_core.package_discovery:discover_packages(colcon_meta) check parameters
[0.231s] Level 1:colcon.colcon_core.package_discovery:discover_packages(recursive) check parameters
[0.231s] Level 1:colcon.colcon_core.package_discovery:discover_packages(ignore) check parameters
[0.231s] Level 1:colcon.colcon_core.package_discovery:discover_packages(path) check parameters
[0.231s] Level 1:colcon.colcon_core.package_discovery:discover_packages(colcon_meta) discover
[0.231s] Level 1:colcon.colcon_core.package_discovery:discover_packages(recursive) discover
[0.231s] INFO:colcon.colcon_core.package_discovery:Crawling recursively for packages in '/home/whaly/isaac_ws/Isaacsim_ros2_ws'
[0.231s] Level 1:colcon.colcon_core.package_identification:_identify(.) by extensions ['ignore', 'ignore_ament_install']
[0.231s] Level 1:colcon.colcon_core.package_identification:_identify(.) by extension 'ignore'
[0.231s] Level 1:colcon.colcon_core.package_identification:_identify(.) by extension 'ignore_ament_install'
[0.231s] Level 1:colcon.colcon_core.package_identification:_identify(.) by extensions ['colcon_pkg']
[0.231s] Level 1:colcon.colcon_core.package_identification:_identify(.) by extension 'colcon_pkg'
[0.231s] Level 1:colcon.colcon_core.package_identification:_identify(.) by extensions ['colcon_meta']
[0.231s] Level 1:colcon.colcon_core.package_identification:_identify(.) by extension 'colcon_meta'
[0.231s] Level 1:colcon.colcon_core.package_identification:_identify(.) by extensions ['ros']
[0.231s] Level 1:colcon.colcon_core.package_identification:_identify(.) by extension 'ros'
[0.244s] Level 1:colcon.colcon_core.package_identification:_identify(.) by extensions ['cmake', 'python']
[0.244s] Level 1:colcon.colcon_core.package_identification:_identify(.) by extension 'cmake'
[0.245s] Level 1:colcon.colcon_core.package_identification:_identify(.) by extension 'python'
[0.245s] Level 1:colcon.colcon_core.package_identification:_identify(.) by extensions ['python_setup_py']
[0.245s] Level 1:colcon.colcon_core.package_identification:_identify(.) by extension 'python_setup_py'
[0.245s] Level 1:colcon.colcon_core.package_identification:_identify(build) by extensions ['ignore', 'ignore_ament_install']
[0.245s] Level 1:colcon.colcon_core.package_identification:_identify(build) by extension 'ignore'
[0.245s] Level 1:colcon.colcon_core.package_identification:_identify(build) ignored
[0.245s] Level 1:colcon.colcon_core.package_identification:_identify(install) by extensions ['ignore', 'ignore_ament_install']
[0.245s] Level 1:colcon.colcon_core.package_identification:_identify(install) by extension 'ignore'
[0.245s] Level 1:colcon.colcon_core.package_identification:_identify(install) ignored
[0.245s] Level 1:colcon.colcon_core.package_identification:_identify(launch) by extensions ['ignore', 'ignore_ament_install']
[0.245s] Level 1:colcon.colcon_core.package_identification:_identify(launch) by extension 'ignore'
[0.245s] Level 1:colcon.colcon_core.package_identification:_identify(launch) by extension 'ignore_ament_install'
[0.245s] Level 1:colcon.colcon_core.package_identification:_identify(launch) by extensions ['colcon_pkg']
[0.245s] Level 1:colcon.colcon_core.package_identification:_identify(launch) by extension 'colcon_pkg'
[0.245s] Level 1:colcon.colcon_core.package_identification:_identify(launch) by extensions ['colcon_meta']
[0.245s] Level 1:colcon.colcon_core.package_identification:_identify(launch) by extension 'colcon_meta'
[0.245s] Level 1:colcon.colcon_core.package_identification:_identify(launch) by extensions ['ros']
[0.245s] Level 1:colcon.colcon_core.package_identification:_identify(launch) by extension 'ros'
[0.245s] Level 1:colcon.colcon_core.package_identification:_identify(launch) by extensions ['cmake', 'python']
[0.245s] Level 1:colcon.colcon_core.package_identification:_identify(launch) by extension 'cmake'
[0.245s] Level 1:colcon.colcon_core.package_identification:_identify(launch) by extension 'python'
[0.245s] Level 1:colcon.colcon_core.package_identification:_identify(launch) by extensions ['python_setup_py']
[0.245s] Level 1:colcon.colcon_core.package_identification:_identify(launch) by extension 'python_setup_py'
[0.245s] Level 1:colcon.colcon_core.package_identification:_identify(log) by extensions ['ignore', 'ignore_ament_install']
[0.245s] Level 1:colcon.colcon_core.package_identification:_identify(log) by extension 'ignore'
[0.245s] Level 1:colcon.colcon_core.package_identification:_identify(log) ignored
[0.246s] Level 1:colcon.colcon_core.package_identification:_identify(src) by extensions ['ignore', 'ignore_ament_install']
[0.246s] Level 1:colcon.colcon_core.package_identification:_identify(src) by extension 'ignore'
[0.246s] Level 1:colcon.colcon_core.package_identification:_identify(src) by extension 'ignore_ament_install'
[0.246s] Level 1:colcon.colcon_core.package_identification:_identify(src) by extensions ['colcon_pkg']
[0.246s] Level 1:colcon.colcon_core.package_identification:_identify(src) by extension 'colcon_pkg'
[0.246s] Level 1:colcon.colcon_core.package_identification:_identify(src) by extensions ['colcon_meta']
[0.246s] Level 1:colcon.colcon_core.package_identification:_identify(src) by extension 'colcon_meta'
[0.246s] Level 1:colcon.colcon_core.package_identification:_identify(src) by extensions ['ros']
[0.246s] Level 1:colcon.colcon_core.package_identification:_identify(src) by extension 'ros'
[0.246s] Level 1:colcon.colcon_core.package_identification:_identify(src) by extensions ['cmake', 'python']
[0.246s] Level 1:colcon.colcon_core.package_identification:_identify(src) by extension 'cmake'
[0.246s] Level 1:colcon.colcon_core.package_identification:_identify(src) by extension 'python'
[0.246s] Level 1:colcon.colcon_core.package_identification:_identify(src) by extensions ['python_setup_py']
[0.246s] Level 1:colcon.colcon_core.package_identification:_identify(src) by extension 'python_setup_py'
[0.246s] Level 1:colcon.colcon_core.package_identification:_identify(src/ackermann_control) by extensions ['ignore', 'ignore_ament_install']
[0.246s] Level 1:colcon.colcon_core.package_identification:_identify(src/ackermann_control) by extension 'ignore'
[0.246s] Level 1:colcon.colcon_core.package_identification:_identify(src/ackermann_control) by extension 'ignore_ament_install'
[0.246s] Level 1:colcon.colcon_core.package_identification:_identify(src/ackermann_control) by extensions ['colcon_pkg']
[0.246s] Level 1:colcon.colcon_core.package_identification:_identify(src/ackermann_control) by extension 'colcon_pkg'
[0.246s] Level 1:colcon.colcon_core.package_identification:_identify(src/ackermann_control) by extensions ['colcon_meta']
[0.246s] Level 1:colcon.colcon_core.package_identification:_identify(src/ackermann_control) by extension 'colcon_meta'
[0.246s] Level 1:colcon.colcon_core.package_identification:_identify(src/ackermann_control) by extensions ['ros']
[0.246s] Level 1:colcon.colcon_core.package_identification:_identify(src/ackermann_control) by extension 'ros'
[0.248s] DEBUG:colcon.colcon_core.package_identification:Package 'src/ackermann_control' with type 'ros.ament_python' and name 'ackermann_control'
[0.248s] Level 1:colcon.colcon_core.package_identification:_identify(src/custom_interface) by extensions ['ignore', 'ignore_ament_install']
[0.248s] Level 1:colcon.colcon_core.package_identification:_identify(src/custom_interface) by extension 'ignore'
[0.248s] Level 1:colcon.colcon_core.package_identification:_identify(src/custom_interface) by extension 'ignore_ament_install'
[0.248s] Level 1:colcon.colcon_core.package_identification:_identify(src/custom_interface) by extensions ['colcon_pkg']
[0.248s] Level 1:colcon.colcon_core.package_identification:_identify(src/custom_interface) by extension 'colcon_pkg'
[0.248s] Level 1:colcon.colcon_core.package_identification:_identify(src/custom_interface) by extensions ['colcon_meta']
[0.248s] Level 1:colcon.colcon_core.package_identification:_identify(src/custom_interface) by extension 'colcon_meta'
[0.248s] Level 1:colcon.colcon_core.package_identification:_identify(src/custom_interface) by extensions ['ros']
[0.248s] Level 1:colcon.colcon_core.package_identification:_identify(src/custom_interface) by extension 'ros'
[0.249s] DEBUG:colcon.colcon_core.package_identification:Package 'src/custom_interface' with type 'ros.ament_cmake' and name 'custom_interface'
[0.249s] Level 1:colcon.colcon_core.package_identification:_identify(src/h1_lococmotion_policy) by extensions ['ignore', 'ignore_ament_install']
[0.249s] Level 1:colcon.colcon_core.package_identification:_identify(src/h1_lococmotion_policy) by extension 'ignore'
[0.249s] Level 1:colcon.colcon_core.package_identification:_identify(src/h1_lococmotion_policy) by extension 'ignore_ament_install'
[0.249s] Level 1:colcon.colcon_core.package_identification:_identify(src/h1_lococmotion_policy) by extensions ['colcon_pkg']
[0.249s] Level 1:colcon.colcon_core.package_identification:_identify(src/h1_lococmotion_policy) by extension 'colcon_pkg'
[0.249s] Level 1:colcon.colcon_core.package_identification:_identify(src/h1_lococmotion_policy) by extensions ['colcon_meta']
[0.249s] Level 1:colcon.colcon_core.package_identification:_identify(src/h1_lococmotion_policy) by extension 'colcon_meta'
[0.249s] Level 1:colcon.colcon_core.package_identification:_identify(src/h1_lococmotion_policy) by extensions ['ros']
[0.249s] Level 1:colcon.colcon_core.package_identification:_identify(src/h1_lococmotion_policy) by extension 'ros'
[0.250s] DEBUG:colcon.colcon_core.package_identification:Package 'src/h1_lococmotion_policy' with type 'ros.ament_python' and name 'h1_locomotion_policy'
[0.250s] Level 1:colcon.colcon_core.package_identification:_identify(src/h1_msgs) by extensions ['ignore', 'ignore_ament_install']
[0.250s] Level 1:colcon.colcon_core.package_identification:_identify(src/h1_msgs) by extension 'ignore'
[0.250s] Level 1:colcon.colcon_core.package_identification:_identify(src/h1_msgs) by extension 'ignore_ament_install'
[0.250s] Level 1:colcon.colcon_core.package_identification:_identify(src/h1_msgs) by extensions ['colcon_pkg']
[0.250s] Level 1:colcon.colcon_core.package_identification:_identify(src/h1_msgs) by extension 'colcon_pkg'
[0.250s] Level 1:colcon.colcon_core.package_identification:_identify(src/h1_msgs) by extensions ['colcon_meta']
[0.250s] Level 1:colcon.colcon_core.package_identification:_identify(src/h1_msgs) by extension 'colcon_meta'
[0.250s] Level 1:colcon.colcon_core.package_identification:_identify(src/h1_msgs) by extensions ['ros']
[0.250s] Level 1:colcon.colcon_core.package_identification:_identify(src/h1_msgs) by extension 'ros'
[0.250s] DEBUG:colcon.colcon_core.package_identification:Package 'src/h1_msgs' with type 'ros.ament_cmake' and name 'h1_msgs'
[0.250s] Level 1:colcon.colcon_core.package_identification:_identify(src/h1_pkg) by extensions ['ignore', 'ignore_ament_install']
[0.250s] Level 1:colcon.colcon_core.package_identification:_identify(src/h1_pkg) by extension 'ignore'
[0.251s] Level 1:colcon.colcon_core.package_identification:_identify(src/h1_pkg) by extension 'ignore_ament_install'
[0.251s] Level 1:colcon.colcon_core.package_identification:_identify(src/h1_pkg) by extensions ['colcon_pkg']
[0.251s] Level 1:colcon.colcon_core.package_identification:_identify(src/h1_pkg) by extension 'colcon_pkg'
[0.251s] Level 1:colcon.colcon_core.package_identification:_identify(src/h1_pkg) by extensions ['colcon_meta']
[0.251s] Level 1:colcon.colcon_core.package_identification:_identify(src/h1_pkg) by extension 'colcon_meta'
[0.251s] Level 1:colcon.colcon_core.package_identification:_identify(src/h1_pkg) by extensions ['ros']
[0.251s] Level 1:colcon.colcon_core.package_identification:_identify(src/h1_pkg) by extension 'ros'
[0.251s] DEBUG:colcon.colcon_core.package_identification:Package 'src/h1_pkg' with type 'ros.ament_python' and name 'h1_pkg'
[0.251s] Level 1:colcon.colcon_core.package_identification:_identify(src/isaac_tutorials) by extensions ['ignore', 'ignore_ament_install']
[0.251s] Level 1:colcon.colcon_core.package_identification:_identify(src/isaac_tutorials) by extension 'ignore'
[0.251s] Level 1:colcon.colcon_core.package_identification:_identify(src/isaac_tutorials) by extension 'ignore_ament_install'
[0.251s] Level 1:colcon.colcon_core.package_identification:_identify(src/isaac_tutorials) by extensions ['colcon_pkg']
[0.251s] Level 1:colcon.colcon_core.package_identification:_identify(src/isaac_tutorials) by extension 'colcon_pkg'
[0.251s] Level 1:colcon.colcon_core.package_identification:_identify(src/isaac_tutorials) by extensions ['colcon_meta']
[0.251s] Level 1:colcon.colcon_core.package_identification:_identify(src/isaac_tutorials) by extension 'colcon_meta'
[0.251s] Level 1:colcon.colcon_core.package_identification:_identify(src/isaac_tutorials) by extensions ['ros']
[0.251s] Level 1:colcon.colcon_core.package_identification:_identify(src/isaac_tutorials) by extension 'ros'
[0.252s] DEBUG:colcon.colcon_core.package_identification:Package 'src/isaac_tutorials' with type 'ros.ament_python' and name 'isaac_tutorials'
[0.252s] Level 1:colcon.colcon_core.package_identification:_identify(src/test_pkg) by extensions ['ignore', 'ignore_ament_install']
[0.252s] Level 1:colcon.colcon_core.package_identification:_identify(src/test_pkg) by extension 'ignore'
[0.252s] Level 1:colcon.colcon_core.package_identification:_identify(src/test_pkg) by extension 'ignore_ament_install'
[0.252s] Level 1:colcon.colcon_core.package_identification:_identify(src/test_pkg) by extensions ['colcon_pkg']
[0.252s] Level 1:colcon.colcon_core.package_identification:_identify(src/test_pkg) by extension 'colcon_pkg'
[0.252s] Level 1:colcon.colcon_core.package_identification:_identify(src/test_pkg) by extensions ['colcon_meta']
[0.252s] Level 1:colcon.colcon_core.package_identification:_identify(src/test_pkg) by extension 'colcon_meta'
[0.252s] Level 1:colcon.colcon_core.package_identification:_identify(src/test_pkg) by extensions ['ros']
[0.252s] Level 1:colcon.colcon_core.package_identification:_identify(src/test_pkg) by extension 'ros'
[0.253s] DEBUG:colcon.colcon_core.package_identification:Package 'src/test_pkg' with type 'ros.ament_python' and name 'test_pkg'
[0.253s] Level 1:colcon.colcon_core.package_discovery:discover_packages(recursive) using defaults
[0.253s] Level 1:colcon.colcon_core.package_discovery:discover_packages(ignore) discover
[0.253s] Level 1:colcon.colcon_core.package_discovery:discover_packages(ignore) using defaults
[0.253s] Level 1:colcon.colcon_core.package_discovery:discover_packages(path) discover
[0.253s] Level 1:colcon.colcon_core.package_discovery:discover_packages(path) using defaults
[0.268s] Level 1:colcon.colcon_core.package_discovery:discover_packages(prefix_path) check parameters
[0.268s] Level 1:colcon.colcon_core.package_discovery:discover_packages(prefix_path) discover
[0.270s] DEBUG:colcon.colcon_installed_package_information.package_discovery:Found 18 installed packages in /home/whaly/ros2_addons_ws/install
[0.270s] DEBUG:colcon.colcon_installed_package_information.package_discovery:Found 5 installed packages in /home/whaly/rl_ws/rl_sar-main/install
[0.271s] DEBUG:colcon.colcon_installed_package_information.package_discovery:Found 1 installed packages in /home/whaly/Downloads/URDF_ws/install
[0.271s] DEBUG:colcon.colcon_installed_package_information.package_discovery:Found 2 installed packages in /home/whaly/moveit_ws/install
[0.271s] DEBUG:colcon.colcon_installed_package_information.package_discovery:Found 3 installed packages in /home/whaly/whaly_ws/install
[0.271s] DEBUG:colcon.colcon_installed_package_information.package_discovery:Found 7 installed packages in /home/whaly/isaac_ws/Isaacsim_ros2_ws/install
[0.272s] DEBUG:colcon.colcon_installed_package_information.package_discovery:Found 373 installed packages in /opt/ros/humble
[0.274s] Level 1:colcon.colcon_core.package_discovery:discover_packages(prefix_path) using defaults
[0.308s] Level 5:colcon.colcon_core.verb:set package 'ackermann_control' build argument 'cmake_args' from command line to 'None'
[0.308s] Level 5:colcon.colcon_core.verb:set package 'ackermann_control' build argument 'cmake_target' from command line to 'None'
[0.308s] Level 5:colcon.colcon_core.verb:set package 'ackermann_control' build argument 'cmake_target_skip_unavailable' from command line to 'False'
[0.308s] Level 5:colcon.colcon_core.verb:set package 'ackermann_control' build argument 'cmake_clean_cache' from command line to 'False'
[0.308s] Level 5:colcon.colcon_core.verb:set package 'ackermann_control' build argument 'cmake_clean_first' from command line to 'False'
[0.308s] Level 5:colcon.colcon_core.verb:set package 'ackermann_control' build argument 'cmake_force_configure' from command line to 'False'
[0.308s] Level 5:colcon.colcon_core.verb:set package 'ackermann_control' build argument 'ament_cmake_args' from command line to 'None'
[0.308s] Level 5:colcon.colcon_core.verb:set package 'ackermann_control' build argument 'catkin_cmake_args' from command line to 'None'
[0.308s] Level 5:colcon.colcon_core.verb:set package 'ackermann_control' build argument 'catkin_skip_building_tests' from command line to 'False'
[0.308s] DEBUG:colcon.colcon_core.verb:Building package 'ackermann_control' with the following arguments: {'ament_cmake_args': None, 'build_base': '/home/whaly/isaac_ws/Isaacsim_ros2_ws/build/ackermann_control', 'catkin_cmake_args': None, 'catkin_skip_building_tests': False, 'cmake_args': None, 'cmake_clean_cache': False, 'cmake_clean_first': False, 'cmake_force_configure': False, 'cmake_target': None, 'cmake_target_skip_unavailable': False, 'install_base': '/home/whaly/isaac_ws/Isaacsim_ros2_ws/install/ackermann_control', 'merge_install': False, 'path': '/home/whaly/isaac_ws/Isaacsim_ros2_ws/src/ackermann_control', 'symlink_install': False, 'test_result_base': None}
[0.308s] Level 5:colcon.colcon_core.verb:set package 'custom_interface' build argument 'cmake_args' from command line to 'None'
[0.308s] Level 5:colcon.colcon_core.verb:set package 'custom_interface' build argument 'cmake_target' from command line to 'None'
[0.308s] Level 5:colcon.colcon_core.verb:set package 'custom_interface' build argument 'cmake_target_skip_unavailable' from command line to 'False'
[0.308s] Level 5:colcon.colcon_core.verb:set package 'custom_interface' build argument 'cmake_clean_cache' from command line to 'False'
[0.308s] Level 5:colcon.colcon_core.verb:set package 'custom_interface' build argument 'cmake_clean_first' from command line to 'False'
[0.308s] Level 5:colcon.colcon_core.verb:set package 'custom_interface' build argument 'cmake_force_configure' from command line to 'False'
[0.308s] Level 5:colcon.colcon_core.verb:set package 'custom_interface' build argument 'ament_cmake_args' from command line to 'None'
[0.308s] Level 5:colcon.colcon_core.verb:set package 'custom_interface' build argument 'catkin_cmake_args' from command line to 'None'
[0.308s] Level 5:colcon.colcon_core.verb:set package 'custom_interface' build argument 'catkin_skip_building_tests' from command line to 'False'
[0.308s] DEBUG:colcon.colcon_core.verb:Building package 'custom_interface' with the following arguments: {'ament_cmake_args': None, 'build_base': '/home/whaly/isaac_ws/Isaacsim_ros2_ws/build/custom_interface', 'catkin_cmake_args': None, 'catkin_skip_building_tests': False, 'cmake_args': None, 'cmake_clean_cache': False, 'cmake_clean_first': False, 'cmake_force_configure': False, 'cmake_target': None, 'cmake_target_skip_unavailable': False, 'install_base': '/home/whaly/isaac_ws/Isaacsim_ros2_ws/install/custom_interface', 'merge_install': False, 'path': '/home/whaly/isaac_ws/Isaacsim_ros2_ws/src/custom_interface', 'symlink_install': False, 'test_result_base': None}
[0.309s] Level 5:colcon.colcon_core.verb:set package 'h1_locomotion_policy' build argument 'cmake_args' from command line to 'None'
[0.309s] Level 5:colcon.colcon_core.verb:set package 'h1_locomotion_policy' build argument 'cmake_target' from command line to 'None'
[0.309s] Level 5:colcon.colcon_core.verb:set package 'h1_locomotion_policy' build argument 'cmake_target_skip_unavailable' from command line to 'False'
[0.309s] Level 5:colcon.colcon_core.verb:set package 'h1_locomotion_policy' build argument 'cmake_clean_cache' from command line to 'False'
[0.309s] Level 5:colcon.colcon_core.verb:set package 'h1_locomotion_policy' build argument 'cmake_clean_first' from command line to 'False'
[0.309s] Level 5:colcon.colcon_core.verb:set package 'h1_locomotion_policy' build argument 'cmake_force_configure' from command line to 'False'
[0.309s] Level 5:colcon.colcon_core.verb:set package 'h1_locomotion_policy' build argument 'ament_cmake_args' from command line to 'None'
[0.309s] Level 5:colcon.colcon_core.verb:set package 'h1_locomotion_policy' build argument 'catkin_cmake_args' from command line to 'None'
[0.309s] Level 5:colcon.colcon_core.verb:set package 'h1_locomotion_policy' build argument 'catkin_skip_building_tests' from command line to 'False'
[0.309s] DEBUG:colcon.colcon_core.verb:Building package 'h1_locomotion_policy' with the following arguments: {'ament_cmake_args': None, 'build_base': '/home/whaly/isaac_ws/Isaacsim_ros2_ws/build/h1_locomotion_policy', 'catkin_cmake_args': None, 'catkin_skip_building_tests': False, 'cmake_args': None, 'cmake_clean_cache': False, 'cmake_clean_first': False, 'cmake_force_configure': False, 'cmake_target': None, 'cmake_target_skip_unavailable': False, 'install_base': '/home/whaly/isaac_ws/Isaacsim_ros2_ws/install/h1_locomotion_policy', 'merge_install': False, 'path': '/home/whaly/isaac_ws/Isaacsim_ros2_ws/src/h1_lococmotion_policy', 'symlink_install': False, 'test_result_base': None}
[0.309s] Level 5:colcon.colcon_core.verb:set package 'h1_msgs' build argument 'cmake_args' from command line to 'None'
[0.309s] Level 5:colcon.colcon_core.verb:set package 'h1_msgs' build argument 'cmake_target' from command line to 'None'
[0.309s] Level 5:colcon.colcon_core.verb:set package 'h1_msgs' build argument 'cmake_target_skip_unavailable' from command line to 'False'
[0.309s] Level 5:colcon.colcon_core.verb:set package 'h1_msgs' build argument 'cmake_clean_cache' from command line to 'False'
[0.309s] Level 5:colcon.colcon_core.verb:set package 'h1_msgs' build argument 'cmake_clean_first' from command line to 'False'
[0.309s] Level 5:colcon.colcon_core.verb:set package 'h1_msgs' build argument 'cmake_force_configure' from command line to 'False'
[0.309s] Level 5:colcon.colcon_core.verb:set package 'h1_msgs' build argument 'ament_cmake_args' from command line to 'None'
[0.309s] Level 5:colcon.colcon_core.verb:set package 'h1_msgs' build argument 'catkin_cmake_args' from command line to 'None'
[0.309s] Level 5:colcon.colcon_core.verb:set package 'h1_msgs' build argument 'catkin_skip_building_tests' from command line to 'False'
[0.309s] DEBUG:colcon.colcon_core.verb:Building package 'h1_msgs' with the following arguments: {'ament_cmake_args': None, 'build_base': '/home/whaly/isaac_ws/Isaacsim_ros2_ws/build/h1_msgs', 'catkin_cmake_args': None, 'catkin_skip_building_tests': False, 'cmake_args': None, 'cmake_clean_cache': False, 'cmake_clean_first': False, 'cmake_force_configure': False, 'cmake_target': None, 'cmake_target_skip_unavailable': False, 'install_base': '/home/whaly/isaac_ws/Isaacsim_ros2_ws/install/h1_msgs', 'merge_install': False, 'path': '/home/whaly/isaac_ws/Isaacsim_ros2_ws/src/h1_msgs', 'symlink_install': False, 'test_result_base': None}
[0.309s] Level 5:colcon.colcon_core.verb:set package 'isaac_tutorials' build argument 'cmake_args' from command line to 'None'
[0.309s] Level 5:colcon.colcon_core.verb:set package 'isaac_tutorials' build argument 'cmake_target' from command line to 'None'
[0.309s] Level 5:colcon.colcon_core.verb:set package 'isaac_tutorials' build argument 'cmake_target_skip_unavailable' from command line to 'False'
[0.309s] Level 5:colcon.colcon_core.verb:set package 'isaac_tutorials' build argument 'cmake_clean_cache' from command line to 'False'
[0.309s] Level 5:colcon.colcon_core.verb:set package 'isaac_tutorials' build argument 'cmake_clean_first' from command line to 'False'
[0.309s] Level 5:colcon.colcon_core.verb:set package 'isaac_tutorials' build argument 'cmake_force_configure' from command line to 'False'
[0.309s] Level 5:colcon.colcon_core.verb:set package 'isaac_tutorials' build argument 'ament_cmake_args' from command line to 'None'
[0.309s] Level 5:colcon.colcon_core.verb:set package 'isaac_tutorials' build argument 'catkin_cmake_args' from command line to 'None'
[0.309s] Level 5:colcon.colcon_core.verb:set package 'isaac_tutorials' build argument 'catkin_skip_building_tests' from command line to 'False'
[0.309s] DEBUG:colcon.colcon_core.verb:Building package 'isaac_tutorials' with the following arguments: {'ament_cmake_args': None, 'build_base': '/home/whaly/isaac_ws/Isaacsim_ros2_ws/build/isaac_tutorials', 'catkin_cmake_args': None, 'catkin_skip_building_tests': False, 'cmake_args': None, 'cmake_clean_cache': False, 'cmake_clean_first': False, 'cmake_force_configure': False, 'cmake_target': None, 'cmake_target_skip_unavailable': False, 'install_base': '/home/whaly/isaac_ws/Isaacsim_ros2_ws/install/isaac_tutorials', 'merge_install': False, 'path': '/home/whaly/isaac_ws/Isaacsim_ros2_ws/src/isaac_tutorials', 'symlink_install': False, 'test_result_base': None}
[0.310s] Level 5:colcon.colcon_core.verb:set package 'h1_pkg' build argument 'cmake_args' from command line to 'None'
[0.310s] Level 5:colcon.colcon_core.verb:set package 'h1_pkg' build argument 'cmake_target' from command line to 'None'
[0.310s] Level 5:colcon.colcon_core.verb:set package 'h1_pkg' build argument 'cmake_target_skip_unavailable' from command line to 'False'
[0.310s] Level 5:colcon.colcon_core.verb:set package 'h1_pkg' build argument 'cmake_clean_cache' from command line to 'False'
[0.310s] Level 5:colcon.colcon_core.verb:set package 'h1_pkg' build argument 'cmake_clean_first' from command line to 'False'
[0.310s] Level 5:colcon.colcon_core.verb:set package 'h1_pkg' build argument 'cmake_force_configure' from command line to 'False'
[0.310s] Level 5:colcon.colcon_core.verb:set package 'h1_pkg' build argument 'ament_cmake_args' from command line to 'None'
[0.310s] Level 5:colcon.colcon_core.verb:set package 'h1_pkg' build argument 'catkin_cmake_args' from command line to 'None'
[0.310s] Level 5:colcon.colcon_core.verb:set package 'h1_pkg' build argument 'catkin_skip_building_tests' from command line to 'False'
[0.310s] DEBUG:colcon.colcon_core.verb:Building package 'h1_pkg' with the following arguments: {'ament_cmake_args': None, 'build_base': '/home/whaly/isaac_ws/Isaacsim_ros2_ws/build/h1_pkg', 'catkin_cmake_args': None, 'catkin_skip_building_tests': False, 'cmake_args': None, 'cmake_clean_cache': False, 'cmake_clean_first': False, 'cmake_force_configure': False, 'cmake_target': None, 'cmake_target_skip_unavailable': False, 'install_base': '/home/whaly/isaac_ws/Isaacsim_ros2_ws/install/h1_pkg', 'merge_install': False, 'path': '/home/whaly/isaac_ws/Isaacsim_ros2_ws/src/h1_pkg', 'symlink_install': False, 'test_result_base': None}
[0.310s] Level 5:colcon.colcon_core.verb:set package 'test_pkg' build argument 'cmake_args' from command line to 'None'
[0.310s] Level 5:colcon.colcon_core.verb:set package 'test_pkg' build argument 'cmake_target' from command line to 'None'
[0.310s] Level 5:colcon.colcon_core.verb:set package 'test_pkg' build argument 'cmake_target_skip_unavailable' from command line to 'False'
[0.310s] Level 5:colcon.colcon_core.verb:set package 'test_pkg' build argument 'cmake_clean_cache' from command line to 'False'
[0.310s] Level 5:colcon.colcon_core.verb:set package 'test_pkg' build argument 'cmake_clean_first' from command line to 'False'
[0.310s] Level 5:colcon.colcon_core.verb:set package 'test_pkg' build argument 'cmake_force_configure' from command line to 'False'
[0.310s] Level 5:colcon.colcon_core.verb:set package 'test_pkg' build argument 'ament_cmake_args' from command line to 'None'
[0.310s] Level 5:colcon.colcon_core.verb:set package 'test_pkg' build argument 'catkin_cmake_args' from command line to 'None'
[0.310s] Level 5:colcon.colcon_core.verb:set package 'test_pkg' build argument 'catkin_skip_building_tests' from command line to 'False'
[0.310s] DEBUG:colcon.colcon_core.verb:Building package 'test_pkg' with the following arguments: {'ament_cmake_args': None, 'build_base': '/home/whaly/isaac_ws/Isaacsim_ros2_ws/build/test_pkg', 'catkin_cmake_args': None, 'catkin_skip_building_tests': False, 'cmake_args': None, 'cmake_clean_cache': False, 'cmake_clean_first': False, 'cmake_force_configure': False, 'cmake_target': None, 'cmake_target_skip_unavailable': False, 'install_base': '/home/whaly/isaac_ws/Isaacsim_ros2_ws/install/test_pkg', 'merge_install': False, 'path': '/home/whaly/isaac_ws/Isaacsim_ros2_ws/src/test_pkg', 'symlink_install': False, 'test_result_base': None}
[0.310s] INFO:colcon.colcon_core.executor:Executing jobs using 'parallel' executor
[0.311s] DEBUG:colcon.colcon_parallel_executor.executor.parallel:run_until_complete
[0.311s] INFO:colcon.colcon_ros.task.ament_cmake.build:Building ROS package in '/home/whaly/isaac_ws/Isaacsim_ros2_ws/src/h1_msgs' with build type 'ament_cmake'
[0.312s] INFO:colcon.colcon_cmake.task.cmake.build:Building CMake package in '/home/whaly/isaac_ws/Isaacsim_ros2_ws/src/h1_msgs'
[0.313s] INFO:colcon.colcon_core.plugin_system:Skipping extension 'colcon_core.shell.bat': Not used on non-Windows systems
[0.313s] INFO:colcon.colcon_core.shell:Skip shell extension 'powershell' for command environment: Not usable outside of PowerShell
[0.313s] DEBUG:colcon.colcon_core.shell:Skip shell extension 'dsv' for command environment
[0.319s] INFO:colcon.colcon_ros.task.ament_python.build:Building ROS package in '/home/whaly/isaac_ws/Isaacsim_ros2_ws/src/ackermann_control' with build type 'ament_python'
[0.319s] Level 1:colcon.colcon_core.shell:create_environment_hook('ackermann_control', 'ament_prefix_path')
[0.320s] INFO:colcon.colcon_core.shell:Creating environment hook '/home/whaly/isaac_ws/Isaacsim_ros2_ws/install/ackermann_control/share/ackermann_control/hook/ament_prefix_path.ps1'
[0.320s] INFO:colcon.colcon_core.shell:Creating environment descriptor '/home/whaly/isaac_ws/Isaacsim_ros2_ws/install/ackermann_control/share/ackermann_control/hook/ament_prefix_path.dsv'
[0.320s] INFO:colcon.colcon_core.shell:Creating environment hook '/home/whaly/isaac_ws/Isaacsim_ros2_ws/install/ackermann_control/share/ackermann_control/hook/ament_prefix_path.sh'
[0.321s] INFO:colcon.colcon_core.shell:Skip shell extension 'powershell' for command environment: Not usable outside of PowerShell
[0.321s] DEBUG:colcon.colcon_core.shell:Skip shell extension 'dsv' for command environment
[0.330s] INFO:colcon.colcon_ros.task.ament_cmake.build:Building ROS package in '/home/whaly/isaac_ws/Isaacsim_ros2_ws/src/custom_interface' with build type 'ament_cmake'
[0.330s] INFO:colcon.colcon_cmake.task.cmake.build:Building CMake package in '/home/whaly/isaac_ws/Isaacsim_ros2_ws/src/custom_interface'
[0.330s] INFO:colcon.colcon_core.shell:Skip shell extension 'powershell' for command environment: Not usable outside of PowerShell
[0.331s] DEBUG:colcon.colcon_core.shell:Skip shell extension 'dsv' for command environment
[0.338s] INFO:colcon.colcon_ros.task.ament_python.build:Building ROS package in '/home/whaly/isaac_ws/Isaacsim_ros2_ws/src/h1_lococmotion_policy' with build type 'ament_python'
[0.338s] Level 1:colcon.colcon_core.shell:create_environment_hook('h1_locomotion_policy', 'ament_prefix_path')
[0.338s] INFO:colcon.colcon_core.shell:Creating environment hook '/home/whaly/isaac_ws/Isaacsim_ros2_ws/install/h1_locomotion_policy/share/h1_locomotion_policy/hook/ament_prefix_path.ps1'
[0.338s] INFO:colcon.colcon_core.shell:Creating environment descriptor '/home/whaly/isaac_ws/Isaacsim_ros2_ws/install/h1_locomotion_policy/share/h1_locomotion_policy/hook/ament_prefix_path.dsv'
[0.338s] INFO:colcon.colcon_core.shell:Creating environment hook '/home/whaly/isaac_ws/Isaacsim_ros2_ws/install/h1_locomotion_policy/share/h1_locomotion_policy/hook/ament_prefix_path.sh'
[0.339s] INFO:colcon.colcon_core.shell:Skip shell extension 'powershell' for command environment: Not usable outside of PowerShell
[0.339s] DEBUG:colcon.colcon_core.shell:Skip shell extension 'dsv' for command environment
[0.343s] INFO:colcon.colcon_ros.task.ament_python.build:Building ROS package in '/home/whaly/isaac_ws/Isaacsim_ros2_ws/src/isaac_tutorials' with build type 'ament_python'
[0.343s] Level 1:colcon.colcon_core.shell:create_environment_hook('isaac_tutorials', 'ament_prefix_path')
[0.343s] INFO:colcon.colcon_core.shell:Creating environment hook '/home/whaly/isaac_ws/Isaacsim_ros2_ws/install/isaac_tutorials/share/isaac_tutorials/hook/ament_prefix_path.ps1'
[0.344s] INFO:colcon.colcon_core.shell:Creating environment descriptor '/home/whaly/isaac_ws/Isaacsim_ros2_ws/install/isaac_tutorials/share/isaac_tutorials/hook/ament_prefix_path.dsv'
[0.344s] INFO:colcon.colcon_core.shell:Creating environment hook '/home/whaly/isaac_ws/Isaacsim_ros2_ws/install/isaac_tutorials/share/isaac_tutorials/hook/ament_prefix_path.sh'
[0.344s] INFO:colcon.colcon_core.shell:Skip shell extension 'powershell' for command environment: Not usable outside of PowerShell
[0.344s] DEBUG:colcon.colcon_core.shell:Skip shell extension 'dsv' for command environment
[0.352s] DEBUG:colcon.colcon_core.event_handler.log_command:Invoking command in '/home/whaly/isaac_ws/Isaacsim_ros2_ws/build/h1_msgs': CMAKE_PREFIX_PATH=${CMAKE_PREFIX_PATH}:/home/whaly/ros2_addons_ws/install/ros2_controllers_test_nodes:/home/whaly/rl_ws/rl_sar-main/install/robot_py_controller:/home/whaly/Downloads/URDF_ws/install/full_body_description:/home/whaly/isaac_ws/Isaacsim_ros2_ws/install/test_pkg:/home/whaly/isaac_ws/Isaacsim_ros2_ws/install/isaac_tutorials:/home/whaly/isaac_ws/Isaacsim_ros2_ws/install/h1_pkg:/home/whaly/isaac_ws/Isaacsim_ros2_ws/install/ackermann_control:/home/whaly/whaly_ws/install/whaly_pkg:/opt/ros/humble /usr/bin/cmake --build /home/whaly/isaac_ws/Isaacsim_ros2_ws/build/h1_msgs -- -j16 -l16
[0.562s] INFO:colcon.colcon_core.task.python.build:Building Python package in '/home/whaly/isaac_ws/Isaacsim_ros2_ws/src/ackermann_control'
[0.562s] INFO:colcon.colcon_core.shell:Skip shell extension 'powershell' for command environment: Not usable outside of PowerShell
[0.562s] DEBUG:colcon.colcon_core.shell:Skip shell extension 'dsv' for command environment
[0.568s] DEBUG:colcon.colcon_core.event_handler.log_command:Invoking command in '/home/whaly/isaac_ws/Isaacsim_ros2_ws/build/custom_interface': CMAKE_PREFIX_PATH=${CMAKE_PREFIX_PATH}:/home/whaly/ros2_addons_ws/install/ros2_controllers_test_nodes:/home/whaly/rl_ws/rl_sar-main/install/robot_py_controller:/home/whaly/Downloads/URDF_ws/install/full_body_description:/home/whaly/isaac_ws/Isaacsim_ros2_ws/install/test_pkg:/home/whaly/isaac_ws/Isaacsim_ros2_ws/install/isaac_tutorials:/home/whaly/isaac_ws/Isaacsim_ros2_ws/install/h1_pkg:/home/whaly/isaac_ws/Isaacsim_ros2_ws/install/ackermann_control:/home/whaly/whaly_ws/install/whaly_pkg:/opt/ros/humble /usr/bin/cmake --build /home/whaly/isaac_ws/Isaacsim_ros2_ws/build/custom_interface -- -j16 -l16
[0.821s] INFO:colcon.colcon_core.task.python.build:Building Python package in '/home/whaly/isaac_ws/Isaacsim_ros2_ws/src/h1_lococmotion_policy'
[0.822s] INFO:colcon.colcon_core.shell:Skip shell extension 'powershell' for command environment: Not usable outside of PowerShell
[0.822s] DEBUG:colcon.colcon_core.shell:Skip shell extension 'dsv' for command environment
[0.842s] DEBUG:colcon.colcon_core.event_handler.log_command:Invoked command in '/home/whaly/isaac_ws/Isaacsim_ros2_ws/build/h1_msgs' returned '0': CMAKE_PREFIX_PATH=${CMAKE_PREFIX_PATH}:/home/whaly/ros2_addons_ws/install/ros2_controllers_test_nodes:/home/whaly/rl_ws/rl_sar-main/install/robot_py_controller:/home/whaly/Downloads/URDF_ws/install/full_body_description:/home/whaly/isaac_ws/Isaacsim_ros2_ws/install/test_pkg:/home/whaly/isaac_ws/Isaacsim_ros2_ws/install/isaac_tutorials:/home/whaly/isaac_ws/Isaacsim_ros2_ws/install/h1_pkg:/home/whaly/isaac_ws/Isaacsim_ros2_ws/install/ackermann_control:/home/whaly/whaly_ws/install/whaly_pkg:/opt/ros/humble /usr/bin/cmake --build /home/whaly/isaac_ws/Isaacsim_ros2_ws/build/h1_msgs -- -j16 -l16
[0.853s] DEBUG:colcon.colcon_core.event_handler.log_command:Invoking command in '/home/whaly/isaac_ws/Isaacsim_ros2_ws/build/h1_msgs': CMAKE_PREFIX_PATH=${CMAKE_PREFIX_PATH}:/home/whaly/ros2_addons_ws/install/ros2_controllers_test_nodes:/home/whaly/rl_ws/rl_sar-main/install/robot_py_controller:/home/whaly/Downloads/URDF_ws/install/full_body_description:/home/whaly/isaac_ws/Isaacsim_ros2_ws/install/test_pkg:/home/whaly/isaac_ws/Isaacsim_ros2_ws/install/isaac_tutorials:/home/whaly/isaac_ws/Isaacsim_ros2_ws/install/h1_pkg:/home/whaly/isaac_ws/Isaacsim_ros2_ws/install/ackermann_control:/home/whaly/whaly_ws/install/whaly_pkg:/opt/ros/humble /usr/bin/cmake --install /home/whaly/isaac_ws/Isaacsim_ros2_ws/build/h1_msgs
[1.080s] INFO:colcon.colcon_core.task.python.build:Building Python package in '/home/whaly/isaac_ws/Isaacsim_ros2_ws/src/isaac_tutorials'
[1.080s] INFO:colcon.colcon_core.shell:Skip shell extension 'powershell' for command environment: Not usable outside of PowerShell
[1.080s] DEBUG:colcon.colcon_core.shell:Skip shell extension 'dsv' for command environment
[1.092s] Level 1:colcon.colcon_core.environment:create_environment_scripts_only(h1_msgs)
[1.095s] DEBUG:colcon.colcon_core.event_handler.log_command:Invoked command in '/home/whaly/isaac_ws/Isaacsim_ros2_ws/build/h1_msgs' returned '0': CMAKE_PREFIX_PATH=${CMAKE_PREFIX_PATH}:/home/whaly/ros2_addons_ws/install/ros2_controllers_test_nodes:/home/whaly/rl_ws/rl_sar-main/install/robot_py_controller:/home/whaly/Downloads/URDF_ws/install/full_body_description:/home/whaly/isaac_ws/Isaacsim_ros2_ws/install/test_pkg:/home/whaly/isaac_ws/Isaacsim_ros2_ws/install/isaac_tutorials:/home/whaly/isaac_ws/Isaacsim_ros2_ws/install/h1_pkg:/home/whaly/isaac_ws/Isaacsim_ros2_ws/install/ackermann_control:/home/whaly/whaly_ws/install/whaly_pkg:/opt/ros/humble /usr/bin/cmake --install /home/whaly/isaac_ws/Isaacsim_ros2_ws/build/h1_msgs
[1.097s] Level 1:colcon.colcon_core.environment:checking '/home/whaly/isaac_ws/Isaacsim_ros2_ws/install/h1_msgs' for CMake module files
[1.098s] Level 1:colcon.colcon_core.environment:checking '/home/whaly/isaac_ws/Isaacsim_ros2_ws/install/h1_msgs' for CMake config files
[1.098s] Level 1:colcon.colcon_core.shell:create_environment_hook('h1_msgs', 'cmake_prefix_path')
[1.098s] INFO:colcon.colcon_core.shell:Creating environment hook '/home/whaly/isaac_ws/Isaacsim_ros2_ws/install/h1_msgs/share/h1_msgs/hook/cmake_prefix_path.ps1'
[1.099s] INFO:colcon.colcon_core.shell:Creating environment descriptor '/home/whaly/isaac_ws/Isaacsim_ros2_ws/install/h1_msgs/share/h1_msgs/hook/cmake_prefix_path.dsv'
[1.099s] INFO:colcon.colcon_core.shell:Creating environment hook '/home/whaly/isaac_ws/Isaacsim_ros2_ws/install/h1_msgs/share/h1_msgs/hook/cmake_prefix_path.sh'
[1.100s] Level 1:colcon.colcon_core.environment:checking '/home/whaly/isaac_ws/Isaacsim_ros2_ws/install/h1_msgs/lib'
[1.100s] Level 1:colcon.colcon_core.shell:create_environment_hook('h1_msgs', 'ld_library_path_lib')
[1.100s] INFO:colcon.colcon_core.shell:Creating environment hook '/home/whaly/isaac_ws/Isaacsim_ros2_ws/install/h1_msgs/share/h1_msgs/hook/ld_library_path_lib.ps1'
[1.101s] INFO:colcon.colcon_core.shell:Creating environment descriptor '/home/whaly/isaac_ws/Isaacsim_ros2_ws/install/h1_msgs/share/h1_msgs/hook/ld_library_path_lib.dsv'
[1.101s] INFO:colcon.colcon_core.shell:Creating environment hook '/home/whaly/isaac_ws/Isaacsim_ros2_ws/install/h1_msgs/share/h1_msgs/hook/ld_library_path_lib.sh'
[1.101s] Level 1:colcon.colcon_core.environment:checking '/home/whaly/isaac_ws/Isaacsim_ros2_ws/install/h1_msgs/bin'
[1.101s] Level 1:colcon.colcon_core.environment:checking '/home/whaly/isaac_ws/Isaacsim_ros2_ws/install/h1_msgs/lib/pkgconfig/h1_msgs.pc'
[1.102s] Level 1:colcon.colcon_core.environment:checking '/home/whaly/isaac_ws/Isaacsim_ros2_ws/install/h1_msgs/lib/python3.10/site-packages'
[1.102s] Level 1:colcon.colcon_core.environment:checking '/home/whaly/isaac_ws/Isaacsim_ros2_ws/install/h1_msgs/bin'
[1.102s] INFO:colcon.colcon_core.shell:Creating package script '/home/whaly/isaac_ws/Isaacsim_ros2_ws/install/h1_msgs/share/h1_msgs/package.ps1'
[1.103s] INFO:colcon.colcon_core.shell:Creating package descriptor '/home/whaly/isaac_ws/Isaacsim_ros2_ws/install/h1_msgs/share/h1_msgs/package.dsv'
[1.104s] INFO:colcon.colcon_core.shell:Creating package script '/home/whaly/isaac_ws/Isaacsim_ros2_ws/install/h1_msgs/share/h1_msgs/package.sh'
[1.105s] INFO:colcon.colcon_core.shell:Creating package script '/home/whaly/isaac_ws/Isaacsim_ros2_ws/install/h1_msgs/share/h1_msgs/package.bash'
[1.106s] INFO:colcon.colcon_core.shell:Creating package script '/home/whaly/isaac_ws/Isaacsim_ros2_ws/install/h1_msgs/share/h1_msgs/package.zsh'
[1.106s] Level 1:colcon.colcon_core.environment:create_file_with_runtime_dependencies(/home/whaly/isaac_ws/Isaacsim_ros2_ws/install/h1_msgs/share/colcon-core/packages/h1_msgs)
[1.107s] Level 1:colcon.colcon_core.environment:create_environment_scripts_only(h1_msgs)
[1.107s] Level 1:colcon.colcon_core.environment:checking '/home/whaly/isaac_ws/Isaacsim_ros2_ws/install/h1_msgs' for CMake module files
[1.108s] Level 1:colcon.colcon_core.environment:checking '/home/whaly/isaac_ws/Isaacsim_ros2_ws/install/h1_msgs' for CMake config files
[1.108s] Level 1:colcon.colcon_core.shell:create_environment_hook('h1_msgs', 'cmake_prefix_path')
[1.109s] INFO:colcon.colcon_core.shell:Creating environment hook '/home/whaly/isaac_ws/Isaacsim_ros2_ws/install/h1_msgs/share/h1_msgs/hook/cmake_prefix_path.ps1'
[1.109s] INFO:colcon.colcon_core.shell:Creating environment descriptor '/home/whaly/isaac_ws/Isaacsim_ros2_ws/install/h1_msgs/share/h1_msgs/hook/cmake_prefix_path.dsv'
[1.109s] INFO:colcon.colcon_core.shell:Creating environment hook '/home/whaly/isaac_ws/Isaacsim_ros2_ws/install/h1_msgs/share/h1_msgs/hook/cmake_prefix_path.sh'
[1.110s] Level 1:colcon.colcon_core.environment:checking '/home/whaly/isaac_ws/Isaacsim_ros2_ws/install/h1_msgs/lib'
[1.110s] Level 1:colcon.colcon_core.shell:create_environment_hook('h1_msgs', 'ld_library_path_lib')
[1.110s] INFO:colcon.colcon_core.shell:Creating environment hook '/home/whaly/isaac_ws/Isaacsim_ros2_ws/install/h1_msgs/share/h1_msgs/hook/ld_library_path_lib.ps1'
[1.111s] INFO:colcon.colcon_core.shell:Creating environment descriptor '/home/whaly/isaac_ws/Isaacsim_ros2_ws/install/h1_msgs/share/h1_msgs/hook/ld_library_path_lib.dsv'
[1.111s] INFO:colcon.colcon_core.shell:Creating environment hook '/home/whaly/isaac_ws/Isaacsim_ros2_ws/install/h1_msgs/share/h1_msgs/hook/ld_library_path_lib.sh'
[1.111s] Level 1:colcon.colcon_core.environment:checking '/home/whaly/isaac_ws/Isaacsim_ros2_ws/install/h1_msgs/bin'
[1.111s] Level 1:colcon.colcon_core.environment:checking '/home/whaly/isaac_ws/Isaacsim_ros2_ws/install/h1_msgs/lib/pkgconfig/h1_msgs.pc'
[1.112s] Level 1:colcon.colcon_core.environment:checking '/home/whaly/isaac_ws/Isaacsim_ros2_ws/install/h1_msgs/lib/python3.10/site-packages'
[1.112s] Level 1:colcon.colcon_core.environment:checking '/home/whaly/isaac_ws/Isaacsim_ros2_ws/install/h1_msgs/bin'
[1.112s] INFO:colcon.colcon_core.shell:Creating package script '/home/whaly/isaac_ws/Isaacsim_ros2_ws/install/h1_msgs/share/h1_msgs/package.ps1'
[1.113s] INFO:colcon.colcon_core.shell:Creating package descriptor '/home/whaly/isaac_ws/Isaacsim_ros2_ws/install/h1_msgs/share/h1_msgs/package.dsv'
[1.114s] INFO:colcon.colcon_core.shell:Creating package script '/home/whaly/isaac_ws/Isaacsim_ros2_ws/install/h1_msgs/share/h1_msgs/package.sh'
[1.114s] INFO:colcon.colcon_core.shell:Creating package script '/home/whaly/isaac_ws/Isaacsim_ros2_ws/install/h1_msgs/share/h1_msgs/package.bash'
[1.114s] INFO:colcon.colcon_core.shell:Creating package script '/home/whaly/isaac_ws/Isaacsim_ros2_ws/install/h1_msgs/share/h1_msgs/package.zsh'
[1.115s] Level 1:colcon.colcon_core.environment:create_file_with_runtime_dependencies(/home/whaly/isaac_ws/Isaacsim_ros2_ws/install/h1_msgs/share/colcon-core/packages/h1_msgs)
[1.116s] DEBUG:colcon.colcon_core.event_handler.log_command:Invoked command in '/home/whaly/isaac_ws/Isaacsim_ros2_ws/build/custom_interface' returned '0': CMAKE_PREFIX_PATH=${CMAKE_PREFIX_PATH}:/home/whaly/ros2_addons_ws/install/ros2_controllers_test_nodes:/home/whaly/rl_ws/rl_sar-main/install/robot_py_controller:/home/whaly/Downloads/URDF_ws/install/full_body_description:/home/whaly/isaac_ws/Isaacsim_ros2_ws/install/test_pkg:/home/whaly/isaac_ws/Isaacsim_ros2_ws/install/isaac_tutorials:/home/whaly/isaac_ws/Isaacsim_ros2_ws/install/h1_pkg:/home/whaly/isaac_ws/Isaacsim_ros2_ws/install/ackermann_control:/home/whaly/whaly_ws/install/whaly_pkg:/opt/ros/humble /usr/bin/cmake --build /home/whaly/isaac_ws/Isaacsim_ros2_ws/build/custom_interface -- -j16 -l16
[1.117s] DEBUG:colcon.colcon_core.event_handler.log_command:Invoking command in '/home/whaly/isaac_ws/Isaacsim_ros2_ws/build/custom_interface': CMAKE_PREFIX_PATH=${CMAKE_PREFIX_PATH}:/home/whaly/ros2_addons_ws/install/ros2_controllers_test_nodes:/home/whaly/rl_ws/rl_sar-main/install/robot_py_controller:/home/whaly/Downloads/URDF_ws/install/full_body_description:/home/whaly/isaac_ws/Isaacsim_ros2_ws/install/test_pkg:/home/whaly/isaac_ws/Isaacsim_ros2_ws/install/isaac_tutorials:/home/whaly/isaac_ws/Isaacsim_ros2_ws/install/h1_pkg:/home/whaly/isaac_ws/Isaacsim_ros2_ws/install/ackermann_control:/home/whaly/whaly_ws/install/whaly_pkg:/opt/ros/humble /usr/bin/cmake --install /home/whaly/isaac_ws/Isaacsim_ros2_ws/build/custom_interface
[1.118s] INFO:colcon.colcon_ros.task.ament_python.build:Building ROS package in '/home/whaly/isaac_ws/Isaacsim_ros2_ws/src/h1_pkg' with build type 'ament_python'
[1.118s] Level 1:colcon.colcon_core.shell:create_environment_hook('h1_pkg', 'ament_prefix_path')
[1.118s] INFO:colcon.colcon_core.shell:Creating environment hook '/home/whaly/isaac_ws/Isaacsim_ros2_ws/install/h1_pkg/share/h1_pkg/hook/ament_prefix_path.ps1'
[1.119s] INFO:colcon.colcon_core.shell:Creating environment descriptor '/home/whaly/isaac_ws/Isaacsim_ros2_ws/install/h1_pkg/share/h1_pkg/hook/ament_prefix_path.dsv'
[1.119s] INFO:colcon.colcon_core.shell:Creating environment hook '/home/whaly/isaac_ws/Isaacsim_ros2_ws/install/h1_pkg/share/h1_pkg/hook/ament_prefix_path.sh'
[1.119s] INFO:colcon.colcon_core.shell:Skip shell extension 'powershell' for command environment: Not usable outside of PowerShell
[1.120s] DEBUG:colcon.colcon_core.shell:Skip shell extension 'dsv' for command environment
[1.127s] INFO:colcon.colcon_ros.task.ament_python.build:Building ROS package in '/home/whaly/isaac_ws/Isaacsim_ros2_ws/src/test_pkg' with build type 'ament_python'
[1.127s] Level 1:colcon.colcon_core.shell:create_environment_hook('test_pkg', 'ament_prefix_path')
[1.127s] INFO:colcon.colcon_core.shell:Creating environment hook '/home/whaly/isaac_ws/Isaacsim_ros2_ws/install/test_pkg/share/test_pkg/hook/ament_prefix_path.ps1'
[1.128s] INFO:colcon.colcon_core.shell:Creating environment descriptor '/home/whaly/isaac_ws/Isaacsim_ros2_ws/install/test_pkg/share/test_pkg/hook/ament_prefix_path.dsv'
[1.128s] INFO:colcon.colcon_core.shell:Creating environment hook '/home/whaly/isaac_ws/Isaacsim_ros2_ws/install/test_pkg/share/test_pkg/hook/ament_prefix_path.sh'
[1.129s] INFO:colcon.colcon_core.shell:Skip shell extension 'powershell' for command environment: Not usable outside of PowerShell
[1.129s] DEBUG:colcon.colcon_core.shell:Skip shell extension 'dsv' for command environment
[1.355s] INFO:colcon.colcon_core.task.python.build:Building Python package in '/home/whaly/isaac_ws/Isaacsim_ros2_ws/src/h1_pkg'
[1.356s] INFO:colcon.colcon_core.shell:Skip shell extension 'powershell' for command environment: Not usable outside of PowerShell
[1.356s] DEBUG:colcon.colcon_core.shell:Skip shell extension 'dsv' for command environment
[1.548s] INFO:colcon.colcon_core.task.python.build:Building Python package in '/home/whaly/isaac_ws/Isaacsim_ros2_ws/src/test_pkg'
[1.548s] INFO:colcon.colcon_core.shell:Skip shell extension 'powershell' for command environment: Not usable outside of PowerShell
[1.548s] DEBUG:colcon.colcon_core.shell:Skip shell extension 'dsv' for command environment
[1.553s] Level 1:colcon.colcon_core.environment:create_environment_scripts_only(custom_interface)
[1.553s] Level 1:colcon.colcon_core.environment:checking '/home/whaly/isaac_ws/Isaacsim_ros2_ws/install/custom_interface' for CMake module files
[1.553s] DEBUG:colcon.colcon_core.event_handler.log_command:Invoked command in '/home/whaly/isaac_ws/Isaacsim_ros2_ws/build/custom_interface' returned '0': CMAKE_PREFIX_PATH=${CMAKE_PREFIX_PATH}:/home/whaly/ros2_addons_ws/install/ros2_controllers_test_nodes:/home/whaly/rl_ws/rl_sar-main/install/robot_py_controller:/home/whaly/Downloads/URDF_ws/install/full_body_description:/home/whaly/isaac_ws/Isaacsim_ros2_ws/install/test_pkg:/home/whaly/isaac_ws/Isaacsim_ros2_ws/install/isaac_tutorials:/home/whaly/isaac_ws/Isaacsim_ros2_ws/install/h1_pkg:/home/whaly/isaac_ws/Isaacsim_ros2_ws/install/ackermann_control:/home/whaly/whaly_ws/install/whaly_pkg:/opt/ros/humble /usr/bin/cmake --install /home/whaly/isaac_ws/Isaacsim_ros2_ws/build/custom_interface
[1.554s] Level 1:colcon.colcon_core.environment:checking '/home/whaly/isaac_ws/Isaacsim_ros2_ws/install/custom_interface' for CMake config files
[1.554s] Level 1:colcon.colcon_core.shell:create_environment_hook('custom_interface', 'cmake_prefix_path')
[1.554s] INFO:colcon.colcon_core.shell:Creating environment hook '/home/whaly/isaac_ws/Isaacsim_ros2_ws/install/custom_interface/share/custom_interface/hook/cmake_prefix_path.ps1'
[1.554s] INFO:colcon.colcon_core.shell:Creating environment descriptor '/home/whaly/isaac_ws/Isaacsim_ros2_ws/install/custom_interface/share/custom_interface/hook/cmake_prefix_path.dsv'
[1.555s] INFO:colcon.colcon_core.shell:Creating environment hook '/home/whaly/isaac_ws/Isaacsim_ros2_ws/install/custom_interface/share/custom_interface/hook/cmake_prefix_path.sh'
[1.555s] Level 1:colcon.colcon_core.environment:checking '/home/whaly/isaac_ws/Isaacsim_ros2_ws/install/custom_interface/lib'
[1.555s] Level 1:colcon.colcon_core.shell:create_environment_hook('custom_interface', 'ld_library_path_lib')
[1.555s] INFO:colcon.colcon_core.shell:Creating environment hook '/home/whaly/isaac_ws/Isaacsim_ros2_ws/install/custom_interface/share/custom_interface/hook/ld_library_path_lib.ps1'
[1.555s] INFO:colcon.colcon_core.shell:Creating environment descriptor '/home/whaly/isaac_ws/Isaacsim_ros2_ws/install/custom_interface/share/custom_interface/hook/ld_library_path_lib.dsv'
[1.556s] INFO:colcon.colcon_core.shell:Creating environment hook '/home/whaly/isaac_ws/Isaacsim_ros2_ws/install/custom_interface/share/custom_interface/hook/ld_library_path_lib.sh'
[1.556s] Level 1:colcon.colcon_core.environment:checking '/home/whaly/isaac_ws/Isaacsim_ros2_ws/install/custom_interface/bin'
[1.556s] Level 1:colcon.colcon_core.environment:checking '/home/whaly/isaac_ws/Isaacsim_ros2_ws/install/custom_interface/lib/pkgconfig/custom_interface.pc'
[1.556s] Level 1:colcon.colcon_core.environment:checking '/home/whaly/isaac_ws/Isaacsim_ros2_ws/install/custom_interface/lib/python3.10/site-packages'
[1.556s] Level 1:colcon.colcon_core.environment:checking '/home/whaly/isaac_ws/Isaacsim_ros2_ws/install/custom_interface/bin'
[1.556s] INFO:colcon.colcon_core.shell:Creating package script '/home/whaly/isaac_ws/Isaacsim_ros2_ws/install/custom_interface/share/custom_interface/package.ps1'
[1.557s] INFO:colcon.colcon_core.shell:Creating package descriptor '/home/whaly/isaac_ws/Isaacsim_ros2_ws/install/custom_interface/share/custom_interface/package.dsv'
[1.557s] INFO:colcon.colcon_core.shell:Creating package script '/home/whaly/isaac_ws/Isaacsim_ros2_ws/install/custom_interface/share/custom_interface/package.sh'
[1.557s] INFO:colcon.colcon_core.shell:Creating package script '/home/whaly/isaac_ws/Isaacsim_ros2_ws/install/custom_interface/share/custom_interface/package.bash'
[1.557s] INFO:colcon.colcon_core.shell:Creating package script '/home/whaly/isaac_ws/Isaacsim_ros2_ws/install/custom_interface/share/custom_interface/package.zsh'
[1.558s] Level 1:colcon.colcon_core.environment:create_file_with_runtime_dependencies(/home/whaly/isaac_ws/Isaacsim_ros2_ws/install/custom_interface/share/colcon-core/packages/custom_interface)
[1.558s] Level 1:colcon.colcon_core.environment:create_environment_scripts_only(custom_interface)
[1.558s] Level 1:colcon.colcon_core.environment:checking '/home/whaly/isaac_ws/Isaacsim_ros2_ws/install/custom_interface' for CMake module files
[1.558s] Level 1:colcon.colcon_core.environment:checking '/home/whaly/isaac_ws/Isaacsim_ros2_ws/install/custom_interface' for CMake config files
[1.559s] Level 1:colcon.colcon_core.shell:create_environment_hook('custom_interface', 'cmake_prefix_path')
[1.559s] INFO:colcon.colcon_core.shell:Creating environment hook '/home/whaly/isaac_ws/Isaacsim_ros2_ws/install/custom_interface/share/custom_interface/hook/cmake_prefix_path.ps1'
[1.559s] INFO:colcon.colcon_core.shell:Creating environment descriptor '/home/whaly/isaac_ws/Isaacsim_ros2_ws/install/custom_interface/share/custom_interface/hook/cmake_prefix_path.dsv'
[1.559s] INFO:colcon.colcon_core.shell:Creating environment hook '/home/whaly/isaac_ws/Isaacsim_ros2_ws/install/custom_interface/share/custom_interface/hook/cmake_prefix_path.sh'
[1.560s] Level 1:colcon.colcon_core.environment:checking '/home/whaly/isaac_ws/Isaacsim_ros2_ws/install/custom_interface/lib'
[1.560s] Level 1:colcon.colcon_core.shell:create_environment_hook('custom_interface', 'ld_library_path_lib')
[1.560s] INFO:colcon.colcon_core.shell:Creating environment hook '/home/whaly/isaac_ws/Isaacsim_ros2_ws/install/custom_interface/share/custom_interface/hook/ld_library_path_lib.ps1'
[1.560s] INFO:colcon.colcon_core.shell:Creating environment descriptor '/home/whaly/isaac_ws/Isaacsim_ros2_ws/install/custom_interface/share/custom_interface/hook/ld_library_path_lib.dsv'
[1.560s] INFO:colcon.colcon_core.shell:Creating environment hook '/home/whaly/isaac_ws/Isaacsim_ros2_ws/install/custom_interface/share/custom_interface/hook/ld_library_path_lib.sh'
[1.560s] Level 1:colcon.colcon_core.environment:checking '/home/whaly/isaac_ws/Isaacsim_ros2_ws/install/custom_interface/bin'
[1.561s] Level 1:colcon.colcon_core.environment:checking '/home/whaly/isaac_ws/Isaacsim_ros2_ws/install/custom_interface/lib/pkgconfig/custom_interface.pc'
[1.561s] Level 1:colcon.colcon_core.environment:checking '/home/whaly/isaac_ws/Isaacsim_ros2_ws/install/custom_interface/lib/python3.10/site-packages'
[1.561s] Level 1:colcon.colcon_core.environment:checking '/home/whaly/isaac_ws/Isaacsim_ros2_ws/install/custom_interface/bin'
[1.561s] INFO:colcon.colcon_core.shell:Creating package script '/home/whaly/isaac_ws/Isaacsim_ros2_ws/install/custom_interface/share/custom_interface/package.ps1'
[1.561s] INFO:colcon.colcon_core.shell:Creating package descriptor '/home/whaly/isaac_ws/Isaacsim_ros2_ws/install/custom_interface/share/custom_interface/package.dsv'
[1.562s] INFO:colcon.colcon_core.shell:Creating package script '/home/whaly/isaac_ws/Isaacsim_ros2_ws/install/custom_interface/share/custom_interface/package.sh'
[1.562s] INFO:colcon.colcon_core.shell:Creating package script '/home/whaly/isaac_ws/Isaacsim_ros2_ws/install/custom_interface/share/custom_interface/package.bash'
[1.562s] INFO:colcon.colcon_core.shell:Creating package script '/home/whaly/isaac_ws/Isaacsim_ros2_ws/install/custom_interface/share/custom_interface/package.zsh'
[1.562s] Level 1:colcon.colcon_core.environment:create_file_with_runtime_dependencies(/home/whaly/isaac_ws/Isaacsim_ros2_ws/install/custom_interface/share/colcon-core/packages/custom_interface)
[1.565s] DEBUG:colcon.colcon_core.event_handler.log_command:Invoking command in '/home/whaly/isaac_ws/Isaacsim_ros2_ws/src/ackermann_control': PYTHONPATH=/home/whaly/isaac_ws/Isaacsim_ros2_ws/build/ackermann_control/prefix_override:/usr/lib/python3/dist-packages/colcon_core/task/python/colcon_distutils_commands:/home/whaly/isaac_ws/Isaacsim_ros2_ws/install/ackermann_control/lib/python3.10/site-packages:${PYTHONPATH} /usr/bin/python3 -W ignore:setup.py install is deprecated -W ignore:easy_install command is deprecated setup.py egg_info --egg-base ../../build/ackermann_control build --build-base /home/whaly/isaac_ws/Isaacsim_ros2_ws/build/ackermann_control/build install --record /home/whaly/isaac_ws/Isaacsim_ros2_ws/build/ackermann_control/install.log --single-version-externally-managed install_data
[1.568s] DEBUG:colcon.colcon_core.event_handler.log_command:Invoking command in '/home/whaly/isaac_ws/Isaacsim_ros2_ws/src/h1_lococmotion_policy': PYTHONPATH=/home/whaly/isaac_ws/Isaacsim_ros2_ws/build/h1_locomotion_policy/prefix_override:/usr/lib/python3/dist-packages/colcon_core/task/python/colcon_distutils_commands:/home/whaly/isaac_ws/Isaacsim_ros2_ws/install/h1_locomotion_policy/lib/python3.10/site-packages:${PYTHONPATH} /usr/bin/python3 -W ignore:setup.py install is deprecated -W ignore:easy_install command is deprecated setup.py egg_info --egg-base ../../build/h1_locomotion_policy build --build-base /home/whaly/isaac_ws/Isaacsim_ros2_ws/build/h1_locomotion_policy/build install --record /home/whaly/isaac_ws/Isaacsim_ros2_ws/build/h1_locomotion_policy/install.log --single-version-externally-managed install_data
[1.568s] DEBUG:colcon.colcon_core.event_handler.log_command:Invoking command in '/home/whaly/isaac_ws/Isaacsim_ros2_ws/src/isaac_tutorials': PYTHONPATH=/home/whaly/isaac_ws/Isaacsim_ros2_ws/build/isaac_tutorials/prefix_override:/usr/lib/python3/dist-packages/colcon_core/task/python/colcon_distutils_commands:/home/whaly/isaac_ws/Isaacsim_ros2_ws/install/isaac_tutorials/lib/python3.10/site-packages:${PYTHONPATH} /usr/bin/python3 -W ignore:setup.py install is deprecated -W ignore:easy_install command is deprecated setup.py egg_info --egg-base ../../build/isaac_tutorials build --build-base /home/whaly/isaac_ws/Isaacsim_ros2_ws/build/isaac_tutorials/build install --record /home/whaly/isaac_ws/Isaacsim_ros2_ws/build/isaac_tutorials/install.log --single-version-externally-managed install_data
[1.822s] Level 1:colcon.colcon_core.environment:checking '/home/whaly/isaac_ws/Isaacsim_ros2_ws/install/isaac_tutorials' for CMake module files
[1.823s] DEBUG:colcon.colcon_core.event_handler.log_command:Invoked command in '/home/whaly/isaac_ws/Isaacsim_ros2_ws/src/isaac_tutorials' returned '0': PYTHONPATH=/home/whaly/isaac_ws/Isaacsim_ros2_ws/build/isaac_tutorials/prefix_override:/usr/lib/python3/dist-packages/colcon_core/task/python/colcon_distutils_commands:/home/whaly/isaac_ws/Isaacsim_ros2_ws/install/isaac_tutorials/lib/python3.10/site-packages:${PYTHONPATH} /usr/bin/python3 -W ignore:setup.py install is deprecated -W ignore:easy_install command is deprecated setup.py egg_info --egg-base ../../build/isaac_tutorials build --build-base /home/whaly/isaac_ws/Isaacsim_ros2_ws/build/isaac_tutorials/build install --record /home/whaly/isaac_ws/Isaacsim_ros2_ws/build/isaac_tutorials/install.log --single-version-externally-managed install_data
[1.823s] Level 1:colcon.colcon_core.environment:checking '/home/whaly/isaac_ws/Isaacsim_ros2_ws/install/isaac_tutorials' for CMake config files
[1.823s] Level 1:colcon.colcon_core.environment:checking '/home/whaly/isaac_ws/Isaacsim_ros2_ws/install/isaac_tutorials/lib'
[1.823s] Level 1:colcon.colcon_core.environment:checking '/home/whaly/isaac_ws/Isaacsim_ros2_ws/install/isaac_tutorials/bin'
[1.824s] Level 1:colcon.colcon_core.environment:checking '/home/whaly/isaac_ws/Isaacsim_ros2_ws/install/isaac_tutorials/lib/pkgconfig/isaac_tutorials.pc'
[1.824s] Level 1:colcon.colcon_core.environment:checking '/home/whaly/isaac_ws/Isaacsim_ros2_ws/install/isaac_tutorials/lib/python3.10/site-packages'
[1.824s] Level 1:colcon.colcon_core.shell:create_environment_hook('isaac_tutorials', 'pythonpath')
[1.824s] INFO:colcon.colcon_core.shell:Creating environment hook '/home/whaly/isaac_ws/Isaacsim_ros2_ws/install/isaac_tutorials/share/isaac_tutorials/hook/pythonpath.ps1'
[1.824s] INFO:colcon.colcon_core.shell:Creating environment descriptor '/home/whaly/isaac_ws/Isaacsim_ros2_ws/install/isaac_tutorials/share/isaac_tutorials/hook/pythonpath.dsv'
[1.824s] INFO:colcon.colcon_core.shell:Creating environment hook '/home/whaly/isaac_ws/Isaacsim_ros2_ws/install/isaac_tutorials/share/isaac_tutorials/hook/pythonpath.sh'
[1.825s] Level 1:colcon.colcon_core.environment:checking '/home/whaly/isaac_ws/Isaacsim_ros2_ws/install/isaac_tutorials/bin'
[1.825s] Level 1:colcon.colcon_core.environment:create_environment_scripts_only(isaac_tutorials)
[1.825s] INFO:colcon.colcon_core.shell:Creating package script '/home/whaly/isaac_ws/Isaacsim_ros2_ws/install/isaac_tutorials/share/isaac_tutorials/package.ps1'
[1.825s] INFO:colcon.colcon_core.shell:Creating package descriptor '/home/whaly/isaac_ws/Isaacsim_ros2_ws/install/isaac_tutorials/share/isaac_tutorials/package.dsv'
[1.826s] INFO:colcon.colcon_core.shell:Creating package script '/home/whaly/isaac_ws/Isaacsim_ros2_ws/install/isaac_tutorials/share/isaac_tutorials/package.sh'
[1.826s] INFO:colcon.colcon_core.shell:Creating package script '/home/whaly/isaac_ws/Isaacsim_ros2_ws/install/isaac_tutorials/share/isaac_tutorials/package.bash'
[1.826s] INFO:colcon.colcon_core.shell:Creating package script '/home/whaly/isaac_ws/Isaacsim_ros2_ws/install/isaac_tutorials/share/isaac_tutorials/package.zsh'
[1.826s] Level 1:colcon.colcon_core.environment:create_file_with_runtime_dependencies(/home/whaly/isaac_ws/Isaacsim_ros2_ws/install/isaac_tutorials/share/colcon-core/packages/isaac_tutorials)
[1.827s] Level 1:colcon.colcon_core.environment:checking '/home/whaly/isaac_ws/Isaacsim_ros2_ws/install/ackermann_control' for CMake module files
[1.827s] Level 1:colcon.colcon_core.environment:checking '/home/whaly/isaac_ws/Isaacsim_ros2_ws/install/ackermann_control' for CMake config files
[1.828s] DEBUG:colcon.colcon_core.event_handler.log_command:Invoked command in '/home/whaly/isaac_ws/Isaacsim_ros2_ws/src/ackermann_control' returned '0': PYTHONPATH=/home/whaly/isaac_ws/Isaacsim_ros2_ws/build/ackermann_control/prefix_override:/usr/lib/python3/dist-packages/colcon_core/task/python/colcon_distutils_commands:/home/whaly/isaac_ws/Isaacsim_ros2_ws/install/ackermann_control/lib/python3.10/site-packages:${PYTHONPATH} /usr/bin/python3 -W ignore:setup.py install is deprecated -W ignore:easy_install command is deprecated setup.py egg_info --egg-base ../../build/ackermann_control build --build-base /home/whaly/isaac_ws/Isaacsim_ros2_ws/build/ackermann_control/build install --record /home/whaly/isaac_ws/Isaacsim_ros2_ws/build/ackermann_control/install.log --single-version-externally-managed install_data
[1.828s] Level 1:colcon.colcon_core.environment:checking '/home/whaly/isaac_ws/Isaacsim_ros2_ws/install/ackermann_control/lib'
[1.828s] Level 1:colcon.colcon_core.environment:checking '/home/whaly/isaac_ws/Isaacsim_ros2_ws/install/ackermann_control/bin'
[1.828s] Level 1:colcon.colcon_core.environment:checking '/home/whaly/isaac_ws/Isaacsim_ros2_ws/install/ackermann_control/lib/pkgconfig/ackermann_control.pc'
[1.828s] Level 1:colcon.colcon_core.environment:checking '/home/whaly/isaac_ws/Isaacsim_ros2_ws/install/ackermann_control/lib/python3.10/site-packages'
[1.828s] Level 1:colcon.colcon_core.shell:create_environment_hook('ackermann_control', 'pythonpath')
[1.828s] INFO:colcon.colcon_core.shell:Creating environment hook '/home/whaly/isaac_ws/Isaacsim_ros2_ws/install/ackermann_control/share/ackermann_control/hook/pythonpath.ps1'
[1.829s] INFO:colcon.colcon_core.shell:Creating environment descriptor '/home/whaly/isaac_ws/Isaacsim_ros2_ws/install/ackermann_control/share/ackermann_control/hook/pythonpath.dsv'
[1.829s] INFO:colcon.colcon_core.shell:Creating environment hook '/home/whaly/isaac_ws/Isaacsim_ros2_ws/install/ackermann_control/share/ackermann_control/hook/pythonpath.sh'
[1.829s] Level 1:colcon.colcon_core.environment:checking '/home/whaly/isaac_ws/Isaacsim_ros2_ws/install/ackermann_control/bin'
[1.829s] Level 1:colcon.colcon_core.environment:create_environment_scripts_only(ackermann_control)
[1.829s] INFO:colcon.colcon_core.shell:Creating package script '/home/whaly/isaac_ws/Isaacsim_ros2_ws/install/ackermann_control/share/ackermann_control/package.ps1'
[1.830s] INFO:colcon.colcon_core.shell:Creating package descriptor '/home/whaly/isaac_ws/Isaacsim_ros2_ws/install/ackermann_control/share/ackermann_control/package.dsv'
[1.830s] INFO:colcon.colcon_core.shell:Creating package script '/home/whaly/isaac_ws/Isaacsim_ros2_ws/install/ackermann_control/share/ackermann_control/package.sh'
[1.830s] INFO:colcon.colcon_core.shell:Creating package script '/home/whaly/isaac_ws/Isaacsim_ros2_ws/install/ackermann_control/share/ackermann_control/package.bash'
[1.830s] INFO:colcon.colcon_core.shell:Creating package script '/home/whaly/isaac_ws/Isaacsim_ros2_ws/install/ackermann_control/share/ackermann_control/package.zsh'
[1.831s] Level 1:colcon.colcon_core.environment:create_file_with_runtime_dependencies(/home/whaly/isaac_ws/Isaacsim_ros2_ws/install/ackermann_control/share/colcon-core/packages/ackermann_control)
[1.850s] Level 1:colcon.colcon_core.environment:checking '/home/whaly/isaac_ws/Isaacsim_ros2_ws/install/h1_locomotion_policy' for CMake module files
[1.851s] DEBUG:colcon.colcon_core.event_handler.log_command:Invoked command in '/home/whaly/isaac_ws/Isaacsim_ros2_ws/src/h1_lococmotion_policy' returned '0': PYTHONPATH=/home/whaly/isaac_ws/Isaacsim_ros2_ws/build/h1_locomotion_policy/prefix_override:/usr/lib/python3/dist-packages/colcon_core/task/python/colcon_distutils_commands:/home/whaly/isaac_ws/Isaacsim_ros2_ws/install/h1_locomotion_policy/lib/python3.10/site-packages:${PYTHONPATH} /usr/bin/python3 -W ignore:setup.py install is deprecated -W ignore:easy_install command is deprecated setup.py egg_info --egg-base ../../build/h1_locomotion_policy build --build-base /home/whaly/isaac_ws/Isaacsim_ros2_ws/build/h1_locomotion_policy/build install --record /home/whaly/isaac_ws/Isaacsim_ros2_ws/build/h1_locomotion_policy/install.log --single-version-externally-managed install_data
[1.851s] Level 1:colcon.colcon_core.environment:checking '/home/whaly/isaac_ws/Isaacsim_ros2_ws/install/h1_locomotion_policy' for CMake config files
[1.851s] Level 1:colcon.colcon_core.environment:checking '/home/whaly/isaac_ws/Isaacsim_ros2_ws/install/h1_locomotion_policy/lib'
[1.852s] Level 1:colcon.colcon_core.environment:checking '/home/whaly/isaac_ws/Isaacsim_ros2_ws/install/h1_locomotion_policy/bin'
[1.852s] Level 1:colcon.colcon_core.environment:checking '/home/whaly/isaac_ws/Isaacsim_ros2_ws/install/h1_locomotion_policy/lib/pkgconfig/h1_locomotion_policy.pc'
[1.852s] Level 1:colcon.colcon_core.environment:checking '/home/whaly/isaac_ws/Isaacsim_ros2_ws/install/h1_locomotion_policy/lib/python3.10/site-packages'
[1.852s] Level 1:colcon.colcon_core.shell:create_environment_hook('h1_locomotion_policy', 'pythonpath')
[1.852s] INFO:colcon.colcon_core.shell:Creating environment hook '/home/whaly/isaac_ws/Isaacsim_ros2_ws/install/h1_locomotion_policy/share/h1_locomotion_policy/hook/pythonpath.ps1'
[1.852s] INFO:colcon.colcon_core.shell:Creating environment descriptor '/home/whaly/isaac_ws/Isaacsim_ros2_ws/install/h1_locomotion_policy/share/h1_locomotion_policy/hook/pythonpath.dsv'
[1.853s] INFO:colcon.colcon_core.shell:Creating environment hook '/home/whaly/isaac_ws/Isaacsim_ros2_ws/install/h1_locomotion_policy/share/h1_locomotion_policy/hook/pythonpath.sh'
[1.853s] Level 1:colcon.colcon_core.environment:checking '/home/whaly/isaac_ws/Isaacsim_ros2_ws/install/h1_locomotion_policy/bin'
[1.853s] Level 1:colcon.colcon_core.environment:create_environment_scripts_only(h1_locomotion_policy)
[1.853s] INFO:colcon.colcon_core.shell:Creating package script '/home/whaly/isaac_ws/Isaacsim_ros2_ws/install/h1_locomotion_policy/share/h1_locomotion_policy/package.ps1'
[1.854s] INFO:colcon.colcon_core.shell:Creating package descriptor '/home/whaly/isaac_ws/Isaacsim_ros2_ws/install/h1_locomotion_policy/share/h1_locomotion_policy/package.dsv'
[1.854s] INFO:colcon.colcon_core.shell:Creating package script '/home/whaly/isaac_ws/Isaacsim_ros2_ws/install/h1_locomotion_policy/share/h1_locomotion_policy/package.sh'
[1.854s] INFO:colcon.colcon_core.shell:Creating package script '/home/whaly/isaac_ws/Isaacsim_ros2_ws/install/h1_locomotion_policy/share/h1_locomotion_policy/package.bash'
[1.854s] INFO:colcon.colcon_core.shell:Creating package script '/home/whaly/isaac_ws/Isaacsim_ros2_ws/install/h1_locomotion_policy/share/h1_locomotion_policy/package.zsh'
[1.855s] Level 1:colcon.colcon_core.environment:create_file_with_runtime_dependencies(/home/whaly/isaac_ws/Isaacsim_ros2_ws/install/h1_locomotion_policy/share/colcon-core/packages/h1_locomotion_policy)
[1.870s] DEBUG:colcon.colcon_core.event_handler.log_command:Invoking command in '/home/whaly/isaac_ws/Isaacsim_ros2_ws/src/h1_pkg': CMAKE_PREFIX_PATH=/home/whaly/isaac_ws/Isaacsim_ros2_ws/install/h1_msgs:/home/whaly/ros2_addons_ws/install/ros2_control_demos:/home/whaly/ros2_addons_ws/install/ros2_control_demo_example_9:/home/whaly/ros2_addons_ws/install/ros2_control_demo_example_8:/home/whaly/ros2_addons_ws/install/ros2_control_demo_example_6:/home/whaly/ros2_addons_ws/install/ros2_control_demo_example_15:/home/whaly/ros2_addons_ws/install/ros2_control_demo_example_13:/home/whaly/ros2_addons_ws/install/ros2_control_demo_example_5:/home/whaly/ros2_addons_ws/install/ros2_control_demo_example_4:/home/whaly/ros2_addons_ws/install/ros2_control_demo_example_3:/home/whaly/ros2_addons_ws/install/ros2_control_demo_example_2:/home/whaly/ros2_addons_ws/install/ros2_control_demo_example_14:/home/whaly/ros2_addons_ws/install/ros2_control_demo_example_12:/home/whaly/ros2_addons_ws/install/ros2_control_demo_example_10:/home/whaly/ros2_addons_ws/install/ros2_control_demo_example_1:/home/whaly/ros2_addons_ws/install/ros2_control_demo_example_7:/home/whaly/ros2_addons_ws/install/ros2_control_demo_example_11:/home/whaly/ros2_addons_ws/install/ros2_control_demo_description:/home/whaly/rl_ws/rl_sar-main/install/rl_sar:/home/whaly/rl_ws/rl_sar-main/install/robot_joint_controller:/home/whaly/rl_ws/rl_sar-main/install/robot_msgs:/home/whaly/rl_ws/rl_sar-main/install/go2_description:/home/whaly/moveit_ws/install/hello_moveit:/home/whaly/moveit_ws/install/hanumanoid_config:/home/whaly/isaac_ws/Isaacsim_ros2_ws/install/custom_interface:/home/whaly/whaly_ws/install/whaly_cpp:/home/whaly/whaly_ws/install/tutorial_interfaces LD_LIBRARY_PATH=/home/whaly/isaac_ws/Isaacsim_ros2_ws/install/h1_msgs/lib:/home/whaly/ros2_addons_ws/install/ros2_control_demo_example_9/lib:/home/whaly/ros2_addons_ws/install/ros2_control_demo_example_8/lib:/home/whaly/ros2_addons_ws/install/ros2_control_demo_example_6/lib:/home/whaly/ros2_addons_ws/install/ros2_control_demo_example_5/lib:/home/whaly/ros2_addons_ws/install/ros2_control_demo_example_4/lib:/home/whaly/ros2_addons_ws/install/ros2_control_demo_example_3/lib:/home/whaly/ros2_addons_ws/install/ros2_control_demo_example_2/lib:/home/whaly/ros2_addons_ws/install/ros2_control_demo_example_14/lib:/home/whaly/ros2_addons_ws/install/ros2_control_demo_example_12/lib:/home/whaly/ros2_addons_ws/install/ros2_control_demo_example_10/lib:/home/whaly/ros2_addons_ws/install/ros2_control_demo_example_1/lib:/home/whaly/ros2_addons_ws/install/ros2_control_demo_example_7/lib:/home/whaly/ros2_addons_ws/install/ros2_control_demo_example_11/lib:/home/whaly/rl_ws/rl_sar-main/install/rl_sar/lib:/home/whaly/rl_ws/rl_sar-main/install/robot_joint_controller/lib:/home/whaly/rl_ws/rl_sar-main/install/robot_msgs/lib:/home/whaly/rl_ws/rl_sar-main/install/go2_description/lib:/home/whaly/isaac_ws/Isaacsim_ros2_ws/install/custom_interface/lib:/home/whaly/whaly_ws/install/tutorial_interfaces/lib:/usr/lib/x86_64-linux-gnu/gazebo-11/plugins:/opt/ros/humble/opt/rviz_ogre_vendor/lib:/opt/ros/humble/lib/x86_64-linux-gnu:/opt/ros/humble/lib PYTHONPATH=/home/whaly/isaac_ws/Isaacsim_ros2_ws/build/h1_pkg/prefix_override:/usr/lib/python3/dist-packages/colcon_core/task/python/colcon_distutils_commands:/home/whaly/isaac_ws/Isaacsim_ros2_ws/install/h1_pkg/lib/python3.10/site-packages:/home/whaly/isaac_ws/Isaacsim_ros2_ws/install/h1_msgs/local/lib/python3.10/dist-packages:${PYTHONPATH} /usr/bin/python3 -W ignore:setup.py install is deprecated -W ignore:easy_install command is deprecated setup.py egg_info --egg-base ../../build/h1_pkg build --build-base /home/whaly/isaac_ws/Isaacsim_ros2_ws/build/h1_pkg/build install --record /home/whaly/isaac_ws/Isaacsim_ros2_ws/build/h1_pkg/install.log --single-version-externally-managed install_data
[1.874s] DEBUG:colcon.colcon_core.event_handler.log_command:Invoking command in '/home/whaly/isaac_ws/Isaacsim_ros2_ws/src/test_pkg': CMAKE_PREFIX_PATH=/home/whaly/isaac_ws/Isaacsim_ros2_ws/install/h1_msgs:/home/whaly/ros2_addons_ws/install/ros2_control_demos:/home/whaly/ros2_addons_ws/install/ros2_control_demo_example_9:/home/whaly/ros2_addons_ws/install/ros2_control_demo_example_8:/home/whaly/ros2_addons_ws/install/ros2_control_demo_example_6:/home/whaly/ros2_addons_ws/install/ros2_control_demo_example_15:/home/whaly/ros2_addons_ws/install/ros2_control_demo_example_13:/home/whaly/ros2_addons_ws/install/ros2_control_demo_example_5:/home/whaly/ros2_addons_ws/install/ros2_control_demo_example_4:/home/whaly/ros2_addons_ws/install/ros2_control_demo_example_3:/home/whaly/ros2_addons_ws/install/ros2_control_demo_example_2:/home/whaly/ros2_addons_ws/install/ros2_control_demo_example_14:/home/whaly/ros2_addons_ws/install/ros2_control_demo_example_12:/home/whaly/ros2_addons_ws/install/ros2_control_demo_example_10:/home/whaly/ros2_addons_ws/install/ros2_control_demo_example_1:/home/whaly/ros2_addons_ws/install/ros2_control_demo_example_7:/home/whaly/ros2_addons_ws/install/ros2_control_demo_example_11:/home/whaly/ros2_addons_ws/install/ros2_control_demo_description:/home/whaly/rl_ws/rl_sar-main/install/rl_sar:/home/whaly/rl_ws/rl_sar-main/install/robot_joint_controller:/home/whaly/rl_ws/rl_sar-main/install/robot_msgs:/home/whaly/rl_ws/rl_sar-main/install/go2_description:/home/whaly/moveit_ws/install/hello_moveit:/home/whaly/moveit_ws/install/hanumanoid_config:/home/whaly/isaac_ws/Isaacsim_ros2_ws/install/custom_interface:/home/whaly/whaly_ws/install/whaly_cpp:/home/whaly/whaly_ws/install/tutorial_interfaces LD_LIBRARY_PATH=/home/whaly/isaac_ws/Isaacsim_ros2_ws/install/h1_msgs/lib:/home/whaly/ros2_addons_ws/install/ros2_control_demo_example_9/lib:/home/whaly/ros2_addons_ws/install/ros2_control_demo_example_8/lib:/home/whaly/ros2_addons_ws/install/ros2_control_demo_example_6/lib:/home/whaly/ros2_addons_ws/install/ros2_control_demo_example_5/lib:/home/whaly/ros2_addons_ws/install/ros2_control_demo_example_4/lib:/home/whaly/ros2_addons_ws/install/ros2_control_demo_example_3/lib:/home/whaly/ros2_addons_ws/install/ros2_control_demo_example_2/lib:/home/whaly/ros2_addons_ws/install/ros2_control_demo_example_14/lib:/home/whaly/ros2_addons_ws/install/ros2_control_demo_example_12/lib:/home/whaly/ros2_addons_ws/install/ros2_control_demo_example_10/lib:/home/whaly/ros2_addons_ws/install/ros2_control_demo_example_1/lib:/home/whaly/ros2_addons_ws/install/ros2_control_demo_example_7/lib:/home/whaly/ros2_addons_ws/install/ros2_control_demo_example_11/lib:/home/whaly/rl_ws/rl_sar-main/install/rl_sar/lib:/home/whaly/rl_ws/rl_sar-main/install/robot_joint_controller/lib:/home/whaly/rl_ws/rl_sar-main/install/robot_msgs/lib:/home/whaly/rl_ws/rl_sar-main/install/go2_description/lib:/home/whaly/isaac_ws/Isaacsim_ros2_ws/install/custom_interface/lib:/home/whaly/whaly_ws/install/tutorial_interfaces/lib:/usr/lib/x86_64-linux-gnu/gazebo-11/plugins:/opt/ros/humble/opt/rviz_ogre_vendor/lib:/opt/ros/humble/lib/x86_64-linux-gnu:/opt/ros/humble/lib PYTHONPATH=/home/whaly/isaac_ws/Isaacsim_ros2_ws/build/test_pkg/prefix_override:/usr/lib/python3/dist-packages/colcon_core/task/python/colcon_distutils_commands:/home/whaly/isaac_ws/Isaacsim_ros2_ws/install/test_pkg/lib/python3.10/site-packages:/home/whaly/isaac_ws/Isaacsim_ros2_ws/install/h1_msgs/local/lib/python3.10/dist-packages:${PYTHONPATH} /usr/bin/python3 -W ignore:setup.py install is deprecated -W ignore:easy_install command is deprecated setup.py egg_info --egg-base ../../build/test_pkg build --build-base /home/whaly/isaac_ws/Isaacsim_ros2_ws/build/test_pkg/build install --record /home/whaly/isaac_ws/Isaacsim_ros2_ws/build/test_pkg/install.log --single-version-externally-managed install_data
[2.072s] Level 1:colcon.colcon_core.environment:checking '/home/whaly/isaac_ws/Isaacsim_ros2_ws/install/h1_pkg' for CMake module files
[2.073s] DEBUG:colcon.colcon_core.event_handler.log_command:Invoked command in '/home/whaly/isaac_ws/Isaacsim_ros2_ws/src/h1_pkg' returned '0': CMAKE_PREFIX_PATH=/home/whaly/isaac_ws/Isaacsim_ros2_ws/install/h1_msgs:/home/whaly/ros2_addons_ws/install/ros2_control_demos:/home/whaly/ros2_addons_ws/install/ros2_control_demo_example_9:/home/whaly/ros2_addons_ws/install/ros2_control_demo_example_8:/home/whaly/ros2_addons_ws/install/ros2_control_demo_example_6:/home/whaly/ros2_addons_ws/install/ros2_control_demo_example_15:/home/whaly/ros2_addons_ws/install/ros2_control_demo_example_13:/home/whaly/ros2_addons_ws/install/ros2_control_demo_example_5:/home/whaly/ros2_addons_ws/install/ros2_control_demo_example_4:/home/whaly/ros2_addons_ws/install/ros2_control_demo_example_3:/home/whaly/ros2_addons_ws/install/ros2_control_demo_example_2:/home/whaly/ros2_addons_ws/install/ros2_control_demo_example_14:/home/whaly/ros2_addons_ws/install/ros2_control_demo_example_12:/home/whaly/ros2_addons_ws/install/ros2_control_demo_example_10:/home/whaly/ros2_addons_ws/install/ros2_control_demo_example_1:/home/whaly/ros2_addons_ws/install/ros2_control_demo_example_7:/home/whaly/ros2_addons_ws/install/ros2_control_demo_example_11:/home/whaly/ros2_addons_ws/install/ros2_control_demo_description:/home/whaly/rl_ws/rl_sar-main/install/rl_sar:/home/whaly/rl_ws/rl_sar-main/install/robot_joint_controller:/home/whaly/rl_ws/rl_sar-main/install/robot_msgs:/home/whaly/rl_ws/rl_sar-main/install/go2_description:/home/whaly/moveit_ws/install/hello_moveit:/home/whaly/moveit_ws/install/hanumanoid_config:/home/whaly/isaac_ws/Isaacsim_ros2_ws/install/custom_interface:/home/whaly/whaly_ws/install/whaly_cpp:/home/whaly/whaly_ws/install/tutorial_interfaces LD_LIBRARY_PATH=/home/whaly/isaac_ws/Isaacsim_ros2_ws/install/h1_msgs/lib:/home/whaly/ros2_addons_ws/install/ros2_control_demo_example_9/lib:/home/whaly/ros2_addons_ws/install/ros2_control_demo_example_8/lib:/home/whaly/ros2_addons_ws/install/ros2_control_demo_example_6/lib:/home/whaly/ros2_addons_ws/install/ros2_control_demo_example_5/lib:/home/whaly/ros2_addons_ws/install/ros2_control_demo_example_4/lib:/home/whaly/ros2_addons_ws/install/ros2_control_demo_example_3/lib:/home/whaly/ros2_addons_ws/install/ros2_control_demo_example_2/lib:/home/whaly/ros2_addons_ws/install/ros2_control_demo_example_14/lib:/home/whaly/ros2_addons_ws/install/ros2_control_demo_example_12/lib:/home/whaly/ros2_addons_ws/install/ros2_control_demo_example_10/lib:/home/whaly/ros2_addons_ws/install/ros2_control_demo_example_1/lib:/home/whaly/ros2_addons_ws/install/ros2_control_demo_example_7/lib:/home/whaly/ros2_addons_ws/install/ros2_control_demo_example_11/lib:/home/whaly/rl_ws/rl_sar-main/install/rl_sar/lib:/home/whaly/rl_ws/rl_sar-main/install/robot_joint_controller/lib:/home/whaly/rl_ws/rl_sar-main/install/robot_msgs/lib:/home/whaly/rl_ws/rl_sar-main/install/go2_description/lib:/home/whaly/isaac_ws/Isaacsim_ros2_ws/install/custom_interface/lib:/home/whaly/whaly_ws/install/tutorial_interfaces/lib:/usr/lib/x86_64-linux-gnu/gazebo-11/plugins:/opt/ros/humble/opt/rviz_ogre_vendor/lib:/opt/ros/humble/lib/x86_64-linux-gnu:/opt/ros/humble/lib PYTHONPATH=/home/whaly/isaac_ws/Isaacsim_ros2_ws/build/h1_pkg/prefix_override:/usr/lib/python3/dist-packages/colcon_core/task/python/colcon_distutils_commands:/home/whaly/isaac_ws/Isaacsim_ros2_ws/install/h1_pkg/lib/python3.10/site-packages:/home/whaly/isaac_ws/Isaacsim_ros2_ws/install/h1_msgs/local/lib/python3.10/dist-packages:${PYTHONPATH} /usr/bin/python3 -W ignore:setup.py install is deprecated -W ignore:easy_install command is deprecated setup.py egg_info --egg-base ../../build/h1_pkg build --build-base /home/whaly/isaac_ws/Isaacsim_ros2_ws/build/h1_pkg/build install --record /home/whaly/isaac_ws/Isaacsim_ros2_ws/build/h1_pkg/install.log --single-version-externally-managed install_data
[2.073s] Level 1:colcon.colcon_core.environment:checking '/home/whaly/isaac_ws/Isaacsim_ros2_ws/install/h1_pkg' for CMake config files
[2.073s] Level 1:colcon.colcon_core.environment:checking '/home/whaly/isaac_ws/Isaacsim_ros2_ws/install/h1_pkg/lib'
[2.073s] Level 1:colcon.colcon_core.environment:checking '/home/whaly/isaac_ws/Isaacsim_ros2_ws/install/h1_pkg/bin'
[2.073s] Level 1:colcon.colcon_core.environment:checking '/home/whaly/isaac_ws/Isaacsim_ros2_ws/install/h1_pkg/lib/pkgconfig/h1_pkg.pc'
[2.074s] Level 1:colcon.colcon_core.environment:checking '/home/whaly/isaac_ws/Isaacsim_ros2_ws/install/h1_pkg/lib/python3.10/site-packages'
[2.074s] Level 1:colcon.colcon_core.shell:create_environment_hook('h1_pkg', 'pythonpath')
[2.074s] INFO:colcon.colcon_core.shell:Creating environment hook '/home/whaly/isaac_ws/Isaacsim_ros2_ws/install/h1_pkg/share/h1_pkg/hook/pythonpath.ps1'
[2.074s] INFO:colcon.colcon_core.shell:Creating environment descriptor '/home/whaly/isaac_ws/Isaacsim_ros2_ws/install/h1_pkg/share/h1_pkg/hook/pythonpath.dsv'
[2.075s] INFO:colcon.colcon_core.shell:Creating environment hook '/home/whaly/isaac_ws/Isaacsim_ros2_ws/install/h1_pkg/share/h1_pkg/hook/pythonpath.sh'
[2.075s] Level 1:colcon.colcon_core.environment:checking '/home/whaly/isaac_ws/Isaacsim_ros2_ws/install/h1_pkg/bin'
[2.075s] Level 1:colcon.colcon_core.environment:create_environment_scripts_only(h1_pkg)
[2.076s] INFO:colcon.colcon_core.shell:Creating package script '/home/whaly/isaac_ws/Isaacsim_ros2_ws/install/h1_pkg/share/h1_pkg/package.ps1'
[2.076s] INFO:colcon.colcon_core.shell:Creating package descriptor '/home/whaly/isaac_ws/Isaacsim_ros2_ws/install/h1_pkg/share/h1_pkg/package.dsv'
[2.077s] INFO:colcon.colcon_core.shell:Creating package script '/home/whaly/isaac_ws/Isaacsim_ros2_ws/install/h1_pkg/share/h1_pkg/package.sh'
[2.077s] INFO:colcon.colcon_core.shell:Creating package script '/home/whaly/isaac_ws/Isaacsim_ros2_ws/install/h1_pkg/share/h1_pkg/package.bash'
[2.077s] INFO:colcon.colcon_core.shell:Creating package script '/home/whaly/isaac_ws/Isaacsim_ros2_ws/install/h1_pkg/share/h1_pkg/package.zsh'
[2.078s] Level 1:colcon.colcon_core.environment:create_file_with_runtime_dependencies(/home/whaly/isaac_ws/Isaacsim_ros2_ws/install/h1_pkg/share/colcon-core/packages/h1_pkg)
[2.078s] Level 1:colcon.colcon_core.environment:checking '/home/whaly/isaac_ws/Isaacsim_ros2_ws/install/test_pkg' for CMake module files
[2.079s] DEBUG:colcon.colcon_core.event_handler.log_command:Invoked command in '/home/whaly/isaac_ws/Isaacsim_ros2_ws/src/test_pkg' returned '0': CMAKE_PREFIX_PATH=/home/whaly/isaac_ws/Isaacsim_ros2_ws/install/h1_msgs:/home/whaly/ros2_addons_ws/install/ros2_control_demos:/home/whaly/ros2_addons_ws/install/ros2_control_demo_example_9:/home/whaly/ros2_addons_ws/install/ros2_control_demo_example_8:/home/whaly/ros2_addons_ws/install/ros2_control_demo_example_6:/home/whaly/ros2_addons_ws/install/ros2_control_demo_example_15:/home/whaly/ros2_addons_ws/install/ros2_control_demo_example_13:/home/whaly/ros2_addons_ws/install/ros2_control_demo_example_5:/home/whaly/ros2_addons_ws/install/ros2_control_demo_example_4:/home/whaly/ros2_addons_ws/install/ros2_control_demo_example_3:/home/whaly/ros2_addons_ws/install/ros2_control_demo_example_2:/home/whaly/ros2_addons_ws/install/ros2_control_demo_example_14:/home/whaly/ros2_addons_ws/install/ros2_control_demo_example_12:/home/whaly/ros2_addons_ws/install/ros2_control_demo_example_10:/home/whaly/ros2_addons_ws/install/ros2_control_demo_example_1:/home/whaly/ros2_addons_ws/install/ros2_control_demo_example_7:/home/whaly/ros2_addons_ws/install/ros2_control_demo_example_11:/home/whaly/ros2_addons_ws/install/ros2_control_demo_description:/home/whaly/rl_ws/rl_sar-main/install/rl_sar:/home/whaly/rl_ws/rl_sar-main/install/robot_joint_controller:/home/whaly/rl_ws/rl_sar-main/install/robot_msgs:/home/whaly/rl_ws/rl_sar-main/install/go2_description:/home/whaly/moveit_ws/install/hello_moveit:/home/whaly/moveit_ws/install/hanumanoid_config:/home/whaly/isaac_ws/Isaacsim_ros2_ws/install/custom_interface:/home/whaly/whaly_ws/install/whaly_cpp:/home/whaly/whaly_ws/install/tutorial_interfaces LD_LIBRARY_PATH=/home/whaly/isaac_ws/Isaacsim_ros2_ws/install/h1_msgs/lib:/home/whaly/ros2_addons_ws/install/ros2_control_demo_example_9/lib:/home/whaly/ros2_addons_ws/install/ros2_control_demo_example_8/lib:/home/whaly/ros2_addons_ws/install/ros2_control_demo_example_6/lib:/home/whaly/ros2_addons_ws/install/ros2_control_demo_example_5/lib:/home/whaly/ros2_addons_ws/install/ros2_control_demo_example_4/lib:/home/whaly/ros2_addons_ws/install/ros2_control_demo_example_3/lib:/home/whaly/ros2_addons_ws/install/ros2_control_demo_example_2/lib:/home/whaly/ros2_addons_ws/install/ros2_control_demo_example_14/lib:/home/whaly/ros2_addons_ws/install/ros2_control_demo_example_12/lib:/home/whaly/ros2_addons_ws/install/ros2_control_demo_example_10/lib:/home/whaly/ros2_addons_ws/install/ros2_control_demo_example_1/lib:/home/whaly/ros2_addons_ws/install/ros2_control_demo_example_7/lib:/home/whaly/ros2_addons_ws/install/ros2_control_demo_example_11/lib:/home/whaly/rl_ws/rl_sar-main/install/rl_sar/lib:/home/whaly/rl_ws/rl_sar-main/install/robot_joint_controller/lib:/home/whaly/rl_ws/rl_sar-main/install/robot_msgs/lib:/home/whaly/rl_ws/rl_sar-main/install/go2_description/lib:/home/whaly/isaac_ws/Isaacsim_ros2_ws/install/custom_interface/lib:/home/whaly/whaly_ws/install/tutorial_interfaces/lib:/usr/lib/x86_64-linux-gnu/gazebo-11/plugins:/opt/ros/humble/opt/rviz_ogre_vendor/lib:/opt/ros/humble/lib/x86_64-linux-gnu:/opt/ros/humble/lib PYTHONPATH=/home/whaly/isaac_ws/Isaacsim_ros2_ws/build/test_pkg/prefix_override:/usr/lib/python3/dist-packages/colcon_core/task/python/colcon_distutils_commands:/home/whaly/isaac_ws/Isaacsim_ros2_ws/install/test_pkg/lib/python3.10/site-packages:/home/whaly/isaac_ws/Isaacsim_ros2_ws/install/h1_msgs/local/lib/python3.10/dist-packages:${PYTHONPATH} /usr/bin/python3 -W ignore:setup.py install is deprecated -W ignore:easy_install command is deprecated setup.py egg_info --egg-base ../../build/test_pkg build --build-base /home/whaly/isaac_ws/Isaacsim_ros2_ws/build/test_pkg/build install --record /home/whaly/isaac_ws/Isaacsim_ros2_ws/build/test_pkg/install.log --single-version-externally-managed install_data
[2.079s] Level 1:colcon.colcon_core.environment:checking '/home/whaly/isaac_ws/Isaacsim_ros2_ws/install/test_pkg' for CMake config files
[2.080s] Level 1:colcon.colcon_core.environment:checking '/home/whaly/isaac_ws/Isaacsim_ros2_ws/install/test_pkg/lib'
[2.080s] Level 1:colcon.colcon_core.environment:checking '/home/whaly/isaac_ws/Isaacsim_ros2_ws/install/test_pkg/bin'
[2.080s] Level 1:colcon.colcon_core.environment:checking '/home/whaly/isaac_ws/Isaacsim_ros2_ws/install/test_pkg/lib/pkgconfig/test_pkg.pc'
[2.080s] Level 1:colcon.colcon_core.environment:checking '/home/whaly/isaac_ws/Isaacsim_ros2_ws/install/test_pkg/lib/python3.10/site-packages'
[2.080s] Level 1:colcon.colcon_core.shell:create_environment_hook('test_pkg', 'pythonpath')
[2.080s] INFO:colcon.colcon_core.shell:Creating environment hook '/home/whaly/isaac_ws/Isaacsim_ros2_ws/install/test_pkg/share/test_pkg/hook/pythonpath.ps1'
[2.081s] INFO:colcon.colcon_core.shell:Creating environment descriptor '/home/whaly/isaac_ws/Isaacsim_ros2_ws/install/test_pkg/share/test_pkg/hook/pythonpath.dsv'
[2.081s] INFO:colcon.colcon_core.shell:Creating environment hook '/home/whaly/isaac_ws/Isaacsim_ros2_ws/install/test_pkg/share/test_pkg/hook/pythonpath.sh'
[2.082s] Level 1:colcon.colcon_core.environment:checking '/home/whaly/isaac_ws/Isaacsim_ros2_ws/install/test_pkg/bin'
[2.082s] Level 1:colcon.colcon_core.environment:create_environment_scripts_only(test_pkg)
[2.082s] INFO:colcon.colcon_core.shell:Creating package script '/home/whaly/isaac_ws/Isaacsim_ros2_ws/install/test_pkg/share/test_pkg/package.ps1'
[2.082s] INFO:colcon.colcon_core.shell:Creating package descriptor '/home/whaly/isaac_ws/Isaacsim_ros2_ws/install/test_pkg/share/test_pkg/package.dsv'
[2.083s] INFO:colcon.colcon_core.shell:Creating package script '/home/whaly/isaac_ws/Isaacsim_ros2_ws/install/test_pkg/share/test_pkg/package.sh'
[2.083s] INFO:colcon.colcon_core.shell:Creating package script '/home/whaly/isaac_ws/Isaacsim_ros2_ws/install/test_pkg/share/test_pkg/package.bash'
[2.083s] INFO:colcon.colcon_core.shell:Creating package script '/home/whaly/isaac_ws/Isaacsim_ros2_ws/install/test_pkg/share/test_pkg/package.zsh'
[2.084s] Level 1:colcon.colcon_core.environment:create_file_with_runtime_dependencies(/home/whaly/isaac_ws/Isaacsim_ros2_ws/install/test_pkg/share/colcon-core/packages/test_pkg)
[2.084s] DEBUG:colcon.colcon_parallel_executor.executor.parallel:closing loop
[2.084s] DEBUG:colcon.colcon_parallel_executor.executor.parallel:loop closed
[2.084s] DEBUG:colcon.colcon_parallel_executor.executor.parallel:run_until_complete finished with '0'
[2.084s] DEBUG:colcon.colcon_core.event_reactor:joining thread
[2.088s] INFO:colcon.colcon_core.plugin_system:Skipping extension 'colcon_notification.desktop_notification.terminal_notifier': Not used on non-Darwin systems
[2.088s] INFO:colcon.colcon_core.plugin_system:Skipping extension 'colcon_notification.desktop_notification.win32': Not used on non-Windows systems
[2.088s] INFO:colcon.colcon_notification.desktop_notification:Sending desktop notification using 'notify2'
[2.097s] DEBUG:colcon.colcon_core.event_reactor:joined thread
[2.097s] INFO:colcon.colcon_core.shell:Creating prefix script '/home/whaly/isaac_ws/Isaacsim_ros2_ws/install/local_setup.ps1'
[2.098s] INFO:colcon.colcon_core.shell:Creating prefix util module '/home/whaly/isaac_ws/Isaacsim_ros2_ws/install/_local_setup_util_ps1.py'
[2.099s] INFO:colcon.colcon_core.shell:Creating prefix chain script '/home/whaly/isaac_ws/Isaacsim_ros2_ws/install/setup.ps1'
[2.100s] INFO:colcon.colcon_core.shell:Creating prefix script '/home/whaly/isaac_ws/Isaacsim_ros2_ws/install/local_setup.sh'
[2.100s] INFO:colcon.colcon_core.shell:Creating prefix util module '/home/whaly/isaac_ws/Isaacsim_ros2_ws/install/_local_setup_util_sh.py'
[2.101s] INFO:colcon.colcon_core.shell:Creating prefix chain script '/home/whaly/isaac_ws/Isaacsim_ros2_ws/install/setup.sh'
[2.102s] INFO:colcon.colcon_core.shell:Creating prefix script '/home/whaly/isaac_ws/Isaacsim_ros2_ws/install/local_setup.bash'
[2.102s] INFO:colcon.colcon_core.shell:Creating prefix chain script '/home/whaly/isaac_ws/Isaacsim_ros2_ws/install/setup.bash'
[2.104s] INFO:colcon.colcon_core.shell:Creating prefix script '/home/whaly/isaac_ws/Isaacsim_ros2_ws/install/local_setup.zsh'
[2.104s] INFO:colcon.colcon_core.shell:Creating prefix chain script '/home/whaly/isaac_ws/Isaacsim_ros2_ws/install/setup.zsh'
