[  1%] Built target custom_interface__cpp
[ 12%] Built target custom_interface__rosidl_generator_c
[ 12%] Built target ament_cmake_python_copy_custom_interface
[ 23%] Built target custom_interface__rosidl_typesupport_cpp
[ 34%] Built target custom_interface__rosidl_typesupport_introspection_c
[ 57%] Built target custom_interface__rosidl_typesupport_fastrtps_cpp
[ 57%] Built target custom_interface__rosidl_typesupport_c
[ 68%] Built target custom_interface__rosidl_typesupport_fastrtps_c
[ 79%] Built target custom_interface__rosidl_typesupport_introspection_cpp
[ 79%] Built target custom_interface
[ 80%] Built target custom_interface__py
[ 90%] Built target custom_interface__rosidl_generator_py
[ 96%] Built target custom_interface__rosidl_typesupport_introspection_c__pyext
[100%] Built target custom_interface__rosidl_typesupport_c__pyext
[100%] Built target custom_interface__rosidl_typesupport_fastrtps_c__pyext
running egg_info
writing custom_interface.egg-info/PKG-INFO
writing dependency_links to custom_interface.egg-info/dependency_links.txt
writing top-level names to custom_interface.egg-info/top_level.txt
reading manifest file 'custom_interface.egg-info/SOURCES.txt'
writing manifest file 'custom_interface.egg-info/SOURCES.txt'
[100%] Built target ament_cmake_python_build_custom_interface_egg
-- Install configuration: ""
-- Up-to-date: /home/whaly/isaac_ws/Isaacsim_ros2_ws/install/custom_interface/share/ament_index/resource_index/rosidl_interfaces/custom_interface
-- Up-to-date: /home/whaly/isaac_ws/Isaacsim_ros2_ws/install/custom_interface/include/custom_interface/custom_interface
-- Up-to-date: /home/whaly/isaac_ws/Isaacsim_ros2_ws/install/custom_interface/include/custom_interface/custom_interface/action
-- Up-to-date: /home/whaly/isaac_ws/Isaacsim_ros2_ws/install/custom_interface/include/custom_interface/custom_interface/action/test_action.h
-- Up-to-date: /home/whaly/isaac_ws/Isaacsim_ros2_ws/install/custom_interface/include/custom_interface/custom_interface/action/detail
-- Up-to-date: /home/whaly/isaac_ws/Isaacsim_ros2_ws/install/custom_interface/include/custom_interface/custom_interface/action/detail/test_action__type_support.h
-- Up-to-date: /home/whaly/isaac_ws/Isaacsim_ros2_ws/install/custom_interface/include/custom_interface/custom_interface/action/detail/turtle_draw_action__functions.h
-- Up-to-date: /home/whaly/isaac_ws/Isaacsim_ros2_ws/install/custom_interface/include/custom_interface/custom_interface/action/detail/test_action__functions.h
-- Up-to-date: /home/whaly/isaac_ws/Isaacsim_ros2_ws/install/custom_interface/include/custom_interface/custom_interface/action/detail/turtle_draw_action__type_support.h
-- Up-to-date: /home/whaly/isaac_ws/Isaacsim_ros2_ws/install/custom_interface/include/custom_interface/custom_interface/action/detail/test_action__functions.c
-- Up-to-date: /home/whaly/isaac_ws/Isaacsim_ros2_ws/install/custom_interface/include/custom_interface/custom_interface/action/detail/turtle_draw_action__functions.c
-- Up-to-date: /home/whaly/isaac_ws/Isaacsim_ros2_ws/install/custom_interface/include/custom_interface/custom_interface/action/detail/turtle_draw_action__struct.h
-- Up-to-date: /home/whaly/isaac_ws/Isaacsim_ros2_ws/install/custom_interface/include/custom_interface/custom_interface/action/detail/test_action__struct.h
-- Up-to-date: /home/whaly/isaac_ws/Isaacsim_ros2_ws/install/custom_interface/include/custom_interface/custom_interface/action/turtle_draw_action.h
-- Up-to-date: /home/whaly/isaac_ws/Isaacsim_ros2_ws/install/custom_interface/include/custom_interface/custom_interface/msg
-- Up-to-date: /home/whaly/isaac_ws/Isaacsim_ros2_ws/install/custom_interface/include/custom_interface/custom_interface/msg/detail
-- Up-to-date: /home/whaly/isaac_ws/Isaacsim_ros2_ws/install/custom_interface/include/custom_interface/custom_interface/msg/detail/test_msg__functions.h
-- Up-to-date: /home/whaly/isaac_ws/Isaacsim_ros2_ws/install/custom_interface/include/custom_interface/custom_interface/msg/detail/test_msg__type_support.h
-- Up-to-date: /home/whaly/isaac_ws/Isaacsim_ros2_ws/install/custom_interface/include/custom_interface/custom_interface/msg/detail/test_msg__functions.c
-- Up-to-date: /home/whaly/isaac_ws/Isaacsim_ros2_ws/install/custom_interface/include/custom_interface/custom_interface/msg/detail/test_msg__struct.h
-- Up-to-date: /home/whaly/isaac_ws/Isaacsim_ros2_ws/install/custom_interface/include/custom_interface/custom_interface/msg/test_msg.h
-- Up-to-date: /home/whaly/isaac_ws/Isaacsim_ros2_ws/install/custom_interface/include/custom_interface/custom_interface/msg/rosidl_generator_c__visibility_control.h
-- Up-to-date: /home/whaly/isaac_ws/Isaacsim_ros2_ws/install/custom_interface/include/custom_interface/custom_interface/srv
-- Up-to-date: /home/whaly/isaac_ws/Isaacsim_ros2_ws/install/custom_interface/include/custom_interface/custom_interface/srv/test_srv.h
-- Up-to-date: /home/whaly/isaac_ws/Isaacsim_ros2_ws/install/custom_interface/include/custom_interface/custom_interface/srv/test_srv_empty_input.h
-- Up-to-date: /home/whaly/isaac_ws/Isaacsim_ros2_ws/install/custom_interface/include/custom_interface/custom_interface/srv/detail
-- Up-to-date: /home/whaly/isaac_ws/Isaacsim_ros2_ws/install/custom_interface/include/custom_interface/custom_interface/srv/detail/test_srv_empty_input__functions.h
-- Up-to-date: /home/whaly/isaac_ws/Isaacsim_ros2_ws/install/custom_interface/include/custom_interface/custom_interface/srv/detail/test_srv_empty_input__functions.c
-- Up-to-date: /home/whaly/isaac_ws/Isaacsim_ros2_ws/install/custom_interface/include/custom_interface/custom_interface/srv/detail/test_srv__struct.h
-- Up-to-date: /home/whaly/isaac_ws/Isaacsim_ros2_ws/install/custom_interface/include/custom_interface/custom_interface/srv/detail/test_srv__type_support.h
-- Up-to-date: /home/whaly/isaac_ws/Isaacsim_ros2_ws/install/custom_interface/include/custom_interface/custom_interface/srv/detail/test_srv_empty_input__type_support.h
-- Up-to-date: /home/whaly/isaac_ws/Isaacsim_ros2_ws/install/custom_interface/include/custom_interface/custom_interface/srv/detail/test_srv__functions.c
-- Up-to-date: /home/whaly/isaac_ws/Isaacsim_ros2_ws/install/custom_interface/include/custom_interface/custom_interface/srv/detail/test_srv_empty_input__struct.h
-- Up-to-date: /home/whaly/isaac_ws/Isaacsim_ros2_ws/install/custom_interface/include/custom_interface/custom_interface/srv/detail/test_srv__functions.h
-- Up-to-date: /home/whaly/isaac_ws/Isaacsim_ros2_ws/install/custom_interface/share/custom_interface/environment/library_path.sh
-- Up-to-date: /home/whaly/isaac_ws/Isaacsim_ros2_ws/install/custom_interface/share/custom_interface/environment/library_path.dsv
-- Up-to-date: /home/whaly/isaac_ws/Isaacsim_ros2_ws/install/custom_interface/lib/libcustom_interface__rosidl_generator_c.so
-- Up-to-date: /home/whaly/isaac_ws/Isaacsim_ros2_ws/install/custom_interface/include/custom_interface/custom_interface
-- Up-to-date: /home/whaly/isaac_ws/Isaacsim_ros2_ws/install/custom_interface/include/custom_interface/custom_interface/action
-- Up-to-date: /home/whaly/isaac_ws/Isaacsim_ros2_ws/install/custom_interface/include/custom_interface/custom_interface/action/detail
-- Up-to-date: /home/whaly/isaac_ws/Isaacsim_ros2_ws/install/custom_interface/include/custom_interface/custom_interface/action/detail/turtle_draw_action__rosidl_typesupport_fastrtps_c.h
-- Up-to-date: /home/whaly/isaac_ws/Isaacsim_ros2_ws/install/custom_interface/include/custom_interface/custom_interface/action/detail/test_action__rosidl_typesupport_fastrtps_c.h
-- Up-to-date: /home/whaly/isaac_ws/Isaacsim_ros2_ws/install/custom_interface/include/custom_interface/custom_interface/msg
-- Up-to-date: /home/whaly/isaac_ws/Isaacsim_ros2_ws/install/custom_interface/include/custom_interface/custom_interface/msg/rosidl_typesupport_fastrtps_c__visibility_control.h
-- Up-to-date: /home/whaly/isaac_ws/Isaacsim_ros2_ws/install/custom_interface/include/custom_interface/custom_interface/msg/detail
-- Up-to-date: /home/whaly/isaac_ws/Isaacsim_ros2_ws/install/custom_interface/include/custom_interface/custom_interface/msg/detail/test_msg__rosidl_typesupport_fastrtps_c.h
-- Up-to-date: /home/whaly/isaac_ws/Isaacsim_ros2_ws/install/custom_interface/include/custom_interface/custom_interface/srv
-- Up-to-date: /home/whaly/isaac_ws/Isaacsim_ros2_ws/install/custom_interface/include/custom_interface/custom_interface/srv/detail
-- Up-to-date: /home/whaly/isaac_ws/Isaacsim_ros2_ws/install/custom_interface/include/custom_interface/custom_interface/srv/detail/test_srv__rosidl_typesupport_fastrtps_c.h
-- Up-to-date: /home/whaly/isaac_ws/Isaacsim_ros2_ws/install/custom_interface/include/custom_interface/custom_interface/srv/detail/test_srv_empty_input__rosidl_typesupport_fastrtps_c.h
-- Up-to-date: /home/whaly/isaac_ws/Isaacsim_ros2_ws/install/custom_interface/lib/libcustom_interface__rosidl_typesupport_fastrtps_c.so
-- Up-to-date: /home/whaly/isaac_ws/Isaacsim_ros2_ws/install/custom_interface/include/custom_interface/custom_interface
-- Up-to-date: /home/whaly/isaac_ws/Isaacsim_ros2_ws/install/custom_interface/include/custom_interface/custom_interface/action
-- Up-to-date: /home/whaly/isaac_ws/Isaacsim_ros2_ws/install/custom_interface/include/custom_interface/custom_interface/action/test_action.hpp
-- Up-to-date: /home/whaly/isaac_ws/Isaacsim_ros2_ws/install/custom_interface/include/custom_interface/custom_interface/action/turtle_draw_action.hpp
-- Up-to-date: /home/whaly/isaac_ws/Isaacsim_ros2_ws/install/custom_interface/include/custom_interface/custom_interface/action/detail
-- Up-to-date: /home/whaly/isaac_ws/Isaacsim_ros2_ws/install/custom_interface/include/custom_interface/custom_interface/action/detail/test_action__traits.hpp
-- Up-to-date: /home/whaly/isaac_ws/Isaacsim_ros2_ws/install/custom_interface/include/custom_interface/custom_interface/action/detail/test_action__builder.hpp
-- Up-to-date: /home/whaly/isaac_ws/Isaacsim_ros2_ws/install/custom_interface/include/custom_interface/custom_interface/action/detail/test_action__type_support.hpp
-- Up-to-date: /home/whaly/isaac_ws/Isaacsim_ros2_ws/install/custom_interface/include/custom_interface/custom_interface/action/detail/turtle_draw_action__builder.hpp
-- Up-to-date: /home/whaly/isaac_ws/Isaacsim_ros2_ws/install/custom_interface/include/custom_interface/custom_interface/action/detail/turtle_draw_action__struct.hpp
-- Up-to-date: /home/whaly/isaac_ws/Isaacsim_ros2_ws/install/custom_interface/include/custom_interface/custom_interface/action/detail/turtle_draw_action__type_support.hpp
-- Up-to-date: /home/whaly/isaac_ws/Isaacsim_ros2_ws/install/custom_interface/include/custom_interface/custom_interface/action/detail/turtle_draw_action__traits.hpp
-- Up-to-date: /home/whaly/isaac_ws/Isaacsim_ros2_ws/install/custom_interface/include/custom_interface/custom_interface/action/detail/test_action__struct.hpp
-- Up-to-date: /home/whaly/isaac_ws/Isaacsim_ros2_ws/install/custom_interface/include/custom_interface/custom_interface/msg
-- Up-to-date: /home/whaly/isaac_ws/Isaacsim_ros2_ws/install/custom_interface/include/custom_interface/custom_interface/msg/detail
-- Up-to-date: /home/whaly/isaac_ws/Isaacsim_ros2_ws/install/custom_interface/include/custom_interface/custom_interface/msg/detail/test_msg__type_support.hpp
-- Up-to-date: /home/whaly/isaac_ws/Isaacsim_ros2_ws/install/custom_interface/include/custom_interface/custom_interface/msg/detail/test_msg__builder.hpp
-- Up-to-date: /home/whaly/isaac_ws/Isaacsim_ros2_ws/install/custom_interface/include/custom_interface/custom_interface/msg/detail/test_msg__traits.hpp
-- Up-to-date: /home/whaly/isaac_ws/Isaacsim_ros2_ws/install/custom_interface/include/custom_interface/custom_interface/msg/detail/test_msg__struct.hpp
-- Up-to-date: /home/whaly/isaac_ws/Isaacsim_ros2_ws/install/custom_interface/include/custom_interface/custom_interface/msg/test_msg.hpp
-- Up-to-date: /home/whaly/isaac_ws/Isaacsim_ros2_ws/install/custom_interface/include/custom_interface/custom_interface/msg/rosidl_generator_cpp__visibility_control.hpp
-- Up-to-date: /home/whaly/isaac_ws/Isaacsim_ros2_ws/install/custom_interface/include/custom_interface/custom_interface/srv
-- Up-to-date: /home/whaly/isaac_ws/Isaacsim_ros2_ws/install/custom_interface/include/custom_interface/custom_interface/srv/test_srv_empty_input.hpp
-- Up-to-date: /home/whaly/isaac_ws/Isaacsim_ros2_ws/install/custom_interface/include/custom_interface/custom_interface/srv/detail
-- Up-to-date: /home/whaly/isaac_ws/Isaacsim_ros2_ws/install/custom_interface/include/custom_interface/custom_interface/srv/detail/test_srv_empty_input__struct.hpp
-- Up-to-date: /home/whaly/isaac_ws/Isaacsim_ros2_ws/install/custom_interface/include/custom_interface/custom_interface/srv/detail/test_srv__struct.hpp
-- Up-to-date: /home/whaly/isaac_ws/Isaacsim_ros2_ws/install/custom_interface/include/custom_interface/custom_interface/srv/detail/test_srv__builder.hpp
-- Up-to-date: /home/whaly/isaac_ws/Isaacsim_ros2_ws/install/custom_interface/include/custom_interface/custom_interface/srv/detail/test_srv_empty_input__builder.hpp
-- Up-to-date: /home/whaly/isaac_ws/Isaacsim_ros2_ws/install/custom_interface/include/custom_interface/custom_interface/srv/detail/test_srv_empty_input__traits.hpp
-- Up-to-date: /home/whaly/isaac_ws/Isaacsim_ros2_ws/install/custom_interface/include/custom_interface/custom_interface/srv/detail/test_srv__traits.hpp
-- Up-to-date: /home/whaly/isaac_ws/Isaacsim_ros2_ws/install/custom_interface/include/custom_interface/custom_interface/srv/detail/test_srv__type_support.hpp
-- Up-to-date: /home/whaly/isaac_ws/Isaacsim_ros2_ws/install/custom_interface/include/custom_interface/custom_interface/srv/detail/test_srv_empty_input__type_support.hpp
-- Up-to-date: /home/whaly/isaac_ws/Isaacsim_ros2_ws/install/custom_interface/include/custom_interface/custom_interface/srv/test_srv.hpp
-- Up-to-date: /home/whaly/isaac_ws/Isaacsim_ros2_ws/install/custom_interface/include/custom_interface/custom_interface
-- Up-to-date: /home/whaly/isaac_ws/Isaacsim_ros2_ws/install/custom_interface/include/custom_interface/custom_interface/action
-- Up-to-date: /home/whaly/isaac_ws/Isaacsim_ros2_ws/install/custom_interface/include/custom_interface/custom_interface/action/detail
-- Up-to-date: /home/whaly/isaac_ws/Isaacsim_ros2_ws/install/custom_interface/include/custom_interface/custom_interface/action/detail/test_action__rosidl_typesupport_fastrtps_cpp.hpp
-- Up-to-date: /home/whaly/isaac_ws/Isaacsim_ros2_ws/install/custom_interface/include/custom_interface/custom_interface/action/detail/dds_fastrtps
-- Up-to-date: /home/whaly/isaac_ws/Isaacsim_ros2_ws/install/custom_interface/include/custom_interface/custom_interface/action/detail/turtle_draw_action__rosidl_typesupport_fastrtps_cpp.hpp
-- Up-to-date: /home/whaly/isaac_ws/Isaacsim_ros2_ws/install/custom_interface/include/custom_interface/custom_interface/msg
-- Up-to-date: /home/whaly/isaac_ws/Isaacsim_ros2_ws/install/custom_interface/include/custom_interface/custom_interface/msg/rosidl_typesupport_fastrtps_cpp__visibility_control.h
-- Up-to-date: /home/whaly/isaac_ws/Isaacsim_ros2_ws/install/custom_interface/include/custom_interface/custom_interface/msg/detail
-- Up-to-date: /home/whaly/isaac_ws/Isaacsim_ros2_ws/install/custom_interface/include/custom_interface/custom_interface/msg/detail/test_msg__rosidl_typesupport_fastrtps_cpp.hpp
-- Up-to-date: /home/whaly/isaac_ws/Isaacsim_ros2_ws/install/custom_interface/include/custom_interface/custom_interface/msg/detail/dds_fastrtps
-- Up-to-date: /home/whaly/isaac_ws/Isaacsim_ros2_ws/install/custom_interface/include/custom_interface/custom_interface/srv
-- Up-to-date: /home/whaly/isaac_ws/Isaacsim_ros2_ws/install/custom_interface/include/custom_interface/custom_interface/srv/detail
-- Up-to-date: /home/whaly/isaac_ws/Isaacsim_ros2_ws/install/custom_interface/include/custom_interface/custom_interface/srv/detail/test_srv_empty_input__rosidl_typesupport_fastrtps_cpp.hpp
-- Up-to-date: /home/whaly/isaac_ws/Isaacsim_ros2_ws/install/custom_interface/include/custom_interface/custom_interface/srv/detail/test_srv__rosidl_typesupport_fastrtps_cpp.hpp
-- Up-to-date: /home/whaly/isaac_ws/Isaacsim_ros2_ws/install/custom_interface/include/custom_interface/custom_interface/srv/detail/dds_fastrtps
-- Up-to-date: /home/whaly/isaac_ws/Isaacsim_ros2_ws/install/custom_interface/lib/libcustom_interface__rosidl_typesupport_fastrtps_cpp.so
-- Up-to-date: /home/whaly/isaac_ws/Isaacsim_ros2_ws/install/custom_interface/include/custom_interface/custom_interface
-- Up-to-date: /home/whaly/isaac_ws/Isaacsim_ros2_ws/install/custom_interface/include/custom_interface/custom_interface/action
-- Up-to-date: /home/whaly/isaac_ws/Isaacsim_ros2_ws/install/custom_interface/include/custom_interface/custom_interface/action/detail
-- Up-to-date: /home/whaly/isaac_ws/Isaacsim_ros2_ws/install/custom_interface/include/custom_interface/custom_interface/action/detail/turtle_draw_action__rosidl_typesupport_introspection_c.h
-- Up-to-date: /home/whaly/isaac_ws/Isaacsim_ros2_ws/install/custom_interface/include/custom_interface/custom_interface/action/detail/test_action__type_support.c
-- Up-to-date: /home/whaly/isaac_ws/Isaacsim_ros2_ws/install/custom_interface/include/custom_interface/custom_interface/action/detail/test_action__rosidl_typesupport_introspection_c.h
-- Up-to-date: /home/whaly/isaac_ws/Isaacsim_ros2_ws/install/custom_interface/include/custom_interface/custom_interface/action/detail/turtle_draw_action__type_support.c
-- Up-to-date: /home/whaly/isaac_ws/Isaacsim_ros2_ws/install/custom_interface/include/custom_interface/custom_interface/msg
-- Up-to-date: /home/whaly/isaac_ws/Isaacsim_ros2_ws/install/custom_interface/include/custom_interface/custom_interface/msg/rosidl_typesupport_introspection_c__visibility_control.h
-- Up-to-date: /home/whaly/isaac_ws/Isaacsim_ros2_ws/install/custom_interface/include/custom_interface/custom_interface/msg/detail
-- Up-to-date: /home/whaly/isaac_ws/Isaacsim_ros2_ws/install/custom_interface/include/custom_interface/custom_interface/msg/detail/test_msg__rosidl_typesupport_introspection_c.h
-- Up-to-date: /home/whaly/isaac_ws/Isaacsim_ros2_ws/install/custom_interface/include/custom_interface/custom_interface/msg/detail/test_msg__type_support.c
-- Up-to-date: /home/whaly/isaac_ws/Isaacsim_ros2_ws/install/custom_interface/include/custom_interface/custom_interface/srv
-- Up-to-date: /home/whaly/isaac_ws/Isaacsim_ros2_ws/install/custom_interface/include/custom_interface/custom_interface/srv/detail
-- Up-to-date: /home/whaly/isaac_ws/Isaacsim_ros2_ws/install/custom_interface/include/custom_interface/custom_interface/srv/detail/test_srv_empty_input__rosidl_typesupport_introspection_c.h
-- Up-to-date: /home/whaly/isaac_ws/Isaacsim_ros2_ws/install/custom_interface/include/custom_interface/custom_interface/srv/detail/test_srv__type_support.c
-- Up-to-date: /home/whaly/isaac_ws/Isaacsim_ros2_ws/install/custom_interface/include/custom_interface/custom_interface/srv/detail/test_srv_empty_input__type_support.c
-- Up-to-date: /home/whaly/isaac_ws/Isaacsim_ros2_ws/install/custom_interface/include/custom_interface/custom_interface/srv/detail/test_srv__rosidl_typesupport_introspection_c.h
-- Up-to-date: /home/whaly/isaac_ws/Isaacsim_ros2_ws/install/custom_interface/lib/libcustom_interface__rosidl_typesupport_introspection_c.so
-- Up-to-date: /home/whaly/isaac_ws/Isaacsim_ros2_ws/install/custom_interface/lib/libcustom_interface__rosidl_typesupport_c.so
-- Up-to-date: /home/whaly/isaac_ws/Isaacsim_ros2_ws/install/custom_interface/include/custom_interface/custom_interface
-- Up-to-date: /home/whaly/isaac_ws/Isaacsim_ros2_ws/install/custom_interface/include/custom_interface/custom_interface/action
-- Up-to-date: /home/whaly/isaac_ws/Isaacsim_ros2_ws/install/custom_interface/include/custom_interface/custom_interface/action/detail
-- Up-to-date: /home/whaly/isaac_ws/Isaacsim_ros2_ws/install/custom_interface/include/custom_interface/custom_interface/action/detail/turtle_draw_action__type_support.cpp
-- Up-to-date: /home/whaly/isaac_ws/Isaacsim_ros2_ws/install/custom_interface/include/custom_interface/custom_interface/action/detail/turtle_draw_action__rosidl_typesupport_introspection_cpp.hpp
-- Up-to-date: /home/whaly/isaac_ws/Isaacsim_ros2_ws/install/custom_interface/include/custom_interface/custom_interface/action/detail/test_action__rosidl_typesupport_introspection_cpp.hpp
-- Up-to-date: /home/whaly/isaac_ws/Isaacsim_ros2_ws/install/custom_interface/include/custom_interface/custom_interface/action/detail/test_action__type_support.cpp
-- Up-to-date: /home/whaly/isaac_ws/Isaacsim_ros2_ws/install/custom_interface/include/custom_interface/custom_interface/msg
-- Up-to-date: /home/whaly/isaac_ws/Isaacsim_ros2_ws/install/custom_interface/include/custom_interface/custom_interface/msg/detail
-- Up-to-date: /home/whaly/isaac_ws/Isaacsim_ros2_ws/install/custom_interface/include/custom_interface/custom_interface/msg/detail/test_msg__rosidl_typesupport_introspection_cpp.hpp
-- Up-to-date: /home/whaly/isaac_ws/Isaacsim_ros2_ws/install/custom_interface/include/custom_interface/custom_interface/msg/detail/test_msg__type_support.cpp
-- Up-to-date: /home/whaly/isaac_ws/Isaacsim_ros2_ws/install/custom_interface/include/custom_interface/custom_interface/srv
-- Up-to-date: /home/whaly/isaac_ws/Isaacsim_ros2_ws/install/custom_interface/include/custom_interface/custom_interface/srv/detail
-- Up-to-date: /home/whaly/isaac_ws/Isaacsim_ros2_ws/install/custom_interface/include/custom_interface/custom_interface/srv/detail/test_srv__rosidl_typesupport_introspection_cpp.hpp
-- Up-to-date: /home/whaly/isaac_ws/Isaacsim_ros2_ws/install/custom_interface/include/custom_interface/custom_interface/srv/detail/test_srv_empty_input__type_support.cpp
-- Up-to-date: /home/whaly/isaac_ws/Isaacsim_ros2_ws/install/custom_interface/include/custom_interface/custom_interface/srv/detail/test_srv__type_support.cpp
-- Up-to-date: /home/whaly/isaac_ws/Isaacsim_ros2_ws/install/custom_interface/include/custom_interface/custom_interface/srv/detail/test_srv_empty_input__rosidl_typesupport_introspection_cpp.hpp
-- Up-to-date: /home/whaly/isaac_ws/Isaacsim_ros2_ws/install/custom_interface/lib/libcustom_interface__rosidl_typesupport_introspection_cpp.so
-- Up-to-date: /home/whaly/isaac_ws/Isaacsim_ros2_ws/install/custom_interface/lib/libcustom_interface__rosidl_typesupport_cpp.so
-- Up-to-date: /home/whaly/isaac_ws/Isaacsim_ros2_ws/install/custom_interface/share/custom_interface/environment/pythonpath.sh
-- Up-to-date: /home/whaly/isaac_ws/Isaacsim_ros2_ws/install/custom_interface/share/custom_interface/environment/pythonpath.dsv
-- Up-to-date: /home/whaly/isaac_ws/Isaacsim_ros2_ws/install/custom_interface/local/lib/python3.10/dist-packages/custom_interface-0.0.0-py3.10.egg-info
-- Installing: /home/whaly/isaac_ws/Isaacsim_ros2_ws/install/custom_interface/local/lib/python3.10/dist-packages/custom_interface-0.0.0-py3.10.egg-info/PKG-INFO
-- Installing: /home/whaly/isaac_ws/Isaacsim_ros2_ws/install/custom_interface/local/lib/python3.10/dist-packages/custom_interface-0.0.0-py3.10.egg-info/top_level.txt
-- Installing: /home/whaly/isaac_ws/Isaacsim_ros2_ws/install/custom_interface/local/lib/python3.10/dist-packages/custom_interface-0.0.0-py3.10.egg-info/dependency_links.txt
-- Installing: /home/whaly/isaac_ws/Isaacsim_ros2_ws/install/custom_interface/local/lib/python3.10/dist-packages/custom_interface-0.0.0-py3.10.egg-info/SOURCES.txt
-- Up-to-date: /home/whaly/isaac_ws/Isaacsim_ros2_ws/install/custom_interface/local/lib/python3.10/dist-packages/custom_interface
-- Up-to-date: /home/whaly/isaac_ws/Isaacsim_ros2_ws/install/custom_interface/local/lib/python3.10/dist-packages/custom_interface/custom_interface_s__rosidl_typesupport_introspection_c.cpython-310-x86_64-linux-gnu.so
-- Up-to-date: /home/whaly/isaac_ws/Isaacsim_ros2_ws/install/custom_interface/local/lib/python3.10/dist-packages/custom_interface/custom_interface_s__rosidl_typesupport_fastrtps_c.cpython-310-x86_64-linux-gnu.so
-- Up-to-date: /home/whaly/isaac_ws/Isaacsim_ros2_ws/install/custom_interface/local/lib/python3.10/dist-packages/custom_interface/action
-- Up-to-date: /home/whaly/isaac_ws/Isaacsim_ros2_ws/install/custom_interface/local/lib/python3.10/dist-packages/custom_interface/action/_turtle_draw_action_s.c
-- Up-to-date: /home/whaly/isaac_ws/Isaacsim_ros2_ws/install/custom_interface/local/lib/python3.10/dist-packages/custom_interface/action/__init__.py
-- Up-to-date: /home/whaly/isaac_ws/Isaacsim_ros2_ws/install/custom_interface/local/lib/python3.10/dist-packages/custom_interface/action/_turtle_draw_action.py
-- Up-to-date: /home/whaly/isaac_ws/Isaacsim_ros2_ws/install/custom_interface/local/lib/python3.10/dist-packages/custom_interface/action/_test_action.py
-- Up-to-date: /home/whaly/isaac_ws/Isaacsim_ros2_ws/install/custom_interface/local/lib/python3.10/dist-packages/custom_interface/action/_test_action_s.c
-- Up-to-date: /home/whaly/isaac_ws/Isaacsim_ros2_ws/install/custom_interface/local/lib/python3.10/dist-packages/custom_interface/custom_interface_s__rosidl_typesupport_c.cpython-310-x86_64-linux-gnu.so
-- Up-to-date: /home/whaly/isaac_ws/Isaacsim_ros2_ws/install/custom_interface/local/lib/python3.10/dist-packages/custom_interface/__init__.py
-- Up-to-date: /home/whaly/isaac_ws/Isaacsim_ros2_ws/install/custom_interface/local/lib/python3.10/dist-packages/custom_interface/libcustom_interface__rosidl_generator_py.so
-- Up-to-date: /home/whaly/isaac_ws/Isaacsim_ros2_ws/install/custom_interface/local/lib/python3.10/dist-packages/custom_interface/_custom_interface_s.ep.rosidl_typesupport_c.c
-- Up-to-date: /home/whaly/isaac_ws/Isaacsim_ros2_ws/install/custom_interface/local/lib/python3.10/dist-packages/custom_interface/msg
-- Up-to-date: /home/whaly/isaac_ws/Isaacsim_ros2_ws/install/custom_interface/local/lib/python3.10/dist-packages/custom_interface/msg/_test_msg.py
-- Up-to-date: /home/whaly/isaac_ws/Isaacsim_ros2_ws/install/custom_interface/local/lib/python3.10/dist-packages/custom_interface/msg/__init__.py
-- Up-to-date: /home/whaly/isaac_ws/Isaacsim_ros2_ws/install/custom_interface/local/lib/python3.10/dist-packages/custom_interface/msg/_test_msg_s.c
-- Up-to-date: /home/whaly/isaac_ws/Isaacsim_ros2_ws/install/custom_interface/local/lib/python3.10/dist-packages/custom_interface/srv
-- Up-to-date: /home/whaly/isaac_ws/Isaacsim_ros2_ws/install/custom_interface/local/lib/python3.10/dist-packages/custom_interface/srv/_test_srv_s.c
-- Up-to-date: /home/whaly/isaac_ws/Isaacsim_ros2_ws/install/custom_interface/local/lib/python3.10/dist-packages/custom_interface/srv/_test_srv_empty_input_s.c
-- Up-to-date: /home/whaly/isaac_ws/Isaacsim_ros2_ws/install/custom_interface/local/lib/python3.10/dist-packages/custom_interface/srv/__init__.py
-- Up-to-date: /home/whaly/isaac_ws/Isaacsim_ros2_ws/install/custom_interface/local/lib/python3.10/dist-packages/custom_interface/srv/_test_srv_empty_input.py
-- Up-to-date: /home/whaly/isaac_ws/Isaacsim_ros2_ws/install/custom_interface/local/lib/python3.10/dist-packages/custom_interface/srv/_test_srv.py
-- Up-to-date: /home/whaly/isaac_ws/Isaacsim_ros2_ws/install/custom_interface/local/lib/python3.10/dist-packages/custom_interface/_custom_interface_s.ep.rosidl_typesupport_fastrtps_c.c
-- Up-to-date: /home/whaly/isaac_ws/Isaacsim_ros2_ws/install/custom_interface/local/lib/python3.10/dist-packages/custom_interface/_custom_interface_s.ep.rosidl_typesupport_introspection_c.c
Listing '/home/whaly/isaac_ws/Isaacsim_ros2_ws/install/custom_interface/local/lib/python3.10/dist-packages/custom_interface'...
Listing '/home/whaly/isaac_ws/Isaacsim_ros2_ws/install/custom_interface/local/lib/python3.10/dist-packages/custom_interface/action'...
Listing '/home/whaly/isaac_ws/Isaacsim_ros2_ws/install/custom_interface/local/lib/python3.10/dist-packages/custom_interface/msg'...
Listing '/home/whaly/isaac_ws/Isaacsim_ros2_ws/install/custom_interface/local/lib/python3.10/dist-packages/custom_interface/srv'...
-- Up-to-date: /home/whaly/isaac_ws/Isaacsim_ros2_ws/install/custom_interface/local/lib/python3.10/dist-packages/custom_interface/custom_interface_s__rosidl_typesupport_fastrtps_c.cpython-310-x86_64-linux-gnu.so
-- Up-to-date: /home/whaly/isaac_ws/Isaacsim_ros2_ws/install/custom_interface/local/lib/python3.10/dist-packages/custom_interface/custom_interface_s__rosidl_typesupport_introspection_c.cpython-310-x86_64-linux-gnu.so
-- Up-to-date: /home/whaly/isaac_ws/Isaacsim_ros2_ws/install/custom_interface/local/lib/python3.10/dist-packages/custom_interface/custom_interface_s__rosidl_typesupport_c.cpython-310-x86_64-linux-gnu.so
-- Up-to-date: /home/whaly/isaac_ws/Isaacsim_ros2_ws/install/custom_interface/lib/libcustom_interface__rosidl_generator_py.so
-- Up-to-date: /home/whaly/isaac_ws/Isaacsim_ros2_ws/install/custom_interface/share/custom_interface/msg/TestMsg.idl
-- Up-to-date: /home/whaly/isaac_ws/Isaacsim_ros2_ws/install/custom_interface/share/custom_interface/srv/TestSrv.idl
-- Up-to-date: /home/whaly/isaac_ws/Isaacsim_ros2_ws/install/custom_interface/share/custom_interface/srv/TestSrvEmptyInput.idl
-- Up-to-date: /home/whaly/isaac_ws/Isaacsim_ros2_ws/install/custom_interface/share/custom_interface/action/TestAction.idl
-- Up-to-date: /home/whaly/isaac_ws/Isaacsim_ros2_ws/install/custom_interface/share/custom_interface/action/TurtleDrawAction.idl
-- Up-to-date: /home/whaly/isaac_ws/Isaacsim_ros2_ws/install/custom_interface/share/custom_interface/msg/TestMsg.msg
-- Up-to-date: /home/whaly/isaac_ws/Isaacsim_ros2_ws/install/custom_interface/share/custom_interface/srv/TestSrv.srv
-- Up-to-date: /home/whaly/isaac_ws/Isaacsim_ros2_ws/install/custom_interface/share/custom_interface/srv/TestSrv_Request.msg
-- Up-to-date: /home/whaly/isaac_ws/Isaacsim_ros2_ws/install/custom_interface/share/custom_interface/srv/TestSrv_Response.msg
-- Up-to-date: /home/whaly/isaac_ws/Isaacsim_ros2_ws/install/custom_interface/share/custom_interface/srv/TestSrvEmptyInput.srv
-- Up-to-date: /home/whaly/isaac_ws/Isaacsim_ros2_ws/install/custom_interface/share/custom_interface/srv/TestSrvEmptyInput_Request.msg
-- Up-to-date: /home/whaly/isaac_ws/Isaacsim_ros2_ws/install/custom_interface/share/custom_interface/srv/TestSrvEmptyInput_Response.msg
-- Up-to-date: /home/whaly/isaac_ws/Isaacsim_ros2_ws/install/custom_interface/share/custom_interface/action/TestAction.action
-- Up-to-date: /home/whaly/isaac_ws/Isaacsim_ros2_ws/install/custom_interface/share/custom_interface/action/TurtleDrawAction.action
-- Up-to-date: /home/whaly/isaac_ws/Isaacsim_ros2_ws/install/custom_interface/share/ament_index/resource_index/package_run_dependencies/custom_interface
-- Up-to-date: /home/whaly/isaac_ws/Isaacsim_ros2_ws/install/custom_interface/share/ament_index/resource_index/parent_prefix_path/custom_interface
-- Up-to-date: /home/whaly/isaac_ws/Isaacsim_ros2_ws/install/custom_interface/share/custom_interface/environment/ament_prefix_path.sh
-- Up-to-date: /home/whaly/isaac_ws/Isaacsim_ros2_ws/install/custom_interface/share/custom_interface/environment/ament_prefix_path.dsv
-- Up-to-date: /home/whaly/isaac_ws/Isaacsim_ros2_ws/install/custom_interface/share/custom_interface/environment/path.sh
-- Up-to-date: /home/whaly/isaac_ws/Isaacsim_ros2_ws/install/custom_interface/share/custom_interface/environment/path.dsv
-- Up-to-date: /home/whaly/isaac_ws/Isaacsim_ros2_ws/install/custom_interface/share/custom_interface/local_setup.bash
-- Up-to-date: /home/whaly/isaac_ws/Isaacsim_ros2_ws/install/custom_interface/share/custom_interface/local_setup.sh
-- Up-to-date: /home/whaly/isaac_ws/Isaacsim_ros2_ws/install/custom_interface/share/custom_interface/local_setup.zsh
-- Up-to-date: /home/whaly/isaac_ws/Isaacsim_ros2_ws/install/custom_interface/share/custom_interface/local_setup.dsv
-- Installing: /home/whaly/isaac_ws/Isaacsim_ros2_ws/install/custom_interface/share/custom_interface/package.dsv
-- Up-to-date: /home/whaly/isaac_ws/Isaacsim_ros2_ws/install/custom_interface/share/ament_index/resource_index/packages/custom_interface
-- Up-to-date: /home/whaly/isaac_ws/Isaacsim_ros2_ws/install/custom_interface/share/custom_interface/cmake/export_custom_interface__rosidl_generator_cExport.cmake
-- Up-to-date: /home/whaly/isaac_ws/Isaacsim_ros2_ws/install/custom_interface/share/custom_interface/cmake/export_custom_interface__rosidl_generator_cExport-noconfig.cmake
-- Up-to-date: /home/whaly/isaac_ws/Isaacsim_ros2_ws/install/custom_interface/share/custom_interface/cmake/export_custom_interface__rosidl_typesupport_fastrtps_cExport.cmake
-- Up-to-date: /home/whaly/isaac_ws/Isaacsim_ros2_ws/install/custom_interface/share/custom_interface/cmake/export_custom_interface__rosidl_typesupport_fastrtps_cExport-noconfig.cmake
-- Up-to-date: /home/whaly/isaac_ws/Isaacsim_ros2_ws/install/custom_interface/share/custom_interface/cmake/export_custom_interface__rosidl_generator_cppExport.cmake
-- Up-to-date: /home/whaly/isaac_ws/Isaacsim_ros2_ws/install/custom_interface/share/custom_interface/cmake/export_custom_interface__rosidl_typesupport_fastrtps_cppExport.cmake
-- Up-to-date: /home/whaly/isaac_ws/Isaacsim_ros2_ws/install/custom_interface/share/custom_interface/cmake/export_custom_interface__rosidl_typesupport_fastrtps_cppExport-noconfig.cmake
-- Up-to-date: /home/whaly/isaac_ws/Isaacsim_ros2_ws/install/custom_interface/share/custom_interface/cmake/custom_interface__rosidl_typesupport_introspection_cExport.cmake
-- Up-to-date: /home/whaly/isaac_ws/Isaacsim_ros2_ws/install/custom_interface/share/custom_interface/cmake/custom_interface__rosidl_typesupport_introspection_cExport-noconfig.cmake
-- Up-to-date: /home/whaly/isaac_ws/Isaacsim_ros2_ws/install/custom_interface/share/custom_interface/cmake/custom_interface__rosidl_typesupport_cExport.cmake
-- Up-to-date: /home/whaly/isaac_ws/Isaacsim_ros2_ws/install/custom_interface/share/custom_interface/cmake/custom_interface__rosidl_typesupport_cExport-noconfig.cmake
-- Up-to-date: /home/whaly/isaac_ws/Isaacsim_ros2_ws/install/custom_interface/share/custom_interface/cmake/custom_interface__rosidl_typesupport_introspection_cppExport.cmake
-- Up-to-date: /home/whaly/isaac_ws/Isaacsim_ros2_ws/install/custom_interface/share/custom_interface/cmake/custom_interface__rosidl_typesupport_introspection_cppExport-noconfig.cmake
-- Up-to-date: /home/whaly/isaac_ws/Isaacsim_ros2_ws/install/custom_interface/share/custom_interface/cmake/custom_interface__rosidl_typesupport_cppExport.cmake
-- Up-to-date: /home/whaly/isaac_ws/Isaacsim_ros2_ws/install/custom_interface/share/custom_interface/cmake/custom_interface__rosidl_typesupport_cppExport-noconfig.cmake
-- Up-to-date: /home/whaly/isaac_ws/Isaacsim_ros2_ws/install/custom_interface/share/custom_interface/cmake/export_custom_interface__rosidl_generator_pyExport.cmake
-- Up-to-date: /home/whaly/isaac_ws/Isaacsim_ros2_ws/install/custom_interface/share/custom_interface/cmake/export_custom_interface__rosidl_generator_pyExport-noconfig.cmake
-- Up-to-date: /home/whaly/isaac_ws/Isaacsim_ros2_ws/install/custom_interface/share/custom_interface/cmake/rosidl_cmake-extras.cmake
-- Up-to-date: /home/whaly/isaac_ws/Isaacsim_ros2_ws/install/custom_interface/share/custom_interface/cmake/ament_cmake_export_dependencies-extras.cmake
-- Up-to-date: /home/whaly/isaac_ws/Isaacsim_ros2_ws/install/custom_interface/share/custom_interface/cmake/ament_cmake_export_include_directories-extras.cmake
-- Up-to-date: /home/whaly/isaac_ws/Isaacsim_ros2_ws/install/custom_interface/share/custom_interface/cmake/ament_cmake_export_libraries-extras.cmake
-- Up-to-date: /home/whaly/isaac_ws/Isaacsim_ros2_ws/install/custom_interface/share/custom_interface/cmake/ament_cmake_export_targets-extras.cmake
-- Up-to-date: /home/whaly/isaac_ws/Isaacsim_ros2_ws/install/custom_interface/share/custom_interface/cmake/rosidl_cmake_export_typesupport_targets-extras.cmake
-- Up-to-date: /home/whaly/isaac_ws/Isaacsim_ros2_ws/install/custom_interface/share/custom_interface/cmake/rosidl_cmake_export_typesupport_libraries-extras.cmake
-- Up-to-date: /home/whaly/isaac_ws/Isaacsim_ros2_ws/install/custom_interface/share/custom_interface/cmake/custom_interfaceConfig.cmake
-- Up-to-date: /home/whaly/isaac_ws/Isaacsim_ros2_ws/install/custom_interface/share/custom_interface/cmake/custom_interfaceConfig-version.cmake
-- Up-to-date: /home/whaly/isaac_ws/Isaacsim_ros2_ws/install/custom_interface/share/custom_interface/package.xml
