[0.015s] Invoking command in '/home/whaly/isaac_ws/Isaacsim_ros2_ws/build/h1_msgs': CMAKE_PREFIX_PATH=${CMAKE_PREFIX_PATH}:/home/whaly/isaac_ws/Isaacsim_ros2_ws/install/test_pkg:/home/whaly/isaac_ws/Isaacsim_ros2_ws/install/isaac_tutorials:/home/whaly/isaac_ws/Isaacsim_ros2_ws/install/h1_pkg:/home/whaly/isaac_ws/Isaacsim_ros2_ws/install/ackermann_control:/home/whaly/whaly_ws/install/whaly_pkg:/opt/ros/humble CONDA_PROMPT_MODIFIER=(base) /usr/bin/cmake /home/whaly/isaac_ws/Isaacsim_ros2_ws/src/h1_msgs -DCMAKE_INSTALL_PREFIX=/home/whaly/isaac_ws/Isaacsim_ros2_ws/install/h1_msgs
[0.191s] -- Found ament_cmake: 1.3.12 (/opt/ros/humble/share/ament_cmake/cmake)
[0.192s] -- Override CMake install command with custom implementation using symlinks instead of copying resources
[0.192s] -- Found geometry_msgs: 4.9.0 (/opt/ros/humble/share/geometry_msgs/cmake)
[0.192s] -- Found rosidl_generator_c: 3.1.7 (/opt/ros/humble/share/rosidl_generator_c/cmake)
[0.192s] -- Found rosidl_adapter: 3.1.7 (/opt/ros/humble/share/rosidl_adapter/cmake)
[0.192s] -- Found rosidl_generator_cpp: 3.1.7 (/opt/ros/humble/share/rosidl_generator_cpp/cmake)
[0.192s] -- Using all available rosidl_typesupport_c: rosidl_typesupport_fastrtps_c;rosidl_typesupport_introspection_c
[0.192s] -- Using all available rosidl_typesupport_cpp: rosidl_typesupport_fastrtps_cpp;rosidl_typesupport_introspection_cpp
[0.192s] -- Found rosidl_default_generators: 1.2.0 (/opt/ros/humble/share/rosidl_default_generators/cmake)
[0.400s] -- Found ament_cmake_ros: 0.10.0 (/opt/ros/humble/share/ament_cmake_ros/cmake)
[0.672s] -- Using all available rosidl_typesupport_c: rosidl_typesupport_fastrtps_c;rosidl_typesupport_introspection_c
[0.784s] -- Using all available rosidl_typesupport_cpp: rosidl_typesupport_fastrtps_cpp;rosidl_typesupport_introspection_cpp
[0.801s] -- Found python_cmake_module: 0.10.0 (/opt/ros/humble/share/python_cmake_module/cmake)
[0.818s] -- Using PYTHON_EXECUTABLE: /usr/bin/python3.10
[0.818s] -- Using PYTHON_INCLUDE_DIRS: /usr/include/python3.10
[0.818s] -- Using PYTHON_LIBRARIES: /usr/lib/x86_64-linux-gnu/libpython3.10.so
[0.844s] -- Found ament_lint_auto: 0.12.14 (/opt/ros/humble/share/ament_lint_auto/cmake)
[0.850s] -- Added test 'lint_cmake' to check CMake code style
[0.850s] -- Added test 'xmllint' to check XML markup files
[0.852s] -- Configuring done
[0.872s] -- Generating done
[0.880s] -- Build files have been written to: /home/whaly/isaac_ws/Isaacsim_ros2_ws/build/h1_msgs
[0.885s] Invoked command in '/home/whaly/isaac_ws/Isaacsim_ros2_ws/build/h1_msgs' returned '0': CMAKE_PREFIX_PATH=${CMAKE_PREFIX_PATH}:/home/whaly/isaac_ws/Isaacsim_ros2_ws/install/test_pkg:/home/whaly/isaac_ws/Isaacsim_ros2_ws/install/isaac_tutorials:/home/whaly/isaac_ws/Isaacsim_ros2_ws/install/h1_pkg:/home/whaly/isaac_ws/Isaacsim_ros2_ws/install/ackermann_control:/home/whaly/whaly_ws/install/whaly_pkg:/opt/ros/humble CONDA_PROMPT_MODIFIER=(base) /usr/bin/cmake /home/whaly/isaac_ws/Isaacsim_ros2_ws/src/h1_msgs -DCMAKE_INSTALL_PREFIX=/home/whaly/isaac_ws/Isaacsim_ros2_ws/install/h1_msgs
[0.887s] Invoking command in '/home/whaly/isaac_ws/Isaacsim_ros2_ws/build/h1_msgs': CMAKE_PREFIX_PATH=${CMAKE_PREFIX_PATH}:/home/whaly/isaac_ws/Isaacsim_ros2_ws/install/test_pkg:/home/whaly/isaac_ws/Isaacsim_ros2_ws/install/isaac_tutorials:/home/whaly/isaac_ws/Isaacsim_ros2_ws/install/h1_pkg:/home/whaly/isaac_ws/Isaacsim_ros2_ws/install/ackermann_control:/home/whaly/whaly_ws/install/whaly_pkg:/opt/ros/humble CONDA_PROMPT_MODIFIER=(base) /usr/bin/cmake --build /home/whaly/isaac_ws/Isaacsim_ros2_ws/build/h1_msgs -- -j16 -l16
[0.914s] [35m[1mConsolidate compiler generated dependencies of target h1_msgs__rosidl_generator_c[0m
[0.921s] [  3%] Built target h1_msgs__cpp
[0.921s] [ 12%] Built target h1_msgs__rosidl_generator_c
[0.927s] [ 12%] Built target ament_cmake_python_symlink_h1_msgs
[0.930s] [35m[1mConsolidate compiler generated dependencies of target h1_msgs__rosidl_typesupport_cpp[0m
[0.930s] [35m[1mConsolidate compiler generated dependencies of target h1_msgs__rosidl_typesupport_introspection_cpp[0m
[0.931s] [35m[1mConsolidate compiler generated dependencies of target h1_msgs__rosidl_typesupport_fastrtps_cpp[0m
[0.935s] [35m[1mConsolidate compiler generated dependencies of target h1_msgs__rosidl_typesupport_fastrtps_c[0m
[0.937s] [35m[1mConsolidate compiler generated dependencies of target h1_msgs__rosidl_typesupport_c[0m
[0.937s] [35m[1mConsolidate compiler generated dependencies of target h1_msgs__rosidl_typesupport_introspection_c[0m
[0.938s] [ 22%] Built target h1_msgs__rosidl_typesupport_fastrtps_cpp
[0.938s] [ 32%] Built target h1_msgs__rosidl_typesupport_introspection_cpp
[0.938s] [ 41%] Built target h1_msgs__rosidl_typesupport_cpp
[0.944s] [ 51%] Built target h1_msgs__rosidl_typesupport_fastrtps_c
[0.944s] [ 61%] Built target h1_msgs__rosidl_typesupport_c
[0.944s] [ 70%] Built target h1_msgs__rosidl_typesupport_introspection_c
[0.958s] [ 70%] Built target h1_msgs
[0.972s] [ 74%] Built target h1_msgs__py
[0.979s] [35m[1mConsolidate compiler generated dependencies of target h1_msgs__rosidl_generator_py[0m
[0.988s] [ 80%] Built target h1_msgs__rosidl_generator_py
[0.995s] [35m[1mConsolidate compiler generated dependencies of target h1_msgs__rosidl_typesupport_fastrtps_c__pyext[0m
[0.995s] [35m[1mConsolidate compiler generated dependencies of target h1_msgs__rosidl_typesupport_introspection_c__pyext[0m
[0.995s] [35m[1mConsolidate compiler generated dependencies of target h1_msgs__rosidl_typesupport_c__pyext[0m
[1.004s] [ 96%] Built target h1_msgs__rosidl_typesupport_fastrtps_c__pyext
[1.004s] [ 96%] Built target h1_msgs__rosidl_typesupport_c__pyext
[1.004s] [100%] Built target h1_msgs__rosidl_typesupport_introspection_c__pyext
[1.077s] running egg_info
[1.088s] writing h1_msgs.egg-info/PKG-INFO
[1.088s] writing dependency_links to h1_msgs.egg-info/dependency_links.txt
[1.088s] writing top-level names to h1_msgs.egg-info/top_level.txt
[1.116s] reading manifest file 'h1_msgs.egg-info/SOURCES.txt'
[1.117s] writing manifest file 'h1_msgs.egg-info/SOURCES.txt'
[1.145s] [100%] Built target ament_cmake_python_build_h1_msgs_egg
[1.154s] Invoked command in '/home/whaly/isaac_ws/Isaacsim_ros2_ws/build/h1_msgs' returned '0': CMAKE_PREFIX_PATH=${CMAKE_PREFIX_PATH}:/home/whaly/isaac_ws/Isaacsim_ros2_ws/install/test_pkg:/home/whaly/isaac_ws/Isaacsim_ros2_ws/install/isaac_tutorials:/home/whaly/isaac_ws/Isaacsim_ros2_ws/install/h1_pkg:/home/whaly/isaac_ws/Isaacsim_ros2_ws/install/ackermann_control:/home/whaly/whaly_ws/install/whaly_pkg:/opt/ros/humble CONDA_PROMPT_MODIFIER=(base) /usr/bin/cmake --build /home/whaly/isaac_ws/Isaacsim_ros2_ws/build/h1_msgs -- -j16 -l16
[1.161s] Invoking command in '/home/whaly/isaac_ws/Isaacsim_ros2_ws/build/h1_msgs': CMAKE_PREFIX_PATH=${CMAKE_PREFIX_PATH}:/home/whaly/isaac_ws/Isaacsim_ros2_ws/install/test_pkg:/home/whaly/isaac_ws/Isaacsim_ros2_ws/install/isaac_tutorials:/home/whaly/isaac_ws/Isaacsim_ros2_ws/install/h1_pkg:/home/whaly/isaac_ws/Isaacsim_ros2_ws/install/ackermann_control:/home/whaly/whaly_ws/install/whaly_pkg:/opt/ros/humble CONDA_PROMPT_MODIFIER=(base) /usr/bin/cmake --install /home/whaly/isaac_ws/Isaacsim_ros2_ws/build/h1_msgs
[1.166s] -- Install configuration: ""
[1.167s] -- Execute custom install script
[1.167s] -- Up-to-date symlink: /home/whaly/isaac_ws/Isaacsim_ros2_ws/install/h1_msgs/share/ament_index/resource_index/rosidl_interfaces/h1_msgs
[1.167s] -- Up-to-date symlink: /home/whaly/isaac_ws/Isaacsim_ros2_ws/install/h1_msgs/include/h1_msgs/h1_msgs/msg/detail/proto_odom__functions.h
[1.167s] -- Up-to-date symlink: /home/whaly/isaac_ws/Isaacsim_ros2_ws/install/h1_msgs/include/h1_msgs/h1_msgs/msg/detail/proto_odom__struct.h
[1.167s] -- Up-to-date symlink: /home/whaly/isaac_ws/Isaacsim_ros2_ws/install/h1_msgs/include/h1_msgs/h1_msgs/msg/detail/proto_odom__type_support.h
[1.167s] -- Up-to-date symlink: /home/whaly/isaac_ws/Isaacsim_ros2_ws/install/h1_msgs/include/h1_msgs/h1_msgs/msg/proto_odom.h
[1.167s] -- Up-to-date symlink: /home/whaly/isaac_ws/Isaacsim_ros2_ws/install/h1_msgs/include/h1_msgs/h1_msgs/msg/rosidl_generator_c__visibility_control.h
[1.167s] -- Up-to-date symlink: /home/whaly/isaac_ws/Isaacsim_ros2_ws/install/h1_msgs/share/h1_msgs/environment/library_path.sh
[1.167s] -- Up-to-date symlink: /home/whaly/isaac_ws/Isaacsim_ros2_ws/install/h1_msgs/share/h1_msgs/environment/library_path.dsv
[1.168s] -- Up-to-date symlink: /home/whaly/isaac_ws/Isaacsim_ros2_ws/install/h1_msgs/include/h1_msgs/h1_msgs/msg/detail/proto_odom__rosidl_typesupport_fastrtps_c.h
[1.168s] -- Up-to-date symlink: /home/whaly/isaac_ws/Isaacsim_ros2_ws/install/h1_msgs/include/h1_msgs/h1_msgs/msg/rosidl_typesupport_fastrtps_c__visibility_control.h
[1.168s] -- Up-to-date symlink: /home/whaly/isaac_ws/Isaacsim_ros2_ws/install/h1_msgs/include/h1_msgs/h1_msgs/msg/detail/proto_odom__builder.hpp
[1.168s] -- Up-to-date symlink: /home/whaly/isaac_ws/Isaacsim_ros2_ws/install/h1_msgs/include/h1_msgs/h1_msgs/msg/detail/proto_odom__struct.hpp
[1.168s] -- Up-to-date symlink: /home/whaly/isaac_ws/Isaacsim_ros2_ws/install/h1_msgs/include/h1_msgs/h1_msgs/msg/detail/proto_odom__traits.hpp
[1.168s] -- Up-to-date symlink: /home/whaly/isaac_ws/Isaacsim_ros2_ws/install/h1_msgs/include/h1_msgs/h1_msgs/msg/detail/proto_odom__type_support.hpp
[1.168s] -- Up-to-date symlink: /home/whaly/isaac_ws/Isaacsim_ros2_ws/install/h1_msgs/include/h1_msgs/h1_msgs/msg/proto_odom.hpp
[1.168s] -- Up-to-date symlink: /home/whaly/isaac_ws/Isaacsim_ros2_ws/install/h1_msgs/include/h1_msgs/h1_msgs/msg/rosidl_generator_cpp__visibility_control.hpp
[1.168s] -- Up-to-date symlink: /home/whaly/isaac_ws/Isaacsim_ros2_ws/install/h1_msgs/include/h1_msgs/h1_msgs/msg/detail/proto_odom__rosidl_typesupport_fastrtps_cpp.hpp
[1.169s] -- Up-to-date symlink: /home/whaly/isaac_ws/Isaacsim_ros2_ws/install/h1_msgs/include/h1_msgs/h1_msgs/msg/rosidl_typesupport_fastrtps_cpp__visibility_control.h
[1.169s] -- Up-to-date symlink: /home/whaly/isaac_ws/Isaacsim_ros2_ws/install/h1_msgs/include/h1_msgs/h1_msgs/msg/detail/proto_odom__rosidl_typesupport_introspection_c.h
[1.169s] -- Up-to-date symlink: /home/whaly/isaac_ws/Isaacsim_ros2_ws/install/h1_msgs/include/h1_msgs/h1_msgs/msg/rosidl_typesupport_introspection_c__visibility_control.h
[1.169s] -- Up-to-date symlink: /home/whaly/isaac_ws/Isaacsim_ros2_ws/install/h1_msgs/include/h1_msgs/h1_msgs/msg/detail/proto_odom__rosidl_typesupport_introspection_cpp.hpp
[1.169s] -- Up-to-date symlink: /home/whaly/isaac_ws/Isaacsim_ros2_ws/install/h1_msgs/share/h1_msgs/environment/pythonpath.sh
[1.169s] -- Up-to-date symlink: /home/whaly/isaac_ws/Isaacsim_ros2_ws/install/h1_msgs/share/h1_msgs/environment/pythonpath.dsv
[1.169s] -- Up-to-date symlink: /home/whaly/isaac_ws/Isaacsim_ros2_ws/install/h1_msgs/lib/python3.13/site-packages/h1_msgs-0.0.0-py3.13.egg-info/PKG-INFO
[1.169s] -- Up-to-date symlink: /home/whaly/isaac_ws/Isaacsim_ros2_ws/install/h1_msgs/lib/python3.13/site-packages/h1_msgs-0.0.0-py3.13.egg-info/SOURCES.txt
[1.169s] -- Up-to-date symlink: /home/whaly/isaac_ws/Isaacsim_ros2_ws/install/h1_msgs/lib/python3.13/site-packages/h1_msgs-0.0.0-py3.13.egg-info/dependency_links.txt
[1.169s] -- Up-to-date symlink: /home/whaly/isaac_ws/Isaacsim_ros2_ws/install/h1_msgs/lib/python3.13/site-packages/h1_msgs-0.0.0-py3.13.egg-info/top_level.txt
[1.170s] -- Up-to-date symlink: /home/whaly/isaac_ws/Isaacsim_ros2_ws/install/h1_msgs/lib/python3.13/site-packages/h1_msgs/__init__.py
[1.170s] -- Up-to-date symlink: /home/whaly/isaac_ws/Isaacsim_ros2_ws/install/h1_msgs/lib/python3.13/site-packages/h1_msgs/_h1_msgs_s.ep.rosidl_typesupport_c.c
[1.170s] -- Up-to-date symlink: /home/whaly/isaac_ws/Isaacsim_ros2_ws/install/h1_msgs/lib/python3.13/site-packages/h1_msgs/_h1_msgs_s.ep.rosidl_typesupport_fastrtps_c.c
[1.170s] -- Up-to-date symlink: /home/whaly/isaac_ws/Isaacsim_ros2_ws/install/h1_msgs/lib/python3.13/site-packages/h1_msgs/_h1_msgs_s.ep.rosidl_typesupport_introspection_c.c
[1.170s] -- Up-to-date symlink: /home/whaly/isaac_ws/Isaacsim_ros2_ws/install/h1_msgs/lib/python3.13/site-packages/h1_msgs/h1_msgs_s__rosidl_typesupport_c.cpython-310-x86_64-linux-gnu.so
[1.170s] -- Up-to-date symlink: /home/whaly/isaac_ws/Isaacsim_ros2_ws/install/h1_msgs/lib/python3.13/site-packages/h1_msgs/h1_msgs_s__rosidl_typesupport_fastrtps_c.cpython-310-x86_64-linux-gnu.so
[1.170s] -- Up-to-date symlink: /home/whaly/isaac_ws/Isaacsim_ros2_ws/install/h1_msgs/lib/python3.13/site-packages/h1_msgs/h1_msgs_s__rosidl_typesupport_introspection_c.cpython-310-x86_64-linux-gnu.so
[1.170s] -- Up-to-date symlink: /home/whaly/isaac_ws/Isaacsim_ros2_ws/install/h1_msgs/lib/python3.13/site-packages/h1_msgs/libh1_msgs__rosidl_generator_py.so
[1.170s] -- Up-to-date symlink: /home/whaly/isaac_ws/Isaacsim_ros2_ws/install/h1_msgs/lib/python3.13/site-packages/h1_msgs/msg/__init__.py
[1.170s] -- Up-to-date symlink: /home/whaly/isaac_ws/Isaacsim_ros2_ws/install/h1_msgs/lib/python3.13/site-packages/h1_msgs/msg/_proto_odom.py
[1.171s] -- Up-to-date symlink: /home/whaly/isaac_ws/Isaacsim_ros2_ws/install/h1_msgs/lib/python3.13/site-packages/h1_msgs/msg/_proto_odom_s.c
[1.171s] -- Up-to-date symlink: /home/whaly/isaac_ws/Isaacsim_ros2_ws/install/h1_msgs/lib/python3.13/site-packages/h1_msgs/h1_msgs_s__rosidl_typesupport_fastrtps_c.cpython-310-x86_64-linux-gnu.so
[1.171s] -- Up-to-date symlink: /home/whaly/isaac_ws/Isaacsim_ros2_ws/install/h1_msgs/lib/python3.13/site-packages/h1_msgs/h1_msgs_s__rosidl_typesupport_introspection_c.cpython-310-x86_64-linux-gnu.so
[1.171s] -- Up-to-date symlink: /home/whaly/isaac_ws/Isaacsim_ros2_ws/install/h1_msgs/lib/python3.13/site-packages/h1_msgs/h1_msgs_s__rosidl_typesupport_c.cpython-310-x86_64-linux-gnu.so
[1.172s] -- Up-to-date symlink: /home/whaly/isaac_ws/Isaacsim_ros2_ws/install/h1_msgs/share/h1_msgs/msg/ProtoOdom.idl
[1.172s] -- Up-to-date symlink: /home/whaly/isaac_ws/Isaacsim_ros2_ws/install/h1_msgs/share/h1_msgs/msg/ProtoOdom.msg
[1.172s] -- Up-to-date symlink: /home/whaly/isaac_ws/Isaacsim_ros2_ws/install/h1_msgs/share/ament_index/resource_index/package_run_dependencies/h1_msgs
[1.172s] -- Up-to-date symlink: /home/whaly/isaac_ws/Isaacsim_ros2_ws/install/h1_msgs/share/ament_index/resource_index/parent_prefix_path/h1_msgs
[1.172s] -- Up-to-date symlink: /home/whaly/isaac_ws/Isaacsim_ros2_ws/install/h1_msgs/share/h1_msgs/environment/ament_prefix_path.sh
[1.172s] -- Up-to-date symlink: /home/whaly/isaac_ws/Isaacsim_ros2_ws/install/h1_msgs/share/h1_msgs/environment/ament_prefix_path.dsv
[1.172s] -- Up-to-date symlink: /home/whaly/isaac_ws/Isaacsim_ros2_ws/install/h1_msgs/share/h1_msgs/environment/path.sh
[1.172s] -- Up-to-date symlink: /home/whaly/isaac_ws/Isaacsim_ros2_ws/install/h1_msgs/share/h1_msgs/environment/path.dsv
[1.172s] -- Up-to-date symlink: /home/whaly/isaac_ws/Isaacsim_ros2_ws/install/h1_msgs/share/h1_msgs/local_setup.bash
[1.172s] -- Up-to-date symlink: /home/whaly/isaac_ws/Isaacsim_ros2_ws/install/h1_msgs/share/h1_msgs/local_setup.sh
[1.172s] -- Up-to-date symlink: /home/whaly/isaac_ws/Isaacsim_ros2_ws/install/h1_msgs/share/h1_msgs/local_setup.zsh
[1.172s] -- Up-to-date symlink: /home/whaly/isaac_ws/Isaacsim_ros2_ws/install/h1_msgs/share/h1_msgs/local_setup.dsv
[1.172s] -- Symlinking: /home/whaly/isaac_ws/Isaacsim_ros2_ws/install/h1_msgs/share/h1_msgs/package.dsv
[1.178s] -- Up-to-date symlink: /home/whaly/isaac_ws/Isaacsim_ros2_ws/install/h1_msgs/share/ament_index/resource_index/packages/h1_msgs
[1.179s] -- Up-to-date symlink: /home/whaly/isaac_ws/Isaacsim_ros2_ws/install/h1_msgs/share/h1_msgs/cmake/rosidl_cmake-extras.cmake
[1.179s] -- Up-to-date symlink: /home/whaly/isaac_ws/Isaacsim_ros2_ws/install/h1_msgs/share/h1_msgs/cmake/ament_cmake_export_dependencies-extras.cmake
[1.179s] -- Up-to-date symlink: /home/whaly/isaac_ws/Isaacsim_ros2_ws/install/h1_msgs/share/h1_msgs/cmake/ament_cmake_export_include_directories-extras.cmake
[1.179s] -- Up-to-date symlink: /home/whaly/isaac_ws/Isaacsim_ros2_ws/install/h1_msgs/share/h1_msgs/cmake/ament_cmake_export_libraries-extras.cmake
[1.179s] -- Up-to-date symlink: /home/whaly/isaac_ws/Isaacsim_ros2_ws/install/h1_msgs/share/h1_msgs/cmake/ament_cmake_export_targets-extras.cmake
[1.179s] -- Up-to-date symlink: /home/whaly/isaac_ws/Isaacsim_ros2_ws/install/h1_msgs/share/h1_msgs/cmake/rosidl_cmake_export_typesupport_targets-extras.cmake
[1.179s] -- Up-to-date symlink: /home/whaly/isaac_ws/Isaacsim_ros2_ws/install/h1_msgs/share/h1_msgs/cmake/rosidl_cmake_export_typesupport_libraries-extras.cmake
[1.180s] -- Up-to-date symlink: /home/whaly/isaac_ws/Isaacsim_ros2_ws/install/h1_msgs/share/h1_msgs/cmake/h1_msgsConfig.cmake
[1.180s] -- Up-to-date symlink: /home/whaly/isaac_ws/Isaacsim_ros2_ws/install/h1_msgs/share/h1_msgs/cmake/h1_msgsConfig-version.cmake
[1.180s] -- Up-to-date symlink: /home/whaly/isaac_ws/Isaacsim_ros2_ws/install/h1_msgs/share/h1_msgs/package.xml
[1.180s] -- Up-to-date: /home/whaly/isaac_ws/Isaacsim_ros2_ws/install/h1_msgs/lib/libh1_msgs__rosidl_generator_c.so
[1.180s] -- Up-to-date: /home/whaly/isaac_ws/Isaacsim_ros2_ws/install/h1_msgs/lib/libh1_msgs__rosidl_typesupport_fastrtps_c.so
[1.180s] -- Up-to-date: /home/whaly/isaac_ws/Isaacsim_ros2_ws/install/h1_msgs/lib/libh1_msgs__rosidl_typesupport_fastrtps_cpp.so
[1.180s] -- Up-to-date: /home/whaly/isaac_ws/Isaacsim_ros2_ws/install/h1_msgs/lib/libh1_msgs__rosidl_typesupport_introspection_c.so
[1.180s] -- Up-to-date: /home/whaly/isaac_ws/Isaacsim_ros2_ws/install/h1_msgs/lib/libh1_msgs__rosidl_typesupport_c.so
[1.180s] -- Up-to-date: /home/whaly/isaac_ws/Isaacsim_ros2_ws/install/h1_msgs/lib/libh1_msgs__rosidl_typesupport_introspection_cpp.so
[1.181s] -- Up-to-date: /home/whaly/isaac_ws/Isaacsim_ros2_ws/install/h1_msgs/lib/libh1_msgs__rosidl_typesupport_cpp.so
[1.206s] Listing '/home/whaly/isaac_ws/Isaacsim_ros2_ws/install/h1_msgs/lib/python3.13/site-packages/h1_msgs'...
[1.206s] Compiling '/home/whaly/isaac_ws/Isaacsim_ros2_ws/install/h1_msgs/lib/python3.13/site-packages/h1_msgs/__init__.py'...
[1.206s] Listing '/home/whaly/isaac_ws/Isaacsim_ros2_ws/install/h1_msgs/lib/python3.13/site-packages/h1_msgs/msg'...
[1.210s] -- Up-to-date: /home/whaly/isaac_ws/Isaacsim_ros2_ws/install/h1_msgs/lib/libh1_msgs__rosidl_generator_py.so
[1.210s] -- Up-to-date: /home/whaly/isaac_ws/Isaacsim_ros2_ws/install/h1_msgs/share/h1_msgs/cmake/export_h1_msgs__rosidl_generator_cExport.cmake
[1.210s] -- Up-to-date: /home/whaly/isaac_ws/Isaacsim_ros2_ws/install/h1_msgs/share/h1_msgs/cmake/export_h1_msgs__rosidl_generator_cExport-noconfig.cmake
[1.210s] -- Up-to-date: /home/whaly/isaac_ws/Isaacsim_ros2_ws/install/h1_msgs/share/h1_msgs/cmake/export_h1_msgs__rosidl_typesupport_fastrtps_cExport.cmake
[1.210s] -- Up-to-date: /home/whaly/isaac_ws/Isaacsim_ros2_ws/install/h1_msgs/share/h1_msgs/cmake/export_h1_msgs__rosidl_typesupport_fastrtps_cExport-noconfig.cmake
[1.210s] -- Up-to-date: /home/whaly/isaac_ws/Isaacsim_ros2_ws/install/h1_msgs/share/h1_msgs/cmake/export_h1_msgs__rosidl_generator_cppExport.cmake
[1.210s] -- Up-to-date: /home/whaly/isaac_ws/Isaacsim_ros2_ws/install/h1_msgs/share/h1_msgs/cmake/export_h1_msgs__rosidl_typesupport_fastrtps_cppExport.cmake
[1.210s] -- Up-to-date: /home/whaly/isaac_ws/Isaacsim_ros2_ws/install/h1_msgs/share/h1_msgs/cmake/export_h1_msgs__rosidl_typesupport_fastrtps_cppExport-noconfig.cmake
[1.210s] -- Up-to-date: /home/whaly/isaac_ws/Isaacsim_ros2_ws/install/h1_msgs/share/h1_msgs/cmake/h1_msgs__rosidl_typesupport_introspection_cExport.cmake
[1.210s] -- Up-to-date: /home/whaly/isaac_ws/Isaacsim_ros2_ws/install/h1_msgs/share/h1_msgs/cmake/h1_msgs__rosidl_typesupport_introspection_cExport-noconfig.cmake
[1.211s] -- Up-to-date: /home/whaly/isaac_ws/Isaacsim_ros2_ws/install/h1_msgs/share/h1_msgs/cmake/h1_msgs__rosidl_typesupport_cExport.cmake
[1.211s] -- Up-to-date: /home/whaly/isaac_ws/Isaacsim_ros2_ws/install/h1_msgs/share/h1_msgs/cmake/h1_msgs__rosidl_typesupport_cExport-noconfig.cmake
[1.211s] -- Up-to-date: /home/whaly/isaac_ws/Isaacsim_ros2_ws/install/h1_msgs/share/h1_msgs/cmake/h1_msgs__rosidl_typesupport_introspection_cppExport.cmake
[1.211s] -- Up-to-date: /home/whaly/isaac_ws/Isaacsim_ros2_ws/install/h1_msgs/share/h1_msgs/cmake/h1_msgs__rosidl_typesupport_introspection_cppExport-noconfig.cmake
[1.211s] -- Up-to-date: /home/whaly/isaac_ws/Isaacsim_ros2_ws/install/h1_msgs/share/h1_msgs/cmake/h1_msgs__rosidl_typesupport_cppExport.cmake
[1.211s] -- Up-to-date: /home/whaly/isaac_ws/Isaacsim_ros2_ws/install/h1_msgs/share/h1_msgs/cmake/h1_msgs__rosidl_typesupport_cppExport-noconfig.cmake
[1.211s] -- Up-to-date: /home/whaly/isaac_ws/Isaacsim_ros2_ws/install/h1_msgs/share/h1_msgs/cmake/export_h1_msgs__rosidl_generator_pyExport.cmake
[1.211s] -- Up-to-date: /home/whaly/isaac_ws/Isaacsim_ros2_ws/install/h1_msgs/share/h1_msgs/cmake/export_h1_msgs__rosidl_generator_pyExport-noconfig.cmake
[1.213s] Invoked command in '/home/whaly/isaac_ws/Isaacsim_ros2_ws/build/h1_msgs' returned '0': CMAKE_PREFIX_PATH=${CMAKE_PREFIX_PATH}:/home/whaly/isaac_ws/Isaacsim_ros2_ws/install/test_pkg:/home/whaly/isaac_ws/Isaacsim_ros2_ws/install/isaac_tutorials:/home/whaly/isaac_ws/Isaacsim_ros2_ws/install/h1_pkg:/home/whaly/isaac_ws/Isaacsim_ros2_ws/install/ackermann_control:/home/whaly/whaly_ws/install/whaly_pkg:/opt/ros/humble CONDA_PROMPT_MODIFIER=(base) /usr/bin/cmake --install /home/whaly/isaac_ws/Isaacsim_ros2_ws/build/h1_msgs
