running egg_info
writing ../../build/isaac_tutorials/isaac_tutorials.egg-info/PKG-INFO
writing dependency_links to ../../build/isaac_tutorials/isaac_tutorials.egg-info/dependency_links.txt
writing entry points to ../../build/isaac_tutorials/isaac_tutorials.egg-info/entry_points.txt
writing requirements to ../../build/isaac_tutorials/isaac_tutorials.egg-info/requires.txt
writing top-level names to ../../build/isaac_tutorials/isaac_tutorials.egg-info/top_level.txt
reading manifest file '../../build/isaac_tutorials/isaac_tutorials.egg-info/SOURCES.txt'
writing manifest file '../../build/isaac_tutorials/isaac_tutorials.egg-info/SOURCES.txt'
running build
running build_py
running install
running install_lib
running install_data
running install_egg_info
removing '/home/whaly/isaac_ws/Isaacsim_ros2_ws/install/isaac_tutorials/lib/python3.10/site-packages/isaac_tutorials-0.0.0-py3.10.egg-info' (and everything under it)
Copying ../../build/isaac_tutorials/isaac_tutorials.egg-info to /home/whaly/isaac_ws/Isaacsim_ros2_ws/install/isaac_tutorials/lib/python3.10/site-packages/isaac_tutorials-0.0.0-py3.10.egg-info
running install_scripts
Installing ackermann_publisher script to /home/whaly/isaac_ws/Isaacsim_ros2_ws/install/isaac_tutorials/lib/isaac_tutorials
Installing imu_listener script to /home/whaly/isaac_ws/Isaacsim_ros2_ws/install/isaac_tutorials/lib/isaac_tutorials
Installing joint_command_talker script to /home/whaly/isaac_ws/Isaacsim_ros2_ws/install/isaac_tutorials/lib/isaac_tutorials
writing list of installed files to '/home/whaly/isaac_ws/Isaacsim_ros2_ws/build/isaac_tutorials/install.log'
