running egg_info
writing ../../build/h1_pkg/h1_pkg.egg-info/PKG-INFO
writing dependency_links to ../../build/h1_pkg/h1_pkg.egg-info/dependency_links.txt
writing entry points to ../../build/h1_pkg/h1_pkg.egg-info/entry_points.txt
writing requirements to ../../build/h1_pkg/h1_pkg.egg-info/requires.txt
writing top-level names to ../../build/h1_pkg/h1_pkg.egg-info/top_level.txt
reading manifest file '../../build/h1_pkg/h1_pkg.egg-info/SOURCES.txt'
writing manifest file '../../build/h1_pkg/h1_pkg.egg-info/SOURCES.txt'
running build
running build_py
copying h1_pkg/proto_teleop.py -> /home/whaly/isaac_ws/Isaacsim_ros2_ws/build/h1_pkg/build/lib/h1_pkg
running install
running install_lib
copying /home/whaly/isaac_ws/Isaacsim_ros2_ws/build/h1_pkg/build/lib/h1_pkg/proto_teleop.py -> /home/whaly/isaac_ws/Isaacsim_ros2_ws/install/h1_pkg/lib/python3.10/site-packages/h1_pkg
byte-compiling /home/whaly/isaac_ws/Isaacsim_ros2_ws/install/h1_pkg/lib/python3.10/site-packages/h1_pkg/proto_teleop.py to proto_teleop.cpython-310.pyc
running install_data
running install_egg_info
removing '/home/whaly/isaac_ws/Isaacsim_ros2_ws/install/h1_pkg/lib/python3.10/site-packages/h1_pkg-0.0.0-py3.10.egg-info' (and everything under it)
Copying ../../build/h1_pkg/h1_pkg.egg-info to /home/whaly/isaac_ws/Isaacsim_ros2_ws/install/h1_pkg/lib/python3.10/site-packages/h1_pkg-0.0.0-py3.10.egg-info
running install_scripts
Installing proto_odom_cal script to /home/whaly/isaac_ws/Isaacsim_ros2_ws/install/h1_pkg/lib/h1_pkg
Installing proto_teleop script to /home/whaly/isaac_ws/Isaacsim_ros2_ws/install/h1_pkg/lib/h1_pkg
Installing robot_feedback_control script to /home/whaly/isaac_ws/Isaacsim_ros2_ws/install/h1_pkg/lib/h1_pkg
writing list of installed files to '/home/whaly/isaac_ws/Isaacsim_ros2_ws/build/h1_pkg/install.log'
