[0.734s] Invoking command in '/home/whaly/isaac_ws/Isaacsim_ros2_ws/src/h1_pkg': CONDA_PROMPT_MODIFIER=(base) PYTHONPATH=/home/whaly/isaac_ws/Isaacsim_ros2_ws/build/h1_pkg/prefix_override:/usr/lib/python3/dist-packages/colcon_core/task/python/colcon_distutils_commands:/home/whaly/isaac_ws/Isaacsim_ros2_ws/install/h1_pkg/lib/python3.10/site-packages:${PYTHONPATH} /usr/bin/python3 -W ignore:setup.py install is deprecated -W ignore:easy_install command is deprecated setup.py egg_info --egg-base ../../build/h1_pkg build --build-base /home/whaly/isaac_ws/Isaacsim_ros2_ws/build/h1_pkg/build install --record /home/whaly/isaac_ws/Isaacsim_ros2_ws/build/h1_pkg/install.log --single-version-externally-managed install_data
[0.916s] running egg_info
[0.916s] writing ../../build/h1_pkg/h1_pkg.egg-info/PKG-INFO
[0.926s] writing dependency_links to ../../build/h1_pkg/h1_pkg.egg-info/dependency_links.txt
[0.926s] writing entry points to ../../build/h1_pkg/h1_pkg.egg-info/entry_points.txt
[0.926s] writing requirements to ../../build/h1_pkg/h1_pkg.egg-info/requires.txt
[0.926s] writing top-level names to ../../build/h1_pkg/h1_pkg.egg-info/top_level.txt
[0.927s] reading manifest file '../../build/h1_pkg/h1_pkg.egg-info/SOURCES.txt'
[0.928s] writing manifest file '../../build/h1_pkg/h1_pkg.egg-info/SOURCES.txt'
[0.928s] running build
[0.928s] running build_py
[0.928s] copying h1_pkg/proto_teleop.py -> /home/whaly/isaac_ws/Isaacsim_ros2_ws/build/h1_pkg/build/lib/h1_pkg
[0.928s] running install
[0.929s] running install_lib
[0.929s] copying /home/whaly/isaac_ws/Isaacsim_ros2_ws/build/h1_pkg/build/lib/h1_pkg/proto_teleop.py -> /home/whaly/isaac_ws/Isaacsim_ros2_ws/install/h1_pkg/lib/python3.10/site-packages/h1_pkg
[0.930s] byte-compiling /home/whaly/isaac_ws/Isaacsim_ros2_ws/install/h1_pkg/lib/python3.10/site-packages/h1_pkg/proto_teleop.py to proto_teleop.cpython-310.pyc
[0.930s] running install_data
[0.930s] running install_egg_info
[0.931s] removing '/home/whaly/isaac_ws/Isaacsim_ros2_ws/install/h1_pkg/lib/python3.10/site-packages/h1_pkg-0.0.0-py3.10.egg-info' (and everything under it)
[0.932s] Copying ../../build/h1_pkg/h1_pkg.egg-info to /home/whaly/isaac_ws/Isaacsim_ros2_ws/install/h1_pkg/lib/python3.10/site-packages/h1_pkg-0.0.0-py3.10.egg-info
[0.932s] running install_scripts
[0.948s] Installing proto_odom_cal script to /home/whaly/isaac_ws/Isaacsim_ros2_ws/install/h1_pkg/lib/h1_pkg
[0.948s] Installing proto_teleop script to /home/whaly/isaac_ws/Isaacsim_ros2_ws/install/h1_pkg/lib/h1_pkg
[0.948s] Installing robot_feedback_control script to /home/whaly/isaac_ws/Isaacsim_ros2_ws/install/h1_pkg/lib/h1_pkg
[0.948s] writing list of installed files to '/home/whaly/isaac_ws/Isaacsim_ros2_ws/build/h1_pkg/install.log'
[0.967s] Invoked command in '/home/whaly/isaac_ws/Isaacsim_ros2_ws/src/h1_pkg' returned '0': CONDA_PROMPT_MODIFIER=(base) PYTHONPATH=/home/whaly/isaac_ws/Isaacsim_ros2_ws/build/h1_pkg/prefix_override:/usr/lib/python3/dist-packages/colcon_core/task/python/colcon_distutils_commands:/home/whaly/isaac_ws/Isaacsim_ros2_ws/install/h1_pkg/lib/python3.10/site-packages:${PYTHONPATH} /usr/bin/python3 -W ignore:setup.py install is deprecated -W ignore:easy_install command is deprecated setup.py egg_info --egg-base ../../build/h1_pkg build --build-base /home/whaly/isaac_ws/Isaacsim_ros2_ws/build/h1_pkg/build install --record /home/whaly/isaac_ws/Isaacsim_ros2_ws/build/h1_pkg/install.log --single-version-externally-managed install_data
