running egg_info
writing ../../build/h1_locomotion_policy/h1_locomotion_policy.egg-info/PKG-INFO
writing dependency_links to ../../build/h1_locomotion_policy/h1_locomotion_policy.egg-info/dependency_links.txt
writing entry points to ../../build/h1_locomotion_policy/h1_locomotion_policy.egg-info/entry_points.txt
writing requirements to ../../build/h1_locomotion_policy/h1_locomotion_policy.egg-info/requires.txt
writing top-level names to ../../build/h1_locomotion_policy/h1_locomotion_policy.egg-info/top_level.txt
reading manifest file '../../build/h1_locomotion_policy/h1_locomotion_policy.egg-info/SOURCES.txt'
writing manifest file '../../build/h1_locomotion_policy/h1_locomotion_policy.egg-info/SOURCES.txt'
running build
running build_py
running install
running install_lib
running install_data
creating /home/whaly/isaac_ws/Isaacsim_ros2_ws/install/h1_locomotion_policy/share/h1_locomotion_policy/policy
copying policy/h1_policy.pt -> /home/whaly/isaac_ws/Isaacsim_ros2_ws/install/h1_locomotion_policy/share/h1_locomotion_policy/policy
running install_egg_info
removing '/home/whaly/isaac_ws/Isaacsim_ros2_ws/install/h1_locomotion_policy/lib/python3.10/site-packages/h1_locomotion_policy-0.0.0-py3.10.egg-info' (and everything under it)
Copying ../../build/h1_locomotion_policy/h1_locomotion_policy.egg-info to /home/whaly/isaac_ws/Isaacsim_ros2_ws/install/h1_locomotion_policy/lib/python3.10/site-packages/h1_locomotion_policy-0.0.0-py3.10.egg-info
running install_scripts
Installing h1_controller script to /home/whaly/isaac_ws/Isaacsim_ros2_ws/install/h1_locomotion_policy/lib/h1_locomotion_policy
writing list of installed files to '/home/whaly/isaac_ws/Isaacsim_ros2_ws/build/h1_locomotion_policy/install.log'
