[0.180s] Invoking command in '/home/whaly/isaac_ws/Isaacsim_ros2_ws/build/custom_interface': CMAKE_PREFIX_PATH=${CMAKE_PREFIX_PATH}:/home/whaly/isaac_ws/Isaacsim_ros2_ws/install/test_pkg:/home/whaly/isaac_ws/Isaacsim_ros2_ws/install/isaac_tutorials:/home/whaly/isaac_ws/Isaacsim_ros2_ws/install/h1_pkg:/home/whaly/isaac_ws/Isaacsim_ros2_ws/install/ackermann_control:/home/whaly/whaly_ws/install/whaly_pkg:/opt/ros/humble CONDA_PROMPT_MODIFIER=(base) /usr/bin/cmake /home/whaly/isaac_ws/Isaacsim_ros2_ws/src/custom_interface -DAMENT_CMAKE_SYMLINK_INSTALL=1 -DCMAKE_INSTALL_PREFIX=/home/whaly/isaac_ws/Isaacsim_ros2_ws/install/custom_interface
[0.218s] -- The C compiler identification is GNU 11.4.0
[0.260s] -- The CXX compiler identification is GNU 11.4.0
[0.266s] -- Detecting C compiler ABI info
[0.315s] -- Detecting C compiler ABI info - done
[0.324s] -- Check for working C compiler: /usr/bin/cc - skipped
[0.324s] -- Detecting C compile features
[0.325s] -- Detecting C compile features - done
[0.328s] -- Detecting CXX compiler ABI info
[0.389s] -- Detecting CXX compiler ABI info - done
[0.395s] -- Check for working CXX compiler: /usr/bin/c++ - skipped
[0.395s] -- Detecting CXX compile features
[0.396s] -- Detecting CXX compile features - done
[0.397s] -- Found ament_cmake: 1.3.12 (/opt/ros/humble/share/ament_cmake/cmake)
[0.670s] -- Found Python3: /home/whaly/miniconda3/bin/python3 (found version "3.13.5") found components: Interpreter 
[0.726s] -- Override CMake install command with custom implementation using symlinks instead of copying resources
[0.744s] -- Found std_msgs: 4.9.0 (/opt/ros/humble/share/std_msgs/cmake)
[0.765s] -- Found rosidl_generator_c: 3.1.7 (/opt/ros/humble/share/rosidl_generator_c/cmake)
[0.768s] -- Found rosidl_adapter: 3.1.7 (/opt/ros/humble/share/rosidl_adapter/cmake)
[0.773s] -- Found rosidl_generator_cpp: 3.1.7 (/opt/ros/humble/share/rosidl_generator_cpp/cmake)
[0.781s] -- Using all available rosidl_typesupport_c: rosidl_typesupport_fastrtps_c;rosidl_typesupport_introspection_c
[0.791s] -- Using all available rosidl_typesupport_cpp: rosidl_typesupport_fastrtps_cpp;rosidl_typesupport_introspection_cpp
[0.808s] -- Found geometry_msgs: 4.9.0 (/opt/ros/humble/share/geometry_msgs/cmake)
[0.816s] -- Found rosidl_default_generators: 1.2.0 (/opt/ros/humble/share/rosidl_default_generators/cmake)
[1.060s] -- Found ament_cmake_ros: 0.10.0 (/opt/ros/humble/share/ament_cmake_ros/cmake)
[1.355s] -- Using all available rosidl_typesupport_c: rosidl_typesupport_fastrtps_c;rosidl_typesupport_introspection_c
[1.466s] -- Using all available rosidl_typesupport_cpp: rosidl_typesupport_fastrtps_cpp;rosidl_typesupport_introspection_cpp
[1.480s] -- Found PythonInterp: /usr/bin/python3.10 (found suitable version "3.10.12", minimum required is "3.6") 
[1.481s] -- Found python_cmake_module: 0.10.0 (/opt/ros/humble/share/python_cmake_module/cmake)
[1.482s] [31mCMake Error at /usr/share/cmake-3.22/Modules/FindPackageHandleStandardArgs.cmake:230 (message):
[1.482s]   Could NOT find PythonInterp (missing: PYTHON_EXECUTABLE) (found suitable
[1.482s]   version "3.10.12", minimum required is "3.6")
[1.482s] Call Stack (most recent call first):
[1.482s]   /usr/share/cmake-3.22/Modules/FindPackageHandleStandardArgs.cmake:594 (_FPHSA_FAILURE_MESSAGE)
[1.482s]   /usr/share/cmake-3.22/Modules/FindPythonInterp.cmake:169 (FIND_PACKAGE_HANDLE_STANDARD_ARGS)
[1.482s]   /opt/ros/humble/share/python_cmake_module/cmake/Modules/FindPythonExtra.cmake:52 (find_package)
[1.483s]   /opt/ros/humble/share/rosidl_generator_py/cmake/rosidl_generator_py_generate_interfaces.cmake:23 (find_package)
[1.483s]   /opt/ros/humble/share/ament_cmake_core/cmake/core/ament_execute_extensions.cmake:48 (include)
[1.483s]   /opt/ros/humble/share/rosidl_cmake/cmake/rosidl_generate_interfaces.cmake:286 (ament_execute_extensions)
[1.483s]   CMakeLists.txt:15 (rosidl_generate_interfaces)
[1.483s] 
[1.483s] [0m
[1.483s] -- Configuring incomplete, errors occurred!
[1.483s] See also "/home/whaly/isaac_ws/Isaacsim_ros2_ws/build/custom_interface/CMakeFiles/CMakeOutput.log".
